{"time":"2026-10-07T08:00:05.221646115-04:00","level":"INFO","msg":"serving static files from disk","dir":"../"}
{"time":"2026-10-07T08:00:05.221945497-04:00","level":"INFO","msg":"loaded superadmins","count":1}
{"time":"2026-10-07T08:00:05.24101659-04:00","level":"INFO","msg":"connected to database"}
{"time":"2026-10-07T08:00:05.318454026-04:00","level":"INFO","msg":"OK   0001_users.sql (43ms)","source":"stdlog"}
{"time":"2026-10-07T08:00:05.370761389-04:00","level":"INFO","msg":"OK   0002_sessions.sql (51.26ms)","source":"stdlog"}
{"time":"2026-10-07T08:00:05.417954757-04:00","level":"INFO","msg":"OK   0003_invite_tokens.sql (47.1ms)","source":"stdlog"}
{"time":"2026-10-07T08:00:05.458605125-04:00","level":"INFO","msg":"OK   0004_hq_apps.sql (40.33ms)","source":"stdlog"}
{"time":"2026-10-07T08:00:05.512646745-04:00","level":"INFO","msg":"OK   0005_app_permissions.sql (53.94ms)","source":"stdlog"}
{"time":"2026-10-07T08:00:05.547168716-04:00","level":"INFO","msg":"OK   0006_checklist_templates.sql (34.43ms)","source":"stdlog"}
{"time":"2026-10-07T08:00:05.579968394-04:00","level":"INFO","msg":"OK   0007_checklist_schedules.sql (32.59ms)","source":"stdlog"}
{"time":"2026-10-07T08:00:05.622355385-04:00","level":"INFO","msg":"OK   0008_template_assignments.sql (42.28ms)","source":"stdlog"}
{"time":"2026-10-07T08:00:05.663311084-04:00","level":"INFO","msg":"OK   0009_checklist_sections.sql (40.86ms)","source":"stdlog"}
{"time":"2026-10-07T08:00:05.698454245-04:00","level":"INFO","msg":"OK   0010_checklist_fields.sql (35.03ms)","source":"stdlog"}
{"time":"2026-10-07T08:00:05.74170417-04:00","level":"INFO","msg":"OK   0011_checklist_submissions.sql (43.13ms)","source":"stdlog"}
{"time":"2026-10-07T08:00:05.794397856-04:00","level":"INFO","msg":"OK   0012_submission_responses.sql (52.58ms)","source":"stdlog"}
{"time":"2026-10-07T08:00:05.828938015-04:00","level":"INFO","msg":"OK   0013_submission_fail_notes.sql (34.45ms)","source":"stdlog"}
{"time":"2026-10-07T08:00:05.862785532-04:00","level":"INFO","msg":"OK   0014_submission_rejections.sql (33.73ms)","source":"stdlog"}
{"time":"2026-10-07T08:00:05.917604018-04:00","level":"INFO","msg":"OK   0015_ops.sql (54.72ms)","source":"stdlog"}
{"time":"2026-10-07T08:00:05.93391909-04:00","level":"INFO","msg":"OK   0016_lamport_ts.sql (16.23ms)","source":"stdlog"}
{"time":"2026-10-07T08:00:05.954643013-04:00","level":"INFO","msg":"OK   0017_users_naming.sql (20.62ms)","source":"stdlog"}
{"time":"2026-10-07T08:00:06.036157532-04:00","level":"INFO","msg":"OK   0018_ob_templates.sql (81.32ms)","source":"stdlog"}
{"time":"2026-10-07T08:00:06.143867927-04:00","level":"INFO","msg":"OK   0019_ob_items.sql (107.52ms)","source":"stdlog"}
{"time":"2026-10-07T08:00:06.236487984-04:00","level":"INFO","msg":"OK   0020_ob_progress.sql (92.5ms)","source":"stdlog"}
{"time":"2026-10-07T08:00:06.285419019-04:00","level":"INFO","msg":"OK   0021_ob_signoffs.sql (48.81ms)","source":"stdlog"}
{"time":"2026-10-07T08:00:06.334476824-04:00","level":"INFO","msg":"OK   0022_ob_template_assignments.sql (48.87ms)","source":"stdlog"}
{"time":"2026-10-07T08:00:06.411214629-04:00","level":"INFO","msg":"OK   0023_multi_role.sql (76.62ms)","source":"stdlog"}
{"time":"2026-10-07T08:00:06.656847814-04:00","level":"INFO","msg":"OK   0024_inventory.sql (245.44ms)","source":"stdlog"}
{"time":"2026-10-07T08:00:06.707752086-04:00","level":"INFO","msg":"OK   0025_pending_purchases.sql (50.8ms)","source":"stdlog"}
{"time":"2026-10-07T08:00:06.723065871-04:00","level":"INFO","msg":"OK   0026_ob_progress_faq.sql (15.2ms)","source":"stdlog"}
{"time":"2026-10-07T08:00:06.737809238-04:00","level":"INFO","msg":"OK   0027_ob_section_signoff_roles.sql (14.61ms)","source":"stdlog"}
{"time":"2026-10-07T08:00:06.759914545-04:00","level":"INFO","msg":"OK   0028_ob_video_upgrade.sql (22ms)","source":"stdlog"}
{"time":"2026-10-07T08:00:06.767647165-04:00","level":"INFO","msg":"OK   0029_ob_templates_archived_at.sql (7.65ms)","source":"stdlog"}
{"time":"2026-10-07T08:00:06.798130532-04:00","level":"INFO","msg":"OK   0030_item_groups_unique_name.sql (30.28ms)","source":"stdlog"}
{"time":"2026-10-07T08:00:06.807754112-04:00","level":"INFO","msg":"OK   0031_remove_placeholder_items.sql (9.52ms)","source":"stdlog"}
{"time":"2026-10-07T08:00:06.822283235-04:00","level":"INFO","msg":"OK   0032_item_group_thresholds.sql (14.42ms)","source":"stdlog"}
{"time":"2026-10-07T08:00:06.854842577-04:00","level":"INFO","msg":"OK   0033_stock_count_overrides.sql (32.47ms)","source":"stdlog"}
{"time":"2026-10-07T08:00:06.937374407-04:00","level":"INFO","msg":"OK   0034_purchase_orders.sql (82.42ms)","source":"stdlog"}
{"time":"2026-10-07T08:00:06.953174707-04:00","level":"INFO","msg":"OK   0035_purchase_items_photo_store.sql (15.71ms)","source":"stdlog"}
{"time":"2026-10-07T08:00:06.967336832-04:00","level":"INFO","msg":"OK   0036_purchase_items_full_name.sql (14.03ms)","source":"stdlog"}
{"time":"2026-10-07T08:00:07.001260347-04:00","level":"INFO","msg":"OK   0037_cutoff_config.sql (33.72ms)","source":"stdlog"}
{"time":"2026-10-07T08:00:07.019277143-04:00","level":"INFO","msg":"OK   0038_po_status_extend.sql (17.91ms)","source":"stdlog"}
{"time":"2026-10-07T08:00:07.043995175-04:00","level":"INFO","msg":"OK   0039_purchase_items_vendor.sql (24.62ms)","source":"stdlog"}
{"time":"2026-10-07T08:00:07.175037777-04:00","level":"INFO","msg":"OK   0040_shopping_lists.sql (130.9ms)","source":"stdlog"}
{"time":"2026-10-07T08:00:07.189343886-04:00","level":"INFO","msg":"OK   0041_notification_channel.sql (14.22ms)","source":"stdlog"}
{"time":"2026-10-07T08:00:07.27383174-04:00","level":"INFO","msg":"OK   0042_repurchase_tracking.sql (84.29ms)","source":"stdlog"}
{"time":"2026-10-07T08:00:07.389648248-04:00","level":"INFO","msg":"OK   0043_alert_log.sql (115.71ms)","source":"stdlog"}
{"time":"2026-10-07T08:00:07.448610241-04:00","level":"INFO","msg":"OK   0044_low_stock_alert_log.sql (58.84ms)","source":"stdlog"}
{"time":"2026-10-07T08:00:07.495846372-04:00","level":"INFO","msg":"OK   0045_notification_channel_array.sql (47.13ms)","source":"stdlog"}
{"time":"2026-10-07T08:00:07.503712583-04:00","level":"INFO","msg":"OK   0046_user_timezone.sql (7.78ms)","source":"stdlog"}
{"time":"2026-10-07T08:00:07.560334124-04:00","level":"INFO","msg":"OK   0047_employee_fields.sql (56.5ms)","source":"stdlog"}
{"time":"2026-10-07T08:00:07.56865892-04:00","level":"INFO","msg":"OK   0048_notification_default_both.sql (8.2ms)","source":"stdlog"}
{"time":"2026-10-07T08:00:07.618880727-04:00","level":"INFO","msg":"OK   0049_ob_sub_items.sql (50.11ms)","source":"stdlog"}
{"time":"2026-10-07T08:00:07.627550437-04:00","level":"INFO","msg":"OK   0050_ob_progress_sub_item.sql (8.57ms)","source":"stdlog"}
{"time":"2026-10-07T08:00:07.635580552-04:00","level":"INFO","msg":"OK   0051_rejection_field_fk.sql (7.95ms)","source":"stdlog"}
{"time":"2026-10-07T08:00:07.65613808-04:00","level":"INFO","msg":"OK   0052_template_name_unique.sql (20.46ms)","source":"stdlog"}
{"time":"2026-10-07T08:00:07.664121969-04:00","level":"INFO","msg":"OK   0053_response_field_fk.sql (7.87ms)","source":"stdlog"}
{"time":"2026-10-07T08:00:07.672022065-04:00","level":"INFO","msg":"OK   0054_failnote_field_fk.sql (7.82ms)","source":"stdlog"}
{"time":"2026-10-07T08:00:07.679400244-04:00","level":"INFO","msg":"OK   0055_item_location_in_store.sql (7.29ms)","source":"stdlog"}
{"time":"2026-10-07T08:00:07.69535254-04:00","level":"INFO","msg":"OK   0056_ob_progress_photo.sql (15.86ms)","source":"stdlog"}
{"time":"2026-10-07T08:00:07.709751427-04:00","level":"INFO","msg":"OK   0057_ob_items_photo_type.sql (14.29ms)","source":"stdlog"}
{"time":"2026-10-07T08:00:07.725257587-04:00","level":"INFO","msg":"OK   0058_ob_sub_items_photos.sql (15.4ms)","source":"stdlog"}
{"time":"2026-10-07T08:00:07.733686421-04:00","level":"INFO","msg":"OK   0059_cleanup_photo_items.sql (8.33ms)","source":"stdlog"}
{"time":"2026-10-07T08:00:07.794942315-04:00","level":"INFO","msg":"OK   0060_menu_items.sql (61.16ms)","source":"stdlog"}
{"time":"2026-10-07T08:00:07.829695528-04:00","level":"INFO","msg":"OK   0061_daily_menu_sales.sql (34.65ms)","source":"stdlog"}
{"time":"2026-10-07T08:00:07.875221923-04:00","level":"INFO","msg":"OK   0062_recipes.sql (45.42ms)","source":"stdlog"}
{"time":"2026-10-07T08:00:07.907789277-04:00","level":"INFO","msg":"OK   0063_drift_check_results.sql (32.46ms)","source":"stdlog"}
{"time":"2026-10-07T08:00:07.924265222-04:00","level":"INFO","msg":"OK   0064_no_itemized_receipt_seed.sql (16.37ms)","source":"stdlog"}
{"time":"2026-10-07T08:00:07.936274074-04:00","level":"INFO","msg":"OK   0065_mercury_category_on_purchase_events.sql (11.92ms)","source":"stdlog"}
{"time":"2026-10-07T08:00:07.949755141-04:00","level":"INFO","msg":"OK   0066_mercury_category_on_pending_purchases.sql (13.39ms)","source":"stdlog"}
{"time":"2026-10-07T08:00:08.007172278-04:00","level":"INFO","msg":"OK   0067_receipt_sync_runs.sql (57.32ms)","source":"stdlog"}
{"time":"2026-10-07T08:00:08.031543447-04:00","level":"INFO","msg":"OK   0068_pending_purchases_bank_tx_uniq.sql (24.26ms)","source":"stdlog"}
{"time":"2026-10-07T08:00:08.044711212-04:00","level":"INFO","msg":"OK   0069_pending_purchases_parse_error.sql (13.03ms)","source":"stdlog"}
{"time":"2026-10-07T08:00:08.059407703-04:00","level":"INFO","msg":"OK   0070_receipt_urls.sql (14.58ms)","source":"stdlog"}
{"time":"2026-10-07T08:00:08.081733643-04:00","level":"INFO","msg":"OK   0071_submission_fail_notes_unique.sql (22.22ms)","source":"stdlog"}
{"time":"2026-10-07T08:00:08.099457382-04:00","level":"INFO","msg":"OK   0072_app_timezone_new_york.sql (17.62ms)","source":"stdlog"}
{"time":"2026-10-07T08:00:08.126782075-04:00","level":"INFO","msg":"OK   0073_sync_fdw_views.sql (26.99ms)","source":"stdlog"}
{"time":"2026-10-07T08:00:08.13983292-04:00","level":"INFO","msg":"OK   0074_sync_fdw_approver_view.sql (12.82ms)","source":"stdlog"}
{"time":"2026-10-07T08:00:08.195454039-04:00","level":"INFO","msg":"OK   0075_item_aliases.sql (55.51ms)","source":"stdlog"}
{"time":"2026-10-07T08:00:08.222606708-04:00","level":"INFO","msg":"OK   0076_checklist_template_app.sql (27ms)","source":"stdlog"}
{"time":"2026-10-07T08:00:08.267716739-04:00","level":"INFO","msg":"OK   0077_race_lost_notifications.sql (44.95ms)","source":"stdlog"}
{"time":"2026-10-07T08:00:08.287806588-04:00","level":"INFO","msg":"OK   0078_card_holder_on_purchases.sql (19.87ms)","source":"stdlog"}
{"time":"2026-10-07T08:00:08.308654467-04:00","level":"INFO","msg":"OK   0079_pending_purchases_retry_requested.sql (20.68ms)","source":"stdlog"}
{"time":"2026-10-07T08:00:08.318874446-04:00","level":"INFO","msg":"OK   0080_receipt_sync_runs_cancelled.sql (10.11ms)","source":"stdlog"}
{"time":"2026-10-07T08:00:08.335834634-04:00","level":"INFO","msg":"OK   0081_item_alias_display.sql (16.86ms)","source":"stdlog"}
{"time":"2026-10-07T08:00:08.349095827-04:00","level":"INFO","msg":"OK   0082_bi_grants.sql (13.11ms)","source":"stdlog"}
{"time":"2026-10-07T08:00:08.453995275-04:00","level":"INFO","msg":"OK   0083_campaigns_admin.sql (104.69ms)","source":"stdlog"}
{"time":"2026-10-07T08:00:08.606197217-04:00","level":"INFO","msg":"OK   0084_toast_orders_reconciliation.sql (151.93ms)","source":"stdlog"}
{"time":"2026-10-07T08:00:08.711649437-04:00","level":"INFO","msg":"OK   0085_subscribers.sql (105.32ms)","source":"stdlog"}
{"time":"2026-10-07T08:00:08.738253991-04:00","level":"INFO","msg":"OK   0086_merge_repoint_and_erasure_backstop.sql (26.46ms)","source":"stdlog"}
{"time":"2026-10-07T08:00:08.795717787-04:00","level":"INFO","msg":"OK   0087_qr_scans_dedupe_bucket.sql (57.36ms)","source":"stdlog"}
{"time":"2026-10-07T08:00:08.79575178-04:00","level":"INFO","msg":"goose: successfully migrated database to version: 87","source":"stdlog"}
{"time":"2026-10-07T08:00:08.795770942-04:00","level":"INFO","msg":"database migrations applied successfully"}
{"time":"2026-10-07T08:00:08.880778223-04:00","level":"INFO","msg":"upserted superadmin","email":"jamal@yumyums.kitchen"}
{"time":"2026-10-07T08:00:08.920241462-04:00","level":"INFO","msg":"seeded template","name":"Setup Checklist","id":"e9b5217f-53ed-4533-ac67-6bbf8aad5c17"}
{"time":"2026-10-07T08:00:08.920283034-04:00","level":"INFO","msg":"seeded templates","count":1}
{"time":"2026-10-07T08:00:08.956454548-04:00","level":"INFO","msg":"seeded onboarding template","name":"Kitchen Basics Training","id":"51a7e01b-8a64-450b-b25b-2872cb5c56c7"}
{"time":"2026-10-07T08:00:08.988759915-04:00","level":"INFO","msg":"inventory: seeded vendors","count":5}
{"time":"2026-10-07T08:00:09.123088396-04:00","level":"INFO","msg":"inventory: seeded unique tags","count":19}
