{"time":"2026-10-07T07:56:26.437898397-04:00","level":"INFO","msg":"serving static files from disk","dir":"../"}
{"time":"2026-10-07T07:56:26.438252748-04:00","level":"INFO","msg":"loaded superadmins","count":1}
{"time":"2026-10-07T07:56:26.467764212-04:00","level":"INFO","msg":"connected to database"}
{"time":"2026-10-07T07:56:26.643343884-04:00","level":"INFO","msg":"OK   0001_users.sql (97.47ms)","source":"stdlog"}
{"time":"2026-10-07T07:56:26.699193347-04:00","level":"INFO","msg":"OK   0002_sessions.sql (55.37ms)","source":"stdlog"}
{"time":"2026-10-07T07:56:26.7433232-04:00","level":"INFO","msg":"OK   0003_invite_tokens.sql (43.91ms)","source":"stdlog"}
{"time":"2026-10-07T07:56:26.785088919-04:00","level":"INFO","msg":"OK   0004_hq_apps.sql (41.68ms)","source":"stdlog"}
{"time":"2026-10-07T07:56:26.840564465-04:00","level":"INFO","msg":"OK   0005_app_permissions.sql (55.32ms)","source":"stdlog"}
{"time":"2026-10-07T07:56:26.875391306-04:00","level":"INFO","msg":"OK   0006_checklist_templates.sql (34.61ms)","source":"stdlog"}
{"time":"2026-10-07T07:56:26.914768594-04:00","level":"INFO","msg":"OK   0007_checklist_schedules.sql (39.25ms)","source":"stdlog"}
{"time":"2026-10-07T07:56:26.969719815-04:00","level":"INFO","msg":"OK   0008_template_assignments.sql (54.75ms)","source":"stdlog"}
{"time":"2026-10-07T07:56:27.010110596-04:00","level":"INFO","msg":"OK   0009_checklist_sections.sql (40.25ms)","source":"stdlog"}
{"time":"2026-10-07T07:56:27.050419776-04:00","level":"INFO","msg":"OK   0010_checklist_fields.sql (40.16ms)","source":"stdlog"}
{"time":"2026-10-07T07:56:27.09246287-04:00","level":"INFO","msg":"OK   0011_checklist_submissions.sql (41.91ms)","source":"stdlog"}
{"time":"2026-10-07T07:56:27.148192998-04:00","level":"INFO","msg":"OK   0012_submission_responses.sql (55.64ms)","source":"stdlog"}
{"time":"2026-10-07T07:56:27.183688978-04:00","level":"INFO","msg":"OK   0013_submission_fail_notes.sql (35.41ms)","source":"stdlog"}
{"time":"2026-10-07T07:56:27.218879954-04:00","level":"INFO","msg":"OK   0014_submission_rejections.sql (35.08ms)","source":"stdlog"}
{"time":"2026-10-07T07:56:27.275175904-04:00","level":"INFO","msg":"OK   0015_ops.sql (56.2ms)","source":"stdlog"}
{"time":"2026-10-07T07:56:27.29267372-04:00","level":"INFO","msg":"OK   0016_lamport_ts.sql (17.38ms)","source":"stdlog"}
{"time":"2026-10-07T07:56:27.311595391-04:00","level":"INFO","msg":"OK   0017_users_naming.sql (18.83ms)","source":"stdlog"}
{"time":"2026-10-07T07:56:27.375033627-04:00","level":"INFO","msg":"OK   0018_ob_templates.sql (63.32ms)","source":"stdlog"}
{"time":"2026-10-07T07:56:27.450250926-04:00","level":"INFO","msg":"OK   0019_ob_items.sql (75.1ms)","source":"stdlog"}
{"time":"2026-10-07T07:56:27.502638906-04:00","level":"INFO","msg":"OK   0020_ob_progress.sql (52.3ms)","source":"stdlog"}
{"time":"2026-10-07T07:56:27.548817137-04:00","level":"INFO","msg":"OK   0021_ob_signoffs.sql (46.03ms)","source":"stdlog"}
{"time":"2026-10-07T07:56:27.593119006-04:00","level":"INFO","msg":"OK   0022_ob_template_assignments.sql (44.15ms)","source":"stdlog"}
{"time":"2026-10-07T07:56:27.668010228-04:00","level":"INFO","msg":"OK   0023_multi_role.sql (74.79ms)","source":"stdlog"}
{"time":"2026-10-07T07:56:27.874973857-04:00","level":"INFO","msg":"OK   0024_inventory.sql (206.75ms)","source":"stdlog"}
{"time":"2026-10-07T07:56:27.920555733-04:00","level":"INFO","msg":"OK   0025_pending_purchases.sql (45.47ms)","source":"stdlog"}
{"time":"2026-10-07T07:56:27.929832835-04:00","level":"INFO","msg":"OK   0026_ob_progress_faq.sql (9.19ms)","source":"stdlog"}
{"time":"2026-10-07T07:56:27.937572336-04:00","level":"INFO","msg":"OK   0027_ob_section_signoff_roles.sql (7.65ms)","source":"stdlog"}
{"time":"2026-10-07T07:56:27.955225181-04:00","level":"INFO","msg":"OK   0028_ob_video_upgrade.sql (17.53ms)","source":"stdlog"}
{"time":"2026-10-07T07:56:27.96334462-04:00","level":"INFO","msg":"OK   0029_ob_templates_archived_at.sql (8.03ms)","source":"stdlog"}
{"time":"2026-10-07T07:56:27.991817543-04:00","level":"INFO","msg":"OK   0030_item_groups_unique_name.sql (28.36ms)","source":"stdlog"}
{"time":"2026-10-07T07:56:28.000973912-04:00","level":"INFO","msg":"OK   0031_remove_placeholder_items.sql (9.05ms)","source":"stdlog"}
{"time":"2026-10-07T07:56:28.016785656-04:00","level":"INFO","msg":"OK   0032_item_group_thresholds.sql (15.71ms)","source":"stdlog"}
{"time":"2026-10-07T07:56:28.061068495-04:00","level":"INFO","msg":"OK   0033_stock_count_overrides.sql (44.15ms)","source":"stdlog"}
{"time":"2026-10-07T07:56:28.148977827-04:00","level":"INFO","msg":"OK   0034_purchase_orders.sql (87.75ms)","source":"stdlog"}
{"time":"2026-10-07T07:56:28.166247615-04:00","level":"INFO","msg":"OK   0035_purchase_items_photo_store.sql (17.17ms)","source":"stdlog"}
{"time":"2026-10-07T07:56:28.179972493-04:00","level":"INFO","msg":"OK   0036_purchase_items_full_name.sql (13.57ms)","source":"stdlog"}
{"time":"2026-10-07T07:56:28.21506155-04:00","level":"INFO","msg":"OK   0037_cutoff_config.sql (34.98ms)","source":"stdlog"}
{"time":"2026-10-07T07:56:28.238100512-04:00","level":"INFO","msg":"OK   0038_po_status_extend.sql (22.86ms)","source":"stdlog"}
{"time":"2026-10-07T07:56:28.273648635-04:00","level":"INFO","msg":"OK   0039_purchase_items_vendor.sql (35.42ms)","source":"stdlog"}
{"time":"2026-10-07T07:56:28.41038061-04:00","level":"INFO","msg":"OK   0040_shopping_lists.sql (136.57ms)","source":"stdlog"}
{"time":"2026-10-07T07:56:28.434339101-04:00","level":"INFO","msg":"OK   0041_notification_channel.sql (23.85ms)","source":"stdlog"}
{"time":"2026-10-07T07:56:28.531910204-04:00","level":"INFO","msg":"OK   0042_repurchase_tracking.sql (97.43ms)","source":"stdlog"}
{"time":"2026-10-07T07:56:28.613275649-04:00","level":"INFO","msg":"OK   0043_alert_log.sql (81.08ms)","source":"stdlog"}
{"time":"2026-10-07T07:56:28.687945295-04:00","level":"INFO","msg":"OK   0044_low_stock_alert_log.sql (74.55ms)","source":"stdlog"}
{"time":"2026-10-07T07:56:28.787741952-04:00","level":"INFO","msg":"OK   0045_notification_channel_array.sql (99.61ms)","source":"stdlog"}
{"time":"2026-10-07T07:56:28.807395226-04:00","level":"INFO","msg":"OK   0046_user_timezone.sql (19.55ms)","source":"stdlog"}
{"time":"2026-10-07T07:56:28.905545913-04:00","level":"INFO","msg":"OK   0047_employee_fields.sql (97.96ms)","source":"stdlog"}
{"time":"2026-10-07T07:56:28.925707061-04:00","level":"INFO","msg":"OK   0048_notification_default_both.sql (20.05ms)","source":"stdlog"}
{"time":"2026-10-07T07:56:28.99147713-04:00","level":"INFO","msg":"OK   0049_ob_sub_items.sql (65.65ms)","source":"stdlog"}
{"time":"2026-10-07T07:56:29.008608592-04:00","level":"INFO","msg":"OK   0050_ob_progress_sub_item.sql (17.01ms)","source":"stdlog"}
{"time":"2026-10-07T07:56:29.028229913-04:00","level":"INFO","msg":"OK   0051_rejection_field_fk.sql (19.5ms)","source":"stdlog"}
{"time":"2026-10-07T07:56:29.049879734-04:00","level":"INFO","msg":"OK   0052_template_name_unique.sql (21.47ms)","source":"stdlog"}
{"time":"2026-10-07T07:56:29.063320543-04:00","level":"INFO","msg":"OK   0053_response_field_fk.sql (13.3ms)","source":"stdlog"}
{"time":"2026-10-07T07:56:29.078742454-04:00","level":"INFO","msg":"OK   0054_failnote_field_fk.sql (15.31ms)","source":"stdlog"}
{"time":"2026-10-07T07:56:29.093110366-04:00","level":"INFO","msg":"OK   0055_item_location_in_store.sql (14.26ms)","source":"stdlog"}
{"time":"2026-10-07T07:56:29.147248723-04:00","level":"INFO","msg":"OK   0056_ob_progress_photo.sql (52.51ms)","source":"stdlog"}
{"time":"2026-10-07T07:56:29.181316597-04:00","level":"INFO","msg":"OK   0057_ob_items_photo_type.sql (33.9ms)","source":"stdlog"}
{"time":"2026-10-07T07:56:29.221442689-04:00","level":"INFO","msg":"OK   0058_ob_sub_items_photos.sql (39.96ms)","source":"stdlog"}
{"time":"2026-10-07T07:56:29.241161589-04:00","level":"INFO","msg":"OK   0059_cleanup_photo_items.sql (19.57ms)","source":"stdlog"}
{"time":"2026-10-07T07:56:29.363374706-04:00","level":"INFO","msg":"OK   0060_menu_items.sql (122.08ms)","source":"stdlog"}
{"time":"2026-10-07T07:56:29.431743595-04:00","level":"INFO","msg":"OK   0061_daily_menu_sales.sql (68.22ms)","source":"stdlog"}
{"time":"2026-10-07T07:56:29.506168026-04:00","level":"INFO","msg":"OK   0062_recipes.sql (74.27ms)","source":"stdlog"}
{"time":"2026-10-07T07:56:29.571415148-04:00","level":"INFO","msg":"OK   0063_drift_check_results.sql (65.05ms)","source":"stdlog"}
{"time":"2026-10-07T07:56:29.611949316-04:00","level":"INFO","msg":"OK   0064_no_itemized_receipt_seed.sql (40.21ms)","source":"stdlog"}
{"time":"2026-10-07T07:56:29.63790062-04:00","level":"INFO","msg":"OK   0065_mercury_category_on_purchase_events.sql (25.83ms)","source":"stdlog"}
{"time":"2026-10-07T07:56:29.671795485-04:00","level":"INFO","msg":"OK   0066_mercury_category_on_pending_purchases.sql (33.7ms)","source":"stdlog"}
{"time":"2026-10-07T07:56:29.777492035-04:00","level":"INFO","msg":"OK   0067_receipt_sync_runs.sql (105.14ms)","source":"stdlog"}
{"time":"2026-10-07T07:56:29.828357871-04:00","level":"INFO","msg":"OK   0068_pending_purchases_bank_tx_uniq.sql (50.74ms)","source":"stdlog"}
{"time":"2026-10-07T07:56:29.846860034-04:00","level":"INFO","msg":"OK   0069_pending_purchases_parse_error.sql (18.38ms)","source":"stdlog"}
{"time":"2026-10-07T07:56:29.890179899-04:00","level":"INFO","msg":"OK   0070_receipt_urls.sql (43.05ms)","source":"stdlog"}
{"time":"2026-10-07T07:56:29.958956007-04:00","level":"INFO","msg":"OK   0071_submission_fail_notes_unique.sql (68.53ms)","source":"stdlog"}
{"time":"2026-10-07T07:56:30.024770305-04:00","level":"INFO","msg":"OK   0072_app_timezone_new_york.sql (65.33ms)","source":"stdlog"}
{"time":"2026-10-07T07:56:30.103178981-04:00","level":"INFO","msg":"OK   0073_sync_fdw_views.sql (77.28ms)","source":"stdlog"}
{"time":"2026-10-07T07:56:30.132208077-04:00","level":"INFO","msg":"OK   0074_sync_fdw_approver_view.sql (28.78ms)","source":"stdlog"}
{"time":"2026-10-07T07:56:30.210263138-04:00","level":"INFO","msg":"OK   0075_item_aliases.sql (77.84ms)","source":"stdlog"}
{"time":"2026-10-07T07:56:30.259165204-04:00","level":"INFO","msg":"OK   0076_checklist_template_app.sql (48.68ms)","source":"stdlog"}
{"time":"2026-10-07T07:56:30.332500864-04:00","level":"INFO","msg":"OK   0077_race_lost_notifications.sql (73.16ms)","source":"stdlog"}
{"time":"2026-10-07T07:56:30.370340707-04:00","level":"INFO","msg":"OK   0078_card_holder_on_purchases.sql (37.72ms)","source":"stdlog"}
{"time":"2026-10-07T07:56:30.443280703-04:00","level":"INFO","msg":"OK   0079_pending_purchases_retry_requested.sql (72.79ms)","source":"stdlog"}
{"time":"2026-10-07T07:56:30.49474945-04:00","level":"INFO","msg":"OK   0080_receipt_sync_runs_cancelled.sql (51.35ms)","source":"stdlog"}
{"time":"2026-10-07T07:56:30.562692288-04:00","level":"INFO","msg":"OK   0081_item_alias_display.sql (67.35ms)","source":"stdlog"}
{"time":"2026-10-07T07:56:30.606863719-04:00","level":"INFO","msg":"OK   0082_bi_grants.sql (44.03ms)","source":"stdlog"}
{"time":"2026-10-07T07:56:30.812463198-04:00","level":"INFO","msg":"OK   0083_campaigns_admin.sql (204.81ms)","source":"stdlog"}
{"time":"2026-10-07T07:56:31.085114683-04:00","level":"INFO","msg":"OK   0084_toast_orders_reconciliation.sql (272.32ms)","source":"stdlog"}
{"time":"2026-10-07T07:56:31.307270852-04:00","level":"INFO","msg":"OK   0085_subscribers.sql (220.12ms)","source":"stdlog"}
{"time":"2026-10-07T07:56:31.366804171-04:00","level":"INFO","msg":"OK   0086_merge_repoint_and_erasure_backstop.sql (59.31ms)","source":"stdlog"}
{"time":"2026-10-07T07:56:31.470668769-04:00","level":"INFO","msg":"OK   0087_qr_scans_dedupe_bucket.sql (103.69ms)","source":"stdlog"}
{"time":"2026-10-07T07:56:31.470722694-04:00","level":"INFO","msg":"goose: successfully migrated database to version: 87","source":"stdlog"}
{"time":"2026-10-07T07:56:31.470737138-04:00","level":"INFO","msg":"database migrations applied successfully"}
