# K2 (a): recipes + marketing packages on final, -p 1, DB_TEST_URL=postgres://hqtest:hqtest@localhost:5434/hq_test_triage_adv_20261007_go_k2?sslmode=disable (the earlier run WITHOUT -p 1 had 18 truncate-deadlock FAILs from cross-package interference: k2-a-packages.NO-P1-crosspkg-interference.log)
=== RUN   TestCostWindow_TwelveCompleteISOWeeksAppTimezone
=== RUN   TestCostWindow_TwelveCompleteISOWeeksAppTimezone/Monday_2026-07-20_(design_§2.2_worked_example)
=== RUN   TestCostWindow_TwelveCompleteISOWeeksAppTimezone/Sunday_2026-07-19_23:30_Chicago_=_Monday_00:30_New_York
=== RUN   TestCostWindow_TwelveCompleteISOWeeksAppTimezone/Sunday_2026-07-19_22:30_New_York_still_in_prior_ISO_week
=== RUN   TestCostWindow_TwelveCompleteISOWeeksAppTimezone/UTC_instant_that_is_still_Sunday_in_New_York
--- PASS: TestCostWindow_TwelveCompleteISOWeeksAppTimezone (0.00s)
    --- PASS: TestCostWindow_TwelveCompleteISOWeeksAppTimezone/Monday_2026-07-20_(design_§2.2_worked_example) (0.00s)
    --- PASS: TestCostWindow_TwelveCompleteISOWeeksAppTimezone/Sunday_2026-07-19_23:30_Chicago_=_Monday_00:30_New_York (0.00s)
    --- PASS: TestCostWindow_TwelveCompleteISOWeeksAppTimezone/Sunday_2026-07-19_22:30_New_York_still_in_prior_ISO_week (0.00s)
    --- PASS: TestCostWindow_TwelveCompleteISOWeeksAppTimezone/UTC_instant_that_is_still_Sunday_in_New_York (0.00s)
=== RUN   TestCost_Fixture_HandComputedToTheCent
--- PASS: TestCost_Fixture_HandComputedToTheCent (0.97s)
=== RUN   TestCost_ZeroRevenue_FoodCostPctIsJSONNull
--- PASS: TestCost_ZeroRevenue_FoodCostPctIsJSONNull (0.96s)
=== RUN   TestCost_Movers_BothOrderings
--- PASS: TestCost_Movers_BothOrderings (0.93s)
=== RUN   TestCost_ReconcilesWithMenuCogs_OnMessyData
2026/10/07 08:03:50 INFO menu-cogs served from=2026-05-04 to=2026-05-31 menu_item_count=4 breakdown=false
--- PASS: TestCost_ReconcilesWithMenuCogs_OnMessyData (0.85s)
=== RUN   TestCost_InheritsMenuCogs_NoCategoryFilter_NoPendingRows
--- PASS: TestCost_InheritsMenuCogs_NoCategoryFilter_NoPendingRows (0.94s)
=== RUN   TestCostHandler_ServerComputedWindow
--- PASS: TestCostHandler_ServerComputedWindow (0.81s)
=== RUN   TestCost_EmptyDataset_ReturnsEmptyArrays
--- PASS: TestCost_EmptyDataset_ReturnsEmptyArrays (0.74s)
=== RUN   TestCost_NegativeRevenue_PctNullAndExcludedFromMovers
--- PASS: TestCost_NegativeRevenue_PctNullAndExcludedFromMovers (0.85s)
=== RUN   TestComputeMovers_TieBreakOnName_IndependentOfInputOrder
--- PASS: TestComputeMovers_TieBreakOnName_IndependentOfInputOrder (0.00s)
=== RUN   TestCost_TiedRows_DeterministicAcrossCalls
--- PASS: TestCost_TiedRows_DeterministicAcrossCalls (0.83s)
=== RUN   TestValidateUsagePct_RejectsNon5Multiple
--- PASS: TestValidateUsagePct_RejectsNon5Multiple (0.00s)
=== RUN   TestValidateUsagePct_RejectsOutOfRange
--- PASS: TestValidateUsagePct_RejectsOutOfRange (0.00s)
=== RUN   TestCreateRecipe_HappyPath
--- PASS: TestCreateRecipe_HappyPath (0.77s)
=== RUN   TestCreateRecipe_SumExceeds100_NamesLargestSibling
--- PASS: TestCreateRecipe_SumExceeds100_NamesLargestSibling (0.75s)
=== RUN   TestCreateRecipe_DuplicateReturns409
--- PASS: TestCreateRecipe_DuplicateReturns409 (0.77s)
=== RUN   TestCreateRecipe_InvalidSnapReturns422
--- PASS: TestCreateRecipe_InvalidSnapReturns422 (0.85s)
=== RUN   TestUpdateRecipe_HappyPath
--- PASS: TestUpdateRecipe_HappyPath (0.78s)
=== RUN   TestUpdateRecipe_NotFoundReturns404
--- PASS: TestUpdateRecipe_NotFoundReturns404 (0.76s)
=== RUN   TestUpdateRecipe_SumExceeds100_NamesSibling
--- PASS: TestUpdateRecipe_SumExceeds100_NamesSibling (0.74s)
=== RUN   TestUpdateRecipe_InvalidSnapReturns422
--- PASS: TestUpdateRecipe_InvalidSnapReturns422 (0.92s)
=== RUN   TestDeleteRecipe_RemovesRow
--- PASS: TestDeleteRecipe_RemovesRow (0.75s)
=== RUN   TestDeleteRecipe_NotFoundReturns404
--- PASS: TestDeleteRecipe_NotFoundReturns404 (0.73s)
=== RUN   TestMergeMenuItem_RePointsRows
--- PASS: TestMergeMenuItem_RePointsRows (0.79s)
=== RUN   TestMergeMenuItem_SelfReturns400
--- PASS: TestMergeMenuItem_SelfReturns400 (0.73s)
=== RUN   TestMergeMenuItem_MissingFields_400
--- PASS: TestMergeMenuItem_MissingFields_400 (0.73s)
=== RUN   TestListRecipes_HappyPath
--- PASS: TestListRecipes_HappyPath (0.81s)
=== RUN   TestListRecipes_InvalidDates_400
--- PASS: TestListRecipes_InvalidDates_400 (0.74s)
=== RUN   TestListRecipes_DefaultWindow_WhenNoQueryParams
--- PASS: TestListRecipes_DefaultWindow_WhenNoQueryParams (0.78s)
=== RUN   TestMenuCogs_HappyPath_SummaryMode
2026/10/07 08:04:06 INFO menu-cogs served from=2026-05-25 to=2026-05-31 menu_item_count=1 breakdown=false
--- PASS: TestMenuCogs_HappyPath_SummaryMode (0.84s)
=== RUN   TestMenuCogs_HappyPath_BreakdownMode
2026/10/07 08:04:06 INFO menu-cogs served from=2026-05-25 to=2026-05-31 menu_item_count=1 breakdown=true
--- PASS: TestMenuCogs_HappyPath_BreakdownMode (0.81s)
=== RUN   TestMenuCogs_UnitsSoldZero_PerUnitIsNull
2026/10/07 08:04:07 INFO menu-cogs served from=2026-05-25 to=2026-05-31 menu_item_count=1 breakdown=false
--- PASS: TestMenuCogs_UnitsSoldZero_PerUnitIsNull (0.81s)
=== RUN   TestMenuCogs_FromMissing_400
--- PASS: TestMenuCogs_FromMissing_400 (0.98s)
=== RUN   TestMenuCogs_FromAfterTo_400
--- PASS: TestMenuCogs_FromAfterTo_400 (0.74s)
=== RUN   TestMenuCogs_CacheControlHeader_OnSuccess
2026/10/07 08:04:10 INFO menu-cogs served from=2026-05-25 to=2026-05-31 menu_item_count=0 breakdown=false
--- PASS: TestMenuCogs_CacheControlHeader_OnSuccess (0.72s)
=== RUN   TestMenuCogs_BearerMissing_401
--- PASS: TestMenuCogs_BearerMissing_401 (0.79s)
=== RUN   TestMenuCogs_ServiceTokenUnset_503
--- PASS: TestMenuCogs_ServiceTokenUnset_503 (0.74s)
=== RUN   TestMenuCogs_BearerWrong_401
--- PASS: TestMenuCogs_BearerWrong_401 (0.67s)
=== RUN   TestMenuCogs_EmitsVisibilityLog
--- PASS: TestMenuCogs_EmitsVisibilityLog (0.79s)
=== RUN   TestMenuCogs_VisibilityLogBreakdownMode
--- PASS: TestMenuCogs_VisibilityLogBreakdownMode (0.99s)
=== RUN   TestRepository_CreateRecipe_HappyPath
--- PASS: TestRepository_CreateRecipe_HappyPath (0.93s)
=== RUN   TestRepository_CreateRecipe_SumExceeds100_Rollsback
--- PASS: TestRepository_CreateRecipe_SumExceeds100_Rollsback (0.98s)
=== RUN   TestRepository_UpdateRecipeUsagePct_ReturnsNewSum
--- PASS: TestRepository_UpdateRecipeUsagePct_ReturnsNewSum (0.95s)
=== RUN   TestRepository_UpdateRecipeUsagePct_NotFound
--- PASS: TestRepository_UpdateRecipeUsagePct_NotFound (0.88s)
=== RUN   TestRepository_DeleteRecipe_RemovesRow
--- PASS: TestRepository_DeleteRecipe_RemovesRow (0.60s)
=== RUN   TestRepository_MergeMenuItem_RePointsRows
--- PASS: TestRepository_MergeMenuItem_RePointsRows (0.63s)
=== RUN   TestRepository_MergeMenuItem_RePointsCampaignsAndCodes
--- PASS: TestRepository_MergeMenuItem_RePointsCampaignsAndCodes (0.63s)
=== RUN   TestRepository_MergeMenuItem_SelfFails
--- PASS: TestRepository_MergeMenuItem_SelfFails (0.61s)
=== RUN   TestMergeMenuItem_CaseVariantSelfIsRefused
=== RUN   TestMergeMenuItem_CaseVariantSelfIsRefused/repository
=== RUN   TestMergeMenuItem_CaseVariantSelfIsRefused/handler
--- PASS: TestMergeMenuItem_CaseVariantSelfIsRefused (1.24s)
    --- PASS: TestMergeMenuItem_CaseVariantSelfIsRefused/repository (0.63s)
    --- PASS: TestMergeMenuItem_CaseVariantSelfIsRefused/handler (0.61s)
=== RUN   TestRepository_LargestSiblingAllocation_PicksDescByPct
--- PASS: TestRepository_LargestSiblingAllocation_PicksDescByPct (0.79s)
=== RUN   TestMergeMenuItem_MissingTargetIsRefused
=== RUN   TestMergeMenuItem_MissingTargetIsRefused/repository
=== RUN   TestMergeMenuItem_MissingTargetIsRefused/handler
=== RUN   TestMergeMenuItem_MissingTargetIsRefused/attached_source_answers_the_same_404
--- PASS: TestMergeMenuItem_MissingTargetIsRefused (2.30s)
    --- PASS: TestMergeMenuItem_MissingTargetIsRefused/repository (0.75s)
    --- PASS: TestMergeMenuItem_MissingTargetIsRefused/handler (0.87s)
    --- PASS: TestMergeMenuItem_MissingTargetIsRefused/attached_source_answers_the_same_404 (0.68s)
=== RUN   TestMergeMenuItem_MissingSourceIs404
=== RUN   TestMergeMenuItem_MissingSourceIs404/handler
=== RUN   TestMergeMenuItem_MissingSourceIs404/repository
=== RUN   TestMergeMenuItem_MissingSourceIs404/both_missing_answers_target_not_found
--- PASS: TestMergeMenuItem_MissingSourceIs404 (2.41s)
    --- PASS: TestMergeMenuItem_MissingSourceIs404/handler (0.70s)
    --- PASS: TestMergeMenuItem_MissingSourceIs404/repository (0.79s)
    --- PASS: TestMergeMenuItem_MissingSourceIs404/both_missing_answers_target_not_found (0.92s)
=== RUN   TestMergeMenuItem_BadIDIs400
=== RUN   TestMergeMenuItem_BadIDIs400/target_is_not_a_uuid
=== RUN   TestMergeMenuItem_BadIDIs400/source_is_not_a_uuid
=== RUN   TestMergeMenuItem_BadIDIs400/both_are_not_uuids
=== RUN   TestMergeMenuItem_BadIDIs400/source_is_a_uuid_wrapped_in_two_stray_characters
=== RUN   TestMergeMenuItem_BadIDIs400/source_is_a_real_dish_id_without_hyphens
=== RUN   TestMergeMenuItem_BadIDIs400/source_is_a_real_dish_id_in_braces
=== RUN   TestMergeMenuItem_BadIDIs400/repository_returns_ErrBadID
--- PASS: TestMergeMenuItem_BadIDIs400 (5.43s)
    --- PASS: TestMergeMenuItem_BadIDIs400/target_is_not_a_uuid (0.90s)
    --- PASS: TestMergeMenuItem_BadIDIs400/source_is_not_a_uuid (0.96s)
    --- PASS: TestMergeMenuItem_BadIDIs400/both_are_not_uuids (0.85s)
    --- PASS: TestMergeMenuItem_BadIDIs400/source_is_a_uuid_wrapped_in_two_stray_characters (0.91s)
    --- PASS: TestMergeMenuItem_BadIDIs400/source_is_a_real_dish_id_without_hyphens (0.61s)
    --- PASS: TestMergeMenuItem_BadIDIs400/source_is_a_real_dish_id_in_braces (0.62s)
    --- PASS: TestMergeMenuItem_BadIDIs400/repository_returns_ErrBadID (0.58s)
=== RUN   TestMergeMenuItem_LockHoldsAgainstConcurrentTargetDelete
    repository_test.go:754: K2-lock: delete blocked until the merge committed; merge rows=1; delete err=<nil>; target rows=0 recipe dish=NULL
--- PASS: TestMergeMenuItem_LockHoldsAgainstConcurrentTargetDelete (0.76s)
=== RUN   TestComputeDrift_Unallocated_FlagsAbove10Pct
--- PASS: TestComputeDrift_Unallocated_FlagsAbove10Pct (0.68s)
=== RUN   TestComputeDrift_ZeroSales_FlagsMissingItems
--- PASS: TestComputeDrift_ZeroSales_FlagsMissingItems (0.60s)
=== RUN   TestComputeDrift_Divergence_FlagsAbove20Pct
--- PASS: TestComputeDrift_Divergence_FlagsAbove20Pct (0.76s)
=== RUN   TestComputeDrift_HappyClean_NoSections
--- PASS: TestComputeDrift_HappyClean_NoSections (0.73s)
=== RUN   TestFormatCliqMessage_IncludesDeepLink
--- PASS: TestFormatCliqMessage_IncludesDeepLink (0.00s)
=== RUN   TestRunDriftWeek_IdempotentOnSecondCall
--- PASS: TestRunDriftWeek_IdempotentOnSecondCall (0.79s)
=== RUN   TestRunDriftWeek_SkipsWhenIngestStale
--- PASS: TestRunDriftWeek_SkipsWhenIngestStale (0.64s)
=== RUN   TestRunDriftWeek_EnqueuesCliqWhenDriftFound
--- PASS: TestRunDriftWeek_EnqueuesCliqWhenDriftFound (0.68s)
=== RUN   TestRunDriftWeek_NoEnqueueWhenClean
--- PASS: TestRunDriftWeek_NoEnqueueWhenClean (0.66s)
=== RUN   TestDriftBannerHandler_ReturnsLatest
--- PASS: TestDriftBannerHandler_ReturnsLatest (0.84s)
=== RUN   TestDriftBannerHandler_EmptyObjectWhenNoRows
--- PASS: TestDriftBannerHandler_EmptyObjectWhenNoRows (0.61s)
PASS
ok  	github.com/yumyums/hq/internal/recipes	55.341s
2026/10/07 08:04:38 goose: no migrations to run. current version: 87
2026/10/07 08:04:38 INFO database migrations applied successfully
=== RUN   TestCreateCampaignMintsOneCodePerChannel
2026/10/07 08:04:39 ERROR marketing: campaign projection failed; projected_at left NULL error="projection not configured (HQ_SYNC_REST_URL and/or HQ_SYNC_SERVICE_KEY empty)" campaign_id=24afc927-ea28-4080-acc0-311b6145229b
--- PASS: TestCreateCampaignMintsOneCodePerChannel (0.25s)
=== RUN   TestCreateCampaignRejectsOtherWithoutLabel
--- PASS: TestCreateCampaignRejectsOtherWithoutLabel (0.24s)
=== RUN   TestCreateCampaignSlugsAreUnique
2026/10/07 08:04:39 ERROR marketing: campaign projection failed; projected_at left NULL error="projection not configured (HQ_SYNC_REST_URL and/or HQ_SYNC_SERVICE_KEY empty)" campaign_id=a3c0c842-47cf-445a-8836-4bbeb5a18684
2026/10/07 08:04:39 ERROR marketing: campaign projection failed; projected_at left NULL error="projection not configured (HQ_SYNC_REST_URL and/or HQ_SYNC_SERVICE_KEY empty)" campaign_id=fdabb799-1ef0-4a84-9680-0d4f7b198149
--- PASS: TestCreateCampaignSlugsAreUnique (0.25s)
=== RUN   TestRequiresOnlineDerivedFromThreshold
2026/10/07 08:04:39 ERROR marketing: campaign projection failed; projected_at left NULL error="projection not configured (HQ_SYNC_REST_URL and/or HQ_SYNC_SERVICE_KEY empty)" campaign_id=a847127d-2a16-40ad-8c7c-10c476fce53f
2026/10/07 08:04:39 ERROR marketing: campaign projection failed; projected_at left NULL error="projection not configured (HQ_SYNC_REST_URL and/or HQ_SYNC_SERVICE_KEY empty)" campaign_id=2e2d09a3-a620-427b-a7cc-2629445a6f80
--- PASS: TestRequiresOnlineDerivedFromThreshold (0.23s)
=== RUN   TestTeamMemberGets403ManagersOnly
2026/10/07 08:04:40 ERROR marketing: campaign projection failed; projected_at left NULL error="projection not configured (HQ_SYNC_REST_URL and/or HQ_SYNC_SERVICE_KEY empty)" campaign_id=6dc44eb9-76c9-4432-9b62-8ac298771add
--- PASS: TestTeamMemberGets403ManagersOnly (0.26s)
=== RUN   TestListCampaignsFunnelAndZeroMoney
2026/10/07 08:04:40 ERROR marketing: campaign projection failed; projected_at left NULL error="projection not configured (HQ_SYNC_REST_URL and/or HQ_SYNC_SERVICE_KEY empty)" campaign_id=7309ff42-a8bf-4ffd-844c-609782a707e6
--- PASS: TestListCampaignsFunnelAndZeroMoney (0.24s)
=== RUN   TestPatchCodeRepointsWithoutChangingShort
2026/10/07 08:04:40 ERROR marketing: campaign projection failed; projected_at left NULL error="projection not configured (HQ_SYNC_REST_URL and/or HQ_SYNC_SERVICE_KEY empty)" campaign_id=80ce5bbb-94fd-4e8f-b3f6-bec77b0cb763
--- PASS: TestPatchCodeRepointsWithoutChangingShort (0.32s)
=== RUN   TestPatchCampaignStatus
2026/10/07 08:04:40 ERROR marketing: campaign projection failed; projected_at left NULL error="projection not configured (HQ_SYNC_REST_URL and/or HQ_SYNC_SERVICE_KEY empty)" campaign_id=ad21f75f-0cd5-42bb-916e-0b59841d5689
--- PASS: TestPatchCampaignStatus (0.29s)
=== RUN   TestAddCodeToExistingCampaign
2026/10/07 08:04:41 ERROR marketing: campaign projection failed; projected_at left NULL error="projection not configured (HQ_SYNC_REST_URL and/or HQ_SYNC_SERVICE_KEY empty)" campaign_id=679335ec-ae93-4341-9d3f-e652e815d56e
--- PASS: TestAddCodeToExistingCampaign (0.32s)
=== RUN   TestSubscriberDeleteCascadesTimelineAndBlanksScans
--- PASS: TestSubscriberDeleteCascadesTimelineAndBlanksScans (0.25s)
=== RUN   TestCodeDeleteBlanksFirstTouch
--- PASS: TestCodeDeleteBlanksFirstTouch (0.29s)
=== RUN   TestScannedCodeDeleteIsRefused
--- PASS: TestScannedCodeDeleteIsRefused (0.18s)
=== RUN   TestMigration0086ErasureBackstopDownAndUpRoundTrip
2026/10/07 08:04:42 goose: no migrations to run. current version: 87
2026/10/07 08:04:42 INFO database migrations applied successfully
2026/10/07 08:04:42 OK   0087_qr_scans_dedupe_bucket.sql (19.31ms)
2026/10/07 08:04:42 OK   0086_merge_repoint_and_erasure_backstop.sql (28.84ms)
2026/10/07 08:04:42 goose: no migrations to run. current version: 85
2026/10/07 08:04:42 OK   0086_merge_repoint_and_erasure_backstop.sql (26.87ms)
2026/10/07 08:04:42 OK   0087_qr_scans_dedupe_bucket.sql (58.67ms)
2026/10/07 08:04:42 goose: successfully migrated database to version: 87
2026/10/07 08:04:42 INFO database migrations applied successfully
    erasure_test.go:325: migration 86 Down/Up round-trip clean; schema restored to HEAD (not to a literal)
2026/10/07 08:04:42 goose: no migrations to run. current version: 87
2026/10/07 08:04:42 INFO database migrations applied successfully
--- PASS: TestMigration0086ErasureBackstopDownAndUpRoundTrip (0.16s)
=== RUN   TestMigration0086BlanksDanglingScanReferences
2026/10/07 08:04:42 goose: no migrations to run. current version: 87
2026/10/07 08:04:42 INFO database migrations applied successfully
2026/10/07 08:04:42 OK   0087_qr_scans_dedupe_bucket.sql (15.44ms)
2026/10/07 08:04:42 OK   0086_merge_repoint_and_erasure_backstop.sql (24.29ms)
2026/10/07 08:04:42 goose: no migrations to run. current version: 85
2026/10/07 08:04:42 OK   0086_merge_repoint_and_erasure_backstop.sql (29.65ms)
2026/10/07 08:04:42 OK   0087_qr_scans_dedupe_bucket.sql (54.3ms)
2026/10/07 08:04:42 goose: successfully migrated database to version: 87
2026/10/07 08:04:42 INFO database migrations applied successfully
2026/10/07 08:04:42 goose: no migrations to run. current version: 87
2026/10/07 08:04:42 INFO database migrations applied successfully
--- PASS: TestMigration0086BlanksDanglingScanReferences (0.59s)
=== RUN   TestMigration0086DishDeleteBlanksCampaignAndCode
--- PASS: TestMigration0086DishDeleteBlanksCampaignAndCode (0.29s)
=== RUN   TestCampaignListDisclosesUnattributedMoney
--- PASS: TestCampaignListDisclosesUnattributedMoney (0.48s)
=== RUN   TestCampaignListReportsZeroUnattributedAsAFact
--- PASS: TestCampaignListReportsZeroUnattributedAsAFact (0.36s)
=== RUN   TestSliceRowsCarryNullForThePeriodScopedKeys
--- PASS: TestSliceRowsCarryNullForThePeriodScopedKeys (0.71s)
=== RUN   TestOrphanRateDisclosesItsNumerator
--- PASS: TestOrphanRateDisclosesItsNumerator (0.54s)
=== RUN   TestLandingLogsScanAndRedirectsWithUTM
2026/10/07 08:04:45 ERROR marketing: campaign projection failed; projected_at left NULL error="projection not configured (HQ_SYNC_REST_URL and/or HQ_SYNC_SERVICE_KEY empty)" campaign_id=05efdbc9-6220-4007-8e2b-f36fe41862e5
--- PASS: TestLandingLogsScanAndRedirectsWithUTM (0.27s)
=== RUN   TestLandingWithoutItemOmitsUTMContent
2026/10/07 08:04:45 ERROR marketing: campaign projection failed; projected_at left NULL error="projection not configured (HQ_SYNC_REST_URL and/or HQ_SYNC_SERVICE_KEY empty)" campaign_id=802f0aa7-432b-4f38-954c-3b0ea51aef85
--- PASS: TestLandingWithoutItemOmitsUTMContent (0.21s)
=== RUN   TestLandingInactiveCodeRendersEndedPage
2026/10/07 08:04:45 ERROR marketing: campaign projection failed; projected_at left NULL error="projection not configured (HQ_SYNC_REST_URL and/or HQ_SYNC_SERVICE_KEY empty)" campaign_id=40d3d29c-a392-4d86-ac1c-67799f3f55e2
--- PASS: TestLandingInactiveCodeRendersEndedPage (0.24s)
=== RUN   TestLandingDedupeIsAtomicUnderConcurrency
2026/10/07 08:04:46 ERROR marketing: campaign projection failed; projected_at left NULL error="projection not configured (HQ_SYNC_REST_URL and/or HQ_SYNC_SERVICE_KEY empty)" campaign_id=1b779685-1655-43de-8e79-16a4c0b95025
    landing_test.go:422: rows per round after 12 simultaneous hits: 1 / 1 / 1 / 1 / 1
--- PASS: TestLandingDedupeIsAtomicUnderConcurrency (0.49s)
=== RUN   TestLandingAnonymousScansNeverDedupe
2026/10/07 08:04:46 ERROR marketing: campaign projection failed; projected_at left NULL error="projection not configured (HQ_SYNC_REST_URL and/or HQ_SYNC_SERVICE_KEY empty)" campaign_id=c069b566-1557-4462-8b5a-63f1b86355e8
--- PASS: TestLandingAnonymousScansNeverDedupe (0.21s)
=== RUN   TestLandingCountsAgainAfterWindow
2026/10/07 08:04:46 ERROR marketing: campaign projection failed; projected_at left NULL error="projection not configured (HQ_SYNC_REST_URL and/or HQ_SYNC_SERVICE_KEY empty)" campaign_id=3ac23818-aa7b-4384-964f-386c940ed82b
--- PASS: TestLandingCountsAgainAfterWindow (0.18s)
=== RUN   TestMigration0087DedupeBucketDownAndUpRoundTrip
2026/10/07 08:04:46 goose: no migrations to run. current version: 87
2026/10/07 08:04:46 INFO database migrations applied successfully
2026/10/07 08:04:46 ERROR marketing: campaign projection failed; projected_at left NULL error="projection not configured (HQ_SYNC_REST_URL and/or HQ_SYNC_SERVICE_KEY empty)" campaign_id=3caebe76-298f-443f-8595-b6181097ec8d
2026/10/07 08:04:46 OK   0087_qr_scans_dedupe_bucket.sql (14.53ms)
2026/10/07 08:04:46 goose: no migrations to run. current version: 86
2026/10/07 08:04:47 OK   0087_qr_scans_dedupe_bucket.sql (58.54ms)
2026/10/07 08:04:47 goose: successfully migrated database to version: 87
2026/10/07 08:04:47 INFO database migrations applied successfully
    landing_test.go:617: migration 87 Down/Up round-trip clean; schema restored to HEAD (not to a literal)
2026/10/07 08:04:47 goose: no migrations to run. current version: 87
2026/10/07 08:04:47 INFO database migrations applied successfully
--- PASS: TestMigration0087DedupeBucketDownAndUpRoundTrip (0.32s)
=== RUN   TestMigration0087CollapsesPreExistingDuplicates
2026/10/07 08:04:47 goose: no migrations to run. current version: 87
2026/10/07 08:04:47 INFO database migrations applied successfully
2026/10/07 08:04:47 OK   0087_qr_scans_dedupe_bucket.sql (15.28ms)
2026/10/07 08:04:47 goose: no migrations to run. current version: 86
2026/10/07 08:04:47 OK   0087_qr_scans_dedupe_bucket.sql (55.85ms)
2026/10/07 08:04:47 goose: successfully migrated database to version: 87
2026/10/07 08:04:47 INFO database migrations applied successfully
2026/10/07 08:04:47 goose: no migrations to run. current version: 87
2026/10/07 08:04:47 INFO database migrations applied successfully
--- PASS: TestMigration0087CollapsesPreExistingDuplicates (0.38s)
=== RUN   TestScanAttemptsMirrorKeysetResumes
    mirror_test.go:277: poll 0 (drain): fetched=0 pages=1 cursor=(none)
    mirror_test.go:296: poll 1: fetched=1 cursor=2099-01-01T12:00:00Z/11111111-1111-4111-8111-111111111111
    mirror_test.go:356: LIVE substrate http://127.0.0.1:53277 — poll1 fetched=1 cursor=2099-01-01T12:00:00Z/11111111-1111-4111-8111-111111111111; poll2 fetched=2 from=2099-01-01T12:00:00Z/11111111-1111-4111-8111-111111111111 to=2099-01-01T12:01:00Z/33333333-3333-4333-8333-333333333333; A's mirrored_at unchanged
--- PASS: TestScanAttemptsMirrorKeysetResumes (0.42s)
=== RUN   TestMirrorUnconfiguredIsIdleNotFatal
2026/10/07 08:04:47 INFO scan-attempts mirror idle: substrate not configured; scan_attempts_mirror will stay empty missing="HQ_SYNC_REST_URL and/or HQ_SYNC_SERVICE_KEY" interval=5m0s
--- PASS: TestMirrorUnconfiguredIsIdleNotFatal (0.00s)
=== RUN   TestProjectionUnconfiguredLeavesProjectedAtNull
2026/10/07 08:04:48 ERROR marketing: campaign projection failed; projected_at left NULL error="projection not configured (HQ_SYNC_REST_URL and/or HQ_SYNC_SERVICE_KEY empty)" campaign_id=a7d8836f-0756-471d-831b-b8a0ade6c488
--- PASS: TestProjectionUnconfiguredLeavesProjectedAtNull (0.22s)
=== RUN   TestProjectionFailureLeavesProjectedAtNull
2026/10/07 08:04:48 WARN marketing: marketing_settings read refused; using the default requires_online threshold status=503 default_cents=2000
2026/10/07 08:04:48 ERROR marketing: campaign projection failed; projected_at left NULL error="projection upsert: postgrest status 503" campaign_id=79e9cf5c-bef4-4884-a27f-9ee3de4f2aba
--- PASS: TestProjectionFailureLeavesProjectedAtNull (0.23s)
=== RUN   TestProjectionConfiguredUpsertsToSubstrate
    projection_test.go:151: MKT_PROJECTION_LIVE != 1 — the local spike-supabase substrate leg is opt-in
--- SKIP: TestProjectionConfiguredUpsertsToSubstrate (0.00s)
=== RUN   TestPayloadStaysAtQRVersion3
--- PASS: TestPayloadStaysAtQRVersion3 (0.00s)
=== RUN   TestCodePNGHandler
2026/10/07 08:04:48 ERROR marketing: campaign projection failed; projected_at left NULL error="projection not configured (HQ_SYNC_REST_URL and/or HQ_SYNC_SERVICE_KEY empty)" campaign_id=d4b310ea-f67a-4290-8707-e6a0cf8b0be9
--- PASS: TestCodePNGHandler (0.33s)
=== RUN   TestNewShortCodeShape
--- PASS: TestNewShortCodeShape (0.00s)
=== RUN   TestSlugify
--- PASS: TestSlugify (0.00s)
=== RUN   TestUAFamily
--- PASS: TestUAFamily (0.00s)
=== RUN   TestIsLinkPreview
--- PASS: TestIsLinkPreview (0.00s)
=== RUN   TestLooksAutomatedIsWiderThanIsLinkPreview
--- PASS: TestLooksAutomatedIsWiderThanIsLinkPreview (0.00s)
=== RUN   TestQueueOrdersOverridesThenOrphansThenUnmatched
--- PASS: TestQueueOrdersOverridesThenOrphansThenUnmatched (0.32s)
=== RUN   TestUnmatchedCarriesNearestOrderSuggestionWithinThirtyMinutes
--- PASS: TestUnmatchedCarriesNearestOrderSuggestionWithinThirtyMinutes (0.31s)
=== RUN   TestSuggestionSurvivesAOneHourOpenedAtOffset
--- PASS: TestSuggestionSurvivesAOneHourOpenedAtOffset (0.32s)
=== RUN   TestDeclineOtherRequiresNote
--- PASS: TestDeclineOtherRequiresNote (0.33s)
=== RUN   TestMatchUnknownOrderIs409AndKnownOrderResolves
--- PASS: TestMatchUnknownOrderIs409AndKnownOrderResolves (0.35s)
=== RUN   TestReopenReturnsAttemptToTheQueue
--- PASS: TestReopenReturnsAttemptToTheQueue (0.32s)
=== RUN   TestVerifyAndRejectResolveAnOverride
--- PASS: TestVerifyAndRejectResolveAnOverride (0.32s)
=== RUN   TestReconciliationQueueIsManagerOnly
--- PASS: TestReconciliationQueueIsManagerOnly (0.30s)
=== RUN   TestMountReportsRegistersTheBICampaignReports
--- PASS: TestMountReportsRegistersTheBICampaignReports (0.00s)
=== RUN   TestMountReportsKeepsCardH1sSignature
--- PASS: TestMountReportsKeepsCardH1sSignature (0.00s)
=== RUN   TestMountRegistersTheGatedRouteTable
--- PASS: TestMountRegistersTheGatedRouteTable (0.00s)
=== RUN   TestMountPublicRegistersOnlyTheLanding
--- PASS: TestMountPublicRegistersOnlyTheLanding (0.00s)
=== RUN   TestSlicesReconcileToOverview
    stats_test.go:134: overview: scans=12 signups=5 redeemed=7 revenue=4350 discount=5450 implied=5500 actual=1050 net=-1100 basis=mixed
    stats_test.go:191: Σ campaign: scans=12 signups=5 redeemed=7 revenue=4350 discount=5450 implied=5500 actual=1050 net=-1100 (rows=3)
    stats_test.go:191: Σ channel: scans=12 signups=5 redeemed=7 revenue=4350 discount=5450 implied=5500 actual=1050 net=-1100 (rows=5)
    stats_test.go:191: Σ item: scans=12 signups=5 redeemed=7 revenue=4350 discount=5450 implied=5500 actual=1050 net=-1100 (rows=4)
--- PASS: TestSlicesReconcileToOverview (0.49s)
=== RUN   TestOrphanRateCountsDeclinesExceptDuplicateScan
--- PASS: TestOrphanRateCountsDeclinesExceptDuplicateScan (0.66s)
=== RUN   TestStatsReportsAreRegisteredTwiceWithByteIdenticalBodies
--- PASS: TestStatsReportsAreRegisteredTwiceWithByteIdenticalBodies (0.56s)
=== RUN   TestMoneyBlockKeepsEveryKeyAndNullsMeanNoOpinion
--- PASS: TestMoneyBlockKeepsEveryKeyAndNullsMeanNoOpinion (0.31s)
=== RUN   TestCampaignListCarriesRealMoneyPerCampaign
--- PASS: TestCampaignListCarriesRealMoneyPerCampaign (0.57s)
=== RUN   TestStatsByDrillInsScopeToTheirParent
--- PASS: TestStatsByDrillInsScopeToTheirParent (0.50s)
=== RUN   TestUnresolvableCodeIDBucketsAsDirectAndCountsAsUnknown
--- PASS: TestUnresolvableCodeIDBucketsAsDirectAndCountsAsUnknown (0.31s)
=== RUN   TestSignupsStatesItsBasisWhenSubscribersIsAbsent
--- PASS: TestSignupsStatesItsBasisWhenSubscribersIsAbsent (0.50s)
=== RUN   TestFluentFormsImportIsIdempotent
--- PASS: TestFluentFormsImportIsIdempotent (0.26s)
=== RUN   TestSubscriberSourceShortSetsCampaignAttribution
2026/10/07 08:04:53 ERROR marketing: campaign projection failed; projected_at left NULL error="projection not configured (HQ_SYNC_REST_URL and/or HQ_SYNC_SERVICE_KEY empty)" campaign_id=5adcc907-0d74-4143-9f5c-1cfd606072af
--- PASS: TestSubscriberSourceShortSetsCampaignAttribution (0.38s)
=== RUN   TestNothingInThisPackageSends
    subscribers_test.go:400: allowed egress: mirror.go ("http.Client") — the scan-attempts poller: it READS scan_attempts back from the same PostgREST surface into HQ's own tables. Inbound data over an outbound GET; it reaches no customer.
    subscribers_test.go:400: allowed egress: projection.go ("http.NewRequestWithContext") — decision 187's PostgREST projection: campaigns and codes are written to the Supabase project the scanner replicates from. It speaks to the sync substrate, never to a customer.
--- PASS: TestNothingInThisPackageSends (0.02s)
=== RUN   TestResendRecords202AndAppendsNoCodeSent
--- PASS: TestResendRecords202AndAppendsNoCodeSent (0.22s)
=== RUN   TestWebFormImportRefusesWhenUnconfigured
--- PASS: TestWebFormImportRefusesWhenUnconfigured (0.16s)
=== RUN   TestWebFormImportReadsTheCommittedFixture
--- PASS: TestWebFormImportReadsTheCommittedFixture (0.22s)
=== RUN   TestNoResponseCarriesAFullPhoneOrEmail
--- PASS: TestNoResponseCarriesAFullPhoneOrEmail (0.27s)
=== RUN   TestE164NormalizeAndMaskHoldOnTheSpikesSet
--- PASS: TestE164NormalizeAndMaskHoldOnTheSpikesSet (0.00s)
=== RUN   TestTeamMemberGets403ManagersOnlyOnSubscribers
--- PASS: TestTeamMemberGets403ManagersOnlyOnSubscribers (0.19s)
=== RUN   TestToastGuestCSVImportsAndFiltersByConsent
--- PASS: TestToastGuestCSVImportsAndFiltersByConsent (0.23s)
=== RUN   TestToastGuestIDAliasDoesNotMergeTwoPeople
--- PASS: TestToastGuestIDAliasDoesNotMergeTwoPeople (0.20s)
=== RUN   TestReImportConvergesCorrectedFieldsAndCountsHonestly
--- PASS: TestReImportConvergesCorrectedFieldsAndCountsHonestly (0.21s)
=== RUN   TestNormalizeE164RejectsImpossibleAreaCodes
--- PASS: TestNormalizeE164RejectsImpossibleAreaCodes (0.00s)
=== RUN   TestMigration0083DownAndUpRoundTrip
2026/10/07 08:04:55 OK   0087_qr_scans_dedupe_bucket.sql (14.65ms)
2026/10/07 08:04:55 OK   0086_merge_repoint_and_erasure_backstop.sql (28.48ms)
2026/10/07 08:04:55 OK   0085_subscribers.sql (22.3ms)
2026/10/07 08:04:55 OK   0084_toast_orders_reconciliation.sql (22.52ms)
2026/10/07 08:04:55 OK   0083_campaigns_admin.sql (22.65ms)
2026/10/07 08:04:55 goose: no migrations to run. current version: 82
2026/10/07 08:04:55 OK   0083_campaigns_admin.sql (116.64ms)
2026/10/07 08:04:55 OK   0084_toast_orders_reconciliation.sql (130.47ms)
2026/10/07 08:04:56 OK   0085_subscribers.sql (99.67ms)
2026/10/07 08:04:56 OK   0086_merge_repoint_and_erasure_backstop.sql (23.96ms)
2026/10/07 08:04:56 OK   0087_qr_scans_dedupe_bucket.sql (56ms)
2026/10/07 08:04:56 goose: successfully migrated database to version: 87
2026/10/07 08:04:56 INFO database migrations applied successfully
    zz_migration_down_test.go:61: 0083 Down/Up round-trip clean; schema left fully migrated
--- PASS: TestMigration0083DownAndUpRoundTrip (0.75s)
=== RUN   TestMigration0085SubscribersDownAndUpRoundTrip
2026/10/07 08:04:56 goose: no migrations to run. current version: 87
2026/10/07 08:04:56 INFO database migrations applied successfully
2026/10/07 08:04:56 OK   0087_qr_scans_dedupe_bucket.sql (13.64ms)
2026/10/07 08:04:56 OK   0086_merge_repoint_and_erasure_backstop.sql (21.6ms)
2026/10/07 08:04:56 OK   0085_subscribers.sql (19.65ms)
2026/10/07 08:04:56 goose: no migrations to run. current version: 84
2026/10/07 08:04:56 OK   0085_subscribers.sql (103.17ms)
2026/10/07 08:04:56 OK   0086_merge_repoint_and_erasure_backstop.sql (23.99ms)
2026/10/07 08:04:56 OK   0087_qr_scans_dedupe_bucket.sql (60.03ms)
2026/10/07 08:04:56 goose: successfully migrated database to version: 87
2026/10/07 08:04:56 INFO database migrations applied successfully
    zzz_subscribers_migration_down_test.go:158: migration 85 Down/Up round-trip clean; schema restored to HEAD (not to a literal)
--- PASS: TestMigration0085SubscribersDownAndUpRoundTrip (0.27s)
PASS
ok  	github.com/yumyums/hq/internal/marketing	19.674s
EXIT=0
