# K2 (c)(d)(e) probes on FINAL tree via throwaway zz_adv_probe_test.go (deleted after). DB_TEST_URL=postgres://hqtest:hqtest@localhost:5434/hq_test_triage_adv_20261007_go_k2?sslmode=disable
=== RUN   TestADV_SharedIngredientMerge
2026/10/07 08:05:58 ERROR MergeMenuItem error="ERROR: duplicate key value violates unique constraint \"recipes_menu_item_id_purchase_item_id_key\" (SQLSTATE 23505)"
    zz_adv_probe_test.go:26: ADV shared-ingredient merge: status=500 body={"error":"internal_error"}
    zz_adv_probe_test.go:29: ADV dishes remaining after merge attempt: 2 of 2
--- PASS: TestADV_SharedIngredientMerge (0.55s)
=== RUN   TestADV_HyphenlessAndBraced
    zz_adv_probe_test.go:50: ADV hyphenless source id "34ae4effbcf74700b00aafb34318a5e0": status=400 body={"error":"bad_id"}
        ; source dish still present=1
    zz_adv_probe_test.go:50: ADV braced source id "{c685800a-7040-4822-b003-dfa0c3ccbf5b}": status=400 body={"error":"bad_id"}
        ; source dish still present=1
--- PASS: TestADV_HyphenlessAndBraced (1.19s)
=== RUN   TestADV_OppositeDirectionMerges
    zz_adv_probe_test.go:88: rep 0: A→B err=recipes: target_not_found | B→A err=<nil> | dishes left=1
    zz_adv_probe_test.go:88: rep 1: A→B err=recipes: target_not_found | B→A err=<nil> | dishes left=1
    zz_adv_probe_test.go:88: rep 2: A→B err=recipes: target_not_found | B→A err=<nil> | dishes left=1
    zz_adv_probe_test.go:88: rep 3: A→B err=recipes: target_not_found | B→A err=<nil> | dishes left=1
    zz_adv_probe_test.go:88: rep 4: A→B err=recipes: target_not_found | B→A err=<nil> | dishes left=1
    zz_adv_probe_test.go:88: rep 5: A→B err=recipes: target_not_found | B→A err=<nil> | dishes left=1
    zz_adv_probe_test.go:88: rep 6: A→B err=recipes: target_not_found | B→A err=<nil> | dishes left=1
    zz_adv_probe_test.go:88: rep 7: A→B err=recipes: target_not_found | B→A err=<nil> | dishes left=1
    zz_adv_probe_test.go:88: rep 8: A→B err=recipes: target_not_found | B→A err=<nil> | dishes left=1
    zz_adv_probe_test.go:88: rep 9: A→B err=recipes: target_not_found | B→A err=<nil> | dishes left=1
    zz_adv_probe_test.go:90: ADV opposite-direction x10: deadlock(40P01)=0 other-errors=10 A→B ok=0 B→A ok=10
--- PASS: TestADV_OppositeDirectionMerges (6.30s)
PASS
ok  	github.com/yumyums/hq/internal/recipes	8.052s
EXIT=0
