2026/10/07 08:07:43 OK   0001_users.sql (46ms)
2026/10/07 08:07:43 OK   0002_sessions.sql (52.59ms)
2026/10/07 08:07:43 OK   0003_invite_tokens.sql (45.34ms)
2026/10/07 08:07:43 OK   0004_hq_apps.sql (41.06ms)
2026/10/07 08:07:43 OK   0005_app_permissions.sql (54.41ms)
2026/10/07 08:07:43 OK   0006_checklist_templates.sql (33.06ms)
2026/10/07 08:07:43 OK   0007_checklist_schedules.sql (33.38ms)
2026/10/07 08:07:43 OK   0008_template_assignments.sql (50.58ms)
2026/10/07 08:07:43 OK   0009_checklist_sections.sql (35.57ms)
2026/10/07 08:07:43 OK   0010_checklist_fields.sql (34.72ms)
2026/10/07 08:07:43 OK   0011_checklist_submissions.sql (43.74ms)
2026/10/07 08:07:43 OK   0012_submission_responses.sql (58.95ms)
2026/10/07 08:07:43 OK   0013_submission_fail_notes.sql (41.31ms)
2026/10/07 08:07:43 OK   0014_submission_rejections.sql (35.27ms)
2026/10/07 08:07:43 OK   0015_ops.sql (61.18ms)
2026/10/07 08:07:43 OK   0016_lamport_ts.sql (20.82ms)
2026/10/07 08:07:43 OK   0017_users_naming.sql (26.17ms)
2026/10/07 08:07:43 OK   0018_ob_templates.sql (72.22ms)
2026/10/07 08:07:43 OK   0019_ob_items.sql (90.88ms)
2026/10/07 08:07:44 OK   0020_ob_progress.sql (57.95ms)
2026/10/07 08:07:44 OK   0021_ob_signoffs.sql (44.52ms)
2026/10/07 08:07:44 OK   0022_ob_template_assignments.sql (44.93ms)
2026/10/07 08:07:44 OK   0023_multi_role.sql (79.89ms)
2026/10/07 08:07:44 OK   0024_inventory.sql (230.05ms)
2026/10/07 08:07:44 OK   0025_pending_purchases.sql (48.63ms)
2026/10/07 08:07:44 OK   0026_ob_progress_faq.sql (8.18ms)
2026/10/07 08:07:44 OK   0027_ob_section_signoff_roles.sql (7.28ms)
2026/10/07 08:07:44 OK   0028_ob_video_upgrade.sql (16.31ms)
2026/10/07 08:07:44 OK   0029_ob_templates_archived_at.sql (7.23ms)
2026/10/07 08:07:44 OK   0030_item_groups_unique_name.sql (27.48ms)
2026/10/07 08:07:44 OK   0031_remove_placeholder_items.sql (11ms)
2026/10/07 08:07:44 OK   0032_item_group_thresholds.sql (16.99ms)
2026/10/07 08:07:44 OK   0033_stock_count_overrides.sql (32.59ms)
2026/10/07 08:07:44 OK   0034_purchase_orders.sql (84.42ms)
2026/10/07 08:07:44 OK   0035_purchase_items_photo_store.sql (13.13ms)
2026/10/07 08:07:44 OK   0036_purchase_items_full_name.sql (11.95ms)
2026/10/07 08:07:44 OK   0037_cutoff_config.sql (33.56ms)
2026/10/07 08:07:44 OK   0038_po_status_extend.sql (17.24ms)
2026/10/07 08:07:44 OK   0039_purchase_items_vendor.sql (24.35ms)
2026/10/07 08:07:44 OK   0040_shopping_lists.sql (117.16ms)
2026/10/07 08:07:44 OK   0041_notification_channel.sql (14.48ms)
2026/10/07 08:07:44 OK   0042_repurchase_tracking.sql (67.54ms)
2026/10/07 08:07:45 OK   0043_alert_log.sql (52.82ms)
2026/10/07 08:07:45 OK   0044_low_stock_alert_log.sql (68.86ms)
2026/10/07 08:07:45 OK   0045_notification_channel_array.sql (54.08ms)
2026/10/07 08:07:45 OK   0046_user_timezone.sql (7.73ms)
2026/10/07 08:07:45 OK   0047_employee_fields.sql (56.25ms)
2026/10/07 08:07:45 OK   0048_notification_default_both.sql (7.77ms)
2026/10/07 08:07:45 OK   0049_ob_sub_items.sql (40.41ms)
2026/10/07 08:07:45 OK   0050_ob_progress_sub_item.sql (7.69ms)
2026/10/07 08:07:45 OK   0051_rejection_field_fk.sql (7.37ms)
2026/10/07 08:07:45 OK   0052_template_name_unique.sql (19.21ms)
2026/10/07 08:07:45 OK   0053_response_field_fk.sql (8.27ms)
2026/10/07 08:07:45 OK   0054_failnote_field_fk.sql (8.85ms)
2026/10/07 08:07:45 OK   0055_item_location_in_store.sql (8.09ms)
2026/10/07 08:07:45 OK   0056_ob_progress_photo.sql (15.95ms)
2026/10/07 08:07:45 OK   0057_ob_items_photo_type.sql (15.81ms)
2026/10/07 08:07:45 OK   0058_ob_sub_items_photos.sql (15.35ms)
2026/10/07 08:07:45 OK   0059_cleanup_photo_items.sql (7.5ms)
2026/10/07 08:07:45 OK   0060_menu_items.sql (68.74ms)
2026/10/07 08:07:45 OK   0061_daily_menu_sales.sql (34.76ms)
2026/10/07 08:07:45 OK   0062_recipes.sql (42.85ms)
2026/10/07 08:07:45 OK   0063_drift_check_results.sql (32.15ms)
2026/10/07 08:07:45 OK   0064_no_itemized_receipt_seed.sql (16.11ms)
2026/10/07 08:07:45 OK   0065_mercury_category_on_purchase_events.sql (13.27ms)
2026/10/07 08:07:45 OK   0066_mercury_category_on_pending_purchases.sql (12.57ms)
2026/10/07 08:07:45 OK   0067_receipt_sync_runs.sql (55.95ms)
2026/10/07 08:07:45 OK   0068_pending_purchases_bank_tx_uniq.sql (23.86ms)
2026/10/07 08:07:45 OK   0069_pending_purchases_parse_error.sql (12.51ms)
2026/10/07 08:07:45 OK   0070_receipt_urls.sql (15.18ms)
2026/10/07 08:07:45 OK   0071_submission_fail_notes_unique.sql (21.74ms)
2026/10/07 08:07:45 OK   0072_app_timezone_new_york.sql (16.07ms)
2026/10/07 08:07:45 OK   0073_sync_fdw_views.sql (22.69ms)
2026/10/07 08:07:45 OK   0074_sync_fdw_approver_view.sql (10.29ms)
2026/10/07 08:07:45 OK   0075_item_aliases.sql (54.14ms)
2026/10/07 08:07:45 OK   0076_checklist_template_app.sql (30.72ms)
2026/10/07 08:07:45 OK   0077_race_lost_notifications.sql (44.76ms)
2026/10/07 08:07:45 OK   0078_card_holder_on_purchases.sql (14.77ms)
2026/10/07 08:07:45 OK   0079_pending_purchases_retry_requested.sql (22.78ms)
2026/10/07 08:07:45 OK   0080_receipt_sync_runs_cancelled.sql (14.93ms)
2026/10/07 08:07:45 OK   0081_item_alias_display.sql (24.15ms)
2026/10/07 08:07:45 OK   0082_bi_grants.sql (16.87ms)
2026/10/07 08:07:46 OK   0083_campaigns_admin.sql (122.88ms)
2026/10/07 08:07:46 OK   0084_toast_orders_reconciliation.sql (128.99ms)
2026/10/07 08:07:46 OK   0085_subscribers.sql (99.87ms)
2026/10/07 08:07:46 OK   0086_merge_repoint_and_erasure_backstop.sql (28.5ms)
2026/10/07 08:07:46 OK   0087_qr_scans_dedupe_bucket.sql (67.3ms)
2026/10/07 08:07:46 goose: successfully migrated database to version: 87
2026/10/07 08:07:46 INFO database migrations applied successfully
=== RUN   TestMigration0086DishDeleteBlanksCampaignAndCode
--- PASS: TestMigration0086DishDeleteBlanksCampaignAndCode (0.23s)
PASS
ok  	github.com/yumyums/hq/internal/marketing	3.663s
EXIT=0
