# G4 — sw regeneration. build-sw.js reads git HEAD, not the working tree, so this
#   runs AFTER the implementation commits (HEAD = afeceed).
# This card adds NO precached asset (no frontend file), so the count must stay 48.

$ node build-sw.js  (run 1)
import reachability: 35 precached files parsed, 62 local references resolved, 0 outside the precache
SW built: 48 files precached (2930.9 KB)
Frontend version: 1.10.2
RUN1_EXIT=0

$ git status --short  (after run 1)
?? .night-crew/runs/2026-10-02-autonomous/logs/h1/G1-build-vet.log
?? .night-crew/runs/2026-10-02-autonomous/logs/h1/G2-go.log
?? .night-crew/runs/2026-10-02-autonomous/logs/h1/G4-sw.log
?? .night-crew/runs/2026-10-02-autonomous/logs/h1/projection-configured-live.log

$ node build-sw.js  (run 2 — idempotence)
import reachability: 35 precached files parsed, 62 local references resolved, 0 outside the precache
SW built: 48 files precached (2930.9 KB)
Frontend version: 1.10.2
RUN2_EXIT=0

$ git status --short  (after run 2 — must be clean)
?? .night-crew/runs/2026-10-02-autonomous/logs/h1/G1-build-vet.log
?? .night-crew/runs/2026-10-02-autonomous/logs/h1/G2-go.log
?? .night-crew/runs/2026-10-02-autonomous/logs/h1/G4-sw.log
?? .night-crew/runs/2026-10-02-autonomous/logs/h1/projection-configured-live.log

$ grep -c revision sw.js  (precache entry count)
0
EXIT=0

# ── RE-RUN at final HEAD (4825a71) ──
# The commits after the first G4 run touched only Go files, so the precache
#   manifest must be byte-identical. Re-run rather than assert.
import reachability: 35 precached files parsed, 62 local references resolved, 0 outside the precache
SW built: 48 files precached (2930.9 KB)
Frontend version: 1.10.2
RERUN_EXIT=0
(no sw.js/version.json line above = the committed artifacts already match HEAD)
