# Isolation of the same 3 tests, BASE tree ec2830c (my own throwaway worktree i3-base-probe), --repeat-each=3 --retries=0. start 2026-10-03T23:41:57-04:00

Running 9 tests using 1 worker

  ✓  1 [chromium] › tests/inventory.spec.js:2931:3 › Inventory › creating item opens edit form with store location dropdown (2.2s)
  ✓  2 [chromium] › tests/onboarding.spec.js:2233:3 › Reject and unsubmit sections › manager can reject a signed-off section (2.8s)
  ✓  3 [chromium] › tests/recipes.spec.js:216:3 › Recipes tab — E2E › slider release fires PUT /api/v1/inventory/recipes/{id} with usage_pct in body (1.3s)
  ✓  4 [chromium] › tests/inventory.spec.js:2931:3 › Inventory › creating item opens edit form with store location dropdown (1.9s)
  ✓  5 [chromium] › tests/onboarding.spec.js:2233:3 › Reject and unsubmit sections › manager can reject a signed-off section (2.8s)
  ✓  6 [chromium] › tests/recipes.spec.js:216:3 › Recipes tab — E2E › slider release fires PUT /api/v1/inventory/recipes/{id} with usage_pct in body (1.2s)
  ✘  7 [chromium] › tests/inventory.spec.js:2931:3 › Inventory › creating item opens edit form with store location dropdown (12.0s)
  ✓  8 [chromium] › tests/onboarding.spec.js:2233:3 › Reject and unsubmit sections › manager can reject a signed-off section (2.9s)
  ✘  9 [chromium] › tests/recipes.spec.js:216:3 › Recipes tab — E2E › slider release fires PUT /api/v1/inventory/recipes/{id} with usage_pct in body (1.2s)


  1) [chromium] › tests/inventory.spec.js:2931:3 › Inventory › creating item opens edit form with store location dropdown 

    Error: [2mexpect([22m[31mlocator[39m[2m).[22mtoBeVisible[2m([22m[2m)[22m failed

    Locator: locator('.item-edit-form')
    Expected: visible
    Timeout: 8000ms
    Error: element(s) not found

    Call log:
    [2m  - Expect "toBeVisible" with timeout 8000ms[22m
    [2m  - waiting for locator('.item-edit-form')[22m


      2940 |     await page.click('[data-action="create-item"]');
      2941 |     // Should open the item's edit form after creation
    > 2942 |     await expect(page.locator('.item-edit-form')).toBeVisible({ timeout: 8000 });
           |                                                   ^
      2943 |     // Store location dropdown should be visible
      2944 |     await expect(page.locator('.item-edit-location')).toBeVisible();
      2945 |     // The edit form should contain the created item's name
        at /home/jcole/projects/hq-worktrees/i3-base-probe/tests/inventory.spec.js:2942:51

    Error Context: test-results/inventory-Inventory-creati-efc78-ith-store-location-dropdown-chromium-repeat2/error-context.md

  2) [chromium] › tests/recipes.spec.js:216:3 › Recipes tab — E2E › slider release fires PUT /api/v1/inventory/recipes/{id} with usage_pct in body 

    Error: page.evaluate: TypeError: Cannot set properties of null (setting 'value')
        at eval (eval at evaluate (:302:30), <anonymous>:3:15)
        at UtilityScript.evaluate (<anonymous>:304:16)
        at UtilityScript.<anonymous> (<anonymous>:1:44)
        at eval (eval at evaluate (:302:30), <anonymous>:3:15)
        at UtilityScript.evaluate (<anonymous>:304:16)
        at UtilityScript.<anonymous> (<anonymous>:1:44)
        at /home/jcole/projects/hq-worktrees/i3-base-probe/tests/recipes.spec.js:262:16

    Error: page.waitForRequest: Test ended.

      252 |     // we only need to know the handler dispatched the request with the right
      253 |     // path + body.
    > 254 |     const putPromise = page.waitForRequest(
          |                             ^
      255 |       (req) => req.method() === 'PUT'
      256 |         && req.url().includes('/api/v1/inventory/recipes/synthetic-recipe-id'),
      257 |       { timeout: 5000 }
        at /home/jcole/projects/hq-worktrees/i3-base-probe/tests/recipes.spec.js:254:29

    Error Context: test-results/recipes-Recipes-tab-—-E2E--10b99-s-id-with-usage-pct-in-body-chromium-repeat2/error-context.md

  2 failed
    [chromium] › tests/inventory.spec.js:2931:3 › Inventory › creating item opens edit form with store location dropdown 
    [chromium] › tests/recipes.spec.js:216:3 › Recipes tab — E2E › slider release fires PUT /api/v1/inventory/recipes/{id} with usage_pct in body 
  7 passed (3.0m)
EXIT_PW=1
