# Card 7 · fix round (G6) — GREEN captures
# 2026-09-04T22:12:27Z · go version go1.26.2 darwin/amd64
# Fix applied: Config.MaxRetries zero-value now takes the documented default (1);
# MaxRetriesNone (-1) is the explicit no-retries sentinel; sink-failure coverage added
# at arbitrator and endpoint level.
$ go test -count=1 -v -run '^(TestProductionDefaultConfigRetriesTransientError|TestMaxRetriesNoneDisablesRetry|TestSinkFailureIsLoudErrNotificationFailed|TestSubmitHandler500OnNotificationFailure)$' ./internal/redemption/
=== RUN   TestSubmitHandler500OnNotificationFailure
--- PASS: TestSubmitHandler500OnNotificationFailure (0.00s)
=== RUN   TestProductionDefaultConfigRetriesTransientError
--- PASS: TestProductionDefaultConfigRetriesTransientError (2.00s)
=== RUN   TestMaxRetriesNoneDisablesRetry
--- PASS: TestMaxRetriesNoneDisablesRetry (0.00s)
=== RUN   TestSinkFailureIsLoudErrNotificationFailed
--- PASS: TestSinkFailureIsLoudErrNotificationFailed (0.00s)
PASS
ok  	github.com/yumyums/hq/internal/redemption	7.923s
EXIT=0

── Whole redemption package after fix (counts) ────────────────────────
$ DB_TEST_URL='postgres://hqtest:hqtest@localhost:5434/hq_test_go_c7?sslmode=disable' go test -p 1 -count=1 -v ./internal/redemption/
2026/09/04 18:13:05 goose: no migrations to run. current version: 77
2026/09/04 18:13:05 INFO database migrations applied successfully
=== RUN   TestF4_RaceLostReconciledEmitsNotification
2026/09/04 18:13:05 WARN RaceLostReconciled code_token_hash=f4-code-hash device_id=device-b staff=manager@yumyums.kitchen order_number=4021 scanned_at=2026-09-04T19:42:00.000Z value_known=true value=2.5 unverified_code=true
--- PASS: TestF4_RaceLostReconciledEmitsNotification (0.12s)
=== RUN   TestF4_OnlineAlreadyUsedWithoutOverrideDoesNotEmit
--- PASS: TestF4_OnlineAlreadyUsedWithoutOverrideDoesNotEmit (0.09s)
=== RUN   TestSubmitHandlerContract
--- PASS: TestSubmitHandlerContract (0.00s)
=== RUN   TestSubmitHandlerNotFoundVerdictIs200
--- PASS: TestSubmitHandlerNotFoundVerdictIs200 (0.00s)
=== RUN   TestSubmitHandlerFailClosed503
--- PASS: TestSubmitHandlerFailClosed503 (0.00s)
=== RUN   TestSubmitHandlerValidation
--- PASS: TestSubmitHandlerValidation (0.00s)
=== RUN   TestSubmitHandler500OnNotificationFailure
--- PASS: TestSubmitHandler500OnNotificationFailure (0.00s)
=== RUN   TestSubmitHandlerNoSessionUser401
--- PASS: TestSubmitHandlerNoSessionUser401 (0.00s)
=== RUN   TestHappyPathRedeemed
--- PASS: TestHappyPathRedeemed (0.00s)
=== RUN   TestOutcomeRouting
--- PASS: TestOutcomeRouting (0.00s)
=== RUN   TestNotFoundIsFailedTerminalWithNotFoundWireResult
--- PASS: TestNotFoundIsFailedTerminalWithNotFoundWireResult (0.00s)
=== RUN   TestEKR2_UnknownOrEmptyBurnResultIsFailedNeverExpired
--- PASS: TestEKR2_UnknownOrEmptyBurnResultIsFailedNeverExpired (0.00s)
=== RUN   TestMissingTokenFailsWithoutInvoke
--- PASS: TestMissingTokenFailsWithoutInvoke (0.00s)
=== RUN   TestBoundedRetryRecoversTransientError
--- PASS: TestBoundedRetryRecoversTransientError (0.10s)
=== RUN   TestProductionDefaultConfigRetriesTransientError
--- PASS: TestProductionDefaultConfigRetriesTransientError (2.00s)
=== RUN   TestMaxRetriesNoneDisablesRetry
--- PASS: TestMaxRetriesNoneDisablesRetry (0.00s)
=== RUN   TestSinkFailureIsLoudErrNotificationFailed
--- PASS: TestSinkFailureIsLoudErrNotificationFailed (0.00s)
=== RUN   TestRetryExhaustionIsFailedError
--- PASS: TestRetryExhaustionIsFailedError (0.10s)
=== RUN   TestInvokeCtxCancelledWhenArbitrationAbandoned
--- PASS: TestInvokeCtxCancelledWhenArbitrationAbandoned (0.30s)
=== RUN   TestUnconfiguredRedeemerFailsClosed
--- PASS: TestUnconfiguredRedeemerFailsClosed (0.00s)
=== RUN   TestNoTOCTOU_ConcurrentAttemptsSingleWinner
--- PASS: TestNoTOCTOU_ConcurrentAttemptsSingleWinner (0.00s)
=== RUN   TestNoTOCTOU_CheckThenActAnalogDoubleWins
--- PASS: TestNoTOCTOU_CheckThenActAnalogDoubleWins (0.03s)
=== RUN   TestRPCRedeemerRedeems
--- PASS: TestRPCRedeemerRedeems (0.01s)
=== RUN   TestRPCRedeemerVerdictTaxonomy
--- PASS: TestRPCRedeemerVerdictTaxonomy (0.01s)
=== RUN   TestRPCRedeemerUnknownTokenIsNotFoundWithoutBurn
--- PASS: TestRPCRedeemerUnknownTokenIsNotFoundWithoutBurn (0.00s)
=== RUN   TestRPCRedeemerNullReasonFeedsEKR2Fallback
--- PASS: TestRPCRedeemerNullReasonFeedsEKR2Fallback (0.00s)
=== RUN   TestRPCRedeemerUpstreamErrorIsError
--- PASS: TestRPCRedeemerUpstreamErrorIsError (0.00s)
=== RUN   TestRedeemerConfigConfigured
--- PASS: TestRedeemerConfigConfigured (0.00s)
PASS
ok  	github.com/yumyums/hq/internal/redemption	5.443s
EXIT=0
