=== card5 G6 independent re-run — 2026-09-05T00:24:41Z — HEAD=b2a91b8c3907209324a8968ebfefcecaae8a43bf ===
--- G4 re-run pass 1: node build-sw.js ---
import reachability: 26 precached files parsed, 41 local references resolved, 0 outside the precache
SW built: 39 files precached (2682.0 KB)
Frontend version: 1.6.2
PASS1_EXIT=0
--- G4 re-run pass 2: node build-sw.js (idempotency) ---
import reachability: 26 precached files parsed, 41 local references resolved, 0 outside the precache
SW built: 39 files precached (2682.0 KB)
Frontend version: 1.6.2
PASS2_EXIT=0
--- git status --porcelain (tracked files must be unchanged) ---
?? .night-crew/runs/2026-09-05-autonomous/card5-g6.log
--- precache count in committed sw.js ---
count=39

--- G6 targeted re-run: 20 marketing tests (14 new + Card 1's 6) — 2026-09-05T00:24:58Z ---
cmd: npx bddgen && TEST_PORT=3205 TEST_DB_NAME=hq_test_e2e_c5g6 npx playwright test tests/marketing.spec.js --retries=0
[2m[WebServer] [22mNOTICE:  database "hq_test_e2e_c5g6" does not exist, skipping
[2m[WebServer] [22m── reset hq_test_e2e_c5g6 on localhost:5434 ──
[2m[WebServer] [22m── wrote version.json frontend=1.6.2 ──
[2m[WebServer] [22m{"time":"2026-09-04T20:25:02.974461-04:00","level":"INFO","msg":"serving static files from disk","dir":"../"}
[2m[WebServer] [22m{"time":"2026-09-04T20:25:02.975566-04:00","level":"INFO","msg":"loaded superadmins","count":1}
[2m[WebServer] [22m{"time":"2026-09-04T20:25:02.995681-04:00","level":"INFO","msg":"connected to database"}
[2m[WebServer] [22m{"time":"2026-09-04T20:25:03.020558-04:00","level":"INFO","msg":"OK   0001_users.sql (11.06ms)","source":"stdlog"}
[2m[WebServer] [22m{"time":"2026-09-04T20:25:03.032256-04:00","level":"INFO","msg":"OK   0002_sessions.sql (11.51ms)","source":"stdlog"}
[2m[WebServer] [22m{"time":"2026-09-04T20:25:03.043135-04:00","level":"INFO","msg":"OK   0003_invite_tokens.sql (10.83ms)","source":"stdlog"}
[2m[WebServer] [22m{"time":"2026-09-04T20:25:03.054232-04:00","level":"INFO","msg":"OK   0004_hq_apps.sql (11.05ms)","source":"stdlog"}
[2m[WebServer] [22m{"time":"2026-09-04T20:25:03.066809-04:00","level":"INFO","msg":"OK   0005_app_permissions.sql (12.52ms)","source":"stdlog"}
[2m[WebServer] [22m{"time":"2026-09-04T20:25:03.075853-04:00","level":"INFO","msg":"OK   0006_checklist_templates.sql (9ms)","source":"stdlog"}
[2m[WebServer] [22m{"time":"2026-09-04T20:25:03.084649-04:00","level":"INFO","msg":"OK   0007_checklist_schedules.sql (8.75ms)","source":"stdlog"}
[2m[WebServer] [22m{"time":"2026-09-04T20:25:03.096161-04:00","level":"INFO","msg":"OK   0008_template_assignments.sql (11.41ms)","source":"stdlog"}
[2m[WebServer] [22m{"time":"2026-09-04T20:25:03.105909-04:00","level":"INFO","msg":"OK   0009_checklist_sections.sql (9.71ms)","source":"stdlog"}
[2m[WebServer] [22m{"time":"2026-09-04T20:25:03.115385-04:00","level":"INFO","msg":"OK   0010_checklist_fields.sql (9.44ms)","source":"stdlog"}
[2m[WebServer] [22m{"time":"2026-09-04T20:25:03.125673-04:00","level":"INFO","msg":"OK   0011_checklist_submissions.sql (10.23ms)","source":"stdlog"}
[2m[WebServer] [22m{"time":"2026-09-04T20:25:03.138059-04:00","level":"INFO","msg":"OK   0012_submission_responses.sql (12.35ms)","source":"stdlog"}
[2m[WebServer] [22m{"time":"2026-09-04T20:25:03.147968-04:00","level":"INFO","msg":"OK   0013_submission_fail_notes.sql (9.87ms)","source":"stdlog"}
[2m[WebServer] [22m{"time":"2026-09-04T20:25:03.157843-04:00","level":"INFO","msg":"OK   0014_submission_rejections.sql (9.83ms)","source":"stdlog"}
[2m[WebServer] [22m{"time":"2026-09-04T20:25:03.172626-04:00","level":"INFO","msg":"OK   0015_ops.sql (14.74ms)","source":"stdlog"}
[2m[WebServer] [22m{"time":"2026-09-04T20:25:03.180031-04:00","level":"INFO","msg":"OK   0016_lamport_ts.sql (7.37ms)","source":"stdlog"}
[2m[WebServer] [22m{"time":"2026-09-04T20:25:03.189608-04:00","level":"INFO","msg":"OK   0017_users_naming.sql (9.5ms)","source":"stdlog"}
[2m[WebServer] [22m{"time":"2026-09-04T20:25:03.205308-04:00","level":"INFO","msg":"OK   0018_ob_templates.sql (15.64ms)","source":"stdlog"}
[2m[WebServer] [22m{"time":"2026-09-04T20:25:03.224549-04:00","level":"INFO","msg":"OK   0019_ob_items.sql (19.18ms)","source":"stdlog"}
[2m[WebServer] [22m{"time":"2026-09-04T20:25:03.239134-04:00","level":"INFO","msg":"OK   0020_ob_progress.sql (14.52ms)","source":"stdlog"}
[2m[WebServer] [22m{"time":"2026-09-04T20:25:03.251742-04:00","level":"INFO","msg":"OK   0021_ob_signoffs.sql (12.57ms)","source":"stdlog"}
[2m[WebServer] [22m{"time":"2026-09-04T20:25:03.263488-04:00","level":"INFO","msg":"OK   0022_ob_template_assignments.sql (11.7ms)","source":"stdlog"}
[2m[WebServer] [22m{"time":"2026-09-04T20:25:03.287141-04:00","level":"INFO","msg":"OK   0023_multi_role.sql (23.6ms)","source":"stdlog"}
[2m[WebServer] [22m{"time":"2026-09-04T20:25:03.336561-04:00","level":"INFO","msg":"OK   0024_inventory.sql (49.31ms)","source":"stdlog"}
[2m[WebServer] [22m{"time":"2026-09-04T20:25:03.347497-04:00","level":"INFO","msg":"OK   0025_pending_purchases.sql (10.88ms)","source":"stdlog"}
[2m[WebServer] [22m{"time":"2026-09-04T20:25:03.351796-04:00","level":"INFO","msg":"OK   0026_ob_progress_faq.sql (4.26ms)","source":"stdlog"}
[2m[WebServer] [22m{"time":"2026-09-04T20:25:03.355121-04:00","level":"INFO","msg":"OK   0027_ob_section_signoff_roles.sql (3.3ms)","source":"stdlog"}
[2m[WebServer] [22m{"time":"2026-09-04T20:25:03.362882-04:00","level":"INFO","msg":"OK   0028_ob_video_upgrade.sql (7.71ms)","source":"stdlog"}
[2m[WebServer] [22m{"time":"2026-09-04T20:25:03.366175-04:00","level":"INFO","msg":"OK   0029_ob_templates_archived_at.sql (3.27ms)","source":"stdlog"}
[2m[WebServer] [22m{"time":"2026-09-04T20:25:03.377465-04:00","level":"INFO","msg":"OK   0030_item_groups_unique_name.sql (11.22ms)","source":"stdlog"}
[2m[WebServer] [22m{"time":"2026-09-04T20:25:03.3827-04:00","level":"INFO","msg":"OK   0031_remove_placeholder_items.sql (5.2ms)","source":"stdlog"}
[2m[WebServer] [22m{"time":"2026-09-04T20:25:03.389121-04:00","level":"INFO","msg":"OK   0032_item_group_thresholds.sql (6.39ms)","source":"stdlog"}
[2m[WebServer] [22m{"time":"2026-09-04T20:25:03.398764-04:00","level":"INFO","msg":"OK   0033_stock_count_overrides.sql (9.61ms)","source":"stdlog"}
[2m[WebServer] [22m{"time":"2026-09-04T20:25:03.422062-04:00","level":"INFO","msg":"OK   0034_purchase_orders.sql (23.22ms)","source":"stdlog"}
[2m[WebServer] [22m{"time":"2026-09-04T20:25:03.428012-04:00","level":"INFO","msg":"OK   0035_purchase_items_photo_store.sql (5.91ms)","source":"stdlog"}
[2m[WebServer] [22m{"time":"2026-09-04T20:25:03.433223-04:00","level":"INFO","msg":"OK   0036_purchase_items_full_name.sql (5.18ms)","source":"stdlog"}
[2m[WebServer] [22m{"time":"2026-09-04T20:25:03.443228-04:00","level":"INFO","msg":"OK   0037_cutoff_config.sql (9.97ms)","source":"stdlog"}
[2m[WebServer] [22m{"time":"2026-09-04T20:25:03.452834-04:00","level":"INFO","msg":"OK   0038_po_status_extend.sql (9.56ms)","source":"stdlog"}
[2m[WebServer] [22m{"time":"2026-09-04T20:25:03.461839-04:00","level":"INFO","msg":"OK   0039_purchase_items_vendor.sql (8.96ms)","source":"stdlog"}
[2m[WebServer] [22m{"time":"2026-09-04T20:25:03.492556-04:00","level":"INFO","msg":"OK   0040_shopping_lists.sql (30.65ms)","source":"stdlog"}
[2m[WebServer] [22m{"time":"2026-09-04T20:25:03.498684-04:00","level":"INFO","msg":"OK   0041_notification_channel.sql (6.09ms)","source":"stdlog"}
[2m[WebServer] [22m{"time":"2026-09-04T20:25:03.518677-04:00","level":"INFO","msg":"OK   0042_repurchase_tracking.sql (19.94ms)","source":"stdlog"}
[2m[WebServer] [22m{"time":"2026-09-04T20:25:03.532811-04:00","level":"INFO","msg":"OK   0043_alert_log.sql (14.07ms)","source":"stdlog"}
[2m[WebServer] [22m{"time":"2026-09-04T20:25:03.548248-04:00","level":"INFO","msg":"OK   0044_low_stock_alert_log.sql (15.39ms)","source":"stdlog"}
[2m[WebServer] [22m{"time":"2026-09-04T20:25:03.565823-04:00","level":"INFO","msg":"OK   0045_notification_channel_array.sql (17.51ms)","source":"stdlog"}
[2m[WebServer] [22m{"time":"2026-09-04T20:25:03.56954-04:00","level":"INFO","msg":"OK   0046_user_timezone.sql (3.68ms)","source":"stdlog"}
[2m[WebServer] [22m{"time":"2026-09-04T20:25:03.585147-04:00","level":"INFO","msg":"OK   0047_employee_fields.sql (15.57ms)","source":"stdlog"}
[2m[WebServer] [22m{"time":"2026-09-04T20:25:03.588764-04:00","level":"INFO","msg":"OK   0048_notification_default_both.sql (3.59ms)","source":"stdlog"}
[2m[WebServer] [22m{"time":"2026-09-04T20:25:03.600378-04:00","level":"INFO","msg":"OK   0049_ob_sub_items.sql (11.58ms)","source":"stdlog"}
[2m[WebServer] [22m{"time":"2026-09-04T20:25:03.604941-04:00","level":"INFO","msg":"OK   0050_ob_progress_sub_item.sql (4.53ms)","source":"stdlog"}
[2m[WebServer] [22m{"time":"2026-09-04T20:25:03.608566-04:00","level":"INFO","msg":"OK   0051_rejection_field_fk.sql (3.6ms)","source":"stdlog"}
[2m[WebServer] [22m{"time":"2026-09-04T20:25:03.613182-04:00","level":"INFO","msg":"OK   0052_template_name_unique.sql (4.59ms)","source":"stdlog"}
[2m[WebServer] [22m{"time":"2026-09-04T20:25:03.617315-04:00","level":"INFO","msg":"OK   0053_response_field_fk.sql (4.11ms)","source":"stdlog"}
[2m[WebServer] [22m{"time":"2026-09-04T20:25:03.620907-04:00","level":"INFO","msg":"OK   0054_failnote_field_fk.sql (3.57ms)","source":"stdlog"}
[2m[WebServer] [22m{"time":"2026-09-04T20:25:03.624422-04:00","level":"INFO","msg":"OK   0055_item_location_in_store.sql (3.49ms)","source":"stdlog"}
[2m[WebServer] [22m{"time":"2026-09-04T20:25:03.632068-04:00","level":"INFO","msg":"OK   0056_ob_progress_photo.sql (7.61ms)","source":"stdlog"}
[2m[WebServer] [22m{"time":"2026-09-04T20:25:03.638795-04:00","level":"INFO","msg":"OK   0057_ob_items_photo_type.sql (6.69ms)","source":"stdlog"}
[2m[WebServer] [22m{"time":"2026-09-04T20:25:03.645415-04:00","level":"INFO","msg":"OK   0058_ob_sub_items_photos.sql (6.59ms)","source":"stdlog"}
[2m[WebServer] [22m{"time":"2026-09-04T20:25:03.649173-04:00","level":"INFO","msg":"OK   0059_cleanup_photo_items.sql (3.73ms)","source":"stdlog"}
[2m[WebServer] [22m{"time":"2026-09-04T20:25:03.665466-04:00","level":"INFO","msg":"OK   0060_menu_items.sql (16.25ms)","source":"stdlog"}
[2m[WebServer] [22m{"time":"2026-09-04T20:25:03.676944-04:00","level":"INFO","msg":"OK   0061_daily_menu_sales.sql (11.44ms)","source":"stdlog"}
[2m[WebServer] [22m{"time":"2026-09-04T20:25:03.694286-04:00","level":"INFO","msg":"OK   0062_recipes.sql (17.3ms)","source":"stdlog"}
[2m[WebServer] [22m{"time":"2026-09-04T20:25:03.705524-04:00","level":"INFO","msg":"OK   0063_drift_check_results.sql (11.19ms)","source":"stdlog"}
[2m[WebServer] [22m{"time":"2026-09-04T20:25:03.712833-04:00","level":"INFO","msg":"OK   0064_no_itemized_receipt_seed.sql (7.25ms)","source":"stdlog"}
[2m[WebServer] [22m{"time":"2026-09-04T20:25:03.718754-04:00","level":"INFO","msg":"OK   0065_mercury_category_on_purchase_events.sql (5.88ms)","source":"stdlog"}
[2m[WebServer] [22m{"time":"2026-09-04T20:25:03.725337-04:00","level":"INFO","msg":"OK   0066_mercury_category_on_pending_purchases.sql (6.53ms)","source":"stdlog"}
[2m[WebServer] [22m{"time":"2026-09-04T20:25:03.743743-04:00","level":"INFO","msg":"OK   0067_receipt_sync_runs.sql (18.32ms)","source":"stdlog"}
[2m[WebServer] [22m{"time":"2026-09-04T20:25:03.753313-04:00","level":"INFO","msg":"OK   0068_pending_purchases_bank_tx_uniq.sql (9.5ms)","source":"stdlog"}
[2m[WebServer] [22m{"time":"2026-09-04T20:25:03.759264-04:00","level":"INFO","msg":"OK   0069_pending_purchases_parse_error.sql (5.89ms)","source":"stdlog"}
[2m[WebServer] [22m{"time":"2026-09-04T20:25:03.767064-04:00","level":"INFO","msg":"OK   0070_receipt_urls.sql (7.75ms)","source":"stdlog"}
[2m[WebServer] [22m{"time":"2026-09-04T20:25:03.776831-04:00","level":"INFO","msg":"OK   0071_submission_fail_notes_unique.sql (9.71ms)","source":"stdlog"}
[2m[WebServer] [22m{"time":"2026-09-04T20:25:03.786522-04:00","level":"INFO","msg":"OK   0072_app_timezone_new_york.sql (9.63ms)","source":"stdlog"}
[2m[WebServer] [22m{"time":"2026-09-04T20:25:03.803262-04:00","level":"INFO","msg":"OK   0073_sync_fdw_views.sql (16.57ms)","source":"stdlog"}
[2m[WebServer] [22m{"time":"2026-09-04T20:25:03.810161-04:00","level":"INFO","msg":"OK   0074_sync_fdw_approver_view.sql (6.81ms)","source":"stdlog"}
[2m[WebServer] [22m{"time":"2026-09-04T20:25:03.824809-04:00","level":"INFO","msg":"OK   0075_item_aliases.sql (14.61ms)","source":"stdlog"}
[2m[WebServer] [22m{"time":"2026-09-04T20:25:03.83518-04:00","level":"INFO","msg":"OK   0076_checklist_template_app.sql (10.31ms)","source":"stdlog"}
[2m[WebServer] [22m{"time":"2026-09-04T20:25:03.847586-04:00","level":"INFO","msg":"OK   0077_race_lost_notifications.sql (12.35ms)","source":"stdlog"}
[2m[WebServer] [22m{"time":"2026-09-04T20:25:03.847603-04:00","level":"INFO","msg":"goose: successfully migrated database to version: 77","source":"stdlog"}
[2m[WebServer] [22m{"time":"2026-09-04T20:25:03.847617-04:00","level":"INFO","msg":"database migrations applied successfully"}
[2m[WebServer] [22m{"time":"2026-09-04T20:25:03.920445-04:00","level":"INFO","msg":"upserted superadmin","email":"jamal@yumyums.kitchen"}
[2m[WebServer] [22m{"time":"2026-09-04T20:25:03.946166-04:00","level":"INFO","msg":"seeded template","name":"Setup Checklist","id":"ed7a60bd-f27d-4467-9138-e41155c2f915"}
[2m[WebServer] [22m{"time":"2026-09-04T20:25:03.94619-04:00","level":"INFO","msg":"seeded templates","count":1}
[2m[WebServer] [22m{"time":"2026-09-04T20:25:03.974467-04:00","level":"INFO","msg":"seeded onboarding template","name":"Kitchen Basics Training","id":"c001fe89-0fcf-4e50-a973-caadc829476b"}
[2m[WebServer] [22m{"time":"2026-09-04T20:25:03.981484-04:00","level":"INFO","msg":"inventory: seeded vendors","count":5}
[2m[WebServer] [22m{"time":"2026-09-04T20:25:04.004286-04:00","level":"INFO","msg":"inventory: seeded unique tags","count":19}
[2m[WebServer] [22m{"time":"2026-09-04T20:25:04.047264-04:00","level":"INFO","msg":"inventory: seeded item groups","count":10}
[2m[WebServer] [22m{"time":"2026-09-04T20:25:04.196308-04:00","level":"INFO","msg":"inventory: seeded purchase items from YAML","count":106}
[2m[WebServer] [22m{"time":"2026-09-04T20:25:04.196331-04:00","level":"WARN","msg":"object storage env vars not set, photo and video upload endpoints will return 503","required":"STORAGE_KEY, STORAGE_SECRET, STORAGE_BUCKET, STORAGE_ENDPOINT, STORAGE_REGION"}
[2m[WebServer] [22m{"time":"2026-09-04T20:25:04.196696-04:00","level":"WARN","msg":"HQ_INVENTORY_SERVICE_TOKEN not set, /api/v1/inventory/period-summary AND /api/v1/inventory/menu-cogs will return 503"}
[2m[WebServer] [22m{"time":"2026-09-04T20:25:04.197064-04:00","level":"INFO","msg":"inventory COGS category allowlist","allowlist":["COGS"]}
[2m[WebServer] [22m{"time":"2026-09-04T20:25:04.197942-04:00","level":"INFO","msg":"redemption arbiter not configured; POST /api/v1/marketing/redeem answers 503","missing":"HQ_SYNC_REST_URL and/or HQ_SYNC_SERVICE_KEY"}
[2m[WebServer] [22m{"time":"2026-09-04T20:25:04.197986-04:00","level":"INFO","msg":"receipt worker disabled","reason":"E2E_DISABLE_SCHEDULERS=1"}
[2m[WebServer] [22m{"time":"2026-09-04T20:25:04.198006-04:00","level":"INFO","msg":"alert queue started","delivery_enabled":false}
[2m[WebServer] [22m{"time":"2026-09-04T20:25:04.198014-04:00","level":"INFO","msg":"cutoff scheduler disabled","reason":"E2E_DISABLE_SCHEDULERS=1"}
[2m[WebServer] [22m{"time":"2026-09-04T20:25:04.198026-04:00","level":"INFO","msg":"alerts queue started"}
[2m[WebServer] [22m{"time":"2026-09-04T20:25:04.198027-04:00","level":"INFO","msg":"toast worker disabled, cmd/sync-toast remains available","reason":"TOAST_SYNC_INTERVAL=0"}
[2m[WebServer] [22m{"time":"2026-09-04T20:25:04.198109-04:00","level":"INFO","msg":"server listening","port":"3205"}
[2m[WebServer] [22m{"time":"2026-09-04T20:25:04.198596-04:00","level":"INFO","msg":"reachable at","url":"http://192.168.8.176:3205"}
[2m[WebServer] [22m{"time":"2026-09-04T20:25:04.198614-04:00","level":"INFO","msg":"Yumyums HQ ready, accepting connections"}

Running 20 tests using 1 worker

  ✓   1 [chromium] › tests/marketing.spec.js:106:3 › Marketing tile + permission seed (card marketing-tile-and-page) › SEED: SeedHQApps registers marketing + marketing-offline-override with their first-registration grants (679ms)
[2m[WebServer] [22m{"time":"2026-09-04T20:25:07.618369-04:00","level":"ERROR","msg":"GetManagerHires failed","error":"query assigned templates for hire 689e2d01-c349-4060-8a30-879e48edd04e: context canceled"}
[2m[WebServer] [22m{"time":"2026-09-04T20:25:07.780986-04:00","level":"ERROR","msg":"RequirePermission grant lookup failed","error":"context canceled","grant":"onboarding","user_id":"689e2d01-c349-4060-8a30-879e48edd04e"}
  ✓   2 [chromium] › tests/marketing.spec.js:130:3 › Marketing tile + permission seed (card marketing-tile-and-page) › a team_member with the app grant sees the Marketing tile on the launcher (830ms)
[2m[WebServer] [22m{"time":"2026-09-04T20:25:08.452569-04:00","level":"ERROR","msg":"GetManagerHires failed","error":"query manager hires: context canceled"}
[2m[WebServer] [22m{"time":"2026-09-04T20:25:08.664898-04:00","level":"INFO","msg":"client log","level":"WARN","message":"-------------- RxDB Open Core RxStorage -------------------------------\nYou are using the free Dexie.js based RxStorage implementation from RxDB https://rxdb.info/rx-storage-dexie.html?console=dexie \nWhile this is a great option, we want to let you know that there are faster storage solutions available in our premium plugins.\nFor professional users and production environments, we highly recommend considering these premium options to enhance performance and reliability.\n https://rxdb.info/premium/?console=dexie \nIf you already purchased premium access you can disable this log by calling the setPremiumFlag() function from rxdb-premium/plugins/shared.\n---------------------------------------------------------------------","user":"Mkt T. (mkt-scan-1788567908171-233@yumyums.kitchen)","page":"/marketing.html","ua":"Mozilla/5.0 (Macintosh; Intel Mac OS X 10_15_7) AppleWebKit/537.36 (KHTML, like Gecko) HeadlessChrome/147.0.7727.15 Safa"}
  ✓   3 [chromium] › tests/marketing.spec.js:141:3 › Marketing tile + permission seed (card marketing-tile-and-page) › marketing.html shows Scan live and the other three sub-sections as labeled placeholders (971ms)
[2m[WebServer] [22m{"time":"2026-09-04T20:25:09.462635-04:00","level":"ERROR","msg":"GetMyTrainings failed","error":"get user roles: context canceled"}
[2m[WebServer] [22m{"time":"2026-09-04T20:25:09.82881-04:00","level":"ERROR","msg":"GetManagerHires failed","error":"iterate assigned templates for hire faf1132c-611e-4b3d-a932-fd5446589691: context canceled"}
  ✓   4 [chromium] › tests/marketing.spec.js:182:3 › Marketing tile + permission seed (card marketing-tile-and-page) › a user without the marketing grant sees NO Marketing tile (975ms)
[2m[WebServer] [22m{"time":"2026-09-04T20:25:10.150862-04:00","level":"ERROR","msg":"GetManagerHires failed","error":"iterate assigned templates for hire a015955d-3804-4fd3-9443-be6bceef1f9c: context canceled"}
  ✓   5 [chromium] › tests/marketing.spec.js:214:3 › Marketing tile + permission seed (card marketing-tile-and-page) › the offline_override entitlement renders as a grantable row in the Users access editor (427ms)
[2m[WebServer] [22m{"time":"2026-09-04T20:25:11.167585-04:00","level":"ERROR","msg":"GetManagerHires failed","error":"iterate assigned templates for hire a015955d-3804-4fd3-9443-be6bceef1f9c: context canceled"}
  ✓   6 [chromium] › tests/marketing.spec.js:238:3 › Marketing tile + permission seed (card marketing-tile-and-page) › a per-user offline_override grant round-trips to that user's /me/apps (890ms)
[2m[WebServer] [22m{"time":"2026-09-04T20:25:11.54329-04:00","level":"INFO","msg":"client log","level":"WARN","message":"-------------- RxDB Open Core RxStorage -------------------------------\nYou are using the free Dexie.js based RxStorage implementation from RxDB https://rxdb.info/rx-storage-dexie.html?console=dexie \nWhile this is a great option, we want to let you know that there are faster storage solutions available in our premium plugins.\nFor professional users and production environments, we highly recommend considering these premium options to enhance performance and reliability.\n https://rxdb.info/premium/?console=dexie \nIf you already purchased premium access you can disable this log by calling the setPremiumFlag() function from rxdb-premium/plugins/shared.\n---------------------------------------------------------------------","user":"Jamal C. (jamal@yumyums.kitchen)","page":"/marketing.html","ua":"Mozilla/5.0 (Macintosh; Intel Mac OS X 10_15_7) AppleWebKit/537.36 (KHTML, like Gecko) HeadlessChrome/147.0.7727.15 Safa"}
  ✓   7 [chromium] › tests/marketing.spec.js:357:3 › Camera scanner decode (card camera-scanner-decode) › a printed QR decodes from an image and its on-device hash equals the committed seed literal (732ms)
[2m[WebServer] [22m{"time":"2026-09-04T20:25:12.212753-04:00","level":"ERROR","msg":"GetManagerHires failed","error":"iterate assigned templates for hire 689e2d01-c349-4060-8a30-879e48edd04e: context canceled"}
[2m[WebServer] [22m{"time":"2026-09-04T20:25:12.263753-04:00","level":"INFO","msg":"client log","level":"WARN","message":"-------------- RxDB Open Core RxStorage -------------------------------\nYou are using the free Dexie.js based RxStorage implementation from RxDB https://rxdb.info/rx-storage-dexie.html?console=dexie \nWhile this is a great option, we want to let you know that there are faster storage solutions available in our premium plugins.\nFor professional users and production environments, we highly recommend considering these premium options to enhance performance and reliability.\n https://rxdb.info/premium/?console=dexie \nIf you already purchased premium access you can disable this log by calling the setPremiumFlag() function from rxdb-premium/plugins/shared.\n---------------------------------------------------------------------","user":"Jamal C. (jamal@yumyums.kitchen)","page":"/marketing.html","ua":"Mozilla/5.0 (Macintosh; Intel Mac OS X 10_15_7) AppleWebKit/537.36 (KHTML, like Gecko) HeadlessChrome/147.0.7727.15 Safa"}
  ✓   8 [chromium] › tests/marketing.spec.js:375:3 › Camera scanner decode (card camera-scanner-decode) › done_when: a synced customer's offer resolves OFFLINE from the local replica (image decode) (527ms)
[2m[WebServer] [22m{"time":"2026-09-04T20:25:12.756015-04:00","level":"ERROR","msg":"GetManagerHires failed","error":"iterate assigned templates for hire a9c414d2-1d85-455e-b334-b1f0e8297723: context canceled"}
[2m[WebServer] [22m{"time":"2026-09-04T20:25:12.810585-04:00","level":"INFO","msg":"client log","level":"WARN","message":"-------------- RxDB Open Core RxStorage -------------------------------\nYou are using the free Dexie.js based RxStorage implementation from RxDB https://rxdb.info/rx-storage-dexie.html?console=dexie \nWhile this is a great option, we want to let you know that there are faster storage solutions available in our premium plugins.\nFor professional users and production environments, we highly recommend considering these premium options to enhance performance and reliability.\n https://rxdb.info/premium/?console=dexie \nIf you already purchased premium access you can disable this log by calling the setPremiumFlag() function from rxdb-premium/plugins/shared.\n---------------------------------------------------------------------","user":"Jamal C. (jamal@yumyums.kitchen)","page":"/marketing.html","ua":"Mozilla/5.0 (Macintosh; Intel Mac OS X 10_15_7) AppleWebKit/537.36 (KHTML, like Gecko) HeadlessChrome/147.0.7727.15 Safa"}
  ✓   9 [chromium] › tests/marketing.spec.js:397:3 › Camera scanner decode (card camera-scanner-decode) › done_when: an un-synced customer falls back OFFLINE to the QR-embedded offer, marked unverified (image decode) (513ms)
[2m[WebServer] [22m{"time":"2026-09-04T20:25:13.277424-04:00","level":"ERROR","msg":"GetManagerHires failed","error":"iterate assigned templates for hire 689e2d01-c349-4060-8a30-879e48edd04e: context canceled"}
[2m[WebServer] [22m{"time":"2026-09-04T20:25:13.329574-04:00","level":"INFO","msg":"client log","level":"WARN","message":"-------------- RxDB Open Core RxStorage -------------------------------\nYou are using the free Dexie.js based RxStorage implementation from RxDB https://rxdb.info/rx-storage-dexie.html?console=dexie \nWhile this is a great option, we want to let you know that there are faster storage solutions available in our premium plugins.\nFor professional users and production environments, we highly recommend considering these premium options to enhance performance and reliability.\n https://rxdb.info/premium/?console=dexie \nIf you already purchased premium access you can disable this log by calling the setPremiumFlag() function from rxdb-premium/plugins/shared.\n---------------------------------------------------------------------","user":"Jamal C. (jamal@yumyums.kitchen)","page":"/marketing.html","ua":"Mozilla/5.0 (Macintosh; Intel Mac OS X 10_15_7) AppleWebKit/537.36 (KHTML, like Gecko) HeadlessChrome/147.0.7727.15 Safa"}
  ✓  10 [chromium] › tests/marketing.spec.js:416:3 › Camera scanner decode (card camera-scanner-decode) › resolution order: the local replica beats the QR-embedded offer when both exist (434ms)
[2m[WebServer] [22m{"time":"2026-09-04T20:25:13.710799-04:00","level":"ERROR","msg":"GetManagerHires failed","error":"query assigned templates for hire a015955d-3804-4fd3-9443-be6bceef1f9c: context canceled"}
[2m[WebServer] [22m{"time":"2026-09-04T20:25:13.763189-04:00","level":"INFO","msg":"client log","level":"WARN","message":"-------------- RxDB Open Core RxStorage -------------------------------\nYou are using the free Dexie.js based RxStorage implementation from RxDB https://rxdb.info/rx-storage-dexie.html?console=dexie \nWhile this is a great option, we want to let you know that there are faster storage solutions available in our premium plugins.\nFor professional users and production environments, we highly recommend considering these premium options to enhance performance and reliability.\n https://rxdb.info/premium/?console=dexie \nIf you already purchased premium access you can disable this log by calling the setPremiumFlag() function from rxdb-premium/plugins/shared.\n---------------------------------------------------------------------","user":"Jamal C. (jamal@yumyums.kitchen)","page":"/marketing.html","ua":"Mozilla/5.0 (Macintosh; Intel Mac OS X 10_15_7) AppleWebKit/537.36 (KHTML, like Gecko) HeadlessChrome/147.0.7727.15 Safa"}
  ✓  11 [chromium] › tests/marketing.spec.js:430:3 › Camera scanner decode (card camera-scanner-decode) › a token in neither replica with no descriptor resolves unknownCode (F2 display) (408ms)
[2m[WebServer] [22m{"time":"2026-09-04T20:25:14.128227-04:00","level":"ERROR","msg":"GetManagerHires failed","error":"query assigned templates for hire a015955d-3804-4fd3-9443-be6bceef1f9c: context canceled"}
[2m[WebServer] [22m{"time":"2026-09-04T20:25:14.180512-04:00","level":"INFO","msg":"client log","level":"WARN","message":"-------------- RxDB Open Core RxStorage -------------------------------\nYou are using the free Dexie.js based RxStorage implementation from RxDB https://rxdb.info/rx-storage-dexie.html?console=dexie \nWhile this is a great option, we want to let you know that there are faster storage solutions available in our premium plugins.\nFor professional users and production environments, we highly recommend considering these premium options to enhance performance and reliability.\n https://rxdb.info/premium/?console=dexie \nIf you already purchased premium access you can disable this log by calling the setPremiumFlag() function from rxdb-premium/plugins/shared.\n---------------------------------------------------------------------","user":"Jamal C. (jamal@yumyums.kitchen)","page":"/marketing.html","ua":"Mozilla/5.0 (Macintosh; Intel Mac OS X 10_15_7) AppleWebKit/537.36 (KHTML, like Gecko) HeadlessChrome/147.0.7727.15 Safa"}
  ✓  12 [chromium] › tests/marketing.spec.js:438:3 › Camera scanner decode (card camera-scanner-decode) › a payload that is not a Yumyums code resolves invalidPayload, loudly (403ms)
[2m[WebServer] [22m{"time":"2026-09-04T20:25:14.544462-04:00","level":"ERROR","msg":"GetManagerHires failed","error":"iterate assigned templates for hire 689e2d01-c349-4060-8a30-879e48edd04e: context canceled"}
[2m[WebServer] [22m{"time":"2026-09-04T20:25:14.596136-04:00","level":"INFO","msg":"client log","level":"WARN","message":"-------------- RxDB Open Core RxStorage -------------------------------\nYou are using the free Dexie.js based RxStorage implementation from RxDB https://rxdb.info/rx-storage-dexie.html?console=dexie \nWhile this is a great option, we want to let you know that there are faster storage solutions available in our premium plugins.\nFor professional users and production environments, we highly recommend considering these premium options to enhance performance and reliability.\n https://rxdb.info/premium/?console=dexie \nIf you already purchased premium access you can disable this log by calling the setPremiumFlag() function from rxdb-premium/plugins/shared.\n---------------------------------------------------------------------","user":"Jamal C. (jamal@yumyums.kitchen)","page":"/marketing.html","ua":"Mozilla/5.0 (Macintosh; Intel Mac OS X 10_15_7) AppleWebKit/537.36 (KHTML, like Gecko) HeadlessChrome/147.0.7727.15 Safa"}
  ✓  13 [chromium] › tests/marketing.spec.js:448:3 › Camera scanner decode (card camera-scanner-decode) › F3 offline: a locally-redeemed code rejects immediately as spentLocally (428ms)
[2m[WebServer] [22m{"time":"2026-09-04T20:25:14.979344-04:00","level":"ERROR","msg":"GetManagerHires failed","error":"query assigned templates for hire a015955d-3804-4fd3-9443-be6bceef1f9c: context canceled"}
[2m[WebServer] [22m{"time":"2026-09-04T20:25:15.029901-04:00","level":"INFO","msg":"client log","level":"WARN","message":"-------------- RxDB Open Core RxStorage -------------------------------\nYou are using the free Dexie.js based RxStorage implementation from RxDB https://rxdb.info/rx-storage-dexie.html?console=dexie \nWhile this is a great option, we want to let you know that there are faster storage solutions available in our premium plugins.\nFor professional users and production environments, we highly recommend considering these premium options to enhance performance and reliability.\n https://rxdb.info/premium/?console=dexie \nIf you already purchased premium access you can disable this log by calling the setPremiumFlag() function from rxdb-premium/plugins/shared.\n---------------------------------------------------------------------","user":"Jamal C. (jamal@yumyums.kitchen)","page":"/marketing.html","ua":"Mozilla/5.0 (Macintosh; Intel Mac OS X 10_15_7) AppleWebKit/537.36 (KHTML, like Gecko) HeadlessChrome/147.0.7727.15 Safa"}
  ✓  14 [chromium] › tests/marketing.spec.js:462:3 › Camera scanner decode (card camera-scanner-decode) › F3 online: the local redeemed flag does NOT reject — the server decides at submit (426ms)
[2m[WebServer] [22m{"time":"2026-09-04T20:25:15.421216-04:00","level":"ERROR","msg":"GetManagerHires failed","error":"iterate assigned templates for hire a9c414d2-1d85-455e-b334-b1f0e8297723: context canceled"}
[2m[WebServer] [22m{"time":"2026-09-04T20:25:15.473624-04:00","level":"INFO","msg":"client log","level":"WARN","message":"-------------- RxDB Open Core RxStorage -------------------------------\nYou are using the free Dexie.js based RxStorage implementation from RxDB https://rxdb.info/rx-storage-dexie.html?console=dexie \nWhile this is a great option, we want to let you know that there are faster storage solutions available in our premium plugins.\nFor professional users and production environments, we highly recommend considering these premium options to enhance performance and reliability.\n https://rxdb.info/premium/?console=dexie \nIf you already purchased premium access you can disable this log by calling the setPremiumFlag() function from rxdb-premium/plugins/shared.\n---------------------------------------------------------------------","user":"Jamal C. (jamal@yumyums.kitchen)","page":"/marketing.html","ua":"Mozilla/5.0 (Macintosh; Intel Mac OS X 10_15_7) AppleWebKit/537.36 (KHTML, like Gecko) HeadlessChrome/147.0.7727.15 Safa"}
  ✓  15 [chromium] › tests/marketing.spec.js:477:3 › Camera scanner decode (card camera-scanner-decode) › offline expiry uses clock.isExpired — a +2h server offset expires a code raw Date.now() calls live (420ms)
[2m[WebServer] [22m{"time":"2026-09-04T20:25:15.854308-04:00","level":"ERROR","msg":"GetManagerHires failed","error":"iterate assigned templates for hire a9c414d2-1d85-455e-b334-b1f0e8297723: context canceled"}
[2m[WebServer] [22m{"time":"2026-09-04T20:25:15.907883-04:00","level":"INFO","msg":"client log","level":"WARN","message":"-------------- RxDB Open Core RxStorage -------------------------------\nYou are using the free Dexie.js based RxStorage implementation from RxDB https://rxdb.info/rx-storage-dexie.html?console=dexie \nWhile this is a great option, we want to let you know that there are faster storage solutions available in our premium plugins.\nFor professional users and production environments, we highly recommend considering these premium options to enhance performance and reliability.\n https://rxdb.info/premium/?console=dexie \nIf you already purchased premium access you can disable this log by calling the setPremiumFlag() function from rxdb-premium/plugins/shared.\n---------------------------------------------------------------------","user":"Jamal C. (jamal@yumyums.kitchen)","page":"/marketing.html","ua":"Mozilla/5.0 (Macintosh; Intel Mac OS X 10_15_7) AppleWebKit/537.36 (KHTML, like Gecko) HeadlessChrome/147.0.7727.15 Safa"}
[2m[WebServer] [22m{"time":"2026-09-04T20:25:15.970501-04:00","level":"INFO","msg":"client log","level":"WARN","message":"-------------- RxDB Open Core RxStorage -------------------------------\nYou are using the free Dexie.js based RxStorage implementation from RxDB https://rxdb.info/rx-storage-dexie.html?console=dexie \nWhile this is a great option, we want to let you know that there are faster storage solutions available in our premium plugins.\nFor professional users and production environments, we highly recommend considering these premium options to enhance performance and reliability.\n https://rxdb.info/premium/?console=dexie \nIf you already purchased premium access you can disable this log by calling the setPremiumFlag() function from rxdb-premium/plugins/shared.\n---------------------------------------------------------------------","user":"Jamal C. (jamal@yumyums.kitchen)","page":"/marketing.html","ua":"Mozilla/5.0 (Macintosh; Intel Mac OS X 10_15_7) AppleWebKit/537.36 (KHTML, like Gecko) HeadlessChrome/147.0.7727.15 Safa"}
  ✓  16 [chromium] › tests/marketing.spec.js:497:3 › Camera scanner decode (card camera-scanner-decode) › the clock state round-trips a reload (persist → initialState) so a reloaded-offline device keeps its offset (439ms)
[2m[WebServer] [22m{"time":"2026-09-04T20:25:16.307519-04:00","level":"ERROR","msg":"GetManagerHires failed","error":"query assigned templates for hire faf1132c-611e-4b3d-a932-fd5446589691: context canceled"}
[2m[WebServer] [22m{"time":"2026-09-04T20:25:16.355743-04:00","level":"INFO","msg":"client log","level":"WARN","message":"-------------- RxDB Open Core RxStorage -------------------------------\nYou are using the free Dexie.js based RxStorage implementation from RxDB https://rxdb.info/rx-storage-dexie.html?console=dexie \nWhile this is a great option, we want to let you know that there are faster storage solutions available in our premium plugins.\nFor professional users and production environments, we highly recommend considering these premium options to enhance performance and reliability.\n https://rxdb.info/premium/?console=dexie \nIf you already purchased premium access you can disable this log by calling the setPremiumFlag() function from rxdb-premium/plugins/shared.\n---------------------------------------------------------------------","user":"Jamal C. (jamal@yumyums.kitchen)","page":"/marketing.html","ua":"Mozilla/5.0 (Macintosh; Intel Mac OS X 10_15_7) AppleWebKit/537.36 (KHTML, like Gecko) HeadlessChrome/147.0.7727.15 Safa"}
  ✓  17 [chromium] › tests/marketing.spec.js:521:3 › Camera scanner decode (card camera-scanner-decode) › hash caching: repeated scans of one token digest once (397ms)
[2m[WebServer] [22m{"time":"2026-09-04T20:25:16.712921-04:00","level":"ERROR","msg":"GetManagerHires failed","error":"iterate assigned templates for hire 689e2d01-c349-4060-8a30-879e48edd04e: context canceled"}
[2m[WebServer] [22m{"time":"2026-09-04T20:25:16.764045-04:00","level":"INFO","msg":"client log","level":"WARN","message":"-------------- RxDB Open Core RxStorage -------------------------------\nYou are using the free Dexie.js based RxStorage implementation from RxDB https://rxdb.info/rx-storage-dexie.html?console=dexie \nWhile this is a great option, we want to let you know that there are faster storage solutions available in our premium plugins.\nFor professional users and production environments, we highly recommend considering these premium options to enhance performance and reliability.\n https://rxdb.info/premium/?console=dexie \nIf you already purchased premium access you can disable this log by calling the setPremiumFlag() function from rxdb-premium/plugins/shared.\n---------------------------------------------------------------------","user":"Jamal C. (jamal@yumyums.kitchen)","page":"/marketing.html","ua":"Mozilla/5.0 (Macintosh; Intel Mac OS X 10_15_7) AppleWebKit/537.36 (KHTML, like Gecko) HeadlessChrome/147.0.7727.15 Safa"}
  ✓  18 [chromium] › tests/marketing.spec.js:530:3 › Camera scanner decode (card camera-scanner-decode) › enqueue is serialized per code: two rapid same-code enqueues insert exactly one live attempt (408ms)
[2m[WebServer] [22m{"time":"2026-09-04T20:25:17.138457-04:00","level":"ERROR","msg":"GetManagerHires failed","error":"iterate assigned templates for hire a9c414d2-1d85-455e-b334-b1f0e8297723: context canceled"}
[2m[WebServer] [22m{"time":"2026-09-04T20:25:17.19903-04:00","level":"INFO","msg":"client log","level":"WARN","message":"-------------- RxDB Open Core RxStorage -------------------------------\nYou are using the free Dexie.js based RxStorage implementation from RxDB https://rxdb.info/rx-storage-dexie.html?console=dexie \nWhile this is a great option, we want to let you know that there are faster storage solutions available in our premium plugins.\nFor professional users and production environments, we highly recommend considering these premium options to enhance performance and reliability.\n https://rxdb.info/premium/?console=dexie \nIf you already purchased premium access you can disable this log by calling the setPremiumFlag() function from rxdb-premium/plugins/shared.\n---------------------------------------------------------------------","user":"Jamal C. (jamal@yumyums.kitchen)","page":"/marketing.html","ua":"Mozilla/5.0 (Macintosh; Intel Mac OS X 10_15_7) AppleWebKit/537.36 (KHTML, like Gecko) HeadlessChrome/147.0.7727.15 Safa"}
  ✓  19 [chromium] › tests/marketing.spec.js:547:3 › Camera scanner decode (card camera-scanner-decode) › F6: re-scanning the same code re-shows the result instead of erroring or duplicating (449ms)
[2m[WebServer] [22m{"time":"2026-09-04T20:25:17.581614-04:00","level":"ERROR","msg":"GetManagerHires failed","error":"iterate assigned templates for hire 689e2d01-c349-4060-8a30-879e48edd04e: context canceled"}
[2m[WebServer] [22m{"time":"2026-09-04T20:25:17.631591-04:00","level":"INFO","msg":"client log","level":"WARN","message":"-------------- RxDB Open Core RxStorage -------------------------------\nYou are using the free Dexie.js based RxStorage implementation from RxDB https://rxdb.info/rx-storage-dexie.html?console=dexie \nWhile this is a great option, we want to let you know that there are faster storage solutions available in our premium plugins.\nFor professional users and production environments, we highly recommend considering these premium options to enhance performance and reliability.\n https://rxdb.info/premium/?console=dexie \nIf you already purchased premium access you can disable this log by calling the setPremiumFlag() function from rxdb-premium/plugins/shared.\n---------------------------------------------------------------------","user":"Jamal C. (jamal@yumyums.kitchen)","page":"/marketing.html","ua":"Mozilla/5.0 (Macintosh; Intel Mac OS X 10_15_7) AppleWebKit/537.36 (KHTML, like Gecko) HeadlessChrome/147.0.7727.15 Safa"}
  ✓  20 [chromium] › tests/marketing.spec.js:559:3 › Camera scanner decode (card camera-scanner-decode) › camera failure is loud and retryable (headless has no camera; live decode is the attended morning check) (788ms)

  20 passed (16.6s)
EXIT=0
