# (server '[WebServer]' log lines, blank lines and terminal colour codes removed from this file; nothing else edited)
# CONFINED gate — the inventory|recipes seam plus states-inventory-nav and health (night-crew.toml footprint rows for inventory.html that read the Setup screen), post-change tree
# env: TEST_PORT=8281 TEST_DB_NAME=hq_test_e2e_k1_20261007 DB_PORT=5434 DB_USER=hqtest
# command: npx playwright test tests/inventory.spec.js tests/recipes.spec.js tests/states-inventory-nav.spec.js tests/health-banner.spec.js --retries=0 --reporter=list
# started: 2026-10-07T01:45:36-04:00
Running 278 tests using 1 worker
  ✓    1 [chromium] › tests/health-banner.spec.js:28:3 › Server-health banners › a healthy server shows nothing at all (1.2s)
  ✓    2 [chromium] › tests/health-banner.spec.js:34:3 › Server-health banners › an unreachable server is SAID, not swallowed (687ms)
  ✓    3 [chromium] › tests/health-banner.spec.js:44:3 › Server-health banners › unreachable storage names the consequence, not the subsystem (862ms)
  ✓    4 [chromium] › tests/health-banner.spec.js:50:3 › Server-health banners › a failing Toast sync is surfaced — it used to be in health and shown nowhere (623ms)
  ✓    5 [chromium] › tests/health-banner.spec.js:56:3 › Server-health banners › an unreachable sync substrate is surfaced (735ms)
  ✓    6 [chromium] › tests/health-banner.spec.js:62:3 › Server-health banners › "unconfigured" is silence, not a warning (621ms)
  ✓    7 [chromium] › tests/health-banner.spec.js:70:3 › Server-health banners › the admin prompt appears ONCE however many warnings, and carries a diagnostic (838ms)
  ✓    8 [chromium] › tests/health-banner.spec.js:83:3 › Server-health banners › the health fetch bypasses the service-worker cache (640ms)
  ✓    9 [chromium] › tests/health-banner.spec.js:102:3 › Server-health banners › a banner clears without a reload once the server recovers (787ms)
  ✓   10 [chromium] › tests/health-banner.spec.js:119:3 › Server-health banners › each tool page warns only about what its user can act on (879ms)
  ✓   11 [chromium] › tests/inventory.spec.js:133:3 › Inventory › the hub lists 4 rows: Receipts, Stock, Recipes, Setup — no Menu, no Trends, no Cost (1.3s)
  ✓   12 [chromium] › tests/inventory.spec.js:147:3 › Inventory › legacy #tab=5 and #tab=6 deep links redirect to the matching bi.html section (1.5s)
  ✓   13 [chromium] › tests/inventory.spec.js:156:3 › Inventory › the pending count is the Receipts row badge, and the row stays one line at phone width (1.3s)
  ✓   14 [chromium] › tests/inventory.spec.js:171:3 › Inventory › legacy #tab=3 (the old Menu tab) lands on Recipes › By dish (2.0s)
  ✓   15 [chromium] › tests/inventory.spec.js:183:3 › Inventory › a bare /inventory.html lands on the hub; #tab=1 opens Receipts (1.8s)
  ✓   16 [chromium] › tests/inventory.spec.js:199:3 › Inventory › Recipes tab activates on #tab=4 hash (1.8s)
  ✓   17 [chromium] › tests/inventory.spec.js:214:3 › Inventory › Recipes tab loads /api/v1/inventory/recipes and /api/v1/inventory/recipes/drift (1.4s)
  ✓   18 [chromium] › tests/inventory.spec.js:227:3 › Inventory › Recipes tab shows empty state when no ingredients (1.4s)
  ✓   19 [chromium] › tests/inventory.spec.js:233:3 › Inventory › menu-item picker uses YYYY-MM-DD since format (contract + source) (1.2s)
  ✓   20 [chromium] › tests/inventory.spec.js:269:3 › Inventory › tapping a menu item name triggers renderRecipeSummary (1.8s)
  ✓   21 [chromium] › tests/inventory.spec.js:320:3 › Inventory › tapping a dish in Recipes › By dish selects it in the summary card (1.9s)
  ✓   22 [chromium] › tests/inventory.spec.js:354:3 › Inventory › Setup tab (now tab 7) renders catalog content when activated (1.6s)
  ✓   23 [chromium] › tests/inventory.spec.js:377:3 › Inventory › Purchases tab loads purchase events from API (1.2s)
  ✓   24 [chromium] › tests/inventory.spec.js:387:3 › Inventory › Purchases tab shows empty state when no purchases exist (1.6s)
  ✓   25 [chromium] › tests/inventory.spec.js:398:3 › Inventory › vendor filter dropdown is present with All Vendors default (1.1s)
  ✓   26 [chromium] › tests/inventory.spec.js:405:3 › Inventory › each event card shows vendor name and total (1.1s)
  ✓   27 [chromium] › tests/inventory.spec.js:415:3 › Inventory › tapping an event card expands line items (1.3s)
  ✓   28 [chromium] › tests/inventory.spec.js:428:3 › Inventory › vendor filter has options from API (1.1s)
  ✓   29 [chromium] › tests/inventory.spec.js:440:3 › Inventory › selecting a vendor filters history events (1.1s)
  ✓   30 [chromium] › tests/inventory.spec.js:466:3 › Inventory › selecting All Vendors resets filter (1.3s)
  ✓   31 [chromium] › tests/inventory.spec.js:485:3 › Inventory › Stock tab loads stock levels from API (1.3s)
  ✓   32 [chromium] › tests/inventory.spec.js:495:3 › Inventory › Stock tab groups items by tag category (1.3s)
  ✓   33 [chromium] › tests/inventory.spec.js:506:3 › Inventory › stock item badges are right-aligned in a single container (1.4s)
  ✓   34 [chromium] › tests/inventory.spec.js:523:3 › Inventory › tapping tag header collapses and expands section (1.2s)
  ✓   35 [chromium] › tests/inventory.spec.js:543:3 › Inventory › tapping stock item expands detail with purchase info (1.3s)
  ✓   36 [chromium] › tests/inventory.spec.js:557:3 › Inventory › reorder suggestions section shows Low/Medium items if any exist (1.2s)
  ✓   37 [chromium] › tests/inventory.spec.js:569:3 › Inventory › Override Level button shows override form (1.3s)
  ✓   38 [chromium] › tests/inventory.spec.js:586:3 › Inventory › Trends renders the spend-by-group surface on bi.html (1.2s)
  ✓   39 [chromium] › tests/inventory.spec.js:594:3 › Inventory › Food cost renders the cost surface on bi.html (1.1s)
  ✓   40 [chromium] › tests/inventory.spec.js:604:3 › Inventory › By dish renders empty state when API returns [] (1.3s)
  ✓   41 [chromium] › tests/inventory.spec.js:622:3 › Inventory › By dish renders rows when API returns data (1.3s)
  ✓   42 [chromium] › tests/inventory.spec.js:655:3 › Inventory › pending review items show Needs Review badge (1.2s)
  ✓   43 [chromium] › tests/inventory.spec.js:690:3 › Inventory › tapping pending card opens review form (1.3s)
  ✓   44 [chromium] › tests/inventory.spec.js:696:3 › Inventory › review form has confirm and discard buttons (1.4s)
  ✓   45 [chromium] › tests/inventory.spec.js:702:3 › Inventory › review form shows pre-filled vendor and date fields (1.3s)
  ✓   46 [chromium] › tests/inventory.spec.js:708:3 › Inventory › review form allows adding a new line item (1.4s)
  ✓   47 [chromium] › tests/inventory.spec.js:716:3 › Inventory › All caught up shows when no pending items in review queue (1.3s)
  ✓   48 [chromium] › tests/inventory.spec.js:750:3 › Inventory › double-tapping a line price negates it and flips back (1.4s)
  ✓   49 [chromium] › tests/inventory.spec.js:761:3 › Inventory › a negated line price makes a refund receipt balance (1.5s)
  ✓   50 [chromium] › tests/inventory.spec.js:779:3 › Inventory › a negative line total renders as -$X.XX, not $-X.XX (1.5s)
  ✓   51 [chromium] › tests/inventory.spec.js:786:3 › Inventory › tapping the Review Receipt title collapses the form back to the card (1.6s)
  ✓   52 [chromium] › tests/inventory.spec.js:797:3 › Inventory › edits survive collapsing and reopening the review form (1.5s)
  ✓   53 [chromium] › tests/inventory.spec.js:808:3 › Inventory › a negative line price round-trips through confirm and persists (1.1s)
  ✓   54 [chromium] › tests/inventory.spec.js:841:3 › Inventory › a malformed price never reads as $0.00 or as a matching total (1.3s)
  ✓   55 [chromium] › tests/inventory.spec.js:866:3 › Inventory › a malformed price survives re-render as typed, not as "NaN" (1.5s)
  ✓   56 [chromium] › tests/inventory.spec.js:876:3 › Inventory › tapping a number box selects it so the next keystroke replaces the value (1.4s)
  ✓   57 [chromium] › tests/inventory.spec.js:890:3 › Inventory › the review Date field is boxed and aligned like the Vendor field (1.3s)
  ✓   58 [chromium] › tests/inventory.spec.js:908:3 › Inventory › Deep Sync date inputs line up with the Cancel/Run buttons below them (1.1s)
  ✘   59 [chromium] › tests/inventory.spec.js:949:3 › Inventory › a parse failure states its cause instead of only that it failed (6.1s)
  ✘   60 [chromium] › tests/inventory.spec.js:955:3 › Inventory › a parse failure with no recorded cause says so rather than standing bare (6.6s)
  ✘   61 [chromium] › tests/inventory.spec.js:961:3 › Inventory › Retry parse is offered on a pending row with no parse_error and no items (6.5s)
  ✘   62 [chromium] › tests/inventory.spec.js:969:3 › Inventory › a stale re-parse flag on a row with a stored receipt is not a nag — the button is the truth (6.7s)
  ✘   63 [chromium] › tests/inventory.spec.js:982:3 › Inventory › a queued re-parse on a row with no stored receipt says when it will run, and survives a reload (6.4s)
  ✘   64 [chromium] › tests/inventory.spec.js:993:3 › Inventory › line items from a failed parse pre-fill the review form (30.1s)
  ✘   65 [chromium] › tests/inventory.spec.js:1008:3 › Inventory › a transient failure is still described in words (6.3s)
  ✓   66 [chromium] › tests/inventory.spec.js:1017:3 › Inventory › formatElapsed reads as a duration at every scale (1.6s)
  ✘   67 [chromium] › tests/inventory.spec.js:1025:3 › Inventory › a running sync shows elapsed time that actually advances (6.5s)
  ✓   68 [chromium] › tests/inventory.spec.js:1047:3 › Inventory › the elapsed ticker stops when no run is in flight (1.3s)
  ✓   69 [chromium] › tests/inventory.spec.js:1058:3 › Inventory › POST /items stores nickname and location alongside the new item (1.6s)
  ✓   70 [chromium] › tests/inventory.spec.js:1087:3 › Inventory › an alias equal to the description is not stored as a nickname (1.3s)
  ✓   71 [chromium] › tests/inventory.spec.js:1108:3 › Inventory › the finished-sync chip is amber and a failed sync stays a distinct red (1.2s)
  ✓   72 [chromium] › tests/inventory.spec.js:1144:3 › Inventory › Sync Receipts runs a normal sync straight from the primary button (1.9s)
  ✓   73 [chromium] › tests/inventory.spec.js:1158:3 › Inventory › the Receipts tab has exactly one control row above the queue (1.6s)
  ✓   74 [chromium] › tests/inventory.spec.js:1172:3 › Inventory › More opens the sheet; Deep sync… routes to the range picker (1.4s)
  ✓   75 [chromium] › tests/inventory.spec.js:1190:3 › Inventory › Retry parse (all) in the sheet fires reprocess-all after confirmation (1.7s)
  ✓   76 [chromium] › tests/inventory.spec.js:1206:3 › Inventory › Close and the backdrop both dismiss the sheet without starting anything (1.3s)
  ✓   77 [chromium] › tests/inventory.spec.js:1220:3 › Inventory › a non-admin gets no More button, so no deep sync and no retry-all (1.2s)
  ✓   78 [chromium] › tests/inventory.spec.js:1245:3 › Inventory › the button paints Cancel before the server answers (1.2s)
  ✓   79 [chromium] › tests/inventory.spec.js:1271:3 › Inventory › a failed start rolls the button back instead of leaving a fake Cancel (1.4s)
  ✘   80 [chromium] › tests/inventory.spec.js:1288:3 › Inventory › a run in flight turns the primary button into a red, ENABLED Cancel (6.2s)
  ✘   81 [chromium] › tests/inventory.spec.js:1296:3 › Inventory › cancelling asks first, and backing out does not cancel (6.3s)
  ✘   82 [chromium] › tests/inventory.spec.js:1313:3 › Inventory › confirming posts the cancel (6.3s)
  ✘   83 [chromium] › tests/inventory.spec.js:1325:3 › Inventory › a cancelled run reports what it finished, not just that it stopped (6.6s)
  ✘   84 [chromium] › tests/inventory.spec.js:1346:3 › Inventory › back link navigates to HQ (6.4s)
  ✓   85 [chromium] › tests/inventory.spec.js:1355:3 › Inventory › HQ launcher has Inventory tile linking to inventory.html (1.8s)
  ✓   86 [chromium] › tests/inventory.spec.js:1365:3 › Inventory › Trends and Cost containers live on bi.html, not inventory.html (1.3s)
  ✓   87 [chromium] › tests/inventory.spec.js:1375:3 › Inventory › Setup tab exists as 7th tab (1.1s)
  ✓   88 [chromium] › tests/inventory.spec.js:1379:3 › Inventory › Setup tab has Items and Vendors sub-tabs (1.6s)
  ✓   89 [chromium] › tests/inventory.spec.js:1386:3 › Inventory › Vendors sub-tab shows vendor list (1.8s)
  ✓   90 [chromium] › tests/inventory.spec.js:1399:3 › Inventory › Vendors sub-tab has add vendor form (1.8s)
  ✓   91 [chromium] › tests/inventory.spec.js:1406:3 › Inventory › tapping vendor expands inline edit form (2.1s)
  ✓   92 [chromium] › tests/inventory.spec.js:1419:3 › Inventory › Items sub-tab shows item list or empty state (1.6s)
  ✓   93 [chromium] › tests/inventory.spec.js:1430:3 › Inventory › Items tab has search filter (1.4s)
  ✓   94 [chromium] › tests/inventory.spec.js:1437:3 › Inventory › Items search filters items by name (2.4s)
  ✓   95 [chromium] › tests/inventory.spec.js:1461:3 › Inventory › Items tab has add item form (1.4s)
  ✓   96 [chromium] › tests/inventory.spec.js:1469:3 › Inventory › create new item via Items tab (1.6s)
  ✓   97 [chromium] › tests/inventory.spec.js:1493:3 › Inventory › review form line item name is readonly (dropdown-only) (1.5s)
  ✓   98 [chromium] › tests/inventory.spec.js:1511:3 › Inventory › clicking line item name opens item picker modal (1.6s)
  ✓   99 [chromium] › tests/inventory.spec.js:1533:3 › Inventory › item modal shows create option when searching (2.0s)
  ✓  100 [chromium] › tests/inventory.spec.js:1556:3 › Inventory › item modal create option shows title-cased name (2.1s)
  ✓  101 [chromium] › tests/inventory.spec.js:1579:3 › Inventory › item modal pre-fills search with current line item text (1.5s)
  ✓  102 [chromium] › tests/inventory.spec.js:1600:3 › Inventory › create item form pre-fills name with title case (2.4s)
  ✓  103 [chromium] › tests/inventory.spec.js:1626:3 › Inventory › confirm receipt blocked when line items not linked to catalog items (1.7s)
  ✓  104 [chromium] › tests/inventory.spec.js:1646:3 › Inventory › selecting item from modal fills name and sets item id (1.8s)
  ✓  105 [chromium] › tests/inventory.spec.js:1677:3 › Inventory › pending review form shows vendor search with + button (1.8s)
  ✓  106 [chromium] › tests/inventory.spec.js:1694:3 › Inventory › vendor search filters known vendors as you type (1.7s)
  ✓  107 [chromium] › tests/inventory.spec.js:1719:3 › Inventory › vendor dropdown item click fills the vendor field (1.5s)
  ✓  108 [chromium] › tests/inventory.spec.js:1748:3 › Inventory › review form has tax field and grand total (1.9s)
  ✓  109 [chromium] › tests/inventory.spec.js:1766:3 › Inventory › editing tax updates grand total in real-time (1.9s)
  ✓  110 [chromium] › tests/inventory.spec.js:1785:3 › Inventory › green match banner shows when total equals bank transaction (1.5s)
  ✓  111 [chromium] › tests/inventory.spec.js:1803:3 › Inventory › yellow mismatch banner shows when total differs from bank transaction (1.4s)
  ✓  112 [chromium] › tests/inventory.spec.js:1820:3 › Inventory › bank total displays as positive in mismatch banner (1.4s)
  ✓  113 [chromium] › tests/inventory.spec.js:1837:3 › Inventory › banner switches from mismatch to match when amounts are corrected (1.4s)
  ✓  114 [chromium] › tests/inventory.spec.js:1860:3 › Inventory › price input is text type, not number (no spinner arrows) (1.4s)
  ✓  115 [chromium] › tests/inventory.spec.js:1879:3 › Inventory › typing in price field does not lose focus (1.6s)
  ✓  116 [chromium] › tests/inventory.spec.js:1901:3 › Inventory › view receipt button appears on pending review with receipt_url (1.4s)
  ✓  117 [chromium] › tests/inventory.spec.js:1944:3 › Inventory › view receipt button opens fullscreen overlay (1.5s)
  ✓  118 [chromium] › tests/inventory.spec.js:1974:3 › Inventory › confirmed event shows view receipt button when expanded (1.3s)
  ✓  119 [chromium] › tests/inventory.spec.js:1989:3 › Inventory › pending reason shows friendly message not raw API error (2.0s)
  ✓  120 [chromium] › tests/inventory.spec.js:2019:3 › Inventory › merge vendors: source deleted, events migrated (positive) (1.6s)
  ✓  121 [chromium] › tests/inventory.spec.js:2045:3 › Inventory › merge vendors: cannot merge into self (negative) (1.2s)
  ✓  122 [chromium] › tests/inventory.spec.js:2058:3 › Inventory › merge vendors: invalid source returns error (negative) (1.4s)
  ✓  123 [chromium] › tests/inventory.spec.js:2073:3 › Inventory › merge items: source deleted, line items migrated (positive) (1.4s)
  ✓  124 [chromium] › tests/inventory.spec.js:2094:3 › Inventory › merge items: cannot merge into self (negative) (1.2s)
  ✓  125 [chromium] › tests/inventory.spec.js:2112:3 › Inventory › alias auto-matches receipt line in review form (1.5s)
  ✓  126 [chromium] › tests/inventory.spec.js:2145:3 › Inventory › linking a receipt line learns the raw name as an alias and future receipts auto-match (2.6s)
  ✓  127 [chromium] › tests/inventory.spec.js:2186:3 › Inventory › Setup item editor shows alias chips, adds and removes nicknames (3.4s)
  ✓  128 [chromium] › tests/inventory.spec.js:2228:3 › Inventory › selecting item in modal changes border from orange to no highlight (1.9s)
  ✓  129 [chromium] › tests/inventory.spec.js:2266:3 › Inventory › creating item without group is rejected (negative) (1.1s)
  ✓  130 [chromium] › tests/inventory.spec.js:2277:3 › Inventory › creating item with group succeeds (positive) (1.5s)
  ✓  131 [chromium] › tests/inventory.spec.js:2289:3 › Inventory › backend rejects confirm when total does not match bank transaction (negative) (1.3s)
  ✓  132 [chromium] › tests/inventory.spec.js:2315:3 › Inventory › backend allows confirm when total matches bank transaction (positive) (1.1s)
  ✓  133 [chromium] › tests/inventory.spec.js:2338:3 › Inventory › create item modal shows error when no group selected (2.2s)
  ✓  134 [chromium] › tests/inventory.spec.js:2365:3 › Inventory › create item modal error clears when group is selected and item created (2.1s)
  ✓  135 [chromium] › tests/inventory.spec.js:2394:3 › Inventory › creating duplicate group via API returns existing group (case-insensitive) (1.5s)
  ✓  136 [chromium] › tests/inventory.spec.js:2406:3 › Inventory › duplicate group shows toast warning in items tab (1.5s)
  ✓  137 [chromium] › tests/inventory.spec.js:2433:3 › Inventory › unlinked line items show orange border (1.6s)
  ✓  138 [chromium] › tests/inventory.spec.js:2450:3 › Inventory › auto-matched line items do not show orange border (1.6s)
  ✓  139 [chromium] › tests/inventory.spec.js:2475:3 › Inventory › item selection in review form persists after navigating away and back (3.6s)
  ✓  140 [chromium] › tests/inventory.spec.js:2535:3 › Inventory › reorder suggestions show item name not group name (1.4s)
  ✓  141 [chromium] › tests/inventory.spec.js:2562:3 › Inventory › collapsing a stock group also collapses expanded items within it (1.4s)
  ✓  142 [chromium] › tests/inventory.spec.js:2590:3 › Inventory › expand all button expands all items in a stock group (2.0s)
  ✓  143 [chromium] › tests/inventory.spec.js:2610:3 › Inventory › stock tab reflects threshold changes from Setup without page refresh (1.9s)
  ✓  144 [chromium] › tests/inventory.spec.js:2667:3 › Inventory › backend rejects negative threshold values (1.1s)
  ✓  145 [chromium] › tests/inventory.spec.js:2680:3 › Inventory › frontend shows error for negative threshold values (1.7s)
  ✓  146 [chromium] › tests/inventory.spec.js:2700:3 › Inventory › medium shows n/a when low=0 and high=1 (no medium range) (2.1s)
  ✓  147 [chromium] › tests/inventory.spec.js:2718:3 › Inventory › items with different store_locations appear under separate group headers (2.3s)
  ✓  148 [chromium] › tests/inventory.spec.js:2746:3 › Inventory › items with null store_location appear under "Category, Unassigned" (2.1s)
  ✓  149 [chromium] › tests/inventory.spec.js:2767:3 › Inventory › user can set store_location from Setup tab edit form (4.6s)
  ✓  150 [chromium] › tests/inventory.spec.js:2815:3 › Inventory › item edit form shows photo thumbnail area and change photo link (2.7s)
  ✓  151 [chromium] › tests/inventory.spec.js:2843:3 › Inventory › Setup tab no longer links out to Purchase Orders (that is an HQ tile) (1.7s)
  ✓  152 [chromium] › tests/inventory.spec.js:2876:5 › Inventory › badge reset saves the app timezone, not the device's (device=Asia/Tokyo) (3.0s)
  ✓  153 [chromium] › tests/inventory.spec.js:2876:5 › Inventory › badge reset saves the app timezone, not the device's (device=America/Chicago) (2.8s)
  ✓  154 [chromium] › tests/inventory.spec.js:2911:3 › Inventory › add item bar does not allow No Group selection (1.4s)
  ✓  155 [chromium] › tests/inventory.spec.js:2919:3 › Inventory › create item without group shows alert (1.8s)
  ✓  156 [chromium] › tests/inventory.spec.js:2931:3 › Inventory › creating item opens edit form with store location dropdown (2.2s)
  ✓  157 [chromium] › tests/inventory.spec.js:2952:3 › Inventory › item with non-vendor store_location shows current value in dropdown, not None (2.8s)
  ✓  158 [chromium] › tests/inventory.spec.js:2984:3 › Inventory › store location edit form shows dropdown with vendor names and + Add new option (2.8s)
  ✓  159 [chromium] › tests/inventory.spec.js:3015:3 › Inventory › store location "+ Add new" navigates to Vendors sub-tab and focuses new vendor input (2.3s)
  ✓  160 [chromium] › tests/inventory.spec.js:3043:3 › Inventory › View in Setup link navigates to Setup tab with item expanded (1.6s)
  ✓  161 [chromium] › tests/inventory.spec.js:3089:3 › Inventory › tapping reorder suggestion expands the stock item below (1.7s)
  ✓  162 [chromium] › tests/inventory.spec.js:3132:3 › Inventory › PO suggestions excludes items with no purchase history or stock override (1.4s)
  ✓  163 [chromium] › tests/inventory.spec.js:3167:3 › Inventory › tapping item photo in PO opens fullscreen lightbox (2.1s)
  ✓  164 [chromium] › tests/inventory.spec.js:3223:3 › Inventory › after simulate-cutoff, Order tab shows next week draft (2.1s)
  ✓  165 [chromium] › tests/inventory.spec.js:3265:3 › Inventory › simulate-cutoff returns 409 when locked PO already exists (1.6s)
  ✓  166 [chromium] › tests/inventory.spec.js:3306:3 › Inventory › seed runs idempotently without duplicating items (1.7s)
  ✓  167 [chromium] › tests/inventory.spec.js:3331:3 › Inventory › PO suggestions count matches inventory reorder suggestions (1.9s)
  ✓  168 [chromium] › tests/inventory.spec.js:3435:3 › Inventory › admin can add and save items on a locked PO without 409 (1.6s)
  ✓  169 [chromium] › tests/inventory.spec.js:3507:3 › Inventory › PO tab groups items by store location (2.1s)
  ✓  170 [chromium] › tests/inventory.spec.js:3532:3 › Inventory › editing a locked PO returns 403 for non-admin users (1.5s)
  ✓  171 [chromium] › tests/inventory.spec.js:3602:3 › Inventory › upsert with require_draft=true rejects locked PO even for admin (1.5s)
  ✓  172 [chromium] › tests/inventory.spec.js:3648:3 › Inventory › cutoff pill is admin-interactive and would be hidden for non-admin without config (1.6s)
  ✘  173 [chromium] › tests/inventory.spec.js:3685:3 › PO add item navigates to Inventory Setup › navigating to inventory.html with newItem hash prefills item name and shows Setup tab (30.2s)
  ✓  174 [chromium] › tests/inventory.spec.js:3718:3 › Receipt sync button › clicking Sync Receipts turns the button into Cancel immediately (1.4s)
  ✓  175 [chromium] › tests/inventory.spec.js:3744:3 › Receipt sync button › reload mid-run shows the Cancel state (survives via GET /status) (1.2s)
  ✓  176 [chromium] › tests/inventory.spec.js:3770:3 › Receipt sync button › completed run shows summary chip with counts (1.2s)
  ✓  177 [chromium] › tests/inventory.spec.js:3803:3 › Receipt sync button › completed run with cached > 0 shows skipped segment (1.2s)
  ✓  178 [chromium] › tests/inventory.spec.js:3830:3 › Receipt sync button › manual sync chip shows Synced from {date} using lookback_days (1.2s)
  ✓  179 [chromium] › tests/inventory.spec.js:3867:3 › Receipt sync button › reprocess_all sync chip shows Reprocessed N pending with correct semantics (1.3s)
  ✓  180 [chromium] › tests/inventory.spec.js:3902:3 › Pending card — parse_error display (260607-e1c) › renders Parser error line when parse_error is set (1.2s)
  ✓  181 [chromium] › tests/inventory.spec.js:3934:3 › Pending card — parse_error display (260607-e1c) › a transient (out-of-credits) failure reads as a sentence, not a truncated request (1.2s)
  ✓  182 [chromium] › tests/inventory.spec.js:3966:3 › Retry parse button (260607-koi) › is shown when pending row has parse_error (1.1s)
  ✓  183 [chromium] › tests/inventory.spec.js:3994:3 › Retry parse button (260607-koi) › is still offered when parse_error is empty (1.3s)
  ✓  184 [chromium] › tests/inventory.spec.js:4027:3 › Retry parse button (260607-koi) › keeps the cause on the card after a successful retry request (1.4s)
  ✓  185 [chromium] › tests/inventory.spec.js:4085:3 › PDF receipt iframe (260607-e1c) › PDF receipt opens in iframe with new-tab link (1.6s)
  ✓  186 [chromium] › tests/inventory.spec.js:4138:3 › Confirm Receipt disabled state (260607-fxl) › Confirm Receipt button is disabled when totals do not match and items are non-empty (1.6s)
  ✓  187 [chromium] › tests/inventory.spec.js:4166:3 › Confirm Receipt disabled state (260607-fxl) › Confirm Receipt button is disabled when items are empty and pending reason is parse-failed (1.2s)
  ✓  188 [chromium] › tests/inventory.spec.js:4189:3 › Confirm Receipt disabled state (260607-fxl) › Confirm Receipt button is enabled when items match bank total (1.2s)
  ✓  189 [chromium] › tests/inventory.spec.js:4218:3 › Retry parse auto-sync (260702-l67) › retry-parse click auto-triggers sync and flips row to Reparsing… (1.4s)
  ✓  190 [chromium] › tests/inventory.spec.js:4395:3 › Inline reparse (260929) › a row with a stored receipt is re-read in place — no flag, no full sync (902ms)
  ✓  191 [chromium] › tests/inventory.spec.js:4435:3 › Inline reparse (260929) › when the re-read finishes the row refreshes itself and no sync chip lingers (890ms)
  ✓  192 [chromium] › tests/inventory.spec.js:4460:3 › Inline reparse (260929) › a row with no stored receipt still goes through Mercury (843ms)
  ✓  193 [chromium] › tests/inventory.spec.js:4472:3 › Inline reparse (260929) › a 409 from another tab’s run queues the row and says so (727ms)
  ✓  194 [chromium] › tests/inventory.spec.js:4486:3 › Inline reparse (260929) › Re-download from source asks Mercury for this charge and rides the same in-flight visual (998ms)
  ✓  195 [chromium] › tests/inventory.spec.js:4521:3 › Inline reparse (260929) › a Missing Receipt row offers Re-download from source — that is the row a file was since attached to (655ms)
  ✓  196 [chromium] › tests/inventory.spec.js:4529:3 › Inline reparse (260929) › when Mercury has nothing new, the failure is said and the row is left as it was (788ms)
  ✘  197 [chromium] › tests/inventory.spec.js:4550:3 › Inline reparse (260929) › the amount is centred on the card and shares the confirmed cards’ right edge (30.1s)
  ✓  198 [chromium] › tests/inventory.spec.js:4579:3 › Inline reparse (260929) › Re-download while a sync is running is refused in words, not queued (939ms)
  ✓  199 [chromium] › tests/inventory.spec.js:4609:3 › Inventory prove sweep — Purchases › FR-3: item-picker selection persists across reload (2.9s)
  ✓  200 [chromium] › tests/inventory.spec.js:4685:3 › Inventory prove sweep — Purchases › FR-5: discard sets discarded_at and removes row from queue (1.5s)
  ✘  201 [chromium] › tests/inventory.spec.js:4731:3 › Inventory prove sweep — Purchases › FR-11: vendor filter + pagination work against a real seed (3.0s)
  ✓  202 [chromium] › tests/inventory.spec.js:4896:3 › Inventory prove sweep — Stock › FR-12: /stock classifies low/medium/high against group thresholds (1.7s)
  ✓  203 [chromium] › tests/inventory.spec.js:4940:3 › Inventory prove sweep — Stock › FR-13: stock override value wins over derived sum (COALESCE) (1.4s)
  ✓  204 [chromium] › tests/inventory.spec.js:4975:3 › Inventory prove sweep — Stock › FR-14: manual count requires reason (400) and persists (204) (1.4s)
  ✓  205 [chromium] › tests/inventory.spec.js:5019:3 › Inventory prove sweep — Stock › FR-15: reorder-tap expands item + View-in-Setup jumps to Setup tab (1.8s)
  ✓  206 [chromium] › tests/inventory.spec.js:5101:3 › Inventory prove sweep — Setup › FR-26: item create title-cases, update persists, merge deletes source (1.6s)
  ✓  207 [chromium] › tests/inventory.spec.js:5159:3 › Inventory prove sweep — Setup › FR-28: group thresholds persist and low<high validation rejects invalid (1.3s)
  ✓  208 [chromium] › tests/inventory.spec.js:5202:3 › Inventory prove sweep — Setup › FR-29: vendor create title-cases, update renames, merge deletes source (1.5s)
  ✓  209 [chromium] › tests/inventory.spec.js:5254:3 › Inventory prove sweep — Setup › FR-30: tags list endpoint returns a well-formed array (1.3s)
  ✓  210 [chromium] › tests/inventory.spec.js:5272:3 › Inventory prove sweep — Setup › FR-31: repurchase-reset config edit persists and reads back (cross-pkg, read+write via HTTP) (1.2s)
  -  211 [chromium] › tests/inventory.spec.js:5307:8 › Inventory prove sweep — Setup › FR-27: photo upload convert/resize (PARKED — needs live DO Spaces S3 client)
  ✓  212 [chromium] › tests/inventory.spec.js:5332:3 › Inventory prove sweep — Menu & cross-cutting › FR-16: Recipes › By dish renders from the LIVE menu-items handler (no stub) (1.5s)
  ✓  213 [chromium] › tests/inventory.spec.js:5371:3 › Inventory prove sweep — Menu & cross-cutting › NFR-1: create-vendor and create-item title-case; item-EDIT gap is exposed (1.5s)
  ✓  214 [chromium] › tests/inventory.spec.js:5430:3 › Inventory prove sweep — Menu & cross-cutting › NFR-3: unauthenticated Inventory API call redirects to /login.html (1.5s)
  ✓  215 [chromium] › tests/inventory.spec.js:5464:3 › Purchases — card holder label › a pending card names who swiped and the last four, next to the Mercury category (1.0s)
  ✓  216 [chromium] › tests/inventory.spec.js:5483:3 › Purchases — card holder label › a pending card with no resolved card shows the Mercury line unchanged — no dangling separator (1.0s)
  ✓  217 [chromium] › tests/inventory.spec.js:5499:3 › Purchases — card holder label › confirming a pending purchase carries the card label onto the history card (927ms)
  ✓  218 [chromium] › tests/inventory.spec.js:5568:3 › Purchases — date-ordered list + filter chips › default view is one list in event-date order — a fresh auto-added event sits between the queue cards at its date (965ms)
  ✓  219 [chromium] › tests/inventory.spec.js:5578:3 › Purchases — date-ordered list + filter chips › chips filter the list: Needs review → queue only, Recently added → last-7-day events only, All → everything (1.3s)
  ✓  220 [chromium] › tests/inventory.spec.js:5598:3 › Purchases — date-ordered list + filter chips › against the real API: an event created today renders above an older queue card (1.2s)
  ✓  221 [chromium] › tests/inventory.spec.js:5636:3 › Setup — dead item photo fallback › a photo URL that 404s renders the letter placeholder in the row and in the editor (1.2s)
  ✓  222 [chromium] › tests/inventory.spec.js:5705:3 › Purchases — line item links to its catalog item in Setup › tapping a linked line opens that item in Setup even though the receipt text differs from the catalog name (1.4s)
  ✓  223 [chromium] › tests/inventory.spec.js:5725:3 › Purchases — line item links to its catalog item in Setup › a nickname typed in Setup is the label; a nickname that is just the receipt text is not (1.3s)
  ✓  224 [chromium] › tests/inventory.spec.js:5739:3 › Purchases — line item links to its catalog item in Setup › a line with no linked item is not a link and tapping it only toggles the card (1.2s)
  ✓  225 [chromium] › tests/inventory.spec.js:5822:3 › Item display name — promoted nicknames › Reorder + Stock rows show the promoted nickname, keyed by the description (2.0s)
  ✓  226 [chromium] › tests/inventory.spec.js:5850:3 › Item display name — promoted nicknames › an unpromoted alias never becomes the label (1.9s)
  ✓  227 [chromium] › tests/inventory.spec.js:5892:3 › Item display name — promoted nicknames › the first nickname typed in Setup is starred by default; the second is not (3.3s)
  ✓  228 [chromium] › tests/inventory.spec.js:5915:3 › Item display name — promoted nicknames › a nickname typed in Setup is not starred when another nickname already exists, even unstarred (2.7s)
  ✓  229 [chromium] › tests/inventory.spec.js:5933:3 › Item display name — promoted nicknames › the Setup star promotes an alias and a second tap clears it (3.1s)
  ✓  230 [chromium] › tests/inventory.spec.js:5978:3 › Item display name — promoted nicknames › a stock-count override survives promoting a nickname (800ms)
  ✓  231 [chromium] › tests/inventory.spec.js:6011:3 › Setup — late responses (K1) › [IS-01] a name typed right after opening Setup survives the late groups response, and Add creates the item (5.7s)
  ✓  232 [chromium] › tests/inventory.spec.js:6047:3 › Setup — late responses (K1) › [IS-02] two item-list responses released out of order leave the list at the NEWER request (3.3s)
  ✓  233 [chromium] › tests/inventory.spec.js:6095:3 › Setup — late responses (K1) › [IS-03] Add with an empty name says so (1.5s)
  ✓  234 [chromium] › tests/inventory.spec.js:6107:3 › Setup — late responses (K1) › [IS-04] a nickname added while Setup's first item-list fetch is still in flight is sent and shown — five times in a row (13.1s)
  ✓  235 [chromium] › tests/recipes.spec.js:45:3 › Recipes tab — E2E › GET /api/v1/inventory/recipes returns ingredients-shaped envelope (1.1s)
  ✓  236 [chromium] › tests/recipes.spec.js:59:3 › Recipes tab — E2E › GET /api/v1/inventory/recipes accepts from/to date params (1.1s)
  ✓  237 [chromium] › tests/recipes.spec.js:69:3 › Recipes tab — E2E › GET /api/v1/inventory/recipes/drift returns JSON object (200 even when empty) (1.4s)
  ✓  238 [chromium] › tests/recipes.spec.js:88:3 › Recipes tab — E2E › POST /api/v1/inventory/recipes with non-multiple-of-5 returns 422 invalid_usage_pct (1.1s)
  ✓  239 [chromium] › tests/recipes.spec.js:109:3 › Recipes tab — E2E › POST /api/v1/inventory/recipes with out-of-range returns 422 (1.1s)
  ✓  240 [chromium] › tests/recipes.spec.js:128:3 › Recipes tab — E2E › PUT /api/v1/inventory/recipes/{id} with non-existent id returns 404 (1.3s)
  ✓  241 [chromium] › tests/recipes.spec.js:146:3 › Recipes tab — E2E › PUT /api/v1/inventory/recipes/{id} with non-multiple-of-5 returns 422 (1.3s)
  ✓  242 [chromium] › tests/recipes.spec.js:163:3 › Recipes tab — E2E › POST /api/v1/inventory/recipes/merge with same source+target returns 400 (1.1s)
  ✓  243 [chromium] › tests/recipes.spec.js:182:3 › Recipes tab — E2E › GET /api/v1/inventory/menu-cogs without Bearer returns 401 or 503 (1.1s)
  ✓  244 [chromium] › tests/recipes.spec.js:202:3 › Recipes tab — E2E › GET /api/v1/inventory/menu-cogs with wrong Bearer returns 401 or 503 (1.3s)
  ✓  245 [chromium] › tests/recipes.spec.js:216:3 › Recipes tab — E2E › slider release fires PUT /api/v1/inventory/recipes/{id} with usage_pct in body (1.5s)
  ✓  246 [chromium] › tests/recipes.spec.js:273:3 › Recipes tab — E2E › slider input event updates the chip live without firing PUT (2.0s)
  ✓  247 [chromium] › tests/recipes.spec.js:327:3 › Recipes tab — E2E › drift banner renders from non-empty drift state (1.4s)
  ✓  248 [chromium] › tests/recipes.spec.js:365:3 › Recipes tab — E2E › summary card shows placeholder on first render before any selection (1.4s)
  ✓  249 [chromium] › tests/recipes.spec.js:372:3 › Recipes tab — E2E › clear-menu-summary action restores the placeholder (1.9s)
  ✓  250 [chromium] › tests/recipes.spec.js:449:3 › Recipes prove sweep — cross-cutting (FR-23 / NFR-8 / NFR-9) › FR-23: cost summary computes real per-ingredient COGS (spend × pct/100) (1.8s)
  ✓  251 [chromium] › tests/recipes.spec.js:497:3 › Recipes prove sweep — cross-cutting (FR-23 / NFR-8 / NFR-9) › NFR-8: slider past-100 → 422 → slider value + chip roll back and inline error shows (1.9s)
  ✓  252 [chromium] › tests/recipes.spec.js:564:3 › Recipes prove sweep — cross-cutting (FR-23 / NFR-8 / NFR-9) › NFR-9: Recipes tab fetches live /drift and renders the returned payload (1.5s)
  ✓  253 [chromium] › tests/states-inventory-nav.spec.js:123:3 › Inventory hub — B-455 WO-2a state table › Hub, admin: four rows in daily-first order, back link is HQ, no hash (1.5s)
  ✓  254 [chromium] › tests/states-inventory-nav.spec.js:151:3 › Inventory hub — B-455 WO-2a state table › Hub, crew: four rows; the server 403 reads as "Status unavailable" and rows still open (1.7s)
  ✓  255 [chromium] › tests/states-inventory-nav.spec.js:174:3 › Inventory hub — B-455 WO-2a state table › Hub badges populated: 10 to review · 2 below par · Drift · Synced 4 min ago (1.3s)
  ✓  256 [chromium] › tests/states-inventory-nav.spec.js:191:3 › Inventory hub — B-455 WO-2a state table › Hub badges zero: no badge at all, never "0 to review" (1.2s)
  ✓  257 [chromium] › tests/states-inventory-nav.spec.js:208:3 › Inventory hub — B-455 WO-2a state table › Hub row loading: skeleton badge and "Loading…" until the call lands (720ms)
  ✓  258 [chromium] › tests/states-inventory-nav.spec.js:227:3 › Inventory hub — B-455 WO-2a state table › Edge: a status call that fails reads "Status unavailable" and the row still opens (1.5s)
  ✓  259 [chromium] › tests/states-inventory-nav.spec.js:242:3 › Inventory hub — B-455 WO-2a state table › Sync subtitle: "Not synced yet" with no run, "Syncing now…" while one runs (1.5s)
  ✓  260 [chromium] › tests/states-inventory-nav.spec.js:256:3 › Inventory hub — B-455 WO-2a state table › Edge: a failed or cancelled sync is named, never "Synced N min ago" (1.2s)
  ✓  261 [chromium] › tests/states-inventory-nav.spec.js:274:3 › Inventory hub — B-455 WO-2a state table › Edge: the phone back gesture returns from a section to the hub (1.2s)
  ✓  262 [chromium] › tests/states-inventory-nav.spec.js:288:3 › Inventory hub — B-455 WO-2a state table › Edge: #tab=0 on a page without a hub still paints its first tab (448ms)
  ✓  263 [chromium] › tests/states-inventory-nav.spec.js:297:3 › Inventory hub — B-455 WO-2a state table › Edge: the hub is painted before boot — no Receipts flash while /me hangs (1.2s)
  ✓  264 [chromium] › tests/states-inventory-nav.spec.js:312:3 › Inventory hub — B-455 WO-2a state table › Section page: tapping Receipts opens it full-page with a back link; back returns to the hub (2.1s)
  ✓  265 [chromium] › tests/states-inventory-nav.spec.js:333:3 › Inventory hub — B-455 WO-2a state table › Deep link #tab=2 opens Stock directly, hub hidden, back link to Inventory (1.4s)
  ✓  266 [chromium] › tests/states-inventory-nav.spec.js:347:3 › Inventory hub — B-455 WO-2a state table › Edge: a crew member pasting legacy #tab=5 is sent to bi.html and sees the error card, not a blank page (987ms)
  ✓  267 [chromium] › tests/states-inventory-nav.spec.js:358:3 › Inventory hub — B-455 WO-2a state table › Edge: a legacy #tab=3 bookmark lands on Recipes › By dish (723ms)
  ✓  268 [chromium] › tests/states-inventory-nav.spec.js:375:3 › Inventory hub — dark scheme › Hub, admin, dark: rows are cards on the dark ground and the badge keeps its warn colour (1.2s)
  ✓  269 [chromium] › tests/states-inventory-nav.spec.js:393:3 › Inventory navigation — WO-1 rows that still hold › Receipts, admin: one control row (Sync + More), queue directly below (1.7s)
  ✓  270 [chromium] › tests/states-inventory-nav.spec.js:407:3 › Inventory navigation — WO-1 rows that still hold › More sheet: Deep sync… and Retry parse (all), with a labeled Close (2.2s)
  ✓  271 [chromium] › tests/states-inventory-nav.spec.js:426:3 › Inventory navigation — WO-1 rows that still hold › Edge: the deep-sync range picker is still reachable, from the sheet (2.1s)
  ✓  272 [chromium] › tests/states-inventory-nav.spec.js:438:3 › Inventory navigation — WO-1 rows that still hold › Recipes › By ingredient is the default view; the summary card is not on it (1.2s)
  ✓  273 [chromium] › tests/states-inventory-nav.spec.js:449:3 › Inventory navigation — WO-1 rows that still hold › Recipes › By dish, empty: "No menu items" under the placeholder summary (1.4s)
  ✓  274 [chromium] › tests/states-inventory-nav.spec.js:462:3 › Inventory navigation — WO-1 rows that still hold › Recipes › By dish, populated: tapping a dish selects it and its cost renders above (1.1s)
  ✓  275 [chromium] › tests/states-inventory-nav.spec.js:488:3 › Inventory navigation — WO-1 rows that still hold › Recipes › By dish, error: inline error with a retry, not a blank list (1.3s)
  ✓  276 [chromium] › tests/states-inventory-nav.spec.js:498:3 › Inventory navigation — WO-1 rows that still hold › Setup: Items / Vendors, no link out to Purchase Orders (2.1s)
  ✓  277 [chromium] › tests/states-inventory-nav.spec.js:510:3 › Inventory navigation — WO-1 rows that still hold › tapping a dish does not refetch or skeleton-flash the dish list (775ms)
  ✓  278 [chromium] › tests/states-inventory-nav.spec.js:529:3 › Inventory navigation — WO-1 rows that still hold › Escape closes the More sheet and focus returns to More (1.2s)
  1) [chromium] › tests/inventory.spec.js:949:3 › Inventory › a parse failure states its cause instead of only that it failed 
    Error: expect(locator).toContainText(expected) failed
    Locator: locator('[data-action="review-pending"][data-id="pp-1"]')
    Expected substring: "receipt image was too blurry to read"
    Timeout: 5000ms
    Error: element(s) not found
    Call log:
      - Expect "toContainText" with timeout 5000ms
      - waiting for locator('[data-action="review-pending"][data-id="pp-1"]')
      950 |     await stubPending(page, { parse_error: 'receipt image was too blurry to read' });
      951 |     const card = page.locator('[data-action="review-pending"][data-id="pp-1"]');
    > 952 |     await expect(card).toContainText('receipt image was too blurry to read');
          |                        ^
      953 |   });
      954 |
      955 |   test('a parse failure with no recorded cause says so rather than standing bare', async ({ page }) => {
        at /home/jcole/projects/hq/.night-crew/runs/20261007/worktrees/inventory-setup-races/tests/inventory.spec.js:952:24
    Error Context: test-results/inventory-Inventory-a-pars-3e25d-tead-of-only-that-it-failed-chromium/error-context.md
  2) [chromium] › tests/inventory.spec.js:955:3 › Inventory › a parse failure with no recorded cause says so rather than standing bare 
    Error: expect(locator).toContainText(expected) failed
    Locator: locator('[data-action="review-pending"][data-id="pp-1"]')
    Expected substring: "No cause was recorded"
    Timeout: 5000ms
    Error: element(s) not found
    Call log:
      - Expect "toContainText" with timeout 5000ms
      - waiting for locator('[data-action="review-pending"][data-id="pp-1"]')
      956 |     await stubPending(page, {});
      957 |     const card = page.locator('[data-action="review-pending"][data-id="pp-1"]');
    > 958 |     await expect(card).toContainText('No cause was recorded');
          |                        ^
      959 |   });
      960 |
      961 |   test('Retry parse is offered on a pending row with no parse_error and no items', async ({ page }) => {
        at /home/jcole/projects/hq/.night-crew/runs/20261007/worktrees/inventory-setup-races/tests/inventory.spec.js:958:24
    Error Context: test-results/inventory-Inventory-a-pars-a6143-o-rather-than-standing-bare-chromium/error-context.md
  3) [chromium] › tests/inventory.spec.js:961:3 › Inventory › Retry parse is offered on a pending row with no parse_error and no items 
    Error: expect(locator).toBeVisible() failed
    Locator: locator('[data-action="retry-parse"][data-id="pp-1"]')
    Expected: visible
    Timeout: 5000ms
    Error: element(s) not found
    Call log:
      - Expect "toBeVisible" with timeout 5000ms
      - waiting for locator('[data-action="retry-parse"][data-id="pp-1"]')
      964 |     // could be retried exactly once and never again.
      965 |     await stubPending(page, {});
    > 966 |     await expect(page.locator('[data-action="retry-parse"][data-id="pp-1"]')).toBeVisible();
          |                                                                               ^
      967 |   });
      968 |
      969 |   test('a stale re-parse flag on a row with a stored receipt is not a nag — the button is the truth', async ({ page }) => {
        at /home/jcole/projects/hq/.night-crew/runs/20261007/worktrees/inventory-setup-races/tests/inventory.spec.js:966:79
    Error Context: test-results/inventory-Inventory-Retry--cb098-no-parse-error-and-no-items-chromium/error-context.md
  4) [chromium] › tests/inventory.spec.js:969:3 › Inventory › a stale re-parse flag on a row with a stored receipt is not a nag — the button is the truth 
    Error: expect(locator).toBeVisible() failed
    Locator: locator('[data-action="review-pending"][data-id="pp-1"]').locator('[data-action="retry-parse"]')
    Expected: visible
    Timeout: 5000ms
    Error: element(s) not found
    Call log:
      - Expect "toBeVisible" with timeout 5000ms
      - waiting for locator('[data-action="review-pending"][data-id="pp-1"]').locator('[data-action="retry-parse"]')
      975 |     await stubPending(page, { retry_requested_at: '2026-09-29T06:00:00Z' });
      976 |     const card = page.locator('[data-action="review-pending"][data-id="pp-1"]');
    > 977 |     await expect(card.locator('[data-action="retry-parse"]')).toBeVisible();
          |                                                               ^
      978 |     await expect(card).not.toContainText('Queued for re-parse');
      979 |     await expect(card).not.toContainText('Retry Parse (All Receipts)');
      980 |   });
        at /home/jcole/projects/hq/.night-crew/runs/20261007/worktrees/inventory-setup-races/tests/inventory.spec.js:977:63
    Error Context: test-results/inventory-Inventory-a-stal-dac5c-g-—-the-button-is-the-truth-chromium/error-context.md
  5) [chromium] › tests/inventory.spec.js:982:3 › Inventory › a queued re-parse on a row with no stored receipt says when it will run, and survives a reload 
    Error: expect(locator).toContainText(expected) failed
    Locator: locator('[data-action="review-pending"][data-id="pp-1"]')
    Expected substring: "Re-parse requested — runs on the next sync if Mercury still has the receipt."
    Timeout: 5000ms
    Error: element(s) not found
    Call log:
      - Expect "toContainText" with timeout 5000ms
      - waiting for locator('[data-action="review-pending"][data-id="pp-1"]')
      985 |     await stubPending(page, { retry_requested_at: '2026-09-29T06:00:00Z', receipt_url: null });
      986 |     const copy = 'Re-parse requested — runs on the next sync if Mercury still has the receipt.';
    > 987 |     await expect(page.locator('[data-action="review-pending"][data-id="pp-1"]')).toContainText(copy);
          |                                                                                  ^
      988 |     await page.reload();
      989 |     await waitForHistoryContent(page);
      990 |     await expect(page.locator('[data-action="review-pending"][data-id="pp-1"]')).toContainText(copy);
        at /home/jcole/projects/hq/.night-crew/runs/20261007/worktrees/inventory-setup-races/tests/inventory.spec.js:987:82
    Error Context: test-results/inventory-Inventory-a-queu-721aa-l-run-and-survives-a-reload-chromium/error-context.md
  6) [chromium] › tests/inventory.spec.js:993:3 › Inventory › line items from a failed parse pre-fill the review form 
    Test timeout of 30000ms exceeded.
    Error: locator.click: Test timeout of 30000ms exceeded.
    Call log:
      - waiting for locator('[data-action="review-pending"][data-id="pp-1"]').locator('.event-vendor')
       999 |       { name: 'Bread', quantity: 1, price: 2.99 },
      1000 |     ] });
    > 1001 |     await page.locator('[data-action="review-pending"][data-id="pp-1"]').locator('.event-vendor').click();
           |                                                                                                   ^
      1002 |     await expect(page.locator('.review-form')).toBeVisible();
      1003 |     await expect(page.locator('.review-line-item-row')).toHaveCount(2);
      1004 |     await expect(page.locator('.review-li-price').first()).toHaveValue('3.49');
        at /home/jcole/projects/hq/.night-crew/runs/20261007/worktrees/inventory-setup-races/tests/inventory.spec.js:1001:99
    Error Context: test-results/inventory-Inventory-line-i-a4e20-se-pre-fill-the-review-form-chromium/error-context.md
  7) [chromium] › tests/inventory.spec.js:1008:3 › Inventory › a transient failure is still described in words 
    Error: expect(locator).toContainText(expected) failed
    Locator: locator('[data-action="review-pending"][data-id="pp-1"]')
    Expected substring: "Not parsed yet: out of API credits"
    Timeout: 5000ms
    Error: element(s) not found
    Call log:
      - Expect "toContainText" with timeout 5000ms
      - waiting for locator('[data-action="review-pending"][data-id="pp-1"]')
      1009 |     await stubPending(page, { parse_error: 'transient: out of API credits' });
      1010 |     const card = page.locator('[data-action="review-pending"][data-id="pp-1"]');
    > 1011 |     await expect(card).toContainText('Not parsed yet: out of API credits');
           |                        ^
      1012 |     await expect(card).toContainText('next sync will retry automatically');
      1013 |   });
      1014 |
        at /home/jcole/projects/hq/.night-crew/runs/20261007/worktrees/inventory-setup-races/tests/inventory.spec.js:1011:24
    Error Context: test-results/inventory-Inventory-a-tran-f1f64-is-still-described-in-words-chromium/error-context.md
  8) [chromium] › tests/inventory.spec.js:1025:3 › Inventory › a running sync shows elapsed time that actually advances 
    Error: expect(locator).toBeVisible() failed
    Locator:  locator('#sync-receipts-chip')
    Expected: visible
    Received: hidden
    Timeout:  5000ms
    Call log:
      - Expect "toBeVisible" with timeout 5000ms
      - waiting for locator('#sync-receipts-chip')
        9 × locator resolved to <div class="" id="sync-receipts-chip"></div>
          - unexpected value "hidden"
      1035 |     await page.goto('/inventory.html#tab=1');
      1036 |     const chip = page.locator('#sync-receipts-chip');
    > 1037 |     await expect(chip).toBeVisible();
           |                        ^
      1038 |     await expect(chip).toContainText('Working…');
      1039 |     const first = await page.locator('.sync-elapsed').first().textContent();
      1040 |     expect(first.trim()).toMatch(/^\d+s$/);
        at /home/jcole/projects/hq/.night-crew/runs/20261007/worktrees/inventory-setup-races/tests/inventory.spec.js:1037:24
    Error Context: test-results/inventory-Inventory-a-runn-69592-time-that-actually-advances-chromium/error-context.md
  9) [chromium] › tests/inventory.spec.js:1288:3 › Inventory › a run in flight turns the primary button into a red, ENABLED Cancel 
    Error: expect(locator).toContainText(expected) failed
    Locator: locator('#sync-receipts-btn')
    Expected substring: "Cancel Sync"
    Received string:    "Sync Receipts"
    Timeout: 5000ms
    Call log:
      - Expect "toContainText" with timeout 5000ms
      - waiting for locator('#sync-receipts-btn')
        9 × locator resolved to <button type="button" class="sync-btn" id="sync-receipts-btn">Sync Receipts</button>
          - unexpected value "Sync Receipts"
      1240 |     });
      1241 |     await page.goto('/inventory.html#tab=1');
    > 1242 |     await expect(page.locator('#sync-receipts-btn')).toContainText('Cancel Sync');
           |                                                      ^
      1243 |   }
      1244 |
      1245 |   test('the button paints Cancel before the server answers', async ({ page }) => {
        at runningSync (/home/jcole/projects/hq/.night-crew/runs/20261007/worktrees/inventory-setup-races/tests/inventory.spec.js:1242:54)
        at /home/jcole/projects/hq/.night-crew/runs/20261007/worktrees/inventory-setup-races/tests/inventory.spec.js:1289:5
    Error Context: test-results/inventory-Inventory-a-run--7825f-n-into-a-red-ENABLED-Cancel-chromium/error-context.md
  10) [chromium] › tests/inventory.spec.js:1296:3 › Inventory › cancelling asks first, and backing out does not cancel 
    Error: expect(locator).toContainText(expected) failed
    Locator: locator('#sync-receipts-btn')
    Expected substring: "Cancel Sync"
    Received string:    "Sync Receipts"
    Timeout: 5000ms
    Call log:
      - Expect "toContainText" with timeout 5000ms
      - waiting for locator('#sync-receipts-btn')
        9 × locator resolved to <button type="button" class="sync-btn" id="sync-receipts-btn">Sync Receipts</button>
          - unexpected value "Sync Receipts"
      1240 |     });
      1241 |     await page.goto('/inventory.html#tab=1');
    > 1242 |     await expect(page.locator('#sync-receipts-btn')).toContainText('Cancel Sync');
           |                                                      ^
      1243 |   }
      1244 |
      1245 |   test('the button paints Cancel before the server answers', async ({ page }) => {
        at runningSync (/home/jcole/projects/hq/.night-crew/runs/20261007/worktrees/inventory-setup-races/tests/inventory.spec.js:1242:54)
        at /home/jcole/projects/hq/.night-crew/runs/20261007/worktrees/inventory-setup-races/tests/inventory.spec.js:1301:5
    Error Context: test-results/inventory-Inventory-cancel-85860-backing-out-does-not-cancel-chromium/error-context.md
  11) [chromium] › tests/inventory.spec.js:1313:3 › Inventory › confirming posts the cancel ────────
    Error: expect(locator).toContainText(expected) failed
    Locator: locator('#sync-receipts-btn')
    Expected substring: "Cancel Sync"
    Received string:    "Sync Receipts"
    Timeout: 5000ms
    Call log:
      - Expect "toContainText" with timeout 5000ms
      - waiting for locator('#sync-receipts-btn')
        9 × locator resolved to <button type="button" class="sync-btn" id="sync-receipts-btn">Sync Receipts</button>
          - unexpected value "Sync Receipts"
      1240 |     });
      1241 |     await page.goto('/inventory.html#tab=1');
    > 1242 |     await expect(page.locator('#sync-receipts-btn')).toContainText('Cancel Sync');
           |                                                      ^
      1243 |   }
      1244 |
      1245 |   test('the button paints Cancel before the server answers', async ({ page }) => {
        at runningSync (/home/jcole/projects/hq/.night-crew/runs/20261007/worktrees/inventory-setup-races/tests/inventory.spec.js:1242:54)
        at /home/jcole/projects/hq/.night-crew/runs/20261007/worktrees/inventory-setup-races/tests/inventory.spec.js:1318:5
    Error Context: test-results/inventory-Inventory-confirming-posts-the-cancel-chromium/error-context.md
  12) [chromium] › tests/inventory.spec.js:1325:3 › Inventory › a cancelled run reports what it finished, not just that it stopped 
    Error: expect(locator).toBeVisible() failed
    Locator:  locator('#sync-receipts-chip')
    Expected: visible
    Received: hidden
    Timeout:  5000ms
    Call log:
      - Expect "toBeVisible" with timeout 5000ms
      - waiting for locator('#sync-receipts-chip')
        9 × locator resolved to <div class="" id="sync-receipts-chip"></div>
          - unexpected value "hidden"
      1333 |     await page.goto('/inventory.html#tab=1');
      1334 |     const chip = page.locator('#sync-receipts-chip');
    > 1335 |     await expect(chip).toBeVisible();
           |                        ^
      1336 |     // 1 auto-added + 3 still pending = 4 receipts actually read before the stop.
      1337 |     await expect(chip).toContainText('Sync stopped after 4 receipts');
      1338 |     await expect(chip).toContainText('Nothing was undone');
        at /home/jcole/projects/hq/.night-crew/runs/20261007/worktrees/inventory-setup-races/tests/inventory.spec.js:1335:24
    Error Context: test-results/inventory-Inventory-a-canc-0ffb5-ed-not-just-that-it-stopped-chromium/error-context.md
  13) [chromium] › tests/inventory.spec.js:1346:3 › Inventory › back link navigates to HQ ──────────
    Error: expect(locator).toBeVisible() failed
    Locator:  locator('a.back[href="index.html"]')
    Expected: visible
    Received: hidden
    Timeout:  5000ms
    Call log:
      - Expect "toBeVisible" with timeout 5000ms
      - waiting for locator('a.back[href="index.html"]')
        9 × locator resolved to <a class="back" id="back-hq" href="index.html">HQ  ·  Inventory</a>
          - unexpected value "hidden"
      1349 |     // href to avoid strict-mode locator violations.
      1350 |     const backLink = page.locator('a.back[href="index.html"]');
    > 1351 |     await expect(backLink).toBeVisible();
           |                            ^
      1352 |     await expect(backLink).toHaveAttribute('href', 'index.html');
      1353 |   });
      1354 |
        at /home/jcole/projects/hq/.night-crew/runs/20261007/worktrees/inventory-setup-races/tests/inventory.spec.js:1351:28
    Error Context: test-results/inventory-Inventory-back-link-navigates-to-HQ-chromium/error-context.md
  14) [chromium] › tests/inventory.spec.js:3685:3 › PO add item navigates to Inventory Setup › navigating to inventory.html with newItem hash prefills item name and shows Setup tab 
    Test timeout of 30000ms exceeded.
    Error: page.waitForFunction: Test timeout of 30000ms exceeded.
      3692 |
      3693 |     // Wait for Setup tab to be active (tab 7 — was 6 before Phase 999.2-05)
    > 3694 |     await page.waitForFunction(() => {
           |                ^
      3695 |       var btn = document.getElementById('t7');
      3696 |       return btn && btn.className === 'on';
      3697 |     }, { timeout: 5000 });
        at /home/jcole/projects/hq/.night-crew/runs/20261007/worktrees/inventory-setup-races/tests/inventory.spec.js:3694:16
    Error Context: test-results/inventory-PO-add-item-navi-4675d-em-name-and-shows-Setup-tab-chromium/error-context.md
  15) [chromium] › tests/inventory.spec.js:4550:3 › Inline reparse (260929) › the amount is centred on the card and shares the confirmed cards’ right edge 
    Test timeout of 30000ms exceeded.
    Error: locator.boundingBox: Test timeout of 30000ms exceeded.
    Call log:
      - waiting for locator('[data-action="toggle-event"][data-id="evt-above"] .event-total')
      4565 |     const [c, t, b, n] = await Promise.all([
      4566 |       card.boundingBox(), total.boundingBox(), card.locator('.approval-badge').boundingBox(),
    > 4567 |       page.locator('[data-action="toggle-event"][data-id="evt-above"] .event-total').boundingBox(),
           |                                                                                      ^
      4568 |     ]);
      4569 |     // Same right edge as the confirmed card's amount.
      4570 |     expect(Math.abs((t.x + t.width) - (n.x + n.width))).toBeLessThanOrEqual(1);
        at /home/jcole/projects/hq/.night-crew/runs/20261007/worktrees/inventory-setup-races/tests/inventory.spec.js:4567:86
    Error Context: test-results/inventory-Inline-reparse-2-c3d26-confirmed-cards’-right-edge-chromium/error-context.md
  16) [chromium] › tests/inventory.spec.js:4731:3 › Inventory prove sweep — Purchases › FR-11: vendor filter + pagination work against a real seed 
    Error: expect(received).toEqual(expected) // deep equality
    - Expected  - 10
    + Received  + 10
    @@ -1,6 +1,16 @@
      Array [
    +   "320fbbde-46c1-40a2-a454-d47ab81eb11a",
    +   "b429e034-24f7-4f13-9677-1b447bc55877",
    +   "8b9dcd56-dd0c-4fda-9b48-1fd8a94a057c",
    +   "f4fb400b-21a6-4a06-8fd1-f4f4badbe92b",
    +   "a93edc86-ad51-452a-8b06-830ea8384096",
    +   "f8b1d5aa-4fc7-404a-bb18-44570c60e9cb",
    +   "433a2608-5a77-4d53-b114-37cbb454cb79",
    +   "53be6604-0190-44b2-8ab5-62442ea88990",
    +   "8762739c-98ad-4263-8483-7da82ae85a28",
    +   "374e47e1-d526-47c4-9df4-d20efdce49af",
        "72d82209-a74d-4dae-8d71-3372b9518f2b",
        "7904b11d-c2dc-4613-a044-7e6b0ccb09e3",
        "3569a957-2cd2-4539-83ed-8b49e451bd34",
        "7882e25f-74cd-4239-b10f-d94272d2a50e",
        "f9f77129-9a7e-4153-b881-86e0b4a24d2d",
    @@ -37,16 +47,6 @@
        "96a0991f-5336-4df7-b8d0-7fff9a74fecc",
        "60afd6e9-0f56-453d-b308-200eb3a40f86",
        "fb31964c-4968-4659-a507-eb00ca08f357",
        "aaf1d39c-1dbd-4bb1-8149-1cb3b702dd9d",
        "7e29acea-7d80-4901-8ac3-33e1304927ca",
    -   "883fdf21-d30f-4568-8c39-950189d9efe5",
    -   "a93edc86-ad51-452a-8b06-830ea8384096",
    -   "f8b1d5aa-4fc7-404a-bb18-44570c60e9cb",
    -   "433a2608-5a77-4d53-b114-37cbb454cb79",
    -   "53be6604-0190-44b2-8ab5-62442ea88990",
    -   "8762739c-98ad-4263-8483-7da82ae85a28",
    -   "374e47e1-d526-47c4-9df4-d20efdce49af",
    -   "320fbbde-46c1-40a2-a454-d47ab81eb11a",
    -   "b429e034-24f7-4f13-9677-1b447bc55877",
    -   "8b9dcd56-dd0c-4fda-9b48-1fd8a94a057c",
      ]
      4821 |     // page 2 is seed 0. This is also what proves no row is on both pages or
      4822 |     // on neither.
    > 4823 |     expect(p1.map(ev => ev.id)).toEqual(seededIds.slice(1).reverse());
           |                                 ^
      4824 |     expect(p2.map(ev => ev.id)).toEqual([seededIds[0]]);
      4825 |     // A second read splits identically — the boundary is stable, not luck.
      4826 |     expect((await listPage(1)).map(ev => ev.id)).toEqual(p1.map(ev => ev.id));
        at /home/jcole/projects/hq/.night-crew/runs/20261007/worktrees/inventory-setup-races/tests/inventory.spec.js:4823:33
    Error Context: test-results/inventory-Inventory-prove--dd29f-on-work-against-a-real-seed-chromium/error-context.md
  16 failed
    [chromium] › tests/inventory.spec.js:949:3 › Inventory › a parse failure states its cause instead of only that it failed 
    [chromium] › tests/inventory.spec.js:955:3 › Inventory › a parse failure with no recorded cause says so rather than standing bare 
    [chromium] › tests/inventory.spec.js:961:3 › Inventory › Retry parse is offered on a pending row with no parse_error and no items 
    [chromium] › tests/inventory.spec.js:969:3 › Inventory › a stale re-parse flag on a row with a stored receipt is not a nag — the button is the truth 
    [chromium] › tests/inventory.spec.js:982:3 › Inventory › a queued re-parse on a row with no stored receipt says when it will run, and survives a reload 
    [chromium] › tests/inventory.spec.js:993:3 › Inventory › line items from a failed parse pre-fill the review form 
    [chromium] › tests/inventory.spec.js:1008:3 › Inventory › a transient failure is still described in words 
    [chromium] › tests/inventory.spec.js:1025:3 › Inventory › a running sync shows elapsed time that actually advances 
    [chromium] › tests/inventory.spec.js:1288:3 › Inventory › a run in flight turns the primary button into a red, ENABLED Cancel 
    [chromium] › tests/inventory.spec.js:1296:3 › Inventory › cancelling asks first, and backing out does not cancel 
    [chromium] › tests/inventory.spec.js:1313:3 › Inventory › confirming posts the cancel ──────────
    [chromium] › tests/inventory.spec.js:1325:3 › Inventory › a cancelled run reports what it finished, not just that it stopped 
    [chromium] › tests/inventory.spec.js:1346:3 › Inventory › back link navigates to HQ ────────────
    [chromium] › tests/inventory.spec.js:3685:3 › PO add item navigates to Inventory Setup › navigating to inventory.html with newItem hash prefills item name and shows Setup tab 
    [chromium] › tests/inventory.spec.js:4550:3 › Inline reparse (260929) › the amount is centred on the card and shares the confirmed cards’ right edge 
    [chromium] › tests/inventory.spec.js:4731:3 › Inventory prove sweep — Purchases › FR-11: vendor filter + pagination work against a real seed 
  1 skipped
  261 passed (12.8m)
# exit: 1
