# isolation — PRE-CHANGE production code (repository.go + handler.go at 3bd6a9b; the card's only non-test code diff) · TEST_PORT=8241 TEST_DB_NAME=hq_test_e2e_j2_20261005 · 2026-10-05T02:29:56Z
# cmd: npx playwright test tests/inventory.spec.js:2112 tests/inventory.spec.js:2406 tests/inventory.spec.js:2931 --repeat-each=3 --retries=0 --reporter=list

Running 9 tests using 1 worker

  ✓  1 [chromium] › tests/inventory.spec.js:2112:3 › Inventory › alias auto-matches receipt line in review form (2.1s)
  ✓  2 [chromium] › tests/inventory.spec.js:2406:3 › Inventory › duplicate group shows toast warning in items tab (2.0s)
  ✘  3 [chromium] › tests/inventory.spec.js:2931:3 › Inventory › creating item opens edit form with store location dropdown (15.8s)
  ✓  4 [chromium] › tests/inventory.spec.js:2112:3 › Inventory › alias auto-matches receipt line in review form (2.7s)
  ✘  5 [chromium] › tests/inventory.spec.js:2406:3 › Inventory › duplicate group shows toast warning in items tab (3.3s)
  ✘  6 [chromium] › tests/inventory.spec.js:2931:3 › Inventory › creating item opens edit form with store location dropdown (16.5s)
  ✓  7 [chromium] › tests/inventory.spec.js:2112:3 › Inventory › alias auto-matches receipt line in review form (1.7s)
  ✓  8 [chromium] › tests/inventory.spec.js:2406:3 › Inventory › duplicate group shows toast warning in items tab (1.5s)
  ✘  9 [chromium] › tests/inventory.spec.js:2931:3 › Inventory › creating item opens edit form with store location dropdown (10.0s)


  1) [chromium] › tests/inventory.spec.js:2931:3 › Inventory › creating item opens edit form with store location dropdown 

    Error: [2mexpect([22m[31mlocator[39m[2m).[22mtoBeVisible[2m([22m[2m)[22m failed

    Locator: locator('.item-edit-form')
    Expected: visible
    Timeout: 8000ms
    Error: element(s) not found

    Call log:
    [2m  - Expect "toBeVisible" with timeout 8000ms[22m
    [2m  - waiting for locator('.item-edit-form')[22m


      2940 |     await page.click('[data-action="create-item"]');
      2941 |     // Should open the item's edit form after creation
    > 2942 |     await expect(page.locator('.item-edit-form')).toBeVisible({ timeout: 8000 });
           |                                                   ^
      2943 |     // Store location dropdown should be visible
      2944 |     await expect(page.locator('.item-edit-location')).toBeVisible();
      2945 |     // The edit form should contain the created item's name
        at /home/jcole/projects/hq-worktrees/j2-merge-target-and-blanking-guards/tests/inventory.spec.js:2942:51

    Error Context: test-results-j2/inventory-Inventory-creati-efc78-ith-store-location-dropdown-chromium/error-context.md

  2) [chromium] › tests/inventory.spec.js:2406:3 › Inventory › duplicate group shows toast warning in items tab 

    Error: [2mexpect([22m[31mreceived[39m[2m).[22mtoBe[2m([22m[32mexpected[39m[2m) // Object.is equality[22m

    Expected: [32m"7e435a2b-6199-491d-b631-dd19b7bfacc4"[39m
    Received: [31m""[39m

      2426 |     // The existing group should be selected
      2427 |     const selectedVal = await page.locator('#new-item-group').inputValue();
    > 2428 |     expect(selectedVal).toBe(groups[0].id);
           |                         ^
      2429 |   });
      2430 |
      2431 |   // ── Unlinked item visual indicator ────────────────────────────────────
        at /home/jcole/projects/hq-worktrees/j2-merge-target-and-blanking-guards/tests/inventory.spec.js:2428:25

    Error Context: test-results-j2/inventory-Inventory-duplic-63d5b--toast-warning-in-items-tab-chromium-repeat1/error-context.md

  3) [chromium] › tests/inventory.spec.js:2931:3 › Inventory › creating item opens edit form with store location dropdown 

    Error: [2mexpect([22m[31mlocator[39m[2m).[22mtoBeVisible[2m([22m[2m)[22m failed

    Locator: locator('.item-edit-form')
    Expected: visible
    Timeout: 8000ms
    Error: element(s) not found

    Call log:
    [2m  - Expect "toBeVisible" with timeout 8000ms[22m
    [2m  - waiting for locator('.item-edit-form')[22m


      2940 |     await page.click('[data-action="create-item"]');
      2941 |     // Should open the item's edit form after creation
    > 2942 |     await expect(page.locator('.item-edit-form')).toBeVisible({ timeout: 8000 });
           |                                                   ^
      2943 |     // Store location dropdown should be visible
      2944 |     await expect(page.locator('.item-edit-location')).toBeVisible();
      2945 |     // The edit form should contain the created item's name
        at /home/jcole/projects/hq-worktrees/j2-merge-target-and-blanking-guards/tests/inventory.spec.js:2942:51

    Error Context: test-results-j2/inventory-Inventory-creati-efc78-ith-store-location-dropdown-chromium-repeat1/error-context.md

  4) [chromium] › tests/inventory.spec.js:2931:3 › Inventory › creating item opens edit form with store location dropdown 

    Error: [2mexpect([22m[31mlocator[39m[2m).[22mtoBeVisible[2m([22m[2m)[22m failed

    Locator: locator('.item-edit-form')
    Expected: visible
    Timeout: 8000ms
    Error: element(s) not found

    Call log:
    [2m  - Expect "toBeVisible" with timeout 8000ms[22m
    [2m  - waiting for locator('.item-edit-form')[22m


      2940 |     await page.click('[data-action="create-item"]');
      2941 |     // Should open the item's edit form after creation
    > 2942 |     await expect(page.locator('.item-edit-form')).toBeVisible({ timeout: 8000 });
           |                                                   ^
      2943 |     // Store location dropdown should be visible
      2944 |     await expect(page.locator('.item-edit-location')).toBeVisible();
      2945 |     // The edit form should contain the created item's name
        at /home/jcole/projects/hq-worktrees/j2-merge-target-and-blanking-guards/tests/inventory.spec.js:2942:51

    Error Context: test-results-j2/inventory-Inventory-creati-efc78-ith-store-location-dropdown-chromium-repeat2/error-context.md

  4 failed
    [chromium] › tests/inventory.spec.js:2931:3 › Inventory › creating item opens edit form with store location dropdown 
    [chromium] › tests/inventory.spec.js:2406:3 › Inventory › duplicate group shows toast warning in items tab 
    [chromium] › tests/inventory.spec.js:2931:3 › Inventory › creating item opens edit form with store location dropdown 
    [chromium] › tests/inventory.spec.js:2931:3 › Inventory › creating item opens edit form with store location dropdown 
  5 passed (3.8m)
EXIT_PW=1
