# whole tests/marketing.spec.js, POST-change working tree. start 2026-10-04T00:25:12-04:00

Running 60 tests using 1 worker

  ✓   1 [chromium] › tests/marketing.spec.js:108:3 › Marketing tile + permission seed (card marketing-tile-and-page) › SEED: SeedHQApps registers marketing + marketing-offline-override with their first-registration grants (687ms)
  ✓   2 [chromium] › tests/marketing.spec.js:132:3 › Marketing tile + permission seed (card marketing-tile-and-page) › a team_member with the app grant sees the Marketing tile on the launcher (1.3s)
  ✓   3 [chromium] › tests/marketing.spec.js:152:3 › Marketing tile + permission seed (card marketing-tile-and-page) › marketing.html shows Scan live and Campaigns, Subscribers and Stats all gated to their designed Locked state (1.6s)
  ✓   4 [chromium] › tests/marketing.spec.js:223:3 › Marketing tile + permission seed (card marketing-tile-and-page) › a user without the marketing grant sees NO Marketing tile (2.2s)
  ✓   5 [chromium] › tests/marketing.spec.js:255:3 › Marketing tile + permission seed (card marketing-tile-and-page) › the offline_override entitlement renders as a grantable row in the Users access editor (720ms)
  ✓   6 [chromium] › tests/marketing.spec.js:279:3 › Marketing tile + permission seed (card marketing-tile-and-page) › a per-user offline_override grant round-trips to that user's /me/apps (2.1s)
  ✓   7 [chromium] › tests/marketing.spec.js:451:3 › Camera scanner decode (card camera-scanner-decode) › a printed QR decodes from an image and its on-device hash equals the committed seed literal (1.0s)
  ✓   8 [chromium] › tests/marketing.spec.js:469:3 › Camera scanner decode (card camera-scanner-decode) › done_when: a synced customer's offer resolves OFFLINE from the local replica (image decode) (1.0s)
  ✓   9 [chromium] › tests/marketing.spec.js:491:3 › Camera scanner decode (card camera-scanner-decode) › done_when: an un-synced customer falls back OFFLINE to the QR-embedded offer, marked unverified (image decode) (931ms)
  ✓  10 [chromium] › tests/marketing.spec.js:510:3 › Camera scanner decode (card camera-scanner-decode) › resolution order: the local replica beats the QR-embedded offer when both exist (883ms)
  ✓  11 [chromium] › tests/marketing.spec.js:524:3 › Camera scanner decode (card camera-scanner-decode) › a token in neither replica with no descriptor resolves unknownCode (F2 display) (745ms)
  ✓  12 [chromium] › tests/marketing.spec.js:532:3 › Camera scanner decode (card camera-scanner-decode) › a payload that is not a Yumyums code resolves invalidPayload, loudly (691ms)
  ✓  13 [chromium] › tests/marketing.spec.js:542:3 › Camera scanner decode (card camera-scanner-decode) › F3 offline: a locally-redeemed code rejects immediately as spentLocally (900ms)
  ✓  14 [chromium] › tests/marketing.spec.js:560:3 › Camera scanner decode (card camera-scanner-decode) › F3 online: the local redeemed flag does NOT reject — the server decides at submit (1.1s)
  ✓  15 [chromium] › tests/marketing.spec.js:583:3 › Camera scanner decode (card camera-scanner-decode) › offline expiry uses clock.isExpired — a +2h server offset expires a code raw Date.now() calls live (1.0s)
  ✓  16 [chromium] › tests/marketing.spec.js:603:3 › Camera scanner decode (card camera-scanner-decode) › the clock state round-trips a reload (persist → initialState) so a reloaded-offline device keeps its offset (1.2s)
  ✓  17 [chromium] › tests/marketing.spec.js:627:3 › Camera scanner decode (card camera-scanner-decode) › hash caching: repeated scans of one token digest once (730ms)
  ✓  18 [chromium] › tests/marketing.spec.js:636:3 › Camera scanner decode (card camera-scanner-decode) › enqueue is serialized per code: two rapid same-code enqueues insert exactly one live attempt (1.2s)
  ✓  19 [chromium] › tests/marketing.spec.js:653:3 › Camera scanner decode (card camera-scanner-decode) › F6: re-scanning the same code re-shows the result instead of erroring or duplicating (853ms)
  ✓  20 [chromium] › tests/marketing.spec.js:665:3 › Camera scanner decode (card camera-scanner-decode) › camera failure is loud and retryable (headless has no camera; live decode is the attended morning check) (960ms)
  ✓  21 [chromium] › tests/marketing.spec.js:695:3 › Camera scanner decode (card camera-scanner-decode) › a live camera hides the Start camera control and shows no error (775ms)
  ✓  22 [chromium] › tests/marketing.spec.js:706:3 › Camera scanner decode (card camera-scanner-decode) › starting the camera twice does not report it unavailable (1.1s)
  ✓  23 [chromium] › tests/marketing.spec.js:720:3 › Camera scanner decode (card camera-scanner-decode) › a camera failure names the real reason, even when the library throws a string (789ms)
  ✓  24 [chromium] › tests/marketing.spec.js:815:3 › Redemption submit flow (card redemption-submit-flow) › a persistent online/offline indicator renders from boot and reads online on a live probe (1.1s)
  ✓  25 [chromium] › tests/marketing.spec.js:829:3 › Redemption submit flow (card redemption-submit-flow) › confirm-then-burn: no path to redeemed without a validator-passing Toast order number (1.1s)
  ✓  26 [chromium] › tests/marketing.spec.js:872:3 › Redemption submit flow (card redemption-submit-flow) › offline branch 1: no entitlement -> blocked, no override affordance (1.7s)
  ✓  27 [chromium] › tests/marketing.spec.js:891:3 › Redemption submit flow (card redemption-submit-flow) › offline branch 2: the entitlement offers force-submit behind the §13 confirmation (1.3s)
  ✓  28 [chromium] › tests/marketing.spec.js:934:3 › Redemption submit flow (card redemption-submit-flow) › offline branch 3: requires_online=true refuses the override even WITH the entitlement (§8) (1.0s)
  ✓  29 [chromium] › tests/marketing.spec.js:999:3 › Redemption submit flow (card redemption-submit-flow) › B-432: a requires_online=true code is refused while its campaign is UNRESOLVED (branch-3 minus the campaigns: seed) (1.2s)
  ✓  30 [chromium] › tests/marketing.spec.js:1039:3 › Redemption submit flow (card redemption-submit-flow) › P-KR4: indicator flips and submit re-arms LIVE when reachability returns — zero page interaction (1.0s)
  ✓  31 [chromium] › tests/marketing.spec.js:1064:3 › Redemption submit flow (card redemption-submit-flow) › F2: an unknownCode offline override warns unverifiable and writes offline_override=true AND unverified_code=true (1.5s)
  ✓  32 [chromium] › tests/marketing.spec.js:1126:3 › Redemption submit flow (card redemption-submit-flow) › done_when(2): a replica-FAILURE override lands policy_unresolved=true, distinguishable from the genuinely-unknown one (1.3s)
  ✓  33 [chromium] › tests/marketing.spec.js:1175:3 › Redemption submit flow (card redemption-submit-flow) › B-434(c): the policy predicate — resolved flag / KNOWN-but-unresolved fails closed / no campaign stays null (decision 166) (935ms)
  ✓  34 [chromium] › tests/marketing.spec.js:1219:3 › Redemption submit flow (card redemption-submit-flow) › F6: same-code re-scan is a no-op; a different code prompts; dismiss returns to the interrupted state (1.1s)
  ✓  35 [chromium] › tests/marketing.spec.js:1260:3 › Redemption submit flow (card redemption-submit-flow) › already_used verdict renders when + which device from the local codes replica (977ms)
  ✓  36 [chromium] › tests/marketing.spec.js:1280:3 › Redemption submit flow (card redemption-submit-flow) › an undeclared machine event raises the modeled unexpectedEvent card — loud, named, retryable, never a dead actor (967ms)
  ✓  37 [chromium] › tests/marketing.spec.js:1323:3 › Scanner polish (card scanner-polish, roadmap H6) › [SP-01] offline + requires_online renders the refusal BEFORE any tap, and the post-submit guard still holds (918ms)
  ✓  38 [chromium] › tests/marketing.spec.js:1372:3 › Scanner polish (card scanner-polish, roadmap H6) › [SP-01b] an offline-ELIGIBLE campaign keeps its order-# field and override path (1.3s)
  ✓  39 [chromium] › tests/marketing.spec.js:1395:3 › Scanner polish (card scanner-polish, roadmap H6) › [SP-02] the offer card names the campaign and the code last-4, not a bare UUID (1.0s)
  ✓  40 [chromium] › tests/marketing.spec.js:1418:3 › Scanner polish (card scanner-polish, roadmap H6) › [SP-02b] a campaign row with no name degrades to its id prefix, never "undefined" (1.3s)
  ✓  41 [chromium] › tests/marketing.spec.js:1449:3 › Scanner polish (card scanner-polish, roadmap H6) › [SP-03] no policy source → the refusal renders and NO Force affordance exists for a known code (1.5s)
  ✓  42 [chromium] › tests/marketing.spec.js:1549:3 › Test integrity (card test-integrity-fix, roadmap I1) › [TI-01] a codes/offers row without campaign_id is refused by the v1 schema (VD2), and a v0 store reopens at v1 with its rows (1.9s)
  ✓  43 [chromium] › tests/marketing.spec.js:1578:3 › Test integrity (card test-integrity-fix, roadmap I1) › [TI-02] in the page, a v0 codes/offers store on IndexedDB reopens at v1 through the shipped spec with its rows (1.3s)
  ✓  44 [chromium] › tests/marketing.spec.js:1746:3 › Sync provisioning (card sync-coordinates-provisioning) › done_when(1): provisioning through the SHIPPED path arms sync; a server-side code resolves OFFLINE after the network is cut (1.2s)
  ✓  45 [chromium] › tests/marketing.spec.js:1781:3 › Sync provisioning (card sync-coordinates-provisioning) › done_when(2): campaignPolicy genuinely attaches — attached() true, size() non-zero, seam NOT stubbed (1.3s)
  ✓  46 [chromium] › tests/marketing.spec.js:1798:3 › Sync provisioning (card sync-coordinates-provisioning) › done_when(3)/B-438: campaigns upstream killed at the NETWORK layer — a genuinely-unknown override lands policy_unresolved=true, pushed as the mint sub (1.6s)
  ✓  47 [chromium] › tests/marketing.spec.js:1846:3 › Sync provisioning (card sync-coordinates-provisioning) › done_when(3) control: with the campaigns replica HEALTHY the same override lands policy_unresolved=false (1.7s)
  ✓  48 [chromium] › tests/marketing.spec.js:1873:3 › Sync provisioning (card sync-coordinates-provisioning) › done_when(4)/B-439: after a post-ready failure + recovery WITH docs, unresolved() returns to false (6.6s)
  ✓  49 [chromium] › tests/marketing.spec.js:1899:3 › Sync provisioning (card sync-coordinates-provisioning) › done_when(4)/B-439: the recovery-EMPTY shape (zero new rows) ALSO clears the latch (7.2s)
  ✓  50 [chromium] › tests/marketing.spec.js:1951:3 › Boot without SubtleCrypto (plain-http LAN origin) › both flows boot with NO crypto.subtle, and the token hash still equals the WebCrypto seed literal (928ms)
  ✓  51 [chromium] › tests/marketing.spec.js:1962:3 › Boot without SubtleCrypto (plain-http LAN origin) › a boot failure reads as a plain sentence with the technical detail tucked away — not an exception dump (780ms)
  ✓  52 [chromium] › tests/marketing.spec.js:1986:3 › Boot without SubtleCrypto (plain-http LAN origin) › on a LAN/dev address the hint says https, NOT "go to hq.yumyums.kitchen" (705ms)
  ✓  53 [chromium] › tests/marketing.spec.js:2005:3 › Boot without SubtleCrypto (plain-http LAN origin) › the Details cause reads as a sentence, not an internal symbol name (645ms)
  ✓  54 [chromium] › tests/marketing.spec.js:2020:3 › Boot without SubtleCrypto (plain-http LAN origin) › camera failure on an insecure origin names the fix: open the https address, or scan from a photo (968ms)
  ✓  55 [chromium] › tests/marketing.spec.js:2137:3 › Scan-time verify (card scan-time-verify, roadmap I2) › [SV-01] online + absent locally + the server has it → the offer card renders from the server row, before any submit control is used (1.1s)
  ✓  56 [chromium] › tests/marketing.spec.js:2199:3 › Scan-time verify (card scan-time-verify, roadmap I2) › [SV-01b] a server row beats the QR-embedded descriptor; with no server row the embedded offer renders as today (1.0s)
  ✓  57 [chromium] › tests/marketing.spec.js:2227:3 › Scan-time verify (card scan-time-verify, roadmap I2) › [SV-02] online + the server says redeemed → "Already used" at scan, with no discount prompt (1.2s)
  ✓  58 [chromium] › tests/marketing.spec.js:2280:3 › Scan-time verify (card scan-time-verify, roadmap I2) › [SV-03] the server killed at the NETWORK layer → today's unknown-code card plus "couldn't check the server", inside the budget (1.1s)
  ✓  59 [chromium] › tests/marketing.spec.js:2323:3 › Scan-time verify (card scan-time-verify, roadmap I2) › [SV-03b] a HUNG link cannot wedge the scan: the lookup is aborted at the probe timeout and the fallback renders (4.7s)
  ✓  60 [chromium] › tests/marketing.spec.js:2355:3 › Scan-time verify (card scan-time-verify, roadmap I2) › [SV-04] offline → zero network calls at scan and a result byte-identical to today; the same phone online makes exactly one (1.2s)

  60 passed (1.4m)
EXIT=0
