# env-up.sh — mode=reconcile repo=/home/jcole/projects/hq
# compose anchor (--project-directory, path-stability fix) = /home/jcole/projects/hq
# started 2026-10-05T23:27:23Z

── 1. preflight — required tooling ───────────────────────────────
  docker /usr/bin/docker
  curl   /usr/bin/curl
  node   /usr/bin/node
  npm    /usr/bin/npm
  go     /usr/local/go/bin/go
  compose 5.1.0
  go      go version go1.25.8 linux/amd64
  node    v20.20.0
  docker daemon: reachable

── 2. bringing the stack up (idempotent) ───────────────────────────────
 Container spike-supabase-db-1 Running 
 Container spike-supabase-rest-1 Running 
 Container spike-supabase-realtime-1 Running 
 Container spike-supabase-db-1 Waiting 
 Container spike-supabase-db-1 Waiting 
 Container spike-supabase-db-1 Healthy 
 Container spike-supabase-db-1 Healthy 
NAME                        IMAGE                          COMMAND                  SERVICE    CREATED        STATUS                PORTS
spike-supabase-db-1         supabase/postgres:15.8.1.060   "docker-entrypoint.s…"   db         2 months ago   Up 2 days (healthy)   0.0.0.0:53269->5432/tcp, [::]:53269->5432/tcp
spike-supabase-realtime-1   supabase/realtime:v2.34.47     "/usr/bin/tini -s -g…"   realtime   2 months ago   Up 2 days             0.0.0.0:53383->4000/tcp, [::]:53383->4000/tcp
spike-supabase-rest-1       postgrest/postgrest:v12.2.12   "/bin/postgrest"         rest       2 months ago   Up 2 days             0.0.0.0:53277->3000/tcp, [::]:53277->3000/tcp

── 3. waiting for db to report healthy (timeout 300s) ───────────────────────────────
  db: running/healthy

── 4. applying fixture schemas ───────────────────────────────
  → spike-fixture.sql
psql:<stdin>:30: NOTICE:  relation "spike_notes" already exists, skipping
  → hq-bridge-fixture.sql
psql:<stdin>:53: NOTICE:  relation "hq_grant_projection" already exists, skipping
psql:<stdin>:77: NOTICE:  relation "hq_sync_checklists" already exists, skipping
psql:<stdin>:114: NOTICE:  relation "hq_uid_trap" already exists, skipping
  → hq-bridge-policies.sql

── 5. resolving host ports ───────────────────────────────
  db=53269 rest=53277 realtime=53383

── 6. waiting for PostgREST and Realtime to answer (timeout 180s each) ───────────────────────────────
  PostgREST: HTTP 200
  Realtime: HTTP 200

── 7. installing the RxDB harness (npm ci, isolated project) ───────────────────────────────
  node_modules present — skipping install

── 8. health assertion — rest, realtime, schema, rxdb ───────────────────────────────
# stack: rest=53277 realtime=53383 db=53269  run=r1791242851005
PASS  ports — db=53269 rest=53277 realtime=53383
PASS  token — go-minted, 184 chars, 3 segments
PASS  schema — 4 fixture table(s) and 5 hq_* policy(ies) present by name
PASS  rest — spike_notes readable; alice sees 1 row(s), owners=["user-alice"], bob's row correctly hidden
PASS  realtime — channel SUBSCRIBED
-------------- RxDB dev-mode warning -------------------------------
you are seeing this because you use the RxDB dev-mode plugin https://rxdb.info/dev-mode.html?console=dev-mode 
This is great in development mode, because it will run many checks to ensure
that you use RxDB correct. If you see this in production mode,
you did something wrong because the dev-mode plugin will decrease the performance.

🤗 Hint: To get the most out of RxDB, check out the Premium Plugins
to get access to faster storages and more professional features: https://rxdb.info/premium/?console=dev-mode 

You can disable this warning by calling disableWarnings() from the dev-mode plugin.
---------------------------------------------------------------------
PASS  rxdb — local RxDB database created, doc hc-1791242853013 inserted and read back

HEALTHCHECK: GREEN — ports, token, schema, rest, realtime, rxdb all asserted

══════════════════════════════════════════════════════════
✅ VERDICT: GREEN — Supabase + RxDB up, schema applied, healthy
   db=53269  rest=53277  realtime=53383   (project: spike-supabase)
   teardown is a separate, deliberate act:  task spike:down
   finished 2026-10-05T23:27:33Z
══════════════════════════════════════════════════════════
