2026/10/05 19:38:28 INFO starting night-crew worker temporal_address=localhost:7233 namespace=night-crew-hq rehearsal=false task_queue=night-crew env_task_queue=night-crew-env max_concurrent_wos=1 run_budget=0 budget_unit=minutes
2026/10/05 19:38:28 INFO polling as identity="night-crew-worker 92043@TheRealJCole dir=/home/jcole/projects/hq"
2026/10/05 19:38:28 INFO this binary carries no source revision (started with `go run`?); an e2e preflight cannot establish what build this worker is path=/home/jcole/projects/hq/.night-crew/worker-build.json
2026/10/05 19:38:28 DEBUG Worker heartbeating configured, but server version does not support it.
2026/10/05 19:38:28 INFO  Started Worker Namespace night-crew-hq TaskQueue night-crew WorkerID night-crew-worker 92043@TheRealJCole dir=/home/jcole/projects/hq
2026/10/05 19:38:28 DEBUG Worker heartbeating configured, but server version does not support it.
2026/10/05 19:38:28 INFO  Started Worker Namespace night-crew-hq TaskQueue night-crew-env WorkerID night-crew-worker 92043@TheRealJCole dir=/home/jcole/projects/hq
2026/10/05 19:38:37 DEBUG SideEffect Marker added Namespace night-crew-hq TaskQueue night-crew WorkerID night-crew-worker 92043@TheRealJCole dir=/home/jcole/projects/hq WorkflowType NightRunWorkflow WorkflowID 20261006 RunID 01a10e6e-fc94-7bd9-8c83-3b114cb3bd3f Attempt 1 SideEffectID 1
2026/10/05 19:38:37 DEBUG ExecuteActivity Namespace night-crew-hq TaskQueue night-crew WorkerID night-crew-worker 92043@TheRealJCole dir=/home/jcole/projects/hq WorkflowType NightRunWorkflow WorkflowID 20261006 RunID 01a10e6e-fc94-7bd9-8c83-3b114cb3bd3f Attempt 1 ActivityID 6 ActivityType PreflightActivity
2026/10/05 19:38:37 DEBUG ExecuteActivity Namespace night-crew-hq TaskQueue night-crew WorkerID night-crew-worker 92043@TheRealJCole dir=/home/jcole/projects/hq WorkflowType NightRunWorkflow WorkflowID 20261006 RunID 01a10e6e-fc94-7bd9-8c83-3b114cb3bd3f Attempt 1 ActivityID 12 ActivityType AppendActivity
2026/10/05 19:38:37 DEBUG ExecuteActivity Namespace night-crew-hq TaskQueue night-crew WorkerID night-crew-worker 92043@TheRealJCole dir=/home/jcole/projects/hq WorkflowType NightRunWorkflow WorkflowID 20261006 RunID 01a10e6e-fc94-7bd9-8c83-3b114cb3bd3f Attempt 1 ActivityID 18 ActivityType AppendActivity
2026/10/05 19:38:37 DEBUG ExecuteActivity Namespace night-crew-hq TaskQueue night-crew WorkerID night-crew-worker 92043@TheRealJCole dir=/home/jcole/projects/hq WorkflowType NightRunWorkflow WorkflowID 20261006 RunID 01a10e6e-fc94-7bd9-8c83-3b114cb3bd3f Attempt 1 ActivityID 24 ActivityType ReapLeakedActivity
2026/10/05 19:38:38 DEBUG SideEffect Marker added Namespace night-crew-hq TaskQueue night-crew WorkerID night-crew-worker 92043@TheRealJCole dir=/home/jcole/projects/hq WorkflowType NightRunWorkflow WorkflowID 20261006 RunID 01a10e6e-fc94-7bd9-8c83-3b114cb3bd3f Attempt 1 SideEffectID 2
2026/10/05 19:38:38 DEBUG ExecuteActivity Namespace night-crew-hq TaskQueue night-crew WorkerID night-crew-worker 92043@TheRealJCole dir=/home/jcole/projects/hq WorkflowType NightRunWorkflow WorkflowID 20261006 RunID 01a10e6e-fc94-7bd9-8c83-3b114cb3bd3f Attempt 1 ActivityID 37 ActivityType FootprintsActivity
2026/10/05 19:38:38 DEBUG ExecuteActivity Namespace night-crew-hq TaskQueue night-crew WorkerID night-crew-worker 92043@TheRealJCole dir=/home/jcole/projects/hq WorkflowType NightRunWorkflow WorkflowID 20261006 RunID 01a10e6e-fc94-7bd9-8c83-3b114cb3bd3f Attempt 1 ActivityID 43 ActivityType WritePlanActivity
2026/10/05 19:38:38 DEBUG ExecuteActivity Namespace night-crew-hq TaskQueue night-crew WorkerID night-crew-worker 92043@TheRealJCole dir=/home/jcole/projects/hq WorkflowType NightRunWorkflow WorkflowID 20261006 RunID 01a10e6e-fc94-7bd9-8c83-3b114cb3bd3f Attempt 1 ActivityID 49 ActivityType AppendActivity
2026/10/05 19:38:38 DEBUG SideEffect Marker added Namespace night-crew-hq TaskQueue night-crew WorkerID night-crew-worker 92043@TheRealJCole dir=/home/jcole/projects/hq WorkflowType NightRunWorkflow WorkflowID 20261006 RunID 01a10e6e-fc94-7bd9-8c83-3b114cb3bd3f Attempt 1 SideEffectID 3
2026/10/05 19:38:38 DEBUG SideEffect Marker added Namespace night-crew-hq TaskQueue night-crew WorkerID night-crew-worker 92043@TheRealJCole dir=/home/jcole/projects/hq WorkflowType NightRunWorkflow WorkflowID 20261006 RunID 01a10e6e-fc94-7bd9-8c83-3b114cb3bd3f Attempt 1 SideEffectID 4
2026/10/05 19:38:38 DEBUG ExecuteChildWorkflow Namespace night-crew-hq TaskQueue night-crew WorkerID night-crew-worker 92043@TheRealJCole dir=/home/jcole/projects/hq WorkflowType NightRunWorkflow WorkflowID 20261006 RunID 01a10e6e-fc94-7bd9-8c83-3b114cb3bd3f Attempt 1 ChildWorkflowID 20261006/wo-01-identity-code-and-qr.md WorkflowType WorkOrderWorkflow
2026/10/05 19:38:38 DEBUG SideEffect Marker added Namespace night-crew-hq TaskQueue night-crew WorkerID night-crew-worker 92043@TheRealJCole dir=/home/jcole/projects/hq WorkflowType WorkOrderWorkflow WorkflowID 20261006/wo-01-identity-code-and-qr.md RunID 01a10e6f-0370-7a3d-a395-3f70a2af4ba2 Attempt 1 SideEffectID 1
2026/10/05 19:38:38 DEBUG ExecuteActivity Namespace night-crew-hq TaskQueue night-crew WorkerID night-crew-worker 92043@TheRealJCole dir=/home/jcole/projects/hq WorkflowType WorkOrderWorkflow WorkflowID 20261006/wo-01-identity-code-and-qr.md RunID 01a10e6f-0370-7a3d-a395-3f70a2af4ba2 Attempt 1 ActivityID 8 ActivityType ParseActivity
2026/10/05 19:38:39 DEBUG ExecuteActivity Namespace night-crew-hq TaskQueue night-crew WorkerID night-crew-worker 92043@TheRealJCole dir=/home/jcole/projects/hq WorkflowType WorkOrderWorkflow WorkflowID 20261006/wo-01-identity-code-and-qr.md RunID 01a10e6f-0370-7a3d-a395-3f70a2af4ba2 Attempt 1 ActivityID 16 ActivityType SelectActivity
2026/10/05 19:38:39 DEBUG SideEffect Marker added Namespace night-crew-hq TaskQueue night-crew WorkerID night-crew-worker 92043@TheRealJCole dir=/home/jcole/projects/hq WorkflowType WorkOrderWorkflow WorkflowID 20261006/wo-01-identity-code-and-qr.md RunID 01a10e6f-0370-7a3d-a395-3f70a2af4ba2 Attempt 1 SideEffectID 2
2026/10/05 19:38:39 DEBUG ExecuteActivity Namespace night-crew-hq TaskQueue night-crew WorkerID night-crew-worker 92043@TheRealJCole dir=/home/jcole/projects/hq WorkflowType WorkOrderWorkflow WorkflowID 20261006/wo-01-identity-code-and-qr.md RunID 01a10e6f-0370-7a3d-a395-3f70a2af4ba2 Attempt 1 ActivityID 27 ActivityType WorktreeActivity
2026/10/05 19:38:41 DEBUG ExecuteActivity Namespace night-crew-hq TaskQueue night-crew WorkerID night-crew-worker 92043@TheRealJCole dir=/home/jcole/projects/hq WorkflowType WorkOrderWorkflow WorkflowID 20261006/wo-01-identity-code-and-qr.md RunID 01a10e6f-0370-7a3d-a395-3f70a2af4ba2 Attempt 1 ActivityID 33 ActivityType AppendActivity
2026/10/05 19:38:41 DEBUG ExecuteActivity Namespace night-crew-hq TaskQueue night-crew WorkerID night-crew-worker 92043@TheRealJCole dir=/home/jcole/projects/hq WorkflowType WorkOrderWorkflow WorkflowID 20261006/wo-01-identity-code-and-qr.md RunID 01a10e6f-0370-7a3d-a395-3f70a2af4ba2 Attempt 1 ActivityID 39 ActivityType AppendActivity
2026/10/05 19:38:41 DEBUG ExecuteActivity Namespace night-crew-hq TaskQueue night-crew WorkerID night-crew-worker 92043@TheRealJCole dir=/home/jcole/projects/hq WorkflowType WorkOrderWorkflow WorkflowID 20261006/wo-01-identity-code-and-qr.md RunID 01a10e6f-0370-7a3d-a395-3f70a2af4ba2 Attempt 1 ActivityID 45 ActivityType VerifyActivity
2026/10/05 19:38:52 DEBUG SideEffect Marker added Namespace night-crew-hq TaskQueue night-crew WorkerID night-crew-worker 92043@TheRealJCole dir=/home/jcole/projects/hq WorkflowType WorkOrderWorkflow WorkflowID 20261006/wo-01-identity-code-and-qr.md RunID 01a10e6f-0370-7a3d-a395-3f70a2af4ba2 Attempt 1 SideEffectID 3
2026/10/05 19:38:52 DEBUG SideEffect Marker added Namespace night-crew-hq TaskQueue night-crew WorkerID night-crew-worker 92043@TheRealJCole dir=/home/jcole/projects/hq WorkflowType WorkOrderWorkflow WorkflowID 20261006/wo-01-identity-code-and-qr.md RunID 01a10e6f-0370-7a3d-a395-3f70a2af4ba2 Attempt 1 SideEffectID 4
2026/10/05 19:38:52 DEBUG ExecuteActivity Namespace night-crew-hq TaskQueue night-crew WorkerID night-crew-worker 92043@TheRealJCole dir=/home/jcole/projects/hq WorkflowType WorkOrderWorkflow WorkflowID 20261006/wo-01-identity-code-and-qr.md RunID 01a10e6f-0370-7a3d-a395-3f70a2af4ba2 Attempt 1 ActivityID 55 ActivityType AppendActivity
2026/10/05 19:38:52 DEBUG ExecuteActivity Namespace night-crew-hq TaskQueue night-crew WorkerID night-crew-worker 92043@TheRealJCole dir=/home/jcole/projects/hq WorkflowType WorkOrderWorkflow WorkflowID 20261006/wo-01-identity-code-and-qr.md RunID 01a10e6f-0370-7a3d-a395-3f70a2af4ba2 Attempt 1 ActivityID 61 ActivityType RunSession
2026/10/05 21:04:49 DEBUG ExecuteActivity Namespace night-crew-hq TaskQueue night-crew WorkerID night-crew-worker 92043@TheRealJCole dir=/home/jcole/projects/hq WorkflowType WorkOrderWorkflow WorkflowID 20261006/wo-01-identity-code-and-qr.md RunID 01a10e6f-0370-7a3d-a395-3f70a2af4ba2 Attempt 1 ActivityID 67 ActivityType AppendActivity
2026/10/05 21:04:49 DEBUG ExecuteActivity Namespace night-crew-hq TaskQueue night-crew WorkerID night-crew-worker 92043@TheRealJCole dir=/home/jcole/projects/hq WorkflowType WorkOrderWorkflow WorkflowID 20261006/wo-01-identity-code-and-qr.md RunID 01a10e6f-0370-7a3d-a395-3f70a2af4ba2 Attempt 1 ActivityID 73 ActivityType DisputeRecordActivity
2026/10/05 21:04:49 DEBUG ExecuteActivity Namespace night-crew-hq TaskQueue night-crew WorkerID night-crew-worker 92043@TheRealJCole dir=/home/jcole/projects/hq WorkflowType WorkOrderWorkflow WorkflowID 20261006/wo-01-identity-code-and-qr.md RunID 01a10e6f-0370-7a3d-a395-3f70a2af4ba2 Attempt 1 ActivityID 79 ActivityType RevertActivity
2026/10/05 21:04:51 DEBUG ExecuteActivity Namespace night-crew-hq TaskQueue night-crew WorkerID night-crew-worker 92043@TheRealJCole dir=/home/jcole/projects/hq WorkflowType WorkOrderWorkflow WorkflowID 20261006/wo-01-identity-code-and-qr.md RunID 01a10e6f-0370-7a3d-a395-3f70a2af4ba2 Attempt 1 ActivityID 85 ActivityType AppendActivity
2026/10/05 21:04:51 DEBUG ExecuteActivity Namespace night-crew-hq TaskQueue night-crew WorkerID night-crew-worker 92043@TheRealJCole dir=/home/jcole/projects/hq WorkflowType WorkOrderWorkflow WorkflowID 20261006/wo-01-identity-code-and-qr.md RunID 01a10e6f-0370-7a3d-a395-3f70a2af4ba2 Attempt 1 ActivityID 91 ActivityType AppendActivity
2026/10/05 21:04:51 DEBUG ExecuteActivity Namespace night-crew-hq TaskQueue night-crew WorkerID night-crew-worker 92043@TheRealJCole dir=/home/jcole/projects/hq WorkflowType NightRunWorkflow WorkflowID 20261006 RunID 01a10e6e-fc94-7bd9-8c83-3b114cb3bd3f Attempt 1 ActivityID 70 ActivityType WorktreeTeardownActivity
2026/10/05 21:04:51 DEBUG ExecuteActivity Namespace night-crew-hq TaskQueue night-crew WorkerID night-crew-worker 92043@TheRealJCole dir=/home/jcole/projects/hq WorkflowType NightRunWorkflow WorkflowID 20261006 RunID 01a10e6e-fc94-7bd9-8c83-3b114cb3bd3f Attempt 1 ActivityID 76 ActivityType AppendActivity
2026/10/05 21:04:51 DEBUG ExecuteChildWorkflow Namespace night-crew-hq TaskQueue night-crew WorkerID night-crew-worker 92043@TheRealJCole dir=/home/jcole/projects/hq WorkflowType NightRunWorkflow WorkflowID 20261006 RunID 01a10e6e-fc94-7bd9-8c83-3b114cb3bd3f Attempt 1 ChildWorkflowID 20261006/wo-02-mms-send-on-signup.md WorkflowType WorkOrderWorkflow
2026/10/05 21:04:51 DEBUG SideEffect Marker added Namespace night-crew-hq TaskQueue night-crew WorkerID night-crew-worker 92043@TheRealJCole dir=/home/jcole/projects/hq WorkflowType WorkOrderWorkflow WorkflowID 20261006/wo-02-mms-send-on-signup.md RunID 01a10ebd-f172-7dbc-9b58-65a46a3fa079 Attempt 1 SideEffectID 1
2026/10/05 21:04:51 DEBUG ExecuteActivity Namespace night-crew-hq TaskQueue night-crew WorkerID night-crew-worker 92043@TheRealJCole dir=/home/jcole/projects/hq WorkflowType WorkOrderWorkflow WorkflowID 20261006/wo-02-mms-send-on-signup.md RunID 01a10ebd-f172-7dbc-9b58-65a46a3fa079 Attempt 1 ActivityID 8 ActivityType ParseActivity
2026/10/05 21:04:51 DEBUG ExecuteActivity Namespace night-crew-hq TaskQueue night-crew WorkerID night-crew-worker 92043@TheRealJCole dir=/home/jcole/projects/hq WorkflowType WorkOrderWorkflow WorkflowID 20261006/wo-02-mms-send-on-signup.md RunID 01a10ebd-f172-7dbc-9b58-65a46a3fa079 Attempt 1 ActivityID 16 ActivityType SelectActivity
2026/10/05 21:04:51 DEBUG SideEffect Marker added Namespace night-crew-hq TaskQueue night-crew WorkerID night-crew-worker 92043@TheRealJCole dir=/home/jcole/projects/hq WorkflowType WorkOrderWorkflow WorkflowID 20261006/wo-02-mms-send-on-signup.md RunID 01a10ebd-f172-7dbc-9b58-65a46a3fa079 Attempt 1 SideEffectID 2
2026/10/05 21:04:51 DEBUG ExecuteActivity Namespace night-crew-hq TaskQueue night-crew WorkerID night-crew-worker 92043@TheRealJCole dir=/home/jcole/projects/hq WorkflowType WorkOrderWorkflow WorkflowID 20261006/wo-02-mms-send-on-signup.md RunID 01a10ebd-f172-7dbc-9b58-65a46a3fa079 Attempt 1 ActivityID 27 ActivityType WorktreeActivity
2026/10/05 21:04:53 DEBUG ExecuteActivity Namespace night-crew-hq TaskQueue night-crew WorkerID night-crew-worker 92043@TheRealJCole dir=/home/jcole/projects/hq WorkflowType WorkOrderWorkflow WorkflowID 20261006/wo-02-mms-send-on-signup.md RunID 01a10ebd-f172-7dbc-9b58-65a46a3fa079 Attempt 1 ActivityID 33 ActivityType AppendActivity
2026/10/05 21:04:53 DEBUG ExecuteActivity Namespace night-crew-hq TaskQueue night-crew WorkerID night-crew-worker 92043@TheRealJCole dir=/home/jcole/projects/hq WorkflowType WorkOrderWorkflow WorkflowID 20261006/wo-02-mms-send-on-signup.md RunID 01a10ebd-f172-7dbc-9b58-65a46a3fa079 Attempt 1 ActivityID 39 ActivityType AppendActivity
2026/10/05 21:04:53 DEBUG ExecuteActivity Namespace night-crew-hq TaskQueue night-crew WorkerID night-crew-worker 92043@TheRealJCole dir=/home/jcole/projects/hq WorkflowType WorkOrderWorkflow WorkflowID 20261006/wo-02-mms-send-on-signup.md RunID 01a10ebd-f172-7dbc-9b58-65a46a3fa079 Attempt 1 ActivityID 45 ActivityType VerifyActivity
2026/10/05 21:05:03 DEBUG SideEffect Marker added Namespace night-crew-hq TaskQueue night-crew WorkerID night-crew-worker 92043@TheRealJCole dir=/home/jcole/projects/hq WorkflowType WorkOrderWorkflow WorkflowID 20261006/wo-02-mms-send-on-signup.md RunID 01a10ebd-f172-7dbc-9b58-65a46a3fa079 Attempt 1 SideEffectID 3
2026/10/05 21:05:03 DEBUG SideEffect Marker added Namespace night-crew-hq TaskQueue night-crew WorkerID night-crew-worker 92043@TheRealJCole dir=/home/jcole/projects/hq WorkflowType WorkOrderWorkflow WorkflowID 20261006/wo-02-mms-send-on-signup.md RunID 01a10ebd-f172-7dbc-9b58-65a46a3fa079 Attempt 1 SideEffectID 4
2026/10/05 21:05:03 DEBUG ExecuteActivity Namespace night-crew-hq TaskQueue night-crew WorkerID night-crew-worker 92043@TheRealJCole dir=/home/jcole/projects/hq WorkflowType WorkOrderWorkflow WorkflowID 20261006/wo-02-mms-send-on-signup.md RunID 01a10ebd-f172-7dbc-9b58-65a46a3fa079 Attempt 1 ActivityID 55 ActivityType AppendActivity
2026/10/05 21:05:03 DEBUG ExecuteActivity Namespace night-crew-hq TaskQueue night-crew WorkerID night-crew-worker 92043@TheRealJCole dir=/home/jcole/projects/hq WorkflowType WorkOrderWorkflow WorkflowID 20261006/wo-02-mms-send-on-signup.md RunID 01a10ebd-f172-7dbc-9b58-65a46a3fa079 Attempt 1 ActivityID 61 ActivityType RunSession
2026/10/05 21:06:16 DEBUG ExecuteActivity Namespace night-crew-hq TaskQueue night-crew WorkerID night-crew-worker 92043@TheRealJCole dir=/home/jcole/projects/hq WorkflowType WorkOrderWorkflow WorkflowID 20261006/wo-02-mms-send-on-signup.md RunID 01a10ebd-f172-7dbc-9b58-65a46a3fa079 Attempt 1 ActivityID 67 ActivityType AppendActivity
2026/10/05 21:06:16 DEBUG ExecuteActivity Namespace night-crew-hq TaskQueue night-crew WorkerID night-crew-worker 92043@TheRealJCole dir=/home/jcole/projects/hq WorkflowType WorkOrderWorkflow WorkflowID 20261006/wo-02-mms-send-on-signup.md RunID 01a10ebd-f172-7dbc-9b58-65a46a3fa079 Attempt 1 ActivityID 73 ActivityType DisputeRecordActivity
2026/10/05 21:06:16 DEBUG ExecuteActivity Namespace night-crew-hq TaskQueue night-crew WorkerID night-crew-worker 92043@TheRealJCole dir=/home/jcole/projects/hq WorkflowType WorkOrderWorkflow WorkflowID 20261006/wo-02-mms-send-on-signup.md RunID 01a10ebd-f172-7dbc-9b58-65a46a3fa079 Attempt 1 ActivityID 79 ActivityType RevertActivity
2026/10/05 21:06:16 DEBUG ExecuteActivity Namespace night-crew-hq TaskQueue night-crew WorkerID night-crew-worker 92043@TheRealJCole dir=/home/jcole/projects/hq WorkflowType NightRunWorkflow WorkflowID 20261006 RunID 01a10e6e-fc94-7bd9-8c83-3b114cb3bd3f Attempt 1 ActivityID 91 ActivityType WorktreeTeardownActivity
2026/10/05 21:06:17 DEBUG ExecuteActivity Namespace night-crew-hq TaskQueue night-crew WorkerID night-crew-worker 92043@TheRealJCole dir=/home/jcole/projects/hq WorkflowType NightRunWorkflow WorkflowID 20261006 RunID 01a10e6e-fc94-7bd9-8c83-3b114cb3bd3f Attempt 1 ActivityID 97 ActivityType AppendActivity
2026/10/05 21:06:17 DEBUG ExecuteActivity Namespace night-crew-hq TaskQueue night-crew WorkerID night-crew-worker 92043@TheRealJCole dir=/home/jcole/projects/hq WorkflowType NightRunWorkflow WorkflowID 20261006 RunID 01a10e6e-fc94-7bd9-8c83-3b114cb3bd3f Attempt 1 ActivityID 105 ActivityType WriteSummaryActivity
2026/10/05 21:06:17 DEBUG ExecuteActivity Namespace night-crew-hq TaskQueue night-crew WorkerID night-crew-worker 92043@TheRealJCole dir=/home/jcole/projects/hq WorkflowType NightRunWorkflow WorkflowID 20261006 RunID 01a10e6e-fc94-7bd9-8c83-3b114cb3bd3f Attempt 1 ActivityID 111 ActivityType AppendActivity
2026/10/05 21:06:17 DEBUG ExecuteActivity Namespace night-crew-hq TaskQueue night-crew WorkerID night-crew-worker 92043@TheRealJCole dir=/home/jcole/projects/hq WorkflowType NightRunWorkflow WorkflowID 20261006 RunID 01a10e6e-fc94-7bd9-8c83-3b114cb3bd3f Attempt 1 ActivityID 119 ActivityType WriteRunActivity
2026/10/05 21:06:17 DEBUG ExecuteActivity Namespace night-crew-hq TaskQueue night-crew WorkerID night-crew-worker 92043@TheRealJCole dir=/home/jcole/projects/hq WorkflowType NightRunWorkflow WorkflowID 20261006 RunID 01a10e6e-fc94-7bd9-8c83-3b114cb3bd3f Attempt 1 ActivityID 125 ActivityType AppendActivity
2026/10/05 21:06:18 DEBUG ExecuteActivity Namespace night-crew-hq TaskQueue night-crew WorkerID night-crew-worker 92043@TheRealJCole dir=/home/jcole/projects/hq WorkflowType NightRunWorkflow WorkflowID 20261006 RunID 01a10e6e-fc94-7bd9-8c83-3b114cb3bd3f Attempt 1 ActivityID 133 ActivityType WriteWORatingsActivity
2026/10/05 21:06:18 DEBUG ExecuteActivity Namespace night-crew-hq TaskQueue night-crew WorkerID night-crew-worker 92043@TheRealJCole dir=/home/jcole/projects/hq WorkflowType NightRunWorkflow WorkflowID 20261006 RunID 01a10e6e-fc94-7bd9-8c83-3b114cb3bd3f Attempt 1 ActivityID 139 ActivityType AppendActivity
2026/10/05 21:06:18 DEBUG ExecuteActivity Namespace night-crew-hq TaskQueue night-crew WorkerID night-crew-worker 92043@TheRealJCole dir=/home/jcole/projects/hq WorkflowType NightRunWorkflow WorkflowID 20261006 RunID 01a10e6e-fc94-7bd9-8c83-3b114cb3bd3f Attempt 1 ActivityID 147 ActivityType WriteTeamScorecardActivity
2026/10/05 21:06:23 DEBUG ExecuteActivity Namespace night-crew-hq TaskQueue night-crew WorkerID night-crew-worker 92043@TheRealJCole dir=/home/jcole/projects/hq WorkflowType NightRunWorkflow WorkflowID 20261006 RunID 01a10e6e-fc94-7bd9-8c83-3b114cb3bd3f Attempt 1 ActivityID 153 ActivityType AppendActivity
2026/10/05 21:06:23 DEBUG ExecuteActivity Namespace night-crew-hq TaskQueue night-crew WorkerID night-crew-worker 92043@TheRealJCole dir=/home/jcole/projects/hq WorkflowType NightRunWorkflow WorkflowID 20261006 RunID 01a10e6e-fc94-7bd9-8c83-3b114cb3bd3f Attempt 1 ActivityID 159 ActivityType ReapLeakedActivity
2026/10/05 21:07:50 INFO  Worker has been stopped. Namespace night-crew-hq TaskQueue night-crew-env WorkerID night-crew-worker 92043@TheRealJCole dir=/home/jcole/projects/hq Signal terminated
2026/10/05 21:07:50 INFO  Stopped Worker Namespace night-crew-hq TaskQueue night-crew-env WorkerID night-crew-worker 92043@TheRealJCole dir=/home/jcole/projects/hq
2026/10/05 21:07:50 INFO  Stopped Worker Namespace night-crew-hq TaskQueue night-crew WorkerID night-crew-worker 92043@TheRealJCole dir=/home/jcole/projects/hq
