[2m[WebServer] [22m── reset hq_test_c3impl on localhost:5434 ──
[2m[WebServer] [22m── wrote version.json frontend=1.4.0 ──
[2m[WebServer] [22m{"time":"2026-08-07T18:43:01.798378373-04:00","level":"INFO","msg":"serving static files from disk","dir":"../"}
[2m[WebServer] [22m{"time":"2026-08-07T18:43:01.798709945-04:00","level":"INFO","msg":"loaded superadmins","count":1}
[2m[WebServer] [22m{"time":"2026-08-07T18:43:01.818169219-04:00","level":"INFO","msg":"connected to database"}
[2m[WebServer] [22m{"time":"2026-08-07T18:43:01.884433526-04:00","level":"INFO","msg":"OK   0001_users.sql (39.13ms)","source":"stdlog"}
[2m[WebServer] [22m{"time":"2026-08-07T18:43:01.934710776-04:00","level":"INFO","msg":"OK   0002_sessions.sql (50.16ms)","source":"stdlog"}
[2m[WebServer] [22m{"time":"2026-08-07T18:43:01.974127937-04:00","level":"INFO","msg":"OK   0003_invite_tokens.sql (39.34ms)","source":"stdlog"}
[2m[WebServer] [22m{"time":"2026-08-07T18:43:02.01292435-04:00","level":"INFO","msg":"OK   0004_hq_apps.sql (38.4ms)","source":"stdlog"}
[2m[WebServer] [22m{"time":"2026-08-07T18:43:02.065379163-04:00","level":"INFO","msg":"OK   0005_app_permissions.sql (52.26ms)","source":"stdlog"}
[2m[WebServer] [22m{"time":"2026-08-07T18:43:02.100527409-04:00","level":"INFO","msg":"OK   0006_checklist_templates.sql (34.92ms)","source":"stdlog"}
[2m[WebServer] [22m{"time":"2026-08-07T18:43:02.131465344-04:00","level":"INFO","msg":"OK   0007_checklist_schedules.sql (30.75ms)","source":"stdlog"}
[2m[WebServer] [22m{"time":"2026-08-07T18:43:02.170492129-04:00","level":"INFO","msg":"OK   0008_template_assignments.sql (38.9ms)","source":"stdlog"}
[2m[WebServer] [22m{"time":"2026-08-07T18:43:02.201535099-04:00","level":"INFO","msg":"OK   0009_checklist_sections.sql (30.93ms)","source":"stdlog"}
[2m[WebServer] [22m{"time":"2026-08-07T18:43:02.232143472-04:00","level":"INFO","msg":"OK   0010_checklist_fields.sql (30.47ms)","source":"stdlog"}
[2m[WebServer] [22m{"time":"2026-08-07T18:43:02.272532791-04:00","level":"INFO","msg":"OK   0011_checklist_submissions.sql (40.19ms)","source":"stdlog"}
[2m[WebServer] [22m{"time":"2026-08-07T18:43:02.325369182-04:00","level":"INFO","msg":"OK   0012_submission_responses.sql (52.72ms)","source":"stdlog"}
[2m[WebServer] [22m{"time":"2026-08-07T18:43:02.353740203-04:00","level":"INFO","msg":"OK   0013_submission_fail_notes.sql (28.23ms)","source":"stdlog"}
[2m[WebServer] [22m{"time":"2026-08-07T18:43:02.379528444-04:00","level":"INFO","msg":"OK   0014_submission_rejections.sql (25.67ms)","source":"stdlog"}
[2m[WebServer] [22m{"time":"2026-08-07T18:43:02.410826267-04:00","level":"INFO","msg":"OK   0015_ops.sql (31.19ms)","source":"stdlog"}
[2m[WebServer] [22m{"time":"2026-08-07T18:43:02.421012892-04:00","level":"INFO","msg":"OK   0016_lamport_ts.sql (10.09ms)","source":"stdlog"}
[2m[WebServer] [22m{"time":"2026-08-07T18:43:02.433711905-04:00","level":"INFO","msg":"OK   0017_users_naming.sql (12.6ms)","source":"stdlog"}
[2m[WebServer] [22m{"time":"2026-08-07T18:43:02.497383402-04:00","level":"INFO","msg":"OK   0018_ob_templates.sql (63.55ms)","source":"stdlog"}
[2m[WebServer] [22m{"time":"2026-08-07T18:43:02.566237128-04:00","level":"INFO","msg":"OK   0019_ob_items.sql (68.66ms)","source":"stdlog"}
[2m[WebServer] [22m{"time":"2026-08-07T18:43:02.616503893-04:00","level":"INFO","msg":"OK   0020_ob_progress.sql (50.15ms)","source":"stdlog"}
[2m[WebServer] [22m{"time":"2026-08-07T18:43:02.656225752-04:00","level":"INFO","msg":"OK   0021_ob_signoffs.sql (39.59ms)","source":"stdlog"}
[2m[WebServer] [22m{"time":"2026-08-07T18:43:02.699970045-04:00","level":"INFO","msg":"OK   0022_ob_template_assignments.sql (43.63ms)","source":"stdlog"}
[2m[WebServer] [22m{"time":"2026-08-07T18:43:02.764822224-04:00","level":"INFO","msg":"OK   0023_multi_role.sql (64.73ms)","source":"stdlog"}
[2m[WebServer] [22m{"time":"2026-08-07T18:43:03.17174978-04:00","level":"INFO","msg":"OK   0024_inventory.sql (406.76ms)","source":"stdlog"}
[2m[WebServer] [22m{"time":"2026-08-07T18:43:03.227397647-04:00","level":"INFO","msg":"OK   0025_pending_purchases.sql (55.46ms)","source":"stdlog"}
[2m[WebServer] [22m{"time":"2026-08-07T18:43:03.236557559-04:00","level":"INFO","msg":"OK   0026_ob_progress_faq.sql (9.04ms)","source":"stdlog"}
[2m[WebServer] [22m{"time":"2026-08-07T18:43:03.246776689-04:00","level":"INFO","msg":"OK   0027_ob_section_signoff_roles.sql (10.07ms)","source":"stdlog"}
[2m[WebServer] [22m{"time":"2026-08-07T18:43:03.269689133-04:00","level":"INFO","msg":"OK   0028_ob_video_upgrade.sql (22.78ms)","source":"stdlog"}
[2m[WebServer] [22m{"time":"2026-08-07T18:43:03.278075134-04:00","level":"INFO","msg":"OK   0029_ob_templates_archived_at.sql (8.23ms)","source":"stdlog"}
[2m[WebServer] [22m{"time":"2026-08-07T18:43:03.313301725-04:00","level":"INFO","msg":"OK   0030_item_groups_unique_name.sql (35.02ms)","source":"stdlog"}
[2m[WebServer] [22m{"time":"2026-08-07T18:43:03.32796655-04:00","level":"INFO","msg":"OK   0031_remove_placeholder_items.sql (14.57ms)","source":"stdlog"}
[2m[WebServer] [22m{"time":"2026-08-07T18:43:03.343252031-04:00","level":"INFO","msg":"OK   0032_item_group_thresholds.sql (15.18ms)","source":"stdlog"}
[2m[WebServer] [22m{"time":"2026-08-07T18:43:03.377120433-04:00","level":"INFO","msg":"OK   0033_stock_count_overrides.sql (33.74ms)","source":"stdlog"}
[2m[WebServer] [22m{"time":"2026-08-07T18:43:03.462056645-04:00","level":"INFO","msg":"OK   0034_purchase_orders.sql (84.73ms)","source":"stdlog"}
[2m[WebServer] [22m{"time":"2026-08-07T18:43:03.476483297-04:00","level":"INFO","msg":"OK   0035_purchase_items_photo_store.sql (14.31ms)","source":"stdlog"}
[2m[WebServer] [22m{"time":"2026-08-07T18:43:03.490093829-04:00","level":"INFO","msg":"OK   0036_purchase_items_full_name.sql (13.48ms)","source":"stdlog"}
[2m[WebServer] [22m{"time":"2026-08-07T18:43:03.5239559-04:00","level":"INFO","msg":"OK   0037_cutoff_config.sql (33.75ms)","source":"stdlog"}
[2m[WebServer] [22m{"time":"2026-08-07T18:43:03.543788275-04:00","level":"INFO","msg":"OK   0038_po_status_extend.sql (19.72ms)","source":"stdlog"}
[2m[WebServer] [22m{"time":"2026-08-07T18:43:03.567812294-04:00","level":"INFO","msg":"OK   0039_purchase_items_vendor.sql (23.93ms)","source":"stdlog"}
[2m[WebServer] [22m{"time":"2026-08-07T18:43:03.682193322-04:00","level":"INFO","msg":"OK   0040_shopping_lists.sql (114.21ms)","source":"stdlog"}
[2m[WebServer] [22m{"time":"2026-08-07T18:43:03.695116368-04:00","level":"INFO","msg":"OK   0041_notification_channel.sql (12.81ms)","source":"stdlog"}
[2m[WebServer] [22m{"time":"2026-08-07T18:43:03.757148678-04:00","level":"INFO","msg":"OK   0042_repurchase_tracking.sql (61.87ms)","source":"stdlog"}
[2m[WebServer] [22m{"time":"2026-08-07T18:43:03.809165662-04:00","level":"INFO","msg":"OK   0043_alert_log.sql (51.89ms)","source":"stdlog"}
[2m[WebServer] [22m{"time":"2026-08-07T18:43:03.861771848-04:00","level":"INFO","msg":"OK   0044_low_stock_alert_log.sql (52.48ms)","source":"stdlog"}
[2m[WebServer] [22m{"time":"2026-08-07T18:43:03.910876992-04:00","level":"INFO","msg":"OK   0045_notification_channel_array.sql (48.95ms)","source":"stdlog"}
[2m[WebServer] [22m{"time":"2026-08-07T18:43:03.918237945-04:00","level":"INFO","msg":"OK   0046_user_timezone.sql (7.26ms)","source":"stdlog"}
[2m[WebServer] [22m{"time":"2026-08-07T18:43:03.968594954-04:00","level":"INFO","msg":"OK   0047_employee_fields.sql (50.25ms)","source":"stdlog"}
[2m[WebServer] [22m{"time":"2026-08-07T18:43:03.976640203-04:00","level":"INFO","msg":"OK   0048_notification_default_both.sql (7.95ms)","source":"stdlog"}
[2m[WebServer] [22m{"time":"2026-08-07T18:43:04.017904384-04:00","level":"INFO","msg":"OK   0049_ob_sub_items.sql (41.16ms)","source":"stdlog"}
[2m[WebServer] [22m{"time":"2026-08-07T18:43:04.026476984-04:00","level":"INFO","msg":"OK   0050_ob_progress_sub_item.sql (8.49ms)","source":"stdlog"}
[2m[WebServer] [22m{"time":"2026-08-07T18:43:04.034042452-04:00","level":"INFO","msg":"OK   0051_rejection_field_fk.sql (7.47ms)","source":"stdlog"}
[2m[WebServer] [22m{"time":"2026-08-07T18:43:04.049122387-04:00","level":"INFO","msg":"OK   0052_template_name_unique.sql (14.97ms)","source":"stdlog"}
[2m[WebServer] [22m{"time":"2026-08-07T18:43:04.056426918-04:00","level":"INFO","msg":"OK   0053_response_field_fk.sql (7.25ms)","source":"stdlog"}
[2m[WebServer] [22m{"time":"2026-08-07T18:43:04.063122159-04:00","level":"INFO","msg":"OK   0054_failnote_field_fk.sql (6.61ms)","source":"stdlog"}
[2m[WebServer] [22m{"time":"2026-08-07T18:43:04.069653736-04:00","level":"INFO","msg":"OK   0055_item_location_in_store.sql (6.43ms)","source":"stdlog"}
[2m[WebServer] [22m{"time":"2026-08-07T18:43:04.083323765-04:00","level":"INFO","msg":"OK   0056_ob_progress_photo.sql (13.54ms)","source":"stdlog"}
[2m[WebServer] [22m{"time":"2026-08-07T18:43:04.096689703-04:00","level":"INFO","msg":"OK   0057_ob_items_photo_type.sql (13.27ms)","source":"stdlog"}
[2m[WebServer] [22m{"time":"2026-08-07T18:43:04.109535477-04:00","level":"INFO","msg":"OK   0058_ob_sub_items_photos.sql (12.76ms)","source":"stdlog"}
[2m[WebServer] [22m{"time":"2026-08-07T18:43:04.116435324-04:00","level":"INFO","msg":"OK   0059_cleanup_photo_items.sql (6.82ms)","source":"stdlog"}
[2m[WebServer] [22m{"time":"2026-08-07T18:43:04.179294725-04:00","level":"INFO","msg":"OK   0060_menu_items.sql (62.75ms)","source":"stdlog"}
[2m[WebServer] [22m{"time":"2026-08-07T18:43:04.210849009-04:00","level":"INFO","msg":"OK   0061_daily_menu_sales.sql (31.36ms)","source":"stdlog"}
[2m[WebServer] [22m{"time":"2026-08-07T18:43:04.249830547-04:00","level":"INFO","msg":"OK   0062_recipes.sql (38.87ms)","source":"stdlog"}
[2m[WebServer] [22m{"time":"2026-08-07T18:43:04.280357681-04:00","level":"INFO","msg":"OK   0063_drift_check_results.sql (30.37ms)","source":"stdlog"}
[2m[WebServer] [22m{"time":"2026-08-07T18:43:04.29522949-04:00","level":"INFO","msg":"OK   0064_no_itemized_receipt_seed.sql (14.71ms)","source":"stdlog"}
[2m[WebServer] [22m{"time":"2026-08-07T18:43:04.307522407-04:00","level":"INFO","msg":"OK   0065_mercury_category_on_purchase_events.sql (12.19ms)","source":"stdlog"}
[2m[WebServer] [22m{"time":"2026-08-07T18:43:04.319646328-04:00","level":"INFO","msg":"OK   0066_mercury_category_on_pending_purchases.sql (12.01ms)","source":"stdlog"}
[2m[WebServer] [22m{"time":"2026-08-07T18:43:04.370211002-04:00","level":"INFO","msg":"OK   0067_receipt_sync_runs.sql (50.46ms)","source":"stdlog"}
[2m[WebServer] [22m{"time":"2026-08-07T18:43:04.392860126-04:00","level":"INFO","msg":"OK   0068_pending_purchases_bank_tx_uniq.sql (22.51ms)","source":"stdlog"}
[2m[WebServer] [22m{"time":"2026-08-07T18:43:04.404673719-04:00","level":"INFO","msg":"OK   0069_pending_purchases_parse_error.sql (11.72ms)","source":"stdlog"}
[2m[WebServer] [22m{"time":"2026-08-07T18:43:04.417976385-04:00","level":"INFO","msg":"OK   0070_receipt_urls.sql (13.19ms)","source":"stdlog"}
[2m[WebServer] [22m{"time":"2026-08-07T18:43:04.439458032-04:00","level":"INFO","msg":"OK   0071_submission_fail_notes_unique.sql (21.32ms)","source":"stdlog"}
[2m[WebServer] [22m{"time":"2026-08-07T18:43:04.454552955-04:00","level":"INFO","msg":"OK   0072_app_timezone_new_york.sql (14.97ms)","source":"stdlog"}
[2m[WebServer] [22m{"time":"2026-08-07T18:43:04.475570971-04:00","level":"INFO","msg":"OK   0073_sync_fdw_views.sql (20.79ms)","source":"stdlog"}
[2m[WebServer] [22m{"time":"2026-08-07T18:43:04.485257433-04:00","level":"INFO","msg":"OK   0074_sync_fdw_approver_view.sql (9.54ms)","source":"stdlog"}
[2m[WebServer] [22m{"time":"2026-08-07T18:43:04.485305718-04:00","level":"INFO","msg":"goose: successfully migrated database to version: 74","source":"stdlog"}
[2m[WebServer] [22m{"time":"2026-08-07T18:43:04.485317688-04:00","level":"INFO","msg":"database migrations applied successfully"}
[2m[WebServer] [22m{"time":"2026-08-07T18:43:04.56297949-04:00","level":"INFO","msg":"upserted superadmin","email":"jamal@yumyums.kitchen"}
[2m[WebServer] [22m{"time":"2026-08-07T18:43:04.593595547-04:00","level":"INFO","msg":"seeded template","name":"Setup Checklist","id":"0f9e46fc-8e71-484d-aae6-0439ffe0b35e"}
[2m[WebServer] [22m{"time":"2026-08-07T18:43:04.593649766-04:00","level":"INFO","msg":"seeded templates","count":1}
[2m[WebServer] [22m{"time":"2026-08-07T18:43:04.623146631-04:00","level":"INFO","msg":"seeded onboarding template","name":"Kitchen Basics Training","id":"7a149b1c-2765-41fe-a15e-366b6d2ee5ab"}
[2m[WebServer] [22m{"time":"2026-08-07T18:43:04.645337456-04:00","level":"INFO","msg":"inventory: seeded vendors","count":5}
[2m[WebServer] [22m{"time":"2026-08-07T18:43:04.726075378-04:00","level":"INFO","msg":"inventory: seeded unique tags","count":19}
[2m[WebServer] [22m{"time":"2026-08-07T18:43:04.858129602-04:00","level":"INFO","msg":"inventory: seeded item groups","count":10}
[2m[WebServer] [22m{"time":"2026-08-07T18:43:05.355220727-04:00","level":"INFO","msg":"inventory: seeded purchase items from YAML","count":106}
[2m[WebServer] [22m{"time":"2026-08-07T18:43:05.355295714-04:00","level":"WARN","msg":"DO Spaces env vars not set, photo and video upload endpoints will return 503","required":"DO_SPACES_KEY, DO_SPACES_SECRET, DO_SPACES_BUCKET, DO_SPACES_REGION"}
[2m[WebServer] [22m{"time":"2026-08-07T18:43:05.355309907-04:00","level":"WARN","msg":"HQ_INVENTORY_SERVICE_TOKEN not set, /api/v1/inventory/period-summary AND /api/v1/inventory/menu-cogs will return 503"}
[2m[WebServer] [22m{"time":"2026-08-07T18:43:05.355469342-04:00","level":"INFO","msg":"inventory COGS category allowlist","allowlist":["COGS"]}
[2m[WebServer] [22m{"time":"2026-08-07T18:43:05.355867528-04:00","level":"INFO","msg":"receipt worker disabled","reason":"E2E_DISABLE_SCHEDULERS=1"}
[2m[WebServer] [22m{"time":"2026-08-07T18:43:05.355919968-04:00","level":"INFO","msg":"alert queue started","delivery_enabled":false}
[2m[WebServer] [22m{"time":"2026-08-07T18:43:05.355934462-04:00","level":"INFO","msg":"cutoff scheduler disabled","reason":"E2E_DISABLE_SCHEDULERS=1"}
[2m[WebServer] [22m{"time":"2026-08-07T18:43:05.355945534-04:00","level":"INFO","msg":"toast worker disabled, cmd/sync-toast remains available","reason":"TOAST_SYNC_INTERVAL=0"}
[2m[WebServer] [22m{"time":"2026-08-07T18:43:05.356006128-04:00","level":"INFO","msg":"alerts queue started"}
[2m[WebServer] [22m{"time":"2026-08-07T18:43:05.378242622-04:00","level":"INFO","msg":"server listening","port":"4351"}
[2m[WebServer] [22m{"time":"2026-08-07T18:43:05.388856545-04:00","level":"INFO","msg":"reachable at","url":"http://10.255.255.254:4351"}
[2m[WebServer] [22m{"time":"2026-08-07T18:43:05.38890506-04:00","level":"INFO","msg":"reachable at","url":"http://192.168.8.164:4351"}
[2m[WebServer] [22m{"time":"2026-08-07T18:43:05.388929418-04:00","level":"INFO","msg":"reachable at","url":"http://100.70.200.55:4351"}
[2m[WebServer] [22m{"time":"2026-08-07T18:43:05.38894975-04:00","level":"INFO","msg":"Yumyums HQ ready, accepting connections"}

Running 74 tests using 1 worker

[2m[WebServer] [22m{"time":"2026-08-07T18:43:08.642861374-04:00","level":"INFO","msg":"client log","level":"WARN","message":"-------------- RxDB Open Core RxStorage -------------------------------\nYou are using the free Dexie.js based RxStorage implementation from RxDB https://rxdb.info/rx-storage-dexie.html?console=dexie \nWhile this is a great option, we want to let you know that there are faster storage solutions available in our premium plugins.\nFor professional users and production environments, we highly recommend considering these premium options to enhance performance and reliability.\n https://rxdb.info/premium/?console=dexie \nIf you already purchased premium access you can disable this log by calling the setPremiumFlag() function from rxdb-premium/plugins/shared.\n---------------------------------------------------------------------","user":"Jamal C. (jamal@yumyums.kitchen)","page":"/workflows.html","ua":"Mozilla/5.0 (X11; Linux x86_64) AppleWebKit/537.36 (KHTML, like Gecko) HeadlessChrome/147.0.7727.15 Safari/537.36"}
  ✓   1 [chromium] › tests/sync-fill-view.spec.js:200:3 › [FILL-01] the fill view reads the open checklist from RxDB › a response that exists ONLY in RxDB answers the field in the runner (1.9s)
  ✓   2 [chromium] › tests/sync-fill-view.spec.js:264:3 › [FILL-01] the fill view reads the open checklist from RxDB › with the flag OFF the same fixture renders unanswered — no scope, no database, no IndexedDB (3.0s)
[2m[WebServer] [22m{"time":"2026-08-07T18:43:12.842529588-04:00","level":"INFO","msg":"client log","level":"WARN","message":"-------------- RxDB Open Core RxStorage -------------------------------\nYou are using the free Dexie.js based RxStorage implementation from RxDB https://rxdb.info/rx-storage-dexie.html?console=dexie \nWhile this is a great option, we want to let you know that there are faster storage solutions available in our premium plugins.\nFor professional users and production environments, we highly recommend considering these premium options to enhance performance and reliability.\n https://rxdb.info/premium/?console=dexie \nIf you already purchased premium access you can disable this log by calling the setPremiumFlag() function from rxdb-premium/plugins/shared.\n---------------------------------------------------------------------","user":"Jamal C. (jamal@yumyums.kitchen)","page":"/workflows.html","ua":"Mozilla/5.0 (X11; Linux x86_64) AppleWebKit/537.36 (KHTML, like Gecko) HeadlessChrome/147.0.7727.15 Safari/537.36"}
  ✓   3 [chromium] › tests/sync-fill-view.spec.js:314:3 › [FILL-02] the fill view holds multiple concurrent per-checklist scopes › setup + food prep live at once, pairwise-distinct identifiers, and cancelling one leaves the other (784ms)
[2m[WebServer] [22m{"time":"2026-08-07T18:43:13.70037379-04:00","level":"INFO","msg":"client log","level":"WARN","message":"-------------- RxDB Open Core RxStorage -------------------------------\nYou are using the free Dexie.js based RxStorage implementation from RxDB https://rxdb.info/rx-storage-dexie.html?console=dexie \nWhile this is a great option, we want to let you know that there are faster storage solutions available in our premium plugins.\nFor professional users and production environments, we highly recommend considering these premium options to enhance performance and reliability.\n https://rxdb.info/premium/?console=dexie \nIf you already purchased premium access you can disable this log by calling the setPremiumFlag() function from rxdb-premium/plugins/shared.\n---------------------------------------------------------------------","user":"Jamal C. (jamal@yumyums.kitchen)","page":"/workflows.html","ua":"Mozilla/5.0 (X11; Linux x86_64) AppleWebKit/537.36 (KHTML, like Gecko) HeadlessChrome/147.0.7727.15 Safari/537.36"}
  ✓   4 [chromium] › tests/sync-fill-view.spec.js:368:3 › [FILL-02] the fill view holds multiple concurrent per-checklist scopes › the fill scope carries the crew member — two users on one phone do not share a checkpoint [F-2] (829ms)
[2m[WebServer] [22m{"time":"2026-08-07T18:43:14.717183395-04:00","level":"INFO","msg":"client log","level":"WARN","message":"-------------- RxDB Open Core RxStorage -------------------------------\nYou are using the free Dexie.js based RxStorage implementation from RxDB https://rxdb.info/rx-storage-dexie.html?console=dexie \nWhile this is a great option, we want to let you know that there are faster storage solutions available in our premium plugins.\nFor professional users and production environments, we highly recommend considering these premium options to enhance performance and reliability.\n https://rxdb.info/premium/?console=dexie \nIf you already purchased premium access you can disable this log by calling the setPremiumFlag() function from rxdb-premium/plugins/shared.\n---------------------------------------------------------------------","user":"Jamal C. (jamal@yumyums.kitchen)","page":"/workflows.html","ua":"Mozilla/5.0 (X11; Linux x86_64) AppleWebKit/537.36 (KHTML, like Gecko) HeadlessChrome/147.0.7727.15 Safari/537.36"}
  ✓   5 [chromium] › tests/sync-fill-view.spec.js:451:3 › [FILL-04] the overlay renders only THIS submission and MY drafts (F-A) › a resident foreign-submission row and a foreign-user draft do NOT answer the fields (2.6s)
[2m[WebServer] [22m{"time":"2026-08-07T18:43:17.432587431-04:00","level":"INFO","msg":"client log","level":"WARN","message":"-------------- RxDB Open Core RxStorage -------------------------------\nYou are using the free Dexie.js based RxStorage implementation from RxDB https://rxdb.info/rx-storage-dexie.html?console=dexie \nWhile this is a great option, we want to let you know that there are faster storage solutions available in our premium plugins.\nFor professional users and production environments, we highly recommend considering these premium options to enhance performance and reliability.\n https://rxdb.info/premium/?console=dexie \nIf you already purchased premium access you can disable this log by calling the setPremiumFlag() function from rxdb-premium/plugins/shared.\n---------------------------------------------------------------------","user":"Jamal C. (jamal@yumyums.kitchen)","page":"/workflows.html","ua":"Mozilla/5.0 (X11; Linux x86_64) AppleWebKit/537.36 (KHTML, like Gecko) HeadlessChrome/147.0.7727.15 Safari/537.36"}
  ✓   6 [chromium] › tests/sync-fill-view.spec.js:510:3 › [FILL-04] the overlay renders only THIS submission and MY drafts (F-A) › ...while THIS submission's rows and MY OWN draft do answer them (1.4s)
[2m[WebServer] [22m{"time":"2026-08-07T18:43:18.89643711-04:00","level":"INFO","msg":"client log","level":"WARN","message":"-------------- RxDB Open Core RxStorage -------------------------------\nYou are using the free Dexie.js based RxStorage implementation from RxDB https://rxdb.info/rx-storage-dexie.html?console=dexie \nWhile this is a great option, we want to let you know that there are faster storage solutions available in our premium plugins.\nFor professional users and production environments, we highly recommend considering these premium options to enhance performance and reliability.\n https://rxdb.info/premium/?console=dexie \nIf you already purchased premium access you can disable this log by calling the setPremiumFlag() function from rxdb-premium/plugins/shared.\n---------------------------------------------------------------------","user":"Jamal C. (jamal@yumyums.kitchen)","page":"/workflows.html","ua":"Mozilla/5.0 (X11; Linux x86_64) AppleWebKit/537.36 (KHTML, like Gecko) HeadlessChrome/147.0.7727.15 Safari/537.36"}
[2m[WebServer] [22m{"time":"2026-08-07T18:43:19.195563372-04:00","level":"ERROR","msg":"listTemplates error","error":"iterate sections: context canceled"}
  ✓   7 [chromium] › tests/sync-fill-view.spec.js:554:3 › [FILL-05] the fill scope closes on every exit, and survives a fast reopen › switching to the Approvals tab closes the open checklist's scope [F-B] (1.3s)
[2m[WebServer] [22m{"time":"2026-08-07T18:43:20.026388208-04:00","level":"INFO","msg":"client log","level":"WARN","message":"-------------- RxDB Open Core RxStorage -------------------------------\nYou are using the free Dexie.js based RxStorage implementation from RxDB https://rxdb.info/rx-storage-dexie.html?console=dexie \nWhile this is a great option, we want to let you know that there are faster storage solutions available in our premium plugins.\nFor professional users and production environments, we highly recommend considering these premium options to enhance performance and reliability.\n https://rxdb.info/premium/?console=dexie \nIf you already purchased premium access you can disable this log by calling the setPremiumFlag() function from rxdb-premium/plugins/shared.\n---------------------------------------------------------------------","user":"Jamal C. (jamal@yumyums.kitchen)","page":"/workflows.html","ua":"Mozilla/5.0 (X11; Linux x86_64) AppleWebKit/537.36 (KHTML, like Gecko) HeadlessChrome/147.0.7727.15 Safari/537.36"}
  ✓   8 [chromium] › tests/sync-fill-view.spec.js:590:3 › [FILL-05] the fill scope closes on every exit, and survives a fast reopen › a close immediately followed by a reopen leaves a LIVE replication, not a cancelled one [F-C] (1.3s)
[2m[WebServer] [22m{"time":"2026-08-07T18:43:21.360447804-04:00","level":"INFO","msg":"client log","level":"WARN","message":"-------------- RxDB Open Core RxStorage -------------------------------\nYou are using the free Dexie.js based RxStorage implementation from RxDB https://rxdb.info/rx-storage-dexie.html?console=dexie \nWhile this is a great option, we want to let you know that there are faster storage solutions available in our premium plugins.\nFor professional users and production environments, we highly recommend considering these premium options to enhance performance and reliability.\n https://rxdb.info/premium/?console=dexie \nIf you already purchased premium access you can disable this log by calling the setPremiumFlag() function from rxdb-premium/plugins/shared.\n---------------------------------------------------------------------","user":"Jamal C. (jamal@yumyums.kitchen)","page":"/workflows.html","ua":"Mozilla/5.0 (X11; Linux x86_64) AppleWebKit/537.36 (KHTML, like Gecko) HeadlessChrome/147.0.7727.15 Safari/537.36"}
  ✓   9 [chromium] › tests/sync-fill-view.spec.js:643:3 › [FILL-03] a transient storage failure does not brick sync until reload (C2 G6 F-1) › a rejected createDatabase is EVICTED — the next open succeeds, and no dead scope is reported live (990ms)
[2m[WebServer] [22m{"time":"2026-08-07T18:43:22.381986573-04:00","level":"INFO","msg":"client log","level":"WARN","message":"-------------- RxDB Open Core RxStorage -------------------------------\nYou are using the free Dexie.js based RxStorage implementation from RxDB https://rxdb.info/rx-storage-dexie.html?console=dexie \nWhile this is a great option, we want to let you know that there are faster storage solutions available in our premium plugins.\nFor professional users and production environments, we highly recommend considering these premium options to enhance performance and reliability.\n https://rxdb.info/premium/?console=dexie \nIf you already purchased premium access you can disable this log by calling the setPremiumFlag() function from rxdb-premium/plugins/shared.\n---------------------------------------------------------------------","user":"Jamal C. (jamal@yumyums.kitchen)","page":"/workflows.html","ua":"Mozilla/5.0 (X11; Linux x86_64) AppleWebKit/537.36 (KHTML, like Gecko) HeadlessChrome/147.0.7727.15 Safari/537.36"}
  ✓  10 [chromium] › tests/sync-one-row.spec.js:186:3 › skeleton — one row, real write path to an RxDB-served read › a value written by POST /saveResponse is served to the page out of RxDB, behind the flag (1.4s)
[2m[WebServer] [22m{"time":"2026-08-07T18:43:23.231082252-04:00","level":"ERROR","msg":"GetMyTrainings failed","error":"context canceled"}
  ✓  11 [chromium] › tests/sync-one-row.spec.js:261:3 › skeleton — one row, real write path to an RxDB-served read › the flag is OFF by default — no database, no IndexedDB, and the surface stays absent (2.8s)
[2m[WebServer] [22m{"time":"2026-08-07T18:43:26.425798343-04:00","level":"INFO","msg":"client log","level":"WARN","message":"-------------- RxDB Open Core RxStorage -------------------------------\nYou are using the free Dexie.js based RxStorage implementation from RxDB https://rxdb.info/rx-storage-dexie.html?console=dexie \nWhile this is a great option, we want to let you know that there are faster storage solutions available in our premium plugins.\nFor professional users and production environments, we highly recommend considering these premium options to enhance performance and reliability.\n https://rxdb.info/premium/?console=dexie \nIf you already purchased premium access you can disable this log by calling the setPremiumFlag() function from rxdb-premium/plugins/shared.\n---------------------------------------------------------------------","user":"Jamal C. (jamal@yumyums.kitchen)","page":"/workflows.html","ua":"Mozilla/5.0 (X11; Linux x86_64) AppleWebKit/537.36 (KHTML, like Gecko) HeadlessChrome/147.0.7727.15 Safari/537.36"}
  ✓  12 [chromium] › tests/sync-one-row.spec.js:293:3 › skeleton — one row, real write path to an RxDB-served read › the call site holds multiple concurrent per-checklist scopes, and is idempotent per scope (833ms)
  ✓  13 [chromium] › tests/sync-rxdb-client.spec.js:52:3 › vendor pin — fails LOUDLY on upgrade › vendor/package.json, the generated bundle and PINNED_VENDOR all agree (638ms)
  ✓  14 [chromium] › tests/sync-rxdb-client.spec.js:69:3 › vendor pin — fails LOUDLY on upgrade › assertVendorPin throws with an actionable message when the bundle moves (31ms)
  ✓  15 [chromium] › tests/sync-rxdb-client.spec.js:86:3 › supabase-js URL derivation (the coupling decision 51 accepted) › given <origin>/sync it derives <origin>/sync/rest/v1 and <origin>/sync/realtime/v1 (35ms)
  ✓  16 [chromium] › tests/sync-rxdb-client.spec.js:117:3 › the door's addresses › the REST rewrite case table is non-empty (3ms)
  ✓  17 [chromium] › tests/sync-rxdb-client.spec.js:123:5 › the door's addresses › rewriteRestPath: /sync/rest/v1/checklist_templates -> /sync/rest/checklist_templates (5ms)
  ✓  18 [chromium] › tests/sync-rxdb-client.spec.js:123:5 › the door's addresses › rewriteRestPath: /sync/rest/v1/rpc/hq_can_see_template -> /sync/rest/rpc/hq_can_see_template (4ms)
  ✓  19 [chromium] › tests/sync-rxdb-client.spec.js:123:5 › the door's addresses › rewriteRestPath: /sync/rest/v1 -> /sync/rest (4ms)
  ✓  20 [chromium] › tests/sync-rxdb-client.spec.js:123:5 › the door's addresses › rewriteRestPath: /sync/rest/v1/v1 -> /sync/rest/v1 (4ms)
  ✓  21 [chromium] › tests/sync-rxdb-client.spec.js:123:5 › the door's addresses › rewriteRestPath: /sync/realtime/v1/websocket -> /sync/realtime/v1/websocket (3ms)
  ✓  22 [chromium] › tests/sync-rxdb-client.spec.js:123:5 › the door's addresses › rewriteRestPath: /api/v1/workflow/templates -> /api/v1/workflow/templates (4ms)
  ✓  23 [chromium] › tests/sync-rxdb-client.spec.js:129:3 › the door's addresses › rewriteRealtimeUrl points at /sync/realtime/socket/websocket and DROPS apikey (9ms)
  ✓  24 [chromium] › tests/sync-rxdb-client.spec.js:141:3 › the door's addresses › the constants match backend/internal/sync/proxy.go (7ms)
  ✓  25 [chromium] › tests/sync-rxdb-client.spec.js:157:3 › createHQSupabaseClient — same-origin, gateway-less, credential-free › a REST query lands on /sync/rest/<table> with no /v1 and no credentials (21ms)
  ✓  26 [chromium] › tests/sync-rxdb-client.spec.js:183:3 › createHQSupabaseClient — same-origin, gateway-less, credential-free › the realtime handshake goes to /sync/realtime/socket/websocket?vsn=1.0.0 (2.7s)
  ✓  27 [chromium] › tests/sync-rxdb-client.spec.js:204:3 › createHQSupabaseClient — same-origin, gateway-less, credential-free › nothing anywhere in the client layer fetches /api/v1/sync/token (10ms)
  ✓  28 [chromium] › tests/sync-rxdb-client.spec.js:215:3 › createHQSupabaseClient — same-origin, gateway-less, credential-free › construction makes no network request at all (207ms)
  ✓  29 [chromium] › tests/sync-rxdb-client.spec.js:228:3 › createHQSupabaseClient — same-origin, gateway-less, credential-free › createHQSyncClient exposes the HQ conflict handler, not RxDB's default (6ms)
  ✓  30 [chromium] › tests/sync-rxdb-client.spec.js:628:3 › [SCOPE-01] replication is scoped to the open checklist (C-2) › the fixture really does hold rows for a checklist this device never opened (31ms)
  ✓  31 [chromium] › tests/sync-rxdb-client.spec.js:664:3 › [SCOPE-01] replication is scoped to the open checklist (C-2) › the vendored plugin still offers pull.queryBuilder as the scoping seam (8ms)
  ✓  32 [chromium] › tests/sync-rxdb-client.spec.js:672:3 › [SCOPE-01] replication is scoped to the open checklist (C-2) › a device does NOT hold rows for a checklist it never opened (42ms)
  ✓  33 [chromium] › tests/sync-rxdb-client.spec.js:692:3 › [SCOPE-01] replication is scoped to the open checklist (C-2) › an offline DRAFT on the open checklist still replicates (10ms)
  ✓  34 [chromium] › tests/sync-rxdb-client.spec.js:707:3 › [SCOPE-01] replication is scoped to the open checklist (C-2) › replication REFUSES to start unscoped — C-2 is not a default, it is a gate (8ms)
  ✓  35 [chromium] › tests/sync-rxdb-client.spec.js:717:3 › [SCOPE-01] replication is scoped to the open checklist (C-2) › scoped AND batched — the pull keeps its batch size (16ms)
  ✓  36 [chromium] › tests/sync-rxdb-client.spec.js:731:3 › [SCOPE-01] replication is scoped to the open checklist (C-2) › scope values are QUOTED, so an id cannot rewrite the predicate [F-4] (9ms)
  ✓  37 [chromium] › tests/sync-rxdb-client.spec.js:753:3 › [SCOPE-01] replication is scoped to the open checklist (C-2) › an omitted templateId is REFUSED, not widened to every template [F-5] (8ms)
  ✓  38 [chromium] › tests/sync-rxdb-client.spec.js:772:3 › [SCOPE-01] replication is scoped to the open checklist (C-2) › a collection with no scope case refuses EAGERLY, not inside pull.handler [F-3] (33ms)
  ✓  39 [chromium] › tests/sync-rxdb-client.spec.js:840:3 › [SCOPE-03] the LIST scope — per-user, with a mandatory date floor › the list fixture is DISCRIMINATING, not merely populated (62ms)
  ✓  40 [chromium] › tests/sync-rxdb-client.spec.js:871:3 › [SCOPE-03] the LIST scope — per-user, with a mandatory date floor › a list scope with NO DATE FLOOR is REFUSED — the floor is the bound, not a default (15ms)
  ✓  41 [chromium] › tests/sync-rxdb-client.spec.js:904:3 › [SCOPE-03] the LIST scope — per-user, with a mandatory date floor › a list scope with no userId and no templates is REFUSED too (6ms)
  ✓  42 [chromium] › tests/sync-rxdb-client.spec.js:917:3 › [SCOPE-03] the LIST scope — per-user, with a mandatory date floor › a date floor cannot carry PostgREST logic-tree punctuation [F-4, on the new key] (4ms)
  ✓  43 [chromium] › tests/sync-rxdb-client.spec.js:927:3 › [SCOPE-03] the LIST scope — per-user, with a mandatory date floor › the list scope holds THIS user's rows since the floor, and nothing else (18ms)
  ✓  44 [chromium] › tests/sync-rxdb-client.spec.js:943:3 › [SCOPE-03] the LIST scope — per-user, with a mandatory date floor › the floor really is applied per collection, on each one's OWN time column (9ms)
  ✓  45 [chromium] › tests/sync-rxdb-client.spec.js:960:3 › [SCOPE-03] the LIST scope — per-user, with a mandatory date floor › the list scope is still BATCHED — C-2 is both halves (8ms)
  ✓  46 [chromium] › tests/sync-rxdb-client.spec.js:970:3 › [SCOPE-03] the LIST scope — per-user, with a mandatory date floor › the FILL scope is untouched — a second mode is not a rewrite of the first (6ms)
  ✓  47 [chromium] › tests/sync-rxdb-client.spec.js:983:3 › [SCOPE-03] the LIST scope — per-user, with a mandatory date floor › two crew members on ONE phone do not inherit each other's checkpoint (5ms)
  ✓  48 [chromium] › tests/sync-rxdb-client.spec.js:1032:3 › [SCOPE-04] the Realtime filter — three collections, and the one it cannot express › the vendored plugin still subscribes with no filter of its own (5ms)
  ✓  49 [chromium] › tests/sync-rxdb-client.spec.js:1040:5 › [SCOPE-04] the Realtime filter — three collections, and the one it cannot express › [fill] the filter is present on EXACTLY THREE collections and ABSENT on responses (4ms)
  ✓  50 [chromium] › tests/sync-rxdb-client.spec.js:1040:5 › [SCOPE-04] the Realtime filter — three collections, and the one it cannot express › [list] the filter is present on EXACTLY THREE collections and ABSENT on responses (6ms)
  ✓  51 [chromium] › tests/sync-rxdb-client.spec.js:1059:3 › [SCOPE-04] the Realtime filter — three collections, and the one it cannot express › every emitted filter is ONE `column=op.value` clause — the only shape Realtime takes (31ms)
  ✓  52 [chromium] › tests/sync-rxdb-client.spec.js:1086:3 › [SCOPE-04] the Realtime filter — three collections, and the one it cannot express › the filter reaches the plugin's channel — registered under the replication identifier (11ms)
  ✓  53 [chromium] › tests/sync-rxdb-client.spec.js:1123:3 › [SCOPE-04] the Realtime filter — three collections, and the one it cannot express › the channel shim injects the registered filter into the postgres_changes binding (9ms)
  ✓  54 [chromium] › tests/sync-rxdb-client.spec.js:1156:3 › [SCOPE-04] the Realtime filter — three collections, and the one it cannot express › the shim is installed by createHQSupabaseClient, not left to the caller (3ms)
  ✓  55 [chromium] › tests/sync-rxdb-client.spec.js:1291:3 › [SCOPE-02] the checkpoint is per-scope, not per-table (F-1) › RxDB really keys the checkpoint meta store by [collection.name, replicationIdentifier] (8ms)
  ✓  56 [chromium] › tests/sync-rxdb-client.spec.js:1302:3 › [SCOPE-02] the checkpoint is per-scope, not per-table (F-1) › opening an OLDER checklist after a newer one still replicates its rows (9ms)
  ✓  57 [chromium] › tests/sync-rxdb-client.spec.js:1320:3 › [SCOPE-02] the checkpoint is per-scope, not per-table (F-1) › ...and that is the SAME set a device with a fresh checkpoint would get (9ms)
  ✓  58 [chromium] › tests/sync-rxdb-client.spec.js:1330:3 › [SCOPE-02] the checkpoint is per-scope, not per-table (F-1) › a different scope mints a different replicationIdentifier — per collection (11ms)
  ✓  59 [chromium] › tests/sync-rxdb-client.spec.js:1340:3 › [SCOPE-02] the checkpoint is per-scope, not per-table (F-1) › the SAME scope still RESUMES — the fix did not just disable checkpoints (14ms)
  ✓  60 [chromium] › tests/sync-rxdb-client.spec.js:1353:3 › [SCOPE-02] the checkpoint is per-scope, not per-table (F-1) › the fingerprint is deterministic and scope-sensitive (5ms)
  ✓  61 [chromium] › tests/sync-rxdb-client.spec.js:1430:3 › [SCOPE-05] concurrent fill scopes, and the fill scope's user identity (F-2) › TWO concurrent fill scopes — setup + food prep — are two replications with pairwise-distinct identifiers (8ms)
  ✓  62 [chromium] › tests/sync-rxdb-client.spec.js:1442:3 › [SCOPE-05] concurrent fill scopes, and the fill scope's user identity (F-2) › ...and neither concurrent scope starves the other — a shared meta store, both sets of rows (8ms)
  ✓  63 [chromium] › tests/sync-rxdb-client.spec.js:1459:3 › [SCOPE-05] concurrent fill scopes, and the fill scope's user identity (F-2) › a SECOND crew member on the same phone gets their own identifiers, not a resumed cursor [F-2] (6ms)
  ✓  64 [chromium] › tests/sync-rxdb-client.spec.js:1474:3 › [SCOPE-05] concurrent fill scopes, and the fill scope's user identity (F-2) › the FILL scope REFUSES a missing userId — it is not an optional argument [F-2] (8ms)
  ✓  65 [chromium] › tests/sync-rxdb-client.spec.js:1504:3 › [SCOPE-05] concurrent fill scopes, and the fill scope's user identity (F-2) › the fill scope's userId is IDENTITY, not a filter clause — no collection filters on it (13ms)
  ✓  66 [chromium] › tests/sync-rxdb-client.spec.js:1522:3 › [SCOPE-05] concurrent fill scopes, and the fill scope's user identity (F-2) › the same crew member re-opening the same checklist still RESUMES (10ms)
  ✓  67 [chromium] › tests/sync-rxdb-client.spec.js:1538:3 › expandGrantSlugs — obligation 4 › inventory expands to the two per-tab surfaces the user can actually reach (3ms)
  ✓  68 [chromium] › tests/sync-rxdb-client.spec.js:1544:3 › expandGrantSlugs — obligation 4 › the umbrella table matches what main.go actually mounts (4ms)
  ✓  69 [chromium] › tests/sync-rxdb-client.spec.js:1553:3 › expandGrantSlugs — obligation 4 › a narrow per-tab grant is NOT widened — expansion is one-way (3ms)
  ✓  70 [chromium] › tests/sync-rxdb-client.spec.js:1558:3 › expandGrantSlugs — obligation 4 › idempotent, de-duplicating, order-independent, and empty-safe (7ms)
  ✓  71 [chromium] › tests/sync-rxdb-client.spec.js:1604:3 › workflows.html actually imports and constructs the client › window.HQSync is constructed, pinned and umbrella-expanded (878ms)
[2m[WebServer] [22m{"time":"2026-08-07T18:43:33.31058745-04:00","level":"ERROR","msg":"GetMyTrainings failed","error":"context canceled"}
[2m[WebServer] [22m{"time":"2026-08-07T18:43:33.694789963-04:00","level":"INFO","msg":"client log","level":"WARN","message":"-------------- RxDB Open Core RxStorage -------------------------------\nYou are using the free Dexie.js based RxStorage implementation from RxDB https://rxdb.info/rx-storage-dexie.html?console=dexie \nWhile this is a great option, we want to let you know that there are faster storage solutions available in our premium plugins.\nFor professional users and production environments, we highly recommend considering these premium options to enhance performance and reliability.\n https://rxdb.info/premium/?console=dexie \nIf you already purchased premium access you can disable this log by calling the setPremiumFlag() function from rxdb-premium/plugins/shared.\n---------------------------------------------------------------------","user":"Jamal C. (jamal@yumyums.kitchen)","page":"/workflows.html","ua":"Mozilla/5.0 (X11; Linux x86_64) AppleWebKit/537.36 (KHTML, like Gecko) HeadlessChrome/147.0.7727.15 Safari/537.36"}
  ✓  72 [chromium] › tests/sync-rxdb-client.spec.js:1645:3 › workflows.html actually imports and constructs the client › the RxDB collections carry HQ's conflict handler, not RxDB's default (913ms)
  ✓  73 [chromium] › tests/sync-rxdb-client.spec.js:1687:3 › workflows.html actually imports and constructs the client › no user write path was rerouted — workflows.html still autosaves through the API (4ms)
[2m[WebServer] [22m{"time":"2026-08-07T18:43:34.642042279-04:00","level":"ERROR","msg":"listTemplates error","error":"iterate assignments: context canceled"}
  ✓  74 [chromium] › tests/sync-rxdb-client.spec.js:1731:3 › workflows.html actually imports and constructs the client › nothing reads from RxDB on a code path that can execute offline — window.HQSync.db is undefined at end of load (B-88) (781ms)

  74 passed (34.2s)
EXIT=0
