[2m[WebServer] [22mNOTICE:  database "hq_test_c3impl" does not exist, skipping
[2m[WebServer] [22m── reset hq_test_c3impl on localhost:5434 ──
[2m[WebServer] [22m── wrote version.json frontend=1.4.0 ──
[2m[WebServer] [22m{"time":"2026-08-07T17:38:11.949331314-04:00","level":"INFO","msg":"serving static files from disk","dir":"../"}
[2m[WebServer] [22m{"time":"2026-08-07T17:38:11.949599151-04:00","level":"INFO","msg":"loaded superadmins","count":1}
[2m[WebServer] [22m{"time":"2026-08-07T17:38:11.969523856-04:00","level":"INFO","msg":"connected to database"}
[2m[WebServer] [22m{"time":"2026-08-07T17:38:12.039505516-04:00","level":"INFO","msg":"OK   0001_users.sql (40.62ms)","source":"stdlog"}
[2m[WebServer] [22m{"time":"2026-08-07T17:38:12.09060094-04:00","level":"INFO","msg":"OK   0002_sessions.sql (49.87ms)","source":"stdlog"}
[2m[WebServer] [22m{"time":"2026-08-07T17:38:12.132212593-04:00","level":"INFO","msg":"OK   0003_invite_tokens.sql (41.41ms)","source":"stdlog"}
[2m[WebServer] [22m{"time":"2026-08-07T17:38:12.176330194-04:00","level":"INFO","msg":"OK   0004_hq_apps.sql (43.98ms)","source":"stdlog"}
[2m[WebServer] [22m{"time":"2026-08-07T17:38:12.243185784-04:00","level":"INFO","msg":"OK   0005_app_permissions.sql (66.69ms)","source":"stdlog"}
[2m[WebServer] [22m{"time":"2026-08-07T17:38:12.281102334-04:00","level":"INFO","msg":"OK   0006_checklist_templates.sql (37.76ms)","source":"stdlog"}
[2m[WebServer] [22m{"time":"2026-08-07T17:38:12.316390304-04:00","level":"INFO","msg":"OK   0007_checklist_schedules.sql (35.16ms)","source":"stdlog"}
[2m[WebServer] [22m{"time":"2026-08-07T17:38:12.354617343-04:00","level":"INFO","msg":"OK   0008_template_assignments.sql (38.09ms)","source":"stdlog"}
[2m[WebServer] [22m{"time":"2026-08-07T17:38:12.386084873-04:00","level":"INFO","msg":"OK   0009_checklist_sections.sql (31.36ms)","source":"stdlog"}
[2m[WebServer] [22m{"time":"2026-08-07T17:38:12.417735951-04:00","level":"INFO","msg":"OK   0010_checklist_fields.sql (31.53ms)","source":"stdlog"}
[2m[WebServer] [22m{"time":"2026-08-07T17:38:12.458007664-04:00","level":"INFO","msg":"OK   0011_checklist_submissions.sql (40.15ms)","source":"stdlog"}
[2m[WebServer] [22m{"time":"2026-08-07T17:38:12.508096982-04:00","level":"INFO","msg":"OK   0012_submission_responses.sql (49.98ms)","source":"stdlog"}
[2m[WebServer] [22m{"time":"2026-08-07T17:38:12.54090395-04:00","level":"INFO","msg":"OK   0013_submission_fail_notes.sql (32.68ms)","source":"stdlog"}
[2m[WebServer] [22m{"time":"2026-08-07T17:38:12.573133424-04:00","level":"INFO","msg":"OK   0014_submission_rejections.sql (32.11ms)","source":"stdlog"}
[2m[WebServer] [22m{"time":"2026-08-07T17:38:12.626798317-04:00","level":"INFO","msg":"OK   0015_ops.sql (53.52ms)","source":"stdlog"}
[2m[WebServer] [22m{"time":"2026-08-07T17:38:12.642179564-04:00","level":"INFO","msg":"OK   0016_lamport_ts.sql (15.26ms)","source":"stdlog"}
[2m[WebServer] [22m{"time":"2026-08-07T17:38:12.66129078-04:00","level":"INFO","msg":"OK   0017_users_naming.sql (19ms)","source":"stdlog"}
[2m[WebServer] [22m{"time":"2026-08-07T17:38:12.724685511-04:00","level":"INFO","msg":"OK   0018_ob_templates.sql (63.26ms)","source":"stdlog"}
[2m[WebServer] [22m{"time":"2026-08-07T17:38:12.799117657-04:00","level":"INFO","msg":"OK   0019_ob_items.sql (74.28ms)","source":"stdlog"}
[2m[WebServer] [22m{"time":"2026-08-07T17:38:12.849286225-04:00","level":"INFO","msg":"OK   0020_ob_progress.sql (50.06ms)","source":"stdlog"}
[2m[WebServer] [22m{"time":"2026-08-07T17:38:12.888716645-04:00","level":"INFO","msg":"OK   0021_ob_signoffs.sql (39.31ms)","source":"stdlog"}
[2m[WebServer] [22m{"time":"2026-08-07T17:38:12.934850667-04:00","level":"INFO","msg":"OK   0022_ob_template_assignments.sql (45.99ms)","source":"stdlog"}
[2m[WebServer] [22m{"time":"2026-08-07T17:38:12.999039503-04:00","level":"INFO","msg":"OK   0023_multi_role.sql (64.07ms)","source":"stdlog"}
[2m[WebServer] [22m{"time":"2026-08-07T17:38:13.222268579-04:00","level":"INFO","msg":"OK   0024_inventory.sql (223.04ms)","source":"stdlog"}
[2m[WebServer] [22m{"time":"2026-08-07T17:38:13.26532871-04:00","level":"INFO","msg":"OK   0025_pending_purchases.sql (42.93ms)","source":"stdlog"}
[2m[WebServer] [22m{"time":"2026-08-07T17:38:13.274586831-04:00","level":"INFO","msg":"OK   0026_ob_progress_faq.sql (9.17ms)","source":"stdlog"}
[2m[WebServer] [22m{"time":"2026-08-07T17:38:13.282293342-04:00","level":"INFO","msg":"OK   0027_ob_section_signoff_roles.sql (7.59ms)","source":"stdlog"}
[2m[WebServer] [22m{"time":"2026-08-07T17:38:13.299318141-04:00","level":"INFO","msg":"OK   0028_ob_video_upgrade.sql (16.9ms)","source":"stdlog"}
[2m[WebServer] [22m{"time":"2026-08-07T17:38:13.307176172-04:00","level":"INFO","msg":"OK   0029_ob_templates_archived_at.sql (7.76ms)","source":"stdlog"}
[2m[WebServer] [22m{"time":"2026-08-07T17:38:13.335631829-04:00","level":"INFO","msg":"OK   0030_item_groups_unique_name.sql (28.3ms)","source":"stdlog"}
[2m[WebServer] [22m{"time":"2026-08-07T17:38:13.345098228-04:00","level":"INFO","msg":"OK   0031_remove_placeholder_items.sql (9.36ms)","source":"stdlog"}
[2m[WebServer] [22m{"time":"2026-08-07T17:38:13.358565243-04:00","level":"INFO","msg":"OK   0032_item_group_thresholds.sql (13.37ms)","source":"stdlog"}
[2m[WebServer] [22m{"time":"2026-08-07T17:38:13.388658349-04:00","level":"INFO","msg":"OK   0033_stock_count_overrides.sql (29.97ms)","source":"stdlog"}
[2m[WebServer] [22m{"time":"2026-08-07T17:38:13.474369474-04:00","level":"INFO","msg":"OK   0034_purchase_orders.sql (85.54ms)","source":"stdlog"}
[2m[WebServer] [22m{"time":"2026-08-07T17:38:13.487828366-04:00","level":"INFO","msg":"OK   0035_purchase_items_photo_store.sql (13.34ms)","source":"stdlog"}
[2m[WebServer] [22m{"time":"2026-08-07T17:38:13.500171559-04:00","level":"INFO","msg":"OK   0036_purchase_items_full_name.sql (12.25ms)","source":"stdlog"}
[2m[WebServer] [22m{"time":"2026-08-07T17:38:13.530417088-04:00","level":"INFO","msg":"OK   0037_cutoff_config.sql (30.14ms)","source":"stdlog"}
[2m[WebServer] [22m{"time":"2026-08-07T17:38:13.548419603-04:00","level":"INFO","msg":"OK   0038_po_status_extend.sql (17.88ms)","source":"stdlog"}
[2m[WebServer] [22m{"time":"2026-08-07T17:38:13.572283904-04:00","level":"INFO","msg":"OK   0039_purchase_items_vendor.sql (23.75ms)","source":"stdlog"}
[2m[WebServer] [22m{"time":"2026-08-07T17:38:13.683381259-04:00","level":"INFO","msg":"OK   0040_shopping_lists.sql (110.94ms)","source":"stdlog"}
[2m[WebServer] [22m{"time":"2026-08-07T17:38:13.696221933-04:00","level":"INFO","msg":"OK   0041_notification_channel.sql (12.73ms)","source":"stdlog"}
[2m[WebServer] [22m{"time":"2026-08-07T17:38:13.759267087-04:00","level":"INFO","msg":"OK   0042_repurchase_tracking.sql (62.91ms)","source":"stdlog"}
[2m[WebServer] [22m{"time":"2026-08-07T17:38:13.808707545-04:00","level":"INFO","msg":"OK   0043_alert_log.sql (49.31ms)","source":"stdlog"}
[2m[WebServer] [22m{"time":"2026-08-07T17:38:13.858107188-04:00","level":"INFO","msg":"OK   0044_low_stock_alert_log.sql (49.27ms)","source":"stdlog"}
[2m[WebServer] [22m{"time":"2026-08-07T17:38:13.907705885-04:00","level":"INFO","msg":"OK   0045_notification_channel_array.sql (49.45ms)","source":"stdlog"}
[2m[WebServer] [22m{"time":"2026-08-07T17:38:13.914889944-04:00","level":"INFO","msg":"OK   0046_user_timezone.sql (7.08ms)","source":"stdlog"}
[2m[WebServer] [22m{"time":"2026-08-07T17:38:13.970597613-04:00","level":"INFO","msg":"OK   0047_employee_fields.sql (55.56ms)","source":"stdlog"}
[2m[WebServer] [22m{"time":"2026-08-07T17:38:13.97815521-04:00","level":"INFO","msg":"OK   0048_notification_default_both.sql (7.45ms)","source":"stdlog"}
[2m[WebServer] [22m{"time":"2026-08-07T17:38:14.021834493-04:00","level":"INFO","msg":"OK   0049_ob_sub_items.sql (43.57ms)","source":"stdlog"}
[2m[WebServer] [22m{"time":"2026-08-07T17:38:14.031123768-04:00","level":"INFO","msg":"OK   0050_ob_progress_sub_item.sql (9.17ms)","source":"stdlog"}
[2m[WebServer] [22m{"time":"2026-08-07T17:38:14.039752499-04:00","level":"INFO","msg":"OK   0051_rejection_field_fk.sql (8.47ms)","source":"stdlog"}
[2m[WebServer] [22m{"time":"2026-08-07T17:38:14.056648376-04:00","level":"INFO","msg":"OK   0052_template_name_unique.sql (16.79ms)","source":"stdlog"}
[2m[WebServer] [22m{"time":"2026-08-07T17:38:14.064448164-04:00","level":"INFO","msg":"OK   0053_response_field_fk.sql (7.7ms)","source":"stdlog"}
[2m[WebServer] [22m{"time":"2026-08-07T17:38:14.071879744-04:00","level":"INFO","msg":"OK   0054_failnote_field_fk.sql (7.33ms)","source":"stdlog"}
[2m[WebServer] [22m{"time":"2026-08-07T17:38:14.079619419-04:00","level":"INFO","msg":"OK   0055_item_location_in_store.sql (7.61ms)","source":"stdlog"}
[2m[WebServer] [22m{"time":"2026-08-07T17:38:14.097260441-04:00","level":"INFO","msg":"OK   0056_ob_progress_photo.sql (17.52ms)","source":"stdlog"}
[2m[WebServer] [22m{"time":"2026-08-07T17:38:14.116702356-04:00","level":"INFO","msg":"OK   0057_ob_items_photo_type.sql (19.35ms)","source":"stdlog"}
[2m[WebServer] [22m{"time":"2026-08-07T17:38:14.131975674-04:00","level":"INFO","msg":"OK   0058_ob_sub_items_photos.sql (15.15ms)","source":"stdlog"}
[2m[WebServer] [22m{"time":"2026-08-07T17:38:14.139038345-04:00","level":"INFO","msg":"OK   0059_cleanup_photo_items.sql (6.94ms)","source":"stdlog"}
[2m[WebServer] [22m{"time":"2026-08-07T17:38:14.194689396-04:00","level":"INFO","msg":"OK   0060_menu_items.sql (55.51ms)","source":"stdlog"}
[2m[WebServer] [22m{"time":"2026-08-07T17:38:14.220737462-04:00","level":"INFO","msg":"OK   0061_daily_menu_sales.sql (25.91ms)","source":"stdlog"}
[2m[WebServer] [22m{"time":"2026-08-07T17:38:14.279856724-04:00","level":"INFO","msg":"OK   0062_recipes.sql (58.9ms)","source":"stdlog"}
[2m[WebServer] [22m{"time":"2026-08-07T17:38:14.350610587-04:00","level":"INFO","msg":"OK   0063_drift_check_results.sql (70.62ms)","source":"stdlog"}
[2m[WebServer] [22m{"time":"2026-08-07T17:38:14.366066352-04:00","level":"INFO","msg":"OK   0064_no_itemized_receipt_seed.sql (15.31ms)","source":"stdlog"}
[2m[WebServer] [22m{"time":"2026-08-07T17:38:14.378890776-04:00","level":"INFO","msg":"OK   0065_mercury_category_on_purchase_events.sql (12.73ms)","source":"stdlog"}
[2m[WebServer] [22m{"time":"2026-08-07T17:38:14.392374641-04:00","level":"INFO","msg":"OK   0066_mercury_category_on_pending_purchases.sql (13.37ms)","source":"stdlog"}
[2m[WebServer] [22m{"time":"2026-08-07T17:38:14.450919364-04:00","level":"INFO","msg":"OK   0067_receipt_sync_runs.sql (58.42ms)","source":"stdlog"}
[2m[WebServer] [22m{"time":"2026-08-07T17:38:14.481216915-04:00","level":"INFO","msg":"OK   0068_pending_purchases_bank_tx_uniq.sql (30.14ms)","source":"stdlog"}
[2m[WebServer] [22m{"time":"2026-08-07T17:38:14.497199851-04:00","level":"INFO","msg":"OK   0069_pending_purchases_parse_error.sql (15.88ms)","source":"stdlog"}
[2m[WebServer] [22m{"time":"2026-08-07T17:38:14.516084689-04:00","level":"INFO","msg":"OK   0070_receipt_urls.sql (18.76ms)","source":"stdlog"}
[2m[WebServer] [22m{"time":"2026-08-07T17:38:14.539276014-04:00","level":"INFO","msg":"OK   0071_submission_fail_notes_unique.sql (23.04ms)","source":"stdlog"}
[2m[WebServer] [22m{"time":"2026-08-07T17:38:14.55530682-04:00","level":"INFO","msg":"OK   0072_app_timezone_new_york.sql (15.89ms)","source":"stdlog"}
[2m[WebServer] [22m{"time":"2026-08-07T17:38:14.579112024-04:00","level":"INFO","msg":"OK   0073_sync_fdw_views.sql (23.55ms)","source":"stdlog"}
[2m[WebServer] [22m{"time":"2026-08-07T17:38:14.589236263-04:00","level":"INFO","msg":"OK   0074_sync_fdw_approver_view.sql (9.95ms)","source":"stdlog"}
[2m[WebServer] [22m{"time":"2026-08-07T17:38:14.58928614-04:00","level":"INFO","msg":"goose: successfully migrated database to version: 74","source":"stdlog"}
[2m[WebServer] [22m{"time":"2026-08-07T17:38:14.589299488-04:00","level":"INFO","msg":"database migrations applied successfully"}
[2m[WebServer] [22m{"time":"2026-08-07T17:38:14.671684138-04:00","level":"INFO","msg":"upserted superadmin","email":"jamal@yumyums.kitchen"}
[2m[WebServer] [22m{"time":"2026-08-07T17:38:14.703775155-04:00","level":"INFO","msg":"seeded template","name":"Setup Checklist","id":"3c1a3ab8-30ec-4eda-a8fa-b5f99083d0ab"}
[2m[WebServer] [22m{"time":"2026-08-07T17:38:14.703862264-04:00","level":"INFO","msg":"seeded templates","count":1}
[2m[WebServer] [22m{"time":"2026-08-07T17:38:14.735830746-04:00","level":"INFO","msg":"seeded onboarding template","name":"Kitchen Basics Training","id":"ff3df757-e6fd-41ad-982f-d0fbc76f0b86"}
[2m[WebServer] [22m{"time":"2026-08-07T17:38:14.760591442-04:00","level":"INFO","msg":"inventory: seeded vendors","count":5}
[2m[WebServer] [22m{"time":"2026-08-07T17:38:14.844999977-04:00","level":"INFO","msg":"inventory: seeded unique tags","count":19}
[2m[WebServer] [22m{"time":"2026-08-07T17:38:15.326717944-04:00","level":"INFO","msg":"inventory: seeded item groups","count":10}
[2m[WebServer] [22m{"time":"2026-08-07T17:38:15.810498515-04:00","level":"INFO","msg":"inventory: seeded purchase items from YAML","count":106}
[2m[WebServer] [22m{"time":"2026-08-07T17:38:15.810563088-04:00","level":"WARN","msg":"DO Spaces env vars not set, photo and video upload endpoints will return 503","required":"DO_SPACES_KEY, DO_SPACES_SECRET, DO_SPACES_BUCKET, DO_SPACES_REGION"}
[2m[WebServer] [22m{"time":"2026-08-07T17:38:15.81057765-04:00","level":"WARN","msg":"HQ_INVENTORY_SERVICE_TOKEN not set, /api/v1/inventory/period-summary AND /api/v1/inventory/menu-cogs will return 503"}
[2m[WebServer] [22m{"time":"2026-08-07T17:38:15.810864461-04:00","level":"INFO","msg":"inventory COGS category allowlist","allowlist":["COGS"]}
[2m[WebServer] [22m{"time":"2026-08-07T17:38:15.811327316-04:00","level":"INFO","msg":"receipt worker disabled","reason":"E2E_DISABLE_SCHEDULERS=1"}
[2m[WebServer] [22m{"time":"2026-08-07T17:38:15.811376223-04:00","level":"INFO","msg":"alert queue started","delivery_enabled":false}
[2m[WebServer] [22m{"time":"2026-08-07T17:38:15.811397412-04:00","level":"INFO","msg":"cutoff scheduler disabled","reason":"E2E_DISABLE_SCHEDULERS=1"}
[2m[WebServer] [22m{"time":"2026-08-07T17:38:15.811416292-04:00","level":"INFO","msg":"toast worker disabled, cmd/sync-toast remains available","reason":"TOAST_SYNC_INTERVAL=0"}
[2m[WebServer] [22m{"time":"2026-08-07T17:38:15.811547346-04:00","level":"INFO","msg":"alerts queue started"}
[2m[WebServer] [22m{"time":"2026-08-07T17:38:15.835204573-04:00","level":"INFO","msg":"server listening","port":"4351"}
[2m[WebServer] [22m{"time":"2026-08-07T17:38:15.84551643-04:00","level":"INFO","msg":"reachable at","url":"http://10.255.255.254:4351"}
[2m[WebServer] [22m{"time":"2026-08-07T17:38:15.84558281-04:00","level":"INFO","msg":"reachable at","url":"http://192.168.8.164:4351"}
[2m[WebServer] [22m{"time":"2026-08-07T17:38:15.845594459-04:00","level":"INFO","msg":"reachable at","url":"http://100.70.200.55:4351"}
[2m[WebServer] [22m{"time":"2026-08-07T17:38:15.8456041-04:00","level":"INFO","msg":"Yumyums HQ ready, accepting connections"}

Running 71 tests using 1 worker

  ✓   1 [chromium] › tests/repo-hygiene.spec.js:41:1 › no source file under sync-rxdb/ contains a NUL byte (27ms)
  ✓   2 [chromium] › tests/repo-hygiene.spec.js:66:1 › scopeFingerprint still joins its operands with a real NUL at runtime (11ms)
  ✓   3 [chromium] › tests/repo-hygiene.spec.js:89:1 › no sync-rxdb source gates activation on the merged row-visibility-rls card (6ms)
  ✓   4 [chromium] › tests/repo-hygiene.spec.js:132:1 › night-crew.toml records the spec files its Operations tokens really select (16ms)
  ✘   5 [chromium] › tests/sync-fill-view.spec.js:182:3 › [FILL-01] the fill view reads the open checklist from RxDB › a response that exists ONLY in RxDB answers the field in the runner (1.0m)
  ✘   6 [chromium] › tests/sync-fill-view.spec.js:246:3 › [FILL-01] the fill view reads the open checklist from RxDB › with the flag OFF the same fixture renders unanswered — no scope, no database, no IndexedDB (3.2s)
  ✘   7 [chromium] › tests/sync-fill-view.spec.js:296:3 › [FILL-02] the fill view holds multiple concurrent per-checklist scopes › setup + food prep live at once, pairwise-distinct identifiers, and cancelling one leaves the other (31.3s)
  ✘   8 [chromium] › tests/sync-fill-view.spec.js:350:3 › [FILL-02] the fill view holds multiple concurrent per-checklist scopes › the fill scope carries the crew member — two users on one phone do not share a checkpoint [F-2] (31.5s)
[2m[WebServer] [22m{"time":"2026-08-07T17:40:33.577259154-04:00","level":"INFO","msg":"client log","level":"WARN","message":"-------------- RxDB Open Core RxStorage -------------------------------\nYou are using the free Dexie.js based RxStorage implementation from RxDB https://rxdb.info/rx-storage-dexie.html?console=dexie \nWhile this is a great option, we want to let you know that there are faster storage solutions available in our premium plugins.\nFor professional users and production environments, we highly recommend considering these premium options to enhance performance and reliability.\n https://rxdb.info/premium/?console=dexie \nIf you already purchased premium access you can disable this log by calling the setPremiumFlag() function from rxdb-premium/plugins/shared.\n---------------------------------------------------------------------","user":"Jamal C. (jamal@yumyums.kitchen)","page":"/workflows.html","ua":"Mozilla/5.0 (X11; Linux x86_64) AppleWebKit/537.36 (KHTML, like Gecko) HeadlessChrome/147.0.7727.15 Safari/537.36"}
  ✘   9 [chromium] › tests/sync-fill-view.spec.js:395:3 › [FILL-03] a transient storage failure does not brick sync until reload (C2 G6 F-1) › a rejected createDatabase is EVICTED — the next open succeeds, and no dead scope is reported live (889ms)
  ✓  10 [chromium] › tests/sync-rxdb-client.spec.js:52:3 › vendor pin — fails LOUDLY on upgrade › vendor/package.json, the generated bundle and PINNED_VENDOR all agree (2.9s)
  ✓  11 [chromium] › tests/sync-rxdb-client.spec.js:69:3 › vendor pin — fails LOUDLY on upgrade › assertVendorPin throws with an actionable message when the bundle moves (124ms)
  ✓  12 [chromium] › tests/sync-rxdb-client.spec.js:86:3 › supabase-js URL derivation (the coupling decision 51 accepted) › given <origin>/sync it derives <origin>/sync/rest/v1 and <origin>/sync/realtime/v1 (49ms)
  ✓  13 [chromium] › tests/sync-rxdb-client.spec.js:117:3 › the door's addresses › the REST rewrite case table is non-empty (4ms)
  ✓  14 [chromium] › tests/sync-rxdb-client.spec.js:123:5 › the door's addresses › rewriteRestPath: /sync/rest/v1/checklist_templates -> /sync/rest/checklist_templates (5ms)
  ✓  15 [chromium] › tests/sync-rxdb-client.spec.js:123:5 › the door's addresses › rewriteRestPath: /sync/rest/v1/rpc/hq_can_see_template -> /sync/rest/rpc/hq_can_see_template (6ms)
  ✓  16 [chromium] › tests/sync-rxdb-client.spec.js:123:5 › the door's addresses › rewriteRestPath: /sync/rest/v1 -> /sync/rest (4ms)
  ✓  17 [chromium] › tests/sync-rxdb-client.spec.js:123:5 › the door's addresses › rewriteRestPath: /sync/rest/v1/v1 -> /sync/rest/v1 (4ms)
  ✓  18 [chromium] › tests/sync-rxdb-client.spec.js:123:5 › the door's addresses › rewriteRestPath: /sync/realtime/v1/websocket -> /sync/realtime/v1/websocket (5ms)
  ✓  19 [chromium] › tests/sync-rxdb-client.spec.js:123:5 › the door's addresses › rewriteRestPath: /api/v1/workflow/templates -> /api/v1/workflow/templates (4ms)
  ✓  20 [chromium] › tests/sync-rxdb-client.spec.js:129:3 › the door's addresses › rewriteRealtimeUrl points at /sync/realtime/socket/websocket and DROPS apikey (11ms)
  ✓  21 [chromium] › tests/sync-rxdb-client.spec.js:141:3 › the door's addresses › the constants match backend/internal/sync/proxy.go (8ms)
  ✓  22 [chromium] › tests/sync-rxdb-client.spec.js:157:3 › createHQSupabaseClient — same-origin, gateway-less, credential-free › a REST query lands on /sync/rest/<table> with no /v1 and no credentials (21ms)
  ✓  23 [chromium] › tests/sync-rxdb-client.spec.js:183:3 › createHQSupabaseClient — same-origin, gateway-less, credential-free › the realtime handshake goes to /sync/realtime/socket/websocket?vsn=1.0.0 (2.7s)
  ✓  24 [chromium] › tests/sync-rxdb-client.spec.js:204:3 › createHQSupabaseClient — same-origin, gateway-less, credential-free › nothing anywhere in the client layer fetches /api/v1/sync/token (10ms)
  ✓  25 [chromium] › tests/sync-rxdb-client.spec.js:215:3 › createHQSupabaseClient — same-origin, gateway-less, credential-free › construction makes no network request at all (205ms)
  ✓  26 [chromium] › tests/sync-rxdb-client.spec.js:228:3 › createHQSupabaseClient — same-origin, gateway-less, credential-free › createHQSyncClient exposes the HQ conflict handler, not RxDB's default (7ms)
  ✓  27 [chromium] › tests/sync-rxdb-client.spec.js:628:3 › [SCOPE-01] replication is scoped to the open checklist (C-2) › the fixture really does hold rows for a checklist this device never opened (30ms)
  ✓  28 [chromium] › tests/sync-rxdb-client.spec.js:664:3 › [SCOPE-01] replication is scoped to the open checklist (C-2) › the vendored plugin still offers pull.queryBuilder as the scoping seam (7ms)
  ✓  29 [chromium] › tests/sync-rxdb-client.spec.js:672:3 › [SCOPE-01] replication is scoped to the open checklist (C-2) › a device does NOT hold rows for a checklist it never opened (22ms)
  ✓  30 [chromium] › tests/sync-rxdb-client.spec.js:692:3 › [SCOPE-01] replication is scoped to the open checklist (C-2) › an offline DRAFT on the open checklist still replicates (5ms)
  ✓  31 [chromium] › tests/sync-rxdb-client.spec.js:707:3 › [SCOPE-01] replication is scoped to the open checklist (C-2) › replication REFUSES to start unscoped — C-2 is not a default, it is a gate (5ms)
  ✓  32 [chromium] › tests/sync-rxdb-client.spec.js:717:3 › [SCOPE-01] replication is scoped to the open checklist (C-2) › scoped AND batched — the pull keeps its batch size (11ms)
  ✓  33 [chromium] › tests/sync-rxdb-client.spec.js:731:3 › [SCOPE-01] replication is scoped to the open checklist (C-2) › scope values are QUOTED, so an id cannot rewrite the predicate [F-4] (7ms)
  ✓  34 [chromium] › tests/sync-rxdb-client.spec.js:753:3 › [SCOPE-01] replication is scoped to the open checklist (C-2) › an omitted templateId is REFUSED, not widened to every template [F-5] (5ms)
  ✓  35 [chromium] › tests/sync-rxdb-client.spec.js:772:3 › [SCOPE-01] replication is scoped to the open checklist (C-2) › a collection with no scope case refuses EAGERLY, not inside pull.handler [F-3] (9ms)
  ✓  36 [chromium] › tests/sync-rxdb-client.spec.js:840:3 › [SCOPE-03] the LIST scope — per-user, with a mandatory date floor › the list fixture is DISCRIMINATING, not merely populated (23ms)
  ✓  37 [chromium] › tests/sync-rxdb-client.spec.js:871:3 › [SCOPE-03] the LIST scope — per-user, with a mandatory date floor › a list scope with NO DATE FLOOR is REFUSED — the floor is the bound, not a default (9ms)
  ✓  38 [chromium] › tests/sync-rxdb-client.spec.js:904:3 › [SCOPE-03] the LIST scope — per-user, with a mandatory date floor › a list scope with no userId and no templates is REFUSED too (8ms)
  ✓  39 [chromium] › tests/sync-rxdb-client.spec.js:917:3 › [SCOPE-03] the LIST scope — per-user, with a mandatory date floor › a date floor cannot carry PostgREST logic-tree punctuation [F-4, on the new key] (3ms)
  ✓  40 [chromium] › tests/sync-rxdb-client.spec.js:927:3 › [SCOPE-03] the LIST scope — per-user, with a mandatory date floor › the list scope holds THIS user's rows since the floor, and nothing else (24ms)
  ✓  41 [chromium] › tests/sync-rxdb-client.spec.js:943:3 › [SCOPE-03] the LIST scope — per-user, with a mandatory date floor › the floor really is applied per collection, on each one's OWN time column (9ms)
  ✓  42 [chromium] › tests/sync-rxdb-client.spec.js:960:3 › [SCOPE-03] the LIST scope — per-user, with a mandatory date floor › the list scope is still BATCHED — C-2 is both halves (11ms)
  ✓  43 [chromium] › tests/sync-rxdb-client.spec.js:970:3 › [SCOPE-03] the LIST scope — per-user, with a mandatory date floor › the FILL scope is untouched — a second mode is not a rewrite of the first (7ms)
  ✓  44 [chromium] › tests/sync-rxdb-client.spec.js:983:3 › [SCOPE-03] the LIST scope — per-user, with a mandatory date floor › two crew members on ONE phone do not inherit each other's checkpoint (7ms)
  ✓  45 [chromium] › tests/sync-rxdb-client.spec.js:1032:3 › [SCOPE-04] the Realtime filter — three collections, and the one it cannot express › the vendored plugin still subscribes with no filter of its own (6ms)
  ✓  46 [chromium] › tests/sync-rxdb-client.spec.js:1040:5 › [SCOPE-04] the Realtime filter — three collections, and the one it cannot express › [fill] the filter is present on EXACTLY THREE collections and ABSENT on responses (5ms)
  ✓  47 [chromium] › tests/sync-rxdb-client.spec.js:1040:5 › [SCOPE-04] the Realtime filter — three collections, and the one it cannot express › [list] the filter is present on EXACTLY THREE collections and ABSENT on responses (4ms)
  ✓  48 [chromium] › tests/sync-rxdb-client.spec.js:1059:3 › [SCOPE-04] the Realtime filter — three collections, and the one it cannot express › every emitted filter is ONE `column=op.value` clause — the only shape Realtime takes (28ms)
  ✓  49 [chromium] › tests/sync-rxdb-client.spec.js:1086:3 › [SCOPE-04] the Realtime filter — three collections, and the one it cannot express › the filter reaches the plugin's channel — registered under the replication identifier (13ms)
  ✓  50 [chromium] › tests/sync-rxdb-client.spec.js:1123:3 › [SCOPE-04] the Realtime filter — three collections, and the one it cannot express › the channel shim injects the registered filter into the postgres_changes binding (8ms)
  ✓  51 [chromium] › tests/sync-rxdb-client.spec.js:1156:3 › [SCOPE-04] the Realtime filter — three collections, and the one it cannot express › the shim is installed by createHQSupabaseClient, not left to the caller (5ms)
  ✓  52 [chromium] › tests/sync-rxdb-client.spec.js:1291:3 › [SCOPE-02] the checkpoint is per-scope, not per-table (F-1) › RxDB really keys the checkpoint meta store by [collection.name, replicationIdentifier] (13ms)
  ✓  53 [chromium] › tests/sync-rxdb-client.spec.js:1302:3 › [SCOPE-02] the checkpoint is per-scope, not per-table (F-1) › opening an OLDER checklist after a newer one still replicates its rows (14ms)
  ✓  54 [chromium] › tests/sync-rxdb-client.spec.js:1320:3 › [SCOPE-02] the checkpoint is per-scope, not per-table (F-1) › ...and that is the SAME set a device with a fresh checkpoint would get (12ms)
  ✓  55 [chromium] › tests/sync-rxdb-client.spec.js:1330:3 › [SCOPE-02] the checkpoint is per-scope, not per-table (F-1) › a different scope mints a different replicationIdentifier — per collection (18ms)
  ✓  56 [chromium] › tests/sync-rxdb-client.spec.js:1340:3 › [SCOPE-02] the checkpoint is per-scope, not per-table (F-1) › the SAME scope still RESUMES — the fix did not just disable checkpoints (37ms)
  ✓  57 [chromium] › tests/sync-rxdb-client.spec.js:1353:3 › [SCOPE-02] the checkpoint is per-scope, not per-table (F-1) › the fingerprint is deterministic and scope-sensitive (8ms)
  ✓  58 [chromium] › tests/sync-rxdb-client.spec.js:1426:3 › [SCOPE-05] concurrent fill scopes, and the fill scope's user identity (F-2) › TWO concurrent fill scopes — setup + food prep — are two replications with pairwise-distinct identifiers (10ms)
  ✓  59 [chromium] › tests/sync-rxdb-client.spec.js:1438:3 › [SCOPE-05] concurrent fill scopes, and the fill scope's user identity (F-2) › ...and neither concurrent scope starves the other — a shared meta store, both sets of rows (8ms)
  ✘  60 [chromium] › tests/sync-rxdb-client.spec.js:1455:3 › [SCOPE-05] concurrent fill scopes, and the fill scope's user identity (F-2) › a SECOND crew member on the same phone gets their own identifiers, not a resumed cursor [F-2] (9ms)
  ✘  61 [chromium] › tests/sync-rxdb-client.spec.js:1470:3 › [SCOPE-05] concurrent fill scopes, and the fill scope's user identity (F-2) › the FILL scope REFUSES a missing userId — it is not an optional argument [F-2] (164ms)
  ✘  62 [chromium] › tests/sync-rxdb-client.spec.js:1500:3 › [SCOPE-05] concurrent fill scopes, and the fill scope's user identity (F-2) › the fill scope's userId is IDENTITY, not a filter clause — no collection filters on it (124ms)
  ✓  63 [chromium] › tests/sync-rxdb-client.spec.js:1518:3 › [SCOPE-05] concurrent fill scopes, and the fill scope's user identity (F-2) › the same crew member re-opening the same checklist still RESUMES (160ms)
  ✓  64 [chromium] › tests/sync-rxdb-client.spec.js:1534:3 › expandGrantSlugs — obligation 4 › inventory expands to the two per-tab surfaces the user can actually reach (10ms)
  ✓  65 [chromium] › tests/sync-rxdb-client.spec.js:1540:3 › expandGrantSlugs — obligation 4 › the umbrella table matches what main.go actually mounts (15ms)
  ✓  66 [chromium] › tests/sync-rxdb-client.spec.js:1549:3 › expandGrantSlugs — obligation 4 › a narrow per-tab grant is NOT widened — expansion is one-way (6ms)
  ✓  67 [chromium] › tests/sync-rxdb-client.spec.js:1554:3 › expandGrantSlugs — obligation 4 › idempotent, de-duplicating, order-independent, and empty-safe (9ms)
  ✓  68 [chromium] › tests/sync-rxdb-client.spec.js:1600:3 › workflows.html actually imports and constructs the client › window.HQSync is constructed, pinned and umbrella-expanded (1.1s)
[2m[WebServer] [22m{"time":"2026-08-07T17:40:49.263446836-04:00","level":"INFO","msg":"client log","level":"WARN","message":"-------------- RxDB Open Core RxStorage -------------------------------\nYou are using the free Dexie.js based RxStorage implementation from RxDB https://rxdb.info/rx-storage-dexie.html?console=dexie \nWhile this is a great option, we want to let you know that there are faster storage solutions available in our premium plugins.\nFor professional users and production environments, we highly recommend considering these premium options to enhance performance and reliability.\n https://rxdb.info/premium/?console=dexie \nIf you already purchased premium access you can disable this log by calling the setPremiumFlag() function from rxdb-premium/plugins/shared.\n---------------------------------------------------------------------","user":"Jamal C. (jamal@yumyums.kitchen)","page":"/workflows.html","ua":"Mozilla/5.0 (X11; Linux x86_64) AppleWebKit/537.36 (KHTML, like Gecko) HeadlessChrome/147.0.7727.15 Safari/537.36"}
  ✓  69 [chromium] › tests/sync-rxdb-client.spec.js:1641:3 › workflows.html actually imports and constructs the client › the RxDB collections carry HQ's conflict handler, not RxDB's default (951ms)
  ✓  70 [chromium] › tests/sync-rxdb-client.spec.js:1683:3 › workflows.html actually imports and constructs the client › no user write path was rerouted — workflows.html still autosaves through the API (7ms)
  ✓  71 [chromium] › tests/sync-rxdb-client.spec.js:1727:3 › workflows.html actually imports and constructs the client › nothing reads from RxDB on a code path that can execute offline — window.HQSync.db is undefined at end of load (B-88) (752ms)


  1) [chromium] › tests/sync-fill-view.spec.js:182:3 › [FILL-01] the fill view reads the open checklist from RxDB › a response that exists ONLY in RxDB answers the field in the runner 

    Error: [2mexpect([22m[31mlocator[39m[2m).[22mtoContainText[2m([22m[32mexpected[39m[2m)[22m failed

    Locator: locator('#fill-body .progress-line')
    Timeout: 60000ms
    [32m- Expected substring  - 1[39m
    [31m+ Received string     + 4[39m

    [32m- [7m1[27m of 1 items complete[39m
    [31m+[39m
    [31m+ [43m  [49m[39m
    [31m+ [7m  0[27m of 1 items complete[39m
    [31m+[39m

    Call log:
    [2m  - Expect "toContainText" with timeout 60000ms[22m
    [2m  - waiting for locator('#fill-body .progress-line')[22m
    [2m    63 × locator resolved to <div class="progress-line">…</div>[22m
    [2m       - unexpected value "[22m
    [2m  [22m
    [2m  0 of 1 items complete[22m
    [2m"[22m


      212 |     // overlaid from the RxDB collection this checklist's scope replicated.
      213 |     const progress = page.locator('#fill-body .progress-line');
    > 214 |     await expect(progress).toContainText('1 of 1 items complete', { timeout: 60000 });
          |                            ^
      215 |
      216 |     // ...and it really did come out of the collection, not off a REST body.
      217 |     const state = await page.evaluate(async (fid) => {
        at /home/jcole/projects/hq-worktrees/c3-fill-reads/tests/sync-fill-view.spec.js:214:28

    Error Context: test-results/sync-fill-view--FILL-01-th-552d8-ers-the-field-in-the-runner-chromium/error-context.md

  2) [chromium] › tests/sync-fill-view.spec.js:246:3 › [FILL-01] the fill view reads the open checklist from RxDB › with the flag OFF the same fixture renders unanswered — no scope, no database, no IndexedDB 

    Error: page.evaluate: TypeError: Cannot read properties of undefined (reading 'openIds')
        at eval (eval at evaluate (:302:30), <anonymous>:9:40)
        at async <anonymous>:328:30
        at eval (eval at evaluate (:302:30), <anonymous>:9:40)
        at async <anonymous>:328:30
        at /home/jcole/projects/hq-worktrees/c3-fill-reads/tests/sync-fill-view.spec.js:272:30

    Error Context: test-results/sync-fill-view--FILL-01-th-20c04-pe-no-database-no-IndexedDB-chromium/error-context.md

  3) [chromium] › tests/sync-fill-view.spec.js:296:3 › [FILL-02] the fill view holds multiple concurrent per-checklist scopes › setup + food prep live at once, pairwise-distinct identifiers, and cancelling one leaves the other 

    TimeoutError: page.waitForFunction: Timeout 30000ms exceeded.

      299 |     await stubSubstrate(page, {});
      300 |     await page.goto(`/workflows.html?${FLAG}=on`);
    > 301 |     await page.waitForFunction(
          |                ^
      302 |       () => window.HQFillSync && window.HQSync && window.HQSync.readEnabled === true,
      303 |       null,
      304 |       { timeout: 30000 },
        at /home/jcole/projects/hq-worktrees/c3-fill-reads/tests/sync-fill-view.spec.js:301:16

    Error Context: test-results/sync-fill-view--FILL-02-th-e5ab5-elling-one-leaves-the-other-chromium/error-context.md

  4) [chromium] › tests/sync-fill-view.spec.js:350:3 › [FILL-02] the fill view holds multiple concurrent per-checklist scopes › the fill scope carries the crew member — two users on one phone do not share a checkpoint [F-2] 

    TimeoutError: page.waitForFunction: Timeout 30000ms exceeded.

      353 |     await stubSubstrate(page, {});
      354 |     await page.goto(`/workflows.html?${FLAG}=on`);
    > 355 |     await page.waitForFunction(
          |                ^
      356 |       () => window.HQFillSync && window.HQSync && window.HQSync.readEnabled === true,
      357 |       null,
      358 |       { timeout: 30000 },
        at /home/jcole/projects/hq-worktrees/c3-fill-reads/tests/sync-fill-view.spec.js:355:16

    Error Context: test-results/sync-fill-view--FILL-02-th-a3d6f-not-share-a-checkpoint-F-2--chromium/error-context.md

  5) [chromium] › tests/sync-fill-view.spec.js:395:3 › [FILL-03] a transient storage failure does not brick sync until reload (C2 G6 F-1) › a rejected createDatabase is EVICTED — the next open succeeds, and no dead scope is reported live 

    TypeError: [2mexpect([22m[31mreceived[39m[2m).[22mtoMatch[2m([22m[32mexpected[39m[2m)[22m

    [1mMatcher error[22m: [31mreceived[39m value must be a string

    Received has value: [31mnull[39m

      438 |
      439 |     expect(out.firstError, 'the failure could not be forced — the createDatabase seam is missing')
    > 440 |       .toMatch(/transient IndexedDB failure/);
          |        ^
      441 |     expect(out.keysAfterFailure, 'a scope whose open REJECTED is still reported live by '
      442 |       + 'openScopeKeys(), and its cancel() is unreachable').toEqual([]);
      443 |     expect(out.secondError, 'the rejected promise was memoised — one transient storage '
        at /home/jcole/projects/hq-worktrees/c3-fill-reads/tests/sync-fill-view.spec.js:440:8

    Error Context: test-results/sync-fill-view--FILL-03-a--3457e-dead-scope-is-reported-live-chromium/error-context.md

  6) [chromium] › tests/sync-rxdb-client.spec.js:1455:3 › [SCOPE-05] concurrent fill scopes, and the fill scope's user identity (F-2) › a SECOND crew member on the same phone gets their own identifiers, not a resumed cursor [F-2] 

    Error: two crew members on one truck phone share a fill replication identifier — the second resumes the first's cursor and their own older draft rows are filtered away permanently (SCOPE-03's hazard, on the fill scope)

    [2mexpect([22m[31mreceived[39m[2m).[22mtoBe[2m([22m[32mexpected[39m[2m) // Object.is equality[22m

    Expected: [32m16[39m
    Received: [31m8[39m

      1465 |       + "replication identifier — the second resumes the first's cursor and their own "
      1466 |       + 'older draft rows are filtered away permanently (SCOPE-03\'s hazard, on the '
    > 1467 |       + 'fill scope)').toBe(ids.length);
           |                        ^
      1468 |   });
      1469 |
      1470 |   test('the FILL scope REFUSES a missing userId — it is not an optional argument [F-2]', async () => {
        at /home/jcole/projects/hq-worktrees/c3-fill-reads/tests/sync-rxdb-client.spec.js:1467:24

    Error Context: test-results/sync-rxdb-client--SCOPE-05-9a832-s-not-a-resumed-cursor-F-2--chromium/error-context.md

  7) [chromium] › tests/sync-rxdb-client.spec.js:1470:3 › [SCOPE-05] concurrent fill scopes, and the fill scope's user identity (F-2) › the FILL scope REFUSES a missing userId — it is not an optional argument [F-2] 

    Error: [2mexpect([22m[31mreceived[39m[2m).[22mtoThrow[2m([22m[32mexpected[39m[2m)[22m

    Expected pattern: [32m/userId/[39m

    Received function did not throw

      1479 |     expect(() => normalizeScope({
      1480 |       checklistId: OPEN.checklistId, templateId: OPEN.templateId,
    > 1481 |     })).toThrow(/userId/);
           |         ^
      1482 |     // ...and it refuses at the call, before a single collection is live.
      1483 |     const db = {
      1484 |       templates: {}, checklists: {}, responses: {}, approvals: {},
        at /home/jcole/projects/hq-worktrees/c3-fill-reads/tests/sync-rxdb-client.spec.js:1481:9

    Error Context: test-results/sync-rxdb-client--SCOPE-05-d94c8-t-an-optional-argument-F-2--chromium/error-context.md

  8) [chromium] › tests/sync-rxdb-client.spec.js:1500:3 › [SCOPE-05] concurrent fill scopes, and the fill scope's user identity (F-2) › the fill scope's userId is IDENTITY, not a filter clause — no collection filters on it 

    Error: [2mexpect([22m[31mreceived[39m[2m).[22mnot[2m.[22mtoBe[2m([22m[32mexpected[39m[2m) // Object.is equality[22m

    Expected: not [32m"44cb9cafac910f3b"[39m

      1510 |       // Same rows, different checkpoint namespace. That is the whole design.
      1511 |       expect(b.serialized).toBe(a.serialized);
    > 1512 |       expect(b.fingerprint).not.toBe(a.fingerprint);
           |                                 ^
      1513 |       // The realtime filter is the other emitted surface; it must not carry it either.
      1514 |       if (a.realtimeFilter !== null) expect(a.realtimeFilter).not.toContain(CREW_A);
      1515 |     }
        at /home/jcole/projects/hq-worktrees/c3-fill-reads/tests/sync-rxdb-client.spec.js:1512:33

    Error Context: test-results/sync-rxdb-client--SCOPE-05-e7a8f-no-collection-filters-on-it-chromium/error-context.md

  8 failed
    [chromium] › tests/sync-fill-view.spec.js:182:3 › [FILL-01] the fill view reads the open checklist from RxDB › a response that exists ONLY in RxDB answers the field in the runner 
    [chromium] › tests/sync-fill-view.spec.js:246:3 › [FILL-01] the fill view reads the open checklist from RxDB › with the flag OFF the same fixture renders unanswered — no scope, no database, no IndexedDB 
    [chromium] › tests/sync-fill-view.spec.js:296:3 › [FILL-02] the fill view holds multiple concurrent per-checklist scopes › setup + food prep live at once, pairwise-distinct identifiers, and cancelling one leaves the other 
    [chromium] › tests/sync-fill-view.spec.js:350:3 › [FILL-02] the fill view holds multiple concurrent per-checklist scopes › the fill scope carries the crew member — two users on one phone do not share a checkpoint [F-2] 
    [chromium] › tests/sync-fill-view.spec.js:395:3 › [FILL-03] a transient storage failure does not brick sync until reload (C2 G6 F-1) › a rejected createDatabase is EVICTED — the next open succeeds, and no dead scope is reported live 
    [chromium] › tests/sync-rxdb-client.spec.js:1455:3 › [SCOPE-05] concurrent fill scopes, and the fill scope's user identity (F-2) › a SECOND crew member on the same phone gets their own identifiers, not a resumed cursor [F-2] 
    [chromium] › tests/sync-rxdb-client.spec.js:1470:3 › [SCOPE-05] concurrent fill scopes, and the fill scope's user identity (F-2) › the FILL scope REFUSES a missing userId — it is not an optional argument [F-2] 
    [chromium] › tests/sync-rxdb-client.spec.js:1500:3 › [SCOPE-05] concurrent fill scopes, and the fill scope's user identity (F-2) › the fill scope's userId is IDENTITY, not a filter clause — no collection filters on it 
  63 passed (5.0m)
EXIT=1
