RUN_START 1784550401 2026-07-20T08:26:41-04:00
A1_IMPL_START 1784550458 2026-07-20T08:27:38-04:00
A1_IMPL_END 1784556533 2026-07-20T10:08:53-04:00
A1_G6_START 1784556533 2026-07-20T10:08:53-04:00
A1_G6_END 1784557088 2026-07-20T10:18:08-04:00
A1_MERGE_END 1784557097 2026-07-20T10:18:17-04:00
B1_IMPL_START 1784557131 2026-07-20T10:18:51-04:00
B1_IMPL_END 1784557622 2026-07-20T10:27:02-04:00
B1_G6_START 1784557622 2026-07-20T10:27:02-04:00
B1_G6_END 1784557889 2026-07-20T10:31:29-04:00
B1_MERGE_END 1784557906 2026-07-20T10:31:46-04:00
C1_IMPL_START 1784557906 2026-07-20T10:31:46-04:00
C1_IMPL_END 1784558356 2026-07-20T10:39:16-04:00
C1_G6_START 1784558356 2026-07-20T10:39:16-04:00
C1_G6_END 1784558645 2026-07-20T10:44:05-04:00
C1_MERGE_END 1784558659 2026-07-20T10:44:19-04:00
A2_IMPL_START 1784558660 2026-07-20T10:44:20-04:00
A2_IMPL_END 1784563939 2026-07-20T12:12:19-04:00
A2_G6_START 1784563939 2026-07-20T12:12:19-04:00
A2_G6_END 1784567393 2026-07-20T13:09:53-04:00
A2_MERGE_END 1784567405 2026-07-20T13:10:05-04:00
RUN_CLOSEOUT 1784567542 2026-07-20T13:12:22-04:00
