# target coordinates (read-only statement before any write):
#   compose project : spike-supabase (throwaway LOCAL substrate)
#   compose file    : /Users/jamal/gsd-workspaces/nc-20260904/c01/docker-compose.supabase.yml
#   mode            : RECONCILE (env-up.sh, no flags — never --fresh from a harness)
#   NOT :5433 (dev/prod cluster), NOT :5434 (test pg), NOT any hosted supabase.com project

── substrate up (env-up.sh, idempotent reconcile) ──
# env-up.sh — mode=reconcile repo=/Users/jamal/gsd-workspaces/nc-20260904/c01
# compose anchor (--project-directory, path-stability fix) = /Users/jamal/projects/yumyums/hq
# started 2026-09-04T05:37:52Z

── 1. preflight — required tooling ───────────────────────────────
  docker /usr/local/bin/docker
  curl   /usr/bin/curl
  node   /Users/jamal/.nvm/versions/node/v22.5.0/bin/node
  npm    /Users/jamal/.nvm/versions/node/v22.5.0/bin/npm
  go     /usr/local/bin/go
  compose 2.5.1
  go      go version go1.25.5 darwin/amd64
  node    v22.5.0
  docker daemon: reachable

── 2. bringing the stack up (idempotent) ───────────────────────────────
Container spike-supabase-db-1  Running
Container spike-supabase-realtime-1  Running
Container spike-supabase-rest-1  Running
Container spike-supabase-db-1  Waiting
Container spike-supabase-db-1  Waiting
Container spike-supabase-db-1  Healthy
Container spike-supabase-db-1  Healthy
NAME                        COMMAND                  SERVICE             STATUS              PORTS
spike-supabase-db-1         "docker-entrypoint.s…"   db                  running (healthy)   0.0.0.0:55342->5432/tcp
spike-supabase-realtime-1   "/usr/bin/tini -s -g…"   realtime            running             0.0.0.0:55371->4000/tcp
spike-supabase-rest-1       "/bin/postgrest"         rest                running             0.0.0.0:55368->3000/tcp

── 3. waiting for db to report healthy (timeout 300s) ───────────────────────────────
  db: running/healthy

── 4. applying fixture schemas ───────────────────────────────
  → spike-fixture.sql
psql:<stdin>:30: NOTICE:  relation "spike_notes" already exists, skipping
  → hq-bridge-fixture.sql
psql:<stdin>:53: NOTICE:  relation "hq_grant_projection" already exists, skipping
psql:<stdin>:77: NOTICE:  relation "hq_sync_checklists" already exists, skipping
psql:<stdin>:114: NOTICE:  relation "hq_uid_trap" already exists, skipping
  → hq-bridge-policies.sql

── 5. resolving host ports ───────────────────────────────
  db=55342 rest=55368 realtime=55371

── 6. waiting for PostgREST and Realtime to answer (timeout 180s each) ───────────────────────────────
  PostgREST: HTTP 200
  Realtime: HTTP 200

── 7. installing the RxDB harness (npm ci, isolated project) ───────────────────────────────
  node_modules present — skipping install

── 8. health assertion — rest, realtime, schema, rxdb ───────────────────────────────
# stack: rest=55368 realtime=55371 db=55342  run=r1788500277994
PASS  ports — db=55342 rest=55368 realtime=55371
PASS  token — go-minted, 184 chars, 3 segments
PASS  schema — 4 fixture table(s) and 5 hq_* policy(ies) present by name
PASS  rest — spike_notes readable; alice sees 1 row(s), owners=["user-alice"], bob's row correctly hidden
PASS  realtime — channel SUBSCRIBED
-------------- RxDB dev-mode warning -------------------------------
you are seeing this because you use the RxDB dev-mode plugin https://rxdb.info/dev-mode.html?console=dev-mode 
This is great in development mode, because it will run many checks to ensure
that you use RxDB correct. If you see this in production mode,
you did something wrong because the dev-mode plugin will decrease the performance.

🤗 Hint: To get the most out of RxDB, check out the Premium Plugins
to get access to faster storages and more professional features: https://rxdb.info/premium/?console=dev-mode 

You can disable this warning by calling disableWarnings() from the dev-mode plugin.
---------------------------------------------------------------------
PASS  rxdb — local RxDB database created, doc hc-1788500278989 inserted and read back

HEALTHCHECK: GREEN — ports, token, schema, rest, realtime, rxdb all asserted

══════════════════════════════════════════════════════════
✅ VERDICT: GREEN — Supabase + RxDB up, schema applied, healthy
   db=55342  rest=55368  realtime=55371   (project: spike-supabase)
   teardown is a separate, deliberate act:  task spike:down
   finished 2026-09-04T05:37:59Z
══════════════════════════════════════════════════════════
#   db container    : b4d825247a2df3a826f80efcf019a7d2fbd269e244926efd7d2ac599b50bfb8c
#   db host port    : 55342 (Docker-assigned)
#   db role         : supabase_admin, via docker exec (no host psql involved)
#   realtime        : 127.0.0.1:55371

── migration + seed (idempotent) ──
  → migrations/20260904000100_qr_attribution_spine.sql
psql:<stdin>:36: NOTICE:  relation "campaigns" already exists, skipping
psql:<stdin>:54: NOTICE:  relation "codes" already exists, skipping
psql:<stdin>:56: NOTICE:  relation "codes_updated_at_idx" already exists, skipping
psql:<stdin>:78: NOTICE:  relation "scan_attempts" already exists, skipping
psql:<stdin>:80: NOTICE:  relation "scan_attempts_join_idx" already exists, skipping
psql:<stdin>:101: NOTICE:  relation "marketing_settings" already exists, skipping
  → seed.sql (TEST fixtures — local/test substrates only, never production)

── second subscriber: authenticated-role token + rtprobe on public.codes ──
  minted role=authenticated sub=rt-sub-1788500280-57687 (the role the codes_select_device policy admits)
  RTP CONNECT addr=127.0.0.1:55371 host=realtime-dev.localhost status=101 Switching Protocols
  RTP BIND label=codes topic=realtime:codes entity=public.codes filter=-
  RTP JOIN-OK label=codes response={"postgres_changes":[{"id":12527240,"event":"*","schema":"public","table":"codes"}]}
  RTP READY subscribed=1 failed=0 window=20s

── client one: server-side UPDATE on the code (pure updated_at checkpoint touch) ──
  updated code=c0000000-0000-4000-8000-000000000001 → updated_at=now() (nothing redeemed; seed contract preserved)

── waiting out the observation window (20s) ──
  rtprobe exit=0
  RTP EVENT label=codes type=UPDATE table=public.codes id=c0000000-0000-4000-8000-000000000001
  RTP COUNT label=codes events=1
  RTP DONE frames=2

✅ VERDICT: GREEN — a server-side UPDATE arrived at a second authenticated Realtime subscriber (publication + per-subscriber RLS both live, in-repo migration)
