?   	github.com/yumyums/hq/cmd/backfill-receipts	[no test files]
?   	github.com/yumyums/hq/cmd/import-notion	[no test files]
?   	github.com/yumyums/hq/cmd/migrate-toast-archive	[no test files]
?   	github.com/yumyums/hq/cmd/seed	[no test files]
?   	github.com/yumyums/hq/cmd/server	[no test files]
?   	github.com/yumyums/hq/cmd/spikec-relay	[no test files]
?   	github.com/yumyums/hq/cmd/sync-toast	[no test files]
ok  	github.com/yumyums/hq/internal/alerts	0.010s
ok  	github.com/yumyums/hq/internal/auth	3.319s
?   	github.com/yumyums/hq/internal/config	[no test files]
?   	github.com/yumyums/hq/internal/db	[no test files]
ok  	github.com/yumyums/hq/internal/inventory	21.785s
?   	github.com/yumyums/hq/internal/me	[no test files]
?   	github.com/yumyums/hq/internal/onboarding	[no test files]
?   	github.com/yumyums/hq/internal/photos	[no test files]
ok  	github.com/yumyums/hq/internal/purchasing	6.782s
ok  	github.com/yumyums/hq/internal/receipt	18.862s
ok  	github.com/yumyums/hq/internal/recipes	20.108s
ok  	github.com/yumyums/hq/internal/sync	41.792s
?   	github.com/yumyums/hq/internal/testdb	[no test files]
ok  	github.com/yumyums/hq/internal/toast	0.007s
?   	github.com/yumyums/hq/internal/users	[no test files]
?   	github.com/yumyums/hq/internal/version	[no test files]
ok  	github.com/yumyums/hq/internal/workflow	1.842s
EXIT=0
