?   	github.com/yumyums/hq/cmd/backfill-receipts	[no test files]
?   	github.com/yumyums/hq/cmd/import-notion	[no test files]
?   	github.com/yumyums/hq/cmd/migrate-toast-archive	[no test files]
?   	github.com/yumyums/hq/cmd/seed	[no test files]
?   	github.com/yumyums/hq/cmd/server	[no test files]
?   	github.com/yumyums/hq/cmd/spikec-relay	[no test files]
?   	github.com/yumyums/hq/cmd/sync-toast	[no test files]
ok  	github.com/yumyums/hq/internal/alerts	0.008s
ok  	github.com/yumyums/hq/internal/auth	3.361s
?   	github.com/yumyums/hq/internal/config	[no test files]
?   	github.com/yumyums/hq/internal/db	[no test files]
ok  	github.com/yumyums/hq/internal/inventory	22.428s
?   	github.com/yumyums/hq/internal/me	[no test files]
?   	github.com/yumyums/hq/internal/onboarding	[no test files]
?   	github.com/yumyums/hq/internal/photos	[no test files]
ok  	github.com/yumyums/hq/internal/purchasing	7.819s
ok  	github.com/yumyums/hq/internal/receipt	23.406s
ok  	github.com/yumyums/hq/internal/recipes	20.984s
ok  	github.com/yumyums/hq/internal/sync	45.371s
?   	github.com/yumyums/hq/internal/testdb	[no test files]
ok  	github.com/yumyums/hq/internal/toast	0.010s
?   	github.com/yumyums/hq/internal/users	[no test files]
?   	github.com/yumyums/hq/internal/version	[no test files]
ok  	github.com/yumyums/hq/internal/workflow	1.784s
