# H1 isolation re-run of the 3 non-baseline reds — tree 3708d5a  2026-10-01T19:48:24-04:00
# TEST_PORT=8531  TEST_DB_NAME=hq_test_e2e_h1iso_20261002
# lock acquired 2026-10-01T19:48:24-04:00
EXIT_BDDGEN=0
## three confined specs, tests/-anchored (B-87)
[2m[WebServer] [22mNOTICE:  database "hq_test_e2e_h1iso_20261002" does not exist, skipping
[2m[WebServer] [22m── reset hq_test_e2e_h1iso_20261002 on localhost:5434 ──
[2m[WebServer] [22m── wrote version.json frontend=1.10.2 ──
[2m[WebServer] [22m{"time":"2026-10-01T19:50:43.286660697-04:00","level":"INFO","msg":"serving static files from disk","dir":"../"}
[2m[WebServer] [22m{"time":"2026-10-01T19:50:43.287096909-04:00","level":"INFO","msg":"loaded superadmins","count":1}
[2m[WebServer] [22m{"time":"2026-10-01T19:50:43.304510373-04:00","level":"INFO","msg":"connected to database"}
[2m[WebServer] [22m{"time":"2026-10-01T19:50:43.3694833-04:00","level":"INFO","msg":"OK   0001_users.sql (38.44ms)","source":"stdlog"}
[2m[WebServer] [22m{"time":"2026-10-01T19:50:43.423947355-04:00","level":"INFO","msg":"OK   0002_sessions.sql (54.3ms)","source":"stdlog"}
[2m[WebServer] [22m{"time":"2026-10-01T19:50:43.4634115-04:00","level":"INFO","msg":"OK   0003_invite_tokens.sql (38.11ms)","source":"stdlog"}
[2m[WebServer] [22m{"time":"2026-10-01T19:50:43.499933912-04:00","level":"INFO","msg":"OK   0004_hq_apps.sql (36.38ms)","source":"stdlog"}
[2m[WebServer] [22m{"time":"2026-10-01T19:50:43.552495229-04:00","level":"INFO","msg":"OK   0005_app_permissions.sql (52.44ms)","source":"stdlog"}
[2m[WebServer] [22m{"time":"2026-10-01T19:50:43.581643926-04:00","level":"INFO","msg":"OK   0006_checklist_templates.sql (28.95ms)","source":"stdlog"}
[2m[WebServer] [22m{"time":"2026-10-01T19:50:43.612992563-04:00","level":"INFO","msg":"OK   0007_checklist_schedules.sql (31.25ms)","source":"stdlog"}
[2m[WebServer] [22m{"time":"2026-10-01T19:50:43.650687529-04:00","level":"INFO","msg":"OK   0008_template_assignments.sql (37.55ms)","source":"stdlog"}
[2m[WebServer] [22m{"time":"2026-10-01T19:50:43.684565309-04:00","level":"INFO","msg":"OK   0009_checklist_sections.sql (33.76ms)","source":"stdlog"}
[2m[WebServer] [22m{"time":"2026-10-01T19:50:43.715100274-04:00","level":"INFO","msg":"OK   0010_checklist_fields.sql (30.38ms)","source":"stdlog"}
[2m[WebServer] [22m{"time":"2026-10-01T19:50:43.773278545-04:00","level":"INFO","msg":"OK   0011_checklist_submissions.sql (58.08ms)","source":"stdlog"}
[2m[WebServer] [22m{"time":"2026-10-01T19:50:43.823129814-04:00","level":"INFO","msg":"OK   0012_submission_responses.sql (49.73ms)","source":"stdlog"}
[2m[WebServer] [22m{"time":"2026-10-01T19:50:43.854020735-04:00","level":"INFO","msg":"OK   0013_submission_fail_notes.sql (30.77ms)","source":"stdlog"}
[2m[WebServer] [22m{"time":"2026-10-01T19:50:43.883758788-04:00","level":"INFO","msg":"OK   0014_submission_rejections.sql (29.62ms)","source":"stdlog"}
[2m[WebServer] [22m{"time":"2026-10-01T19:50:43.937993986-04:00","level":"INFO","msg":"OK   0015_ops.sql (54.12ms)","source":"stdlog"}
[2m[WebServer] [22m{"time":"2026-10-01T19:50:43.953200746-04:00","level":"INFO","msg":"OK   0016_lamport_ts.sql (15.11ms)","source":"stdlog"}
[2m[WebServer] [22m{"time":"2026-10-01T19:50:43.972315348-04:00","level":"INFO","msg":"OK   0017_users_naming.sql (18.97ms)","source":"stdlog"}
[2m[WebServer] [22m{"time":"2026-10-01T19:50:44.029957233-04:00","level":"INFO","msg":"OK   0018_ob_templates.sql (57.45ms)","source":"stdlog"}
[2m[WebServer] [22m{"time":"2026-10-01T19:50:44.103638308-04:00","level":"INFO","msg":"OK   0019_ob_items.sql (73.57ms)","source":"stdlog"}
[2m[WebServer] [22m{"time":"2026-10-01T19:50:44.153630532-04:00","level":"INFO","msg":"OK   0020_ob_progress.sql (49.88ms)","source":"stdlog"}
[2m[WebServer] [22m{"time":"2026-10-01T19:50:44.193669774-04:00","level":"INFO","msg":"OK   0021_ob_signoffs.sql (39.94ms)","source":"stdlog"}
[2m[WebServer] [22m{"time":"2026-10-01T19:50:44.232836228-04:00","level":"INFO","msg":"OK   0022_ob_template_assignments.sql (39.06ms)","source":"stdlog"}
[2m[WebServer] [22m{"time":"2026-10-01T19:50:44.295611757-04:00","level":"INFO","msg":"OK   0023_multi_role.sql (62.66ms)","source":"stdlog"}
[2m[WebServer] [22m{"time":"2026-10-01T19:50:44.490166912-04:00","level":"INFO","msg":"OK   0024_inventory.sql (194.34ms)","source":"stdlog"}
[2m[WebServer] [22m{"time":"2026-10-01T19:50:44.529474236-04:00","level":"INFO","msg":"OK   0025_pending_purchases.sql (39.18ms)","source":"stdlog"}
[2m[WebServer] [22m{"time":"2026-10-01T19:50:44.537840187-04:00","level":"INFO","msg":"OK   0026_ob_progress_faq.sql (8.18ms)","source":"stdlog"}
[2m[WebServer] [22m{"time":"2026-10-01T19:50:44.545255594-04:00","level":"INFO","msg":"OK   0027_ob_section_signoff_roles.sql (7.32ms)","source":"stdlog"}
[2m[WebServer] [22m{"time":"2026-10-01T19:50:44.56065928-04:00","level":"INFO","msg":"OK   0028_ob_video_upgrade.sql (15.27ms)","source":"stdlog"}
[2m[WebServer] [22m{"time":"2026-10-01T19:50:44.567378013-04:00","level":"INFO","msg":"OK   0029_ob_templates_archived_at.sql (6.64ms)","source":"stdlog"}
[2m[WebServer] [22m{"time":"2026-10-01T19:50:44.592329238-04:00","level":"INFO","msg":"OK   0030_item_groups_unique_name.sql (24.82ms)","source":"stdlog"}
[2m[WebServer] [22m{"time":"2026-10-01T19:50:44.601702484-04:00","level":"INFO","msg":"OK   0031_remove_placeholder_items.sql (9.23ms)","source":"stdlog"}
[2m[WebServer] [22m{"time":"2026-10-01T19:50:44.61531586-04:00","level":"INFO","msg":"OK   0032_item_group_thresholds.sql (13.5ms)","source":"stdlog"}
[2m[WebServer] [22m{"time":"2026-10-01T19:50:44.644934977-04:00","level":"INFO","msg":"OK   0033_stock_count_overrides.sql (29.51ms)","source":"stdlog"}
[2m[WebServer] [22m{"time":"2026-10-01T19:50:44.718260797-04:00","level":"INFO","msg":"OK   0034_purchase_orders.sql (73.18ms)","source":"stdlog"}
[2m[WebServer] [22m{"time":"2026-10-01T19:50:44.731482969-04:00","level":"INFO","msg":"OK   0035_purchase_items_photo_store.sql (13.11ms)","source":"stdlog"}
[2m[WebServer] [22m{"time":"2026-10-01T19:50:44.742787192-04:00","level":"INFO","msg":"OK   0036_purchase_items_full_name.sql (11.22ms)","source":"stdlog"}
[2m[WebServer] [22m{"time":"2026-10-01T19:50:44.77037859-04:00","level":"INFO","msg":"OK   0037_cutoff_config.sql (27.5ms)","source":"stdlog"}
[2m[WebServer] [22m{"time":"2026-10-01T19:50:44.784032763-04:00","level":"INFO","msg":"OK   0038_po_status_extend.sql (13.53ms)","source":"stdlog"}
[2m[WebServer] [22m{"time":"2026-10-01T19:50:44.801152738-04:00","level":"INFO","msg":"OK   0039_purchase_items_vendor.sql (17.03ms)","source":"stdlog"}
[2m[WebServer] [22m{"time":"2026-10-01T19:50:45.011427949-04:00","level":"INFO","msg":"OK   0040_shopping_lists.sql (210.14ms)","source":"stdlog"}
[2m[WebServer] [22m{"time":"2026-10-01T19:50:45.02397592-04:00","level":"INFO","msg":"OK   0041_notification_channel.sql (12.46ms)","source":"stdlog"}
[2m[WebServer] [22m{"time":"2026-10-01T19:50:45.089971983-04:00","level":"INFO","msg":"OK   0042_repurchase_tracking.sql (65.87ms)","source":"stdlog"}
[2m[WebServer] [22m{"time":"2026-10-01T19:50:45.153620813-04:00","level":"INFO","msg":"OK   0043_alert_log.sql (63.27ms)","source":"stdlog"}
[2m[WebServer] [22m{"time":"2026-10-01T19:50:45.207694146-04:00","level":"INFO","msg":"OK   0044_low_stock_alert_log.sql (53.92ms)","source":"stdlog"}
[2m[WebServer] [22m{"time":"2026-10-01T19:50:45.252984093-04:00","level":"INFO","msg":"OK   0045_notification_channel_array.sql (45.18ms)","source":"stdlog"}
[2m[WebServer] [22m{"time":"2026-10-01T19:50:45.260480734-04:00","level":"INFO","msg":"OK   0046_user_timezone.sql (7.39ms)","source":"stdlog"}
[2m[WebServer] [22m{"time":"2026-10-01T19:50:45.313064497-04:00","level":"INFO","msg":"OK   0047_employee_fields.sql (52.5ms)","source":"stdlog"}
[2m[WebServer] [22m{"time":"2026-10-01T19:50:45.320152762-04:00","level":"INFO","msg":"OK   0048_notification_default_both.sql (7.01ms)","source":"stdlog"}
[2m[WebServer] [22m{"time":"2026-10-01T19:50:45.359981386-04:00","level":"INFO","msg":"OK   0049_ob_sub_items.sql (39.73ms)","source":"stdlog"}
[2m[WebServer] [22m{"time":"2026-10-01T19:50:45.367983171-04:00","level":"INFO","msg":"OK   0050_ob_progress_sub_item.sql (7.92ms)","source":"stdlog"}
[2m[WebServer] [22m{"time":"2026-10-01T19:50:45.375370117-04:00","level":"INFO","msg":"OK   0051_rejection_field_fk.sql (7.28ms)","source":"stdlog"}
[2m[WebServer] [22m{"time":"2026-10-01T19:50:45.392213471-04:00","level":"INFO","msg":"OK   0052_template_name_unique.sql (16.75ms)","source":"stdlog"}
[2m[WebServer] [22m{"time":"2026-10-01T19:50:45.400257073-04:00","level":"INFO","msg":"OK   0053_response_field_fk.sql (7.93ms)","source":"stdlog"}
[2m[WebServer] [22m{"time":"2026-10-01T19:50:45.407843309-04:00","level":"INFO","msg":"OK   0054_failnote_field_fk.sql (7.5ms)","source":"stdlog"}
[2m[WebServer] [22m{"time":"2026-10-01T19:50:45.414675215-04:00","level":"INFO","msg":"OK   0055_item_location_in_store.sql (6.77ms)","source":"stdlog"}
[2m[WebServer] [22m{"time":"2026-10-01T19:50:45.428934167-04:00","level":"INFO","msg":"OK   0056_ob_progress_photo.sql (14.17ms)","source":"stdlog"}
[2m[WebServer] [22m{"time":"2026-10-01T19:50:45.441662539-04:00","level":"INFO","msg":"OK   0057_ob_items_photo_type.sql (12.66ms)","source":"stdlog"}
[2m[WebServer] [22m{"time":"2026-10-01T19:50:45.454015261-04:00","level":"INFO","msg":"OK   0058_ob_sub_items_photos.sql (12.24ms)","source":"stdlog"}
[2m[WebServer] [22m{"time":"2026-10-01T19:50:45.460912721-04:00","level":"INFO","msg":"OK   0059_cleanup_photo_items.sql (6.81ms)","source":"stdlog"}
[2m[WebServer] [22m{"time":"2026-10-01T19:50:45.518404785-04:00","level":"INFO","msg":"OK   0060_menu_items.sql (57.38ms)","source":"stdlog"}
[2m[WebServer] [22m{"time":"2026-10-01T19:50:45.550097788-04:00","level":"INFO","msg":"OK   0061_daily_menu_sales.sql (31.59ms)","source":"stdlog"}
[2m[WebServer] [22m{"time":"2026-10-01T19:50:45.605247265-04:00","level":"INFO","msg":"OK   0062_recipes.sql (54.98ms)","source":"stdlog"}
[2m[WebServer] [22m{"time":"2026-10-01T19:50:45.642325733-04:00","level":"INFO","msg":"OK   0063_drift_check_results.sql (36.97ms)","source":"stdlog"}
[2m[WebServer] [22m{"time":"2026-10-01T19:50:45.679462685-04:00","level":"INFO","msg":"OK   0064_no_itemized_receipt_seed.sql (36.98ms)","source":"stdlog"}
[2m[WebServer] [22m{"time":"2026-10-01T19:50:45.701029798-04:00","level":"INFO","msg":"OK   0065_mercury_category_on_purchase_events.sql (21.44ms)","source":"stdlog"}
[2m[WebServer] [22m{"time":"2026-10-01T19:50:45.714868353-04:00","level":"INFO","msg":"OK   0066_mercury_category_on_pending_purchases.sql (13.75ms)","source":"stdlog"}
[2m[WebServer] [22m{"time":"2026-10-01T19:50:45.773666759-04:00","level":"INFO","msg":"OK   0067_receipt_sync_runs.sql (58.56ms)","source":"stdlog"}
[2m[WebServer] [22m{"time":"2026-10-01T19:50:45.80343232-04:00","level":"INFO","msg":"OK   0068_pending_purchases_bank_tx_uniq.sql (29.61ms)","source":"stdlog"}
[2m[WebServer] [22m{"time":"2026-10-01T19:50:45.817013202-04:00","level":"INFO","msg":"OK   0069_pending_purchases_parse_error.sql (13.45ms)","source":"stdlog"}
[2m[WebServer] [22m{"time":"2026-10-01T19:50:45.843783763-04:00","level":"INFO","msg":"OK   0070_receipt_urls.sql (26.67ms)","source":"stdlog"}
[2m[WebServer] [22m{"time":"2026-10-01T19:50:45.868174666-04:00","level":"INFO","msg":"OK   0071_submission_fail_notes_unique.sql (24.22ms)","source":"stdlog"}
[2m[WebServer] [22m{"time":"2026-10-01T19:50:45.884884587-04:00","level":"INFO","msg":"OK   0072_app_timezone_new_york.sql (16.55ms)","source":"stdlog"}
[2m[WebServer] [22m{"time":"2026-10-01T19:50:45.913892787-04:00","level":"INFO","msg":"OK   0073_sync_fdw_views.sql (28.65ms)","source":"stdlog"}
[2m[WebServer] [22m{"time":"2026-10-01T19:50:45.93065796-04:00","level":"INFO","msg":"OK   0074_sync_fdw_approver_view.sql (16.41ms)","source":"stdlog"}
[2m[WebServer] [22m{"time":"2026-10-01T19:50:46.064291252-04:00","level":"INFO","msg":"OK   0075_item_aliases.sql (133.4ms)","source":"stdlog"}
[2m[WebServer] [22m{"time":"2026-10-01T19:50:46.131406715-04:00","level":"INFO","msg":"OK   0076_checklist_template_app.sql (66.96ms)","source":"stdlog"}
[2m[WebServer] [22m{"time":"2026-10-01T19:50:46.193255705-04:00","level":"INFO","msg":"OK   0077_race_lost_notifications.sql (61.64ms)","source":"stdlog"}
[2m[WebServer] [22m{"time":"2026-10-01T19:50:46.206102878-04:00","level":"INFO","msg":"OK   0078_card_holder_on_purchases.sql (12.68ms)","source":"stdlog"}
[2m[WebServer] [22m{"time":"2026-10-01T19:50:46.225414352-04:00","level":"INFO","msg":"OK   0079_pending_purchases_retry_requested.sql (19.1ms)","source":"stdlog"}
[2m[WebServer] [22m{"time":"2026-10-01T19:50:46.238536835-04:00","level":"INFO","msg":"OK   0080_receipt_sync_runs_cancelled.sql (13.03ms)","source":"stdlog"}
[2m[WebServer] [22m{"time":"2026-10-01T19:50:46.259496134-04:00","level":"INFO","msg":"OK   0081_item_alias_display.sql (20.81ms)","source":"stdlog"}
[2m[WebServer] [22m{"time":"2026-10-01T19:50:46.275252812-04:00","level":"INFO","msg":"OK   0082_bi_grants.sql (15.6ms)","source":"stdlog"}
[2m[WebServer] [22m{"time":"2026-10-01T19:50:46.383611982-04:00","level":"INFO","msg":"OK   0083_campaigns_admin.sql (108.15ms)","source":"stdlog"}
[2m[WebServer] [22m{"time":"2026-10-01T19:50:46.383695434-04:00","level":"INFO","msg":"goose: successfully migrated database to version: 83","source":"stdlog"}
[2m[WebServer] [22m{"time":"2026-10-01T19:50:46.383709174-04:00","level":"INFO","msg":"database migrations applied successfully"}
[2m[WebServer] [22m{"time":"2026-10-01T19:50:46.460706937-04:00","level":"INFO","msg":"upserted superadmin","email":"jamal@yumyums.kitchen"}
[2m[WebServer] [22m{"time":"2026-10-01T19:50:46.494875404-04:00","level":"INFO","msg":"seeded template","name":"Setup Checklist","id":"97885025-2245-4394-b3cf-459a650d5de4"}
[2m[WebServer] [22m{"time":"2026-10-01T19:50:46.494934709-04:00","level":"INFO","msg":"seeded templates","count":1}
[2m[WebServer] [22m{"time":"2026-10-01T19:50:46.526790968-04:00","level":"INFO","msg":"seeded onboarding template","name":"Kitchen Basics Training","id":"43fb0265-0b6d-4648-9b21-299cafe64ff6"}
[2m[WebServer] [22m{"time":"2026-10-01T19:50:46.549043976-04:00","level":"INFO","msg":"inventory: seeded vendors","count":5}
[2m[WebServer] [22m{"time":"2026-10-01T19:50:46.631275779-04:00","level":"INFO","msg":"inventory: seeded unique tags","count":19}
[2m[WebServer] [22m{"time":"2026-10-01T19:50:46.77470987-04:00","level":"INFO","msg":"inventory: seeded item groups","count":10}
[2m[WebServer] [22m{"time":"2026-10-01T19:50:47.282302176-04:00","level":"INFO","msg":"inventory: seeded purchase items from YAML","count":106}
[2m[WebServer] [22m{"time":"2026-10-01T19:50:47.282373417-04:00","level":"WARN","msg":"object storage env vars not set, photo and video upload endpoints will return 503","required":"STORAGE_KEY, STORAGE_SECRET, STORAGE_BUCKET, STORAGE_ENDPOINT, STORAGE_REGION"}
[2m[WebServer] [22m{"time":"2026-10-01T19:50:47.282449105-04:00","level":"WARN","msg":"HQ_INVENTORY_SERVICE_TOKEN not set, /api/v1/inventory/period-summary AND /api/v1/inventory/menu-cogs will return 503"}
[2m[WebServer] [22m{"time":"2026-10-01T19:50:47.282546216-04:00","level":"INFO","msg":"marketing campaign projection not configured; campaigns will save with projected_at NULL and warnings:[\"not_projected\"]","missing":"HQ_SYNC_REST_URL and/or HQ_SYNC_SERVICE_KEY"}
[2m[WebServer] [22m{"time":"2026-10-01T19:50:47.28266859-04:00","level":"INFO","msg":"inventory COGS category allowlist","allowlist":["COGS"]}
[2m[WebServer] [22m{"time":"2026-10-01T19:50:47.28334018-04:00","level":"INFO","msg":"redemption arbiter not configured; POST /api/v1/marketing/redeem answers 503","missing":"HQ_SYNC_REST_URL and/or HQ_SYNC_SERVICE_KEY"}
[2m[WebServer] [22m{"time":"2026-10-01T19:50:47.283453964-04:00","level":"INFO","msg":"receipt worker disabled","reason":"E2E_DISABLE_SCHEDULERS=1"}
[2m[WebServer] [22m{"time":"2026-10-01T19:50:47.283509442-04:00","level":"INFO","msg":"alert queue started","delivery_enabled":false}
[2m[WebServer] [22m{"time":"2026-10-01T19:50:47.283529349-04:00","level":"INFO","msg":"cutoff scheduler disabled","reason":"E2E_DISABLE_SCHEDULERS=1"}
[2m[WebServer] [22m{"time":"2026-10-01T19:50:47.283561786-04:00","level":"INFO","msg":"toast worker disabled, cmd/sync-toast remains available","reason":"TOAST_SYNC_INTERVAL=0"}
[2m[WebServer] [22m{"time":"2026-10-01T19:50:47.283642022-04:00","level":"INFO","msg":"alerts queue started"}
[2m[WebServer] [22m{"time":"2026-10-01T19:50:47.30298071-04:00","level":"INFO","msg":"server listening","port":"8531"}
[2m[WebServer] [22m{"time":"2026-10-01T19:50:47.313196341-04:00","level":"INFO","msg":"reachable at","url":"http://10.255.255.254:8531"}
[2m[WebServer] [22m{"time":"2026-10-01T19:50:47.313245654-04:00","level":"INFO","msg":"reachable at","url":"http://100.70.200.55:8531"}
[2m[WebServer] [22m{"time":"2026-10-01T19:50:47.313256972-04:00","level":"INFO","msg":"reachable at","url":"http://192.168.8.164:8531"}
[2m[WebServer] [22m{"time":"2026-10-01T19:50:47.313269098-04:00","level":"INFO","msg":"Yumyums HQ ready, accepting connections"}

Running 3 tests using 1 worker

[2m[WebServer] [22m{"time":"2026-10-01T19:50:51.939435627-04:00","level":"INFO","msg":"client log","level":"WARN","message":"[inventory] item photo failed to load, showing placeholder Mango Syrup https://nyc3.digitaloceanspaces.com/hq.yumyums/items/mango-syrup.png","user":"Jamal C. (jamal@yumyums.kitchen)","page":"/inventory.html","ua":"Mozilla/5.0 (X11; Linux x86_64) AppleWebKit/537.36 (KHTML, like Gecko) HeadlessChrome/147.0.7727.15 Safari/537.36"}
[2m[WebServer] [22m{"time":"2026-10-01T19:50:52.072590624-04:00","level":"INFO","msg":"client log","level":"WARN","message":"[inventory] item photo failed to load, showing placeholder No Rinse Floor Cleaner https://nyc3.digitaloceanspaces.com/hq.yumyums/items/no-rinse-floor-cleaner.png","user":"Jamal C. (jamal@yumyums.kitchen)","page":"/inventory.html","ua":"Mozilla/5.0 (X11; Linux x86_64) AppleWebKit/537.36 (KHTML, like Gecko) HeadlessChrome/147.0.7727.15 Safari/537.36"}
[2m[WebServer] [22m{"time":"2026-10-01T19:50:52.16699341-04:00","level":"INFO","msg":"client log","level":"WARN","message":"[inventory] item photo failed to load, showing placeholder Meatballs https://nyc3.digitaloceanspaces.com/hq.yumyums/items/meatballs.png","user":"Jamal C. (jamal@yumyums.kitchen)","page":"/inventory.html","ua":"Mozilla/5.0 (X11; Linux x86_64) AppleWebKit/537.36 (KHTML, like Gecko) HeadlessChrome/147.0.7727.15 Safari/537.36"}
[2m[WebServer] [22m{"time":"2026-10-01T19:50:52.198951544-04:00","level":"INFO","msg":"client log","level":"WARN","message":"[inventory] item photo failed to load, showing placeholder Brisket https://nyc3.digitaloceanspaces.com/hq.yumyums/items/brisket.png","user":"Jamal C. (jamal@yumyums.kitchen)","page":"/inventory.html","ua":"Mozilla/5.0 (X11; Linux x86_64) AppleWebKit/537.36 (KHTML, like Gecko) HeadlessChrome/147.0.7727.15 Safari/537.36"}
[2m[WebServer] [22m{"time":"2026-10-01T19:50:52.313396769-04:00","level":"INFO","msg":"client log","level":"WARN","message":"[inventory] item photo failed to load, showing placeholder Avocados https://nyc3.digitaloceanspaces.com/hq.yumyums/items/avocados.png","user":"Jamal C. (jamal@yumyums.kitchen)","page":"/inventory.html","ua":"Mozilla/5.0 (X11; Linux x86_64) AppleWebKit/537.36 (KHTML, like Gecko) HeadlessChrome/147.0.7727.15 Safari/537.36"}
[2m[WebServer] [22m{"time":"2026-10-01T19:50:52.338837085-04:00","level":"INFO","msg":"client log","level":"WARN","message":"[inventory] item photo failed to load, showing placeholder Sriracha https://nyc3.digitaloceanspaces.com/hq.yumyums/items/sriracha.png","user":"Jamal C. (jamal@yumyums.kitchen)","page":"/inventory.html","ua":"Mozilla/5.0 (X11; Linux x86_64) AppleWebKit/537.36 (KHTML, like Gecko) HeadlessChrome/147.0.7727.15 Safari/537.36"}
[2m[WebServer] [22m{"time":"2026-10-01T19:50:52.350950255-04:00","level":"INFO","msg":"client log","level":"WARN","message":"[inventory] item photo failed to load, showing placeholder Chicken Party Wings https://nyc3.digitaloceanspaces.com/hq.yumyums/items/chicken-party-wings.png","user":"Jamal C. (jamal@yumyums.kitchen)","page":"/inventory.html","ua":"Mozilla/5.0 (X11; Linux x86_64) AppleWebKit/537.36 (KHTML, like Gecko) HeadlessChrome/147.0.7727.15 Safari/537.36"}
[2m[WebServer] [22m{"time":"2026-10-01T19:50:52.431473609-04:00","level":"INFO","msg":"client log","level":"WARN","message":"[inventory] item photo failed to load, showing placeholder Lemons https://nyc3.digitaloceanspaces.com/hq.yumyums/items/lemons.png","user":"Jamal C. (jamal@yumyums.kitchen)","page":"/inventory.html","ua":"Mozilla/5.0 (X11; Linux x86_64) AppleWebKit/537.36 (KHTML, like Gecko) HeadlessChrome/147.0.7727.15 Safari/537.36"}
[2m[WebServer] [22m{"time":"2026-10-01T19:50:52.438800542-04:00","level":"INFO","msg":"client log","level":"WARN","message":"[inventory] item photo failed to load, showing placeholder Cups https://nyc3.digitaloceanspaces.com/hq.yumyums/items/cups.png","user":"Jamal C. (jamal@yumyums.kitchen)","page":"/inventory.html","ua":"Mozilla/5.0 (X11; Linux x86_64) AppleWebKit/537.36 (KHTML, like Gecko) HeadlessChrome/147.0.7727.15 Safari/537.36"}
[2m[WebServer] [22m{"time":"2026-10-01T19:50:52.538308681-04:00","level":"INFO","msg":"client log","level":"WARN","message":"[inventory] item photo failed to load, showing placeholder Aluminum Foil https://nyc3.digitaloceanspaces.com/hq.yumyums/items/aluminum-foil.png","user":"Jamal C. (jamal@yumyums.kitchen)","page":"/inventory.html","ua":"Mozilla/5.0 (X11; Linux x86_64) AppleWebKit/537.36 (KHTML, like Gecko) HeadlessChrome/147.0.7727.15 Safari/537.36"}
[2m[WebServer] [22m{"time":"2026-10-01T19:50:52.554802621-04:00","level":"INFO","msg":"client log","level":"WARN","message":"[inventory] item photo failed to load, showing placeholder Bleach https://nyc3.digitaloceanspaces.com/hq.yumyums/items/bleach.png","user":"Jamal C. (jamal@yumyums.kitchen)","page":"/inventory.html","ua":"Mozilla/5.0 (X11; Linux x86_64) AppleWebKit/537.36 (KHTML, like Gecko) HeadlessChrome/147.0.7727.15 Safari/537.36"}
[2m[WebServer] [22m{"time":"2026-10-01T19:50:52.592751767-04:00","level":"INFO","msg":"client log","level":"WARN","message":"[inventory] item photo failed to load, showing placeholder Coke Zero https://nyc3.digitaloceanspaces.com/hq.yumyums/items/coke-zero.png","user":"Jamal C. (jamal@yumyums.kitchen)","page":"/inventory.html","ua":"Mozilla/5.0 (X11; Linux x86_64) AppleWebKit/537.36 (KHTML, like Gecko) HeadlessChrome/147.0.7727.15 Safari/537.36"}
[2m[WebServer] [22m{"time":"2026-10-01T19:50:52.689002818-04:00","level":"INFO","msg":"client log","level":"WARN","message":"[inventory] item photo failed to load, showing placeholder Ground Beef https://nyc3.digitaloceanspaces.com/hq.yumyums/items/ground-beef.png","user":"Jamal C. (jamal@yumyums.kitchen)","page":"/inventory.html","ua":"Mozilla/5.0 (X11; Linux x86_64) AppleWebKit/537.36 (KHTML, like Gecko) HeadlessChrome/147.0.7727.15 Safari/537.36"}
[2m[WebServer] [22m{"time":"2026-10-01T19:50:52.712952308-04:00","level":"INFO","msg":"client log","level":"WARN","message":"[inventory] item photo failed to load, showing placeholder Olive Oil Blend https://nyc3.digitaloceanspaces.com/hq.yumyums/items/olive-oil-blend.png","user":"Jamal C. (jamal@yumyums.kitchen)","page":"/inventory.html","ua":"Mozilla/5.0 (X11; Linux x86_64) AppleWebKit/537.36 (KHTML, like Gecko) HeadlessChrome/147.0.7727.15 Safari/537.36"}
[2m[WebServer] [22m{"time":"2026-10-01T19:50:52.727579377-04:00","level":"INFO","msg":"client log","level":"WARN","message":"[inventory] item photo failed to load, showing placeholder Pan Spray https://nyc3.digitaloceanspaces.com/hq.yumyums/items/pan-spray.png","user":"Jamal C. (jamal@yumyums.kitchen)","page":"/inventory.html","ua":"Mozilla/5.0 (X11; Linux x86_64) AppleWebKit/537.36 (KHTML, like Gecko) HeadlessChrome/147.0.7727.15 Safari/537.36"}
[2m[WebServer] [22m{"time":"2026-10-01T19:50:52.758707869-04:00","level":"INFO","msg":"client log","level":"WARN","message":"[inventory] item photo failed to load, showing placeholder Sprite https://nyc3.digitaloceanspaces.com/hq.yumyums/items/sprite.png","user":"Jamal C. (jamal@yumyums.kitchen)","page":"/inventory.html","ua":"Mozilla/5.0 (X11; Linux x86_64) AppleWebKit/537.36 (KHTML, like Gecko) HeadlessChrome/147.0.7727.15 Safari/537.36"}
[2m[WebServer] [22m{"time":"2026-10-01T19:50:52.847032988-04:00","level":"INFO","msg":"client log","level":"WARN","message":"[inventory] item photo failed to load, showing placeholder Towels https://nyc3.digitaloceanspaces.com/hq.yumyums/items/towels.png","user":"Jamal C. (jamal@yumyums.kitchen)","page":"/inventory.html","ua":"Mozilla/5.0 (X11; Linux x86_64) AppleWebKit/537.36 (KHTML, like Gecko) HeadlessChrome/147.0.7727.15 Safari/537.36"}
[2m[WebServer] [22m{"time":"2026-10-01T19:50:52.889487072-04:00","level":"INFO","msg":"client log","level":"WARN","message":"[inventory] item photo failed to load, showing placeholder White Cheese Sauce https://nyc3.digitaloceanspaces.com/hq.yumyums/items/white-cheese-sauce.png","user":"Jamal C. (jamal@yumyums.kitchen)","page":"/inventory.html","ua":"Mozilla/5.0 (X11; Linux x86_64) AppleWebKit/537.36 (KHTML, like Gecko) HeadlessChrome/147.0.7727.15 Safari/537.36"}
[2m[WebServer] [22m{"time":"2026-10-01T19:50:52.902040796-04:00","level":"INFO","msg":"client log","level":"WARN","message":"[inventory] item photo failed to load, showing placeholder Sour Cream https://nyc3.digitaloceanspaces.com/hq.yumyums/items/sour-cream.png","user":"Jamal C. (jamal@yumyums.kitchen)","page":"/inventory.html","ua":"Mozilla/5.0 (X11; Linux x86_64) AppleWebKit/537.36 (KHTML, like Gecko) HeadlessChrome/147.0.7727.15 Safari/537.36"}
[2m[WebServer] [22m{"time":"2026-10-01T19:50:52.944160496-04:00","level":"INFO","msg":"client log","level":"WARN","message":"[inventory] item photo failed to load, showing placeholder Cup Holders https://nyc3.digitaloceanspaces.com/hq.yumyums/items/cup-holders.png","user":"Jamal C. (jamal@yumyums.kitchen)","page":"/inventory.html","ua":"Mozilla/5.0 (X11; Linux x86_64) AppleWebKit/537.36 (KHTML, like Gecko) HeadlessChrome/147.0.7727.15 Safari/537.36"}
[2m[WebServer] [22m{"time":"2026-10-01T19:50:53.033358407-04:00","level":"INFO","msg":"client log","level":"WARN","message":"[inventory] item photo failed to load, showing placeholder Lemonade Mix https://nyc3.digitaloceanspaces.com/hq.yumyums/items/lemonade-mix.png","user":"Jamal C. (jamal@yumyums.kitchen)","page":"/inventory.html","ua":"Mozilla/5.0 (X11; Linux x86_64) AppleWebKit/537.36 (KHTML, like Gecko) HeadlessChrome/147.0.7727.15 Safari/537.36"}
[2m[WebServer] [22m{"time":"2026-10-01T19:50:53.056400447-04:00","level":"INFO","msg":"client log","level":"WARN","message":"[inventory] item photo failed to load, showing placeholder Lids https://nyc3.digitaloceanspaces.com/hq.yumyums/items/lids.png","user":"Jamal C. (jamal@yumyums.kitchen)","page":"/inventory.html","ua":"Mozilla/5.0 (X11; Linux x86_64) AppleWebKit/537.36 (KHTML, like Gecko) HeadlessChrome/147.0.7727.15 Safari/537.36"}
[2m[WebServer] [22m{"time":"2026-10-01T19:50:53.095840325-04:00","level":"INFO","msg":"client log","level":"WARN","message":"[inventory] item photo failed to load, showing placeholder Black Pepper https://nyc3.digitaloceanspaces.com/hq.yumyums/items/black-pepper.png","user":"Jamal C. (jamal@yumyums.kitchen)","page":"/inventory.html","ua":"Mozilla/5.0 (X11; Linux x86_64) AppleWebKit/537.36 (KHTML, like Gecko) HeadlessChrome/147.0.7727.15 Safari/537.36"}
[2m[WebServer] [22m{"time":"2026-10-01T19:50:53.184079036-04:00","level":"INFO","msg":"client log","level":"WARN","message":"[inventory] item photo failed to load, showing placeholder Bread Crumbs https://nyc3.digitaloceanspaces.com/hq.yumyums/items/bread-crumbs.png","user":"Jamal C. (jamal@yumyums.kitchen)","page":"/inventory.html","ua":"Mozilla/5.0 (X11; Linux x86_64) AppleWebKit/537.36 (KHTML, like Gecko) HeadlessChrome/147.0.7727.15 Safari/537.36"}
[2m[WebServer] [22m{"time":"2026-10-01T19:50:53.211376644-04:00","level":"INFO","msg":"client log","level":"WARN","message":"[inventory] item photo failed to load, showing placeholder Bbq Sauce https://nyc3.digitaloceanspaces.com/hq.yumyums/items/bbq-sauce.png","user":"Jamal C. (jamal@yumyums.kitchen)","page":"/inventory.html","ua":"Mozilla/5.0 (X11; Linux x86_64) AppleWebKit/537.36 (KHTML, like Gecko) HeadlessChrome/147.0.7727.15 Safari/537.36"}
[2m[WebServer] [22m{"time":"2026-10-01T19:50:53.222309682-04:00","level":"INFO","msg":"client log","level":"WARN","message":"[inventory] item photo failed to load, showing placeholder Seasoning Salt https://nyc3.digitaloceanspaces.com/hq.yumyums/items/seasoning-salt.png","user":"Jamal C. (jamal@yumyums.kitchen)","page":"/inventory.html","ua":"Mozilla/5.0 (X11; Linux x86_64) AppleWebKit/537.36 (KHTML, like Gecko) HeadlessChrome/147.0.7727.15 Safari/537.36"}
[2m[WebServer] [22m{"time":"2026-10-01T19:50:53.363857524-04:00","level":"INFO","msg":"client log","level":"WARN","message":"[inventory] item photo failed to load, showing placeholder Gloves https://nyc3.digitaloceanspaces.com/hq.yumyums/items/gloves.png","user":"Jamal C. (jamal@yumyums.kitchen)","page":"/inventory.html","ua":"Mozilla/5.0 (X11; Linux x86_64) AppleWebKit/537.36 (KHTML, like Gecko) HeadlessChrome/147.0.7727.15 Safari/537.36"}
[2m[WebServer] [22m{"time":"2026-10-01T19:50:53.366612323-04:00","level":"INFO","msg":"client log","level":"WARN","message":"[inventory] item photo failed to load, showing placeholder Cheesesteak https://nyc3.digitaloceanspaces.com/hq.yumyums/items/cheesesteak.png","user":"Jamal C. (jamal@yumyums.kitchen)","page":"/inventory.html","ua":"Mozilla/5.0 (X11; Linux x86_64) AppleWebKit/537.36 (KHTML, like Gecko) HeadlessChrome/147.0.7727.15 Safari/537.36"}
[2m[WebServer] [22m{"time":"2026-10-01T19:50:53.299712562-04:00","level":"INFO","msg":"client log","level":"WARN","message":"[inventory] item photo failed to load, showing placeholder Trash Bags (30 Gallon) https://nyc3.digitaloceanspaces.com/hq.yumyums/items/trash-bags-30-gallon.png","user":"Jamal C. (jamal@yumyums.kitchen)","page":"/inventory.html","ua":"Mozilla/5.0 (X11; Linux x86_64) AppleWebKit/537.36 (KHTML, like Gecko) HeadlessChrome/147.0.7727.15 Safari/537.36"}
[2m[WebServer] [22m{"time":"2026-10-01T19:50:53.309039764-04:00","level":"INFO","msg":"client log","level":"WARN","message":"[inventory] item photo failed to load, showing placeholder Blast Away https://nyc3.digitaloceanspaces.com/hq.yumyums/items/blast-away.png","user":"Jamal C. (jamal@yumyums.kitchen)","page":"/inventory.html","ua":"Mozilla/5.0 (X11; Linux x86_64) AppleWebKit/537.36 (KHTML, like Gecko) HeadlessChrome/147.0.7727.15 Safari/537.36"}
[2m[WebServer] [22m{"time":"2026-10-01T19:50:53.343492472-04:00","level":"INFO","msg":"client log","level":"WARN","message":"[inventory] item photo failed to load, showing placeholder Dr. Pepper https://nyc3.digitaloceanspaces.com/hq.yumyums/items/dr-pepper.png","user":"Jamal C. (jamal@yumyums.kitchen)","page":"/inventory.html","ua":"Mozilla/5.0 (X11; Linux x86_64) AppleWebKit/537.36 (KHTML, like Gecko) HeadlessChrome/147.0.7727.15 Safari/537.36"}
[2m[WebServer] [22m{"time":"2026-10-01T19:50:53.427958809-04:00","level":"INFO","msg":"client log","level":"WARN","message":"[inventory] item photo failed to load, showing placeholder Hamburger Rolls https://nyc3.digitaloceanspaces.com/hq.yumyums/items/hamburger-rolls.png","user":"Jamal C. (jamal@yumyums.kitchen)","page":"/inventory.html","ua":"Mozilla/5.0 (X11; Linux x86_64) AppleWebKit/537.36 (KHTML, like Gecko) HeadlessChrome/147.0.7727.15 Safari/537.36"}
[2m[WebServer] [22m{"time":"2026-10-01T19:50:53.447832515-04:00","level":"INFO","msg":"client log","level":"WARN","message":"[inventory] item photo failed to load, showing placeholder Green Peppers https://nyc3.digitaloceanspaces.com/hq.yumyums/items/green-peppers.png","user":"Jamal C. (jamal@yumyums.kitchen)","page":"/inventory.html","ua":"Mozilla/5.0 (X11; Linux x86_64) AppleWebKit/537.36 (KHTML, like Gecko) HeadlessChrome/147.0.7727.15 Safari/537.36"}
[2m[WebServer] [22m{"time":"2026-10-01T19:50:53.462787123-04:00","level":"INFO","msg":"client log","level":"WARN","message":"[inventory] item photo failed to load, showing placeholder Brisket Rolls https://nyc3.digitaloceanspaces.com/hq.yumyums/items/brisket-rolls.png","user":"Jamal C. (jamal@yumyums.kitchen)","page":"/inventory.html","ua":"Mozilla/5.0 (X11; Linux x86_64) AppleWebKit/537.36 (KHTML, like Gecko) HeadlessChrome/147.0.7727.15 Safari/537.36"}
[2m[WebServer] [22m{"time":"2026-10-01T19:50:53.47367999-04:00","level":"INFO","msg":"client log","level":"WARN","message":"[inventory] item photo failed to load, showing placeholder Cucumber https://nyc3.digitaloceanspaces.com/hq.yumyums/items/cucumber.png","user":"Jamal C. (jamal@yumyums.kitchen)","page":"/inventory.html","ua":"Mozilla/5.0 (X11; Linux x86_64) AppleWebKit/537.36 (KHTML, like Gecko) HeadlessChrome/147.0.7727.15 Safari/537.36"}
[2m[WebServer] [22m{"time":"2026-10-01T19:50:53.507303877-04:00","level":"INFO","msg":"client log","level":"WARN","message":"[inventory] item photo failed to load, showing placeholder Coke https://nyc3.digitaloceanspaces.com/hq.yumyums/items/coke.png","user":"Jamal C. (jamal@yumyums.kitchen)","page":"/inventory.html","ua":"Mozilla/5.0 (X11; Linux x86_64) AppleWebKit/537.36 (KHTML, like Gecko) HeadlessChrome/147.0.7727.15 Safari/537.36"}
[2m[WebServer] [22m{"time":"2026-10-01T19:50:53.584756345-04:00","level":"INFO","msg":"client log","level":"WARN","message":"[inventory] item photo failed to load, showing placeholder Hand Soap https://nyc3.digitaloceanspaces.com/hq.yumyums/items/hand-soap.png","user":"Jamal C. (jamal@yumyums.kitchen)","page":"/inventory.html","ua":"Mozilla/5.0 (X11; Linux x86_64) AppleWebKit/537.36 (KHTML, like Gecko) HeadlessChrome/147.0.7727.15 Safari/537.36"}
[2m[WebServer] [22m{"time":"2026-10-01T19:50:53.604603945-04:00","level":"INFO","msg":"client log","level":"WARN","message":"[inventory] item photo failed to load, showing placeholder Crabmeat https://nyc3.digitaloceanspaces.com/hq.yumyums/items/crabmeat.png","user":"Jamal C. (jamal@yumyums.kitchen)","page":"/inventory.html","ua":"Mozilla/5.0 (X11; Linux x86_64) AppleWebKit/537.36 (KHTML, like Gecko) HeadlessChrome/147.0.7727.15 Safari/537.36"}
[2m[WebServer] [22m{"time":"2026-10-01T19:50:53.621844972-04:00","level":"INFO","msg":"client log","level":"WARN","message":"[inventory] item photo failed to load, showing placeholder Brown Sugar https://nyc3.digitaloceanspaces.com/hq.yumyums/items/brown-sugar.png","user":"Jamal C. (jamal@yumyums.kitchen)","page":"/inventory.html","ua":"Mozilla/5.0 (X11; Linux x86_64) AppleWebKit/537.36 (KHTML, like Gecko) HeadlessChrome/147.0.7727.15 Safari/537.36"}
[2m[WebServer] [22m{"time":"2026-10-01T19:50:53.654645501-04:00","level":"INFO","msg":"client log","level":"WARN","message":"[inventory] item photo failed to load, showing placeholder Water https://nyc3.digitaloceanspaces.com/hq.yumyums/items/water.png","user":"Jamal C. (jamal@yumyums.kitchen)","page":"/inventory.html","ua":"Mozilla/5.0 (X11; Linux x86_64) AppleWebKit/537.36 (KHTML, like Gecko) HeadlessChrome/147.0.7727.15 Safari/537.36"}
[2m[WebServer] [22m{"time":"2026-10-01T19:50:53.725135606-04:00","level":"INFO","msg":"client log","level":"WARN","message":"[inventory] item photo failed to load, showing placeholder Hot Dogs https://nyc3.digitaloceanspaces.com/hq.yumyums/items/hot-dogs.png","user":"Jamal C. (jamal@yumyums.kitchen)","page":"/inventory.html","ua":"Mozilla/5.0 (X11; Linux x86_64) AppleWebKit/537.36 (KHTML, like Gecko) HeadlessChrome/147.0.7727.15 Safari/537.36"}
[2m[WebServer] [22m{"time":"2026-10-01T19:50:53.733118641-04:00","level":"INFO","msg":"client log","level":"WARN","message":"[inventory] item photo failed to load, showing placeholder Crystal Hot Sauce https://nyc3.digitaloceanspaces.com/hq.yumyums/items/crystal-hot-sauce.png","user":"Jamal C. (jamal@yumyums.kitchen)","page":"/inventory.html","ua":"Mozilla/5.0 (X11; Linux x86_64) AppleWebKit/537.36 (KHTML, like Gecko) HeadlessChrome/147.0.7727.15 Safari/537.36"}
[2m[WebServer] [22m{"time":"2026-10-01T19:50:53.791791032-04:00","level":"INFO","msg":"client log","level":"WARN","message":"[inventory] item photo failed to load, showing placeholder Mint https://nyc3.digitaloceanspaces.com/hq.yumyums/items/mint.png","user":"Jamal C. (jamal@yumyums.kitchen)","page":"/inventory.html","ua":"Mozilla/5.0 (X11; Linux x86_64) AppleWebKit/537.36 (KHTML, like Gecko) HeadlessChrome/147.0.7727.15 Safari/537.36"}
[2m[WebServer] [22m{"time":"2026-10-01T19:50:53.795654245-04:00","level":"INFO","msg":"client log","level":"WARN","message":"[inventory] item photo failed to load, showing placeholder Ground Turkey https://nyc3.digitaloceanspaces.com/hq.yumyums/items/ground-turkey.png","user":"Jamal C. (jamal@yumyums.kitchen)","page":"/inventory.html","ua":"Mozilla/5.0 (X11; Linux x86_64) AppleWebKit/537.36 (KHTML, like Gecko) HeadlessChrome/147.0.7727.15 Safari/537.36"}
[2m[WebServer] [22m{"time":"2026-10-01T19:50:53.843773655-04:00","level":"INFO","msg":"client log","level":"WARN","message":"[inventory] item photo failed to load, showing placeholder Salt https://nyc3.digitaloceanspaces.com/hq.yumyums/items/salt.png","user":"Jamal C. (jamal@yumyums.kitchen)","page":"/inventory.html","ua":"Mozilla/5.0 (X11; Linux x86_64) AppleWebKit/537.36 (KHTML, like Gecko) HeadlessChrome/147.0.7727.15 Safari/537.36"}
[2m[WebServer] [22m{"time":"2026-10-01T19:50:53.858763577-04:00","level":"INFO","msg":"client log","level":"WARN","message":"[inventory] item photo failed to load, showing placeholder White Onions https://nyc3.digitaloceanspaces.com/hq.yumyums/items/white-onions.png","user":"Jamal C. (jamal@yumyums.kitchen)","page":"/inventory.html","ua":"Mozilla/5.0 (X11; Linux x86_64) AppleWebKit/537.36 (KHTML, like Gecko) HeadlessChrome/147.0.7727.15 Safari/537.36"}
[2m[WebServer] [22m{"time":"2026-10-01T19:50:53.931780925-04:00","level":"INFO","msg":"client log","level":"WARN","message":"[inventory] item photo failed to load, showing placeholder Red Onions https://nyc3.digitaloceanspaces.com/hq.yumyums/items/red-onions.png","user":"Jamal C. (jamal@yumyums.kitchen)","page":"/inventory.html","ua":"Mozilla/5.0 (X11; Linux x86_64) AppleWebKit/537.36 (KHTML, like Gecko) HeadlessChrome/147.0.7727.15 Safari/537.36"}
[2m[WebServer] [22m{"time":"2026-10-01T19:50:53.94964-04:00","level":"INFO","msg":"client log","level":"WARN","message":"[inventory] item photo failed to load, showing placeholder Mexican Cheese https://nyc3.digitaloceanspaces.com/hq.yumyums/items/mexican-cheese.png","user":"Jamal C. (jamal@yumyums.kitchen)","page":"/inventory.html","ua":"Mozilla/5.0 (X11; Linux x86_64) AppleWebKit/537.36 (KHTML, like Gecko) HeadlessChrome/147.0.7727.15 Safari/537.36"}
[2m[WebServer] [22m{"time":"2026-10-01T19:50:53.960974952-04:00","level":"INFO","msg":"client log","level":"WARN","message":"[inventory] item photo failed to load, showing placeholder Forks https://nyc3.digitaloceanspaces.com/hq.yumyums/items/forks.png","user":"Jamal C. (jamal@yumyums.kitchen)","page":"/inventory.html","ua":"Mozilla/5.0 (X11; Linux x86_64) AppleWebKit/537.36 (KHTML, like Gecko) HeadlessChrome/147.0.7727.15 Safari/537.36"}
[2m[WebServer] [22m{"time":"2026-10-01T19:50:53.994960178-04:00","level":"INFO","msg":"client log","level":"WARN","message":"[inventory] item photo failed to load, showing placeholder Dish Soap https://nyc3.digitaloceanspaces.com/hq.yumyums/items/dish-soap.png","user":"Jamal C. (jamal@yumyums.kitchen)","page":"/inventory.html","ua":"Mozilla/5.0 (X11; Linux x86_64) AppleWebKit/537.36 (KHTML, like Gecko) HeadlessChrome/147.0.7727.15 Safari/537.36"}
[2m[WebServer] [22m{"time":"2026-10-01T19:50:54.063384224-04:00","level":"INFO","msg":"client log","level":"WARN","message":"[inventory] item photo failed to load, showing placeholder Boxes (No 8) https://nyc3.digitaloceanspaces.com/hq.yumyums/items/boxes-no-8.png","user":"Jamal C. (jamal@yumyums.kitchen)","page":"/inventory.html","ua":"Mozilla/5.0 (X11; Linux x86_64) AppleWebKit/537.36 (KHTML, like Gecko) HeadlessChrome/147.0.7727.15 Safari/537.36"}
[2m[WebServer] [22m{"time":"2026-10-01T19:50:54.074293117-04:00","level":"INFO","msg":"client log","level":"WARN","message":"[inventory] item photo failed to load, showing placeholder Parm Cheese https://nyc3.digitaloceanspaces.com/hq.yumyums/items/parm-cheese.png","user":"Jamal C. (jamal@yumyums.kitchen)","page":"/inventory.html","ua":"Mozilla/5.0 (X11; Linux x86_64) AppleWebKit/537.36 (KHTML, like Gecko) HeadlessChrome/147.0.7727.15 Safari/537.36"}
[2m[WebServer] [22m{"time":"2026-10-01T19:50:54.086547202-04:00","level":"INFO","msg":"client log","level":"WARN","message":"[inventory] item photo failed to load, showing placeholder Hot Dog Rolls https://nyc3.digitaloceanspaces.com/hq.yumyums/items/hot-dog-rolls.png","user":"Jamal C. (jamal@yumyums.kitchen)","page":"/inventory.html","ua":"Mozilla/5.0 (X11; Linux x86_64) AppleWebKit/537.36 (KHTML, like Gecko) HeadlessChrome/147.0.7727.15 Safari/537.36"}
[2m[WebServer] [22m{"time":"2026-10-01T19:50:54.201621116-04:00","level":"INFO","msg":"client log","level":"WARN","message":"[inventory] item photo failed to load, showing placeholder Corn https://nyc3.digitaloceanspaces.com/hq.yumyums/items/corn.png","user":"Jamal C. (jamal@yumyums.kitchen)","page":"/inventory.html","ua":"Mozilla/5.0 (X11; Linux x86_64) AppleWebKit/537.36 (KHTML, like Gecko) HeadlessChrome/147.0.7727.15 Safari/537.36"}
[2m[WebServer] [22m{"time":"2026-10-01T19:50:54.206022914-04:00","level":"INFO","msg":"client log","level":"WARN","message":"[inventory] item photo failed to load, showing placeholder Lemon Juice https://nyc3.digitaloceanspaces.com/hq.yumyums/items/lemon-juice.png","user":"Jamal C. (jamal@yumyums.kitchen)","page":"/inventory.html","ua":"Mozilla/5.0 (X11; Linux x86_64) AppleWebKit/537.36 (KHTML, like Gecko) HeadlessChrome/147.0.7727.15 Safari/537.36"}
[2m[WebServer] [22m{"time":"2026-10-01T19:50:54.246061134-04:00","level":"INFO","msg":"client log","level":"WARN","message":"[inventory] item photo failed to load, showing placeholder Relish https://nyc3.digitaloceanspaces.com/hq.yumyums/items/relish.png","user":"Jamal C. (jamal@yumyums.kitchen)","page":"/inventory.html","ua":"Mozilla/5.0 (X11; Linux x86_64) AppleWebKit/537.36 (KHTML, like Gecko) HeadlessChrome/147.0.7727.15 Safari/537.36"}
[2m[WebServer] [22m{"time":"2026-10-01T19:50:54.265259854-04:00","level":"INFO","msg":"client log","level":"WARN","message":"[inventory] item photo failed to load, showing placeholder Dirty Dog Rolls https://nyc3.digitaloceanspaces.com/hq.yumyums/items/dirty-dog-rolls.png","user":"Jamal C. (jamal@yumyums.kitchen)","page":"/inventory.html","ua":"Mozilla/5.0 (X11; Linux x86_64) AppleWebKit/537.36 (KHTML, like Gecko) HeadlessChrome/147.0.7727.15 Safari/537.36"}
[2m[WebServer] [22m{"time":"2026-10-01T19:50:54.381073272-04:00","level":"INFO","msg":"client log","level":"WARN","message":"[inventory] item photo failed to load, showing placeholder Sanitizing Tablets https://nyc3.digitaloceanspaces.com/hq.yumyums/items/sanitizing-tablets.png","user":"Jamal C. (jamal@yumyums.kitchen)","page":"/inventory.html","ua":"Mozilla/5.0 (X11; Linux x86_64) AppleWebKit/537.36 (KHTML, like Gecko) HeadlessChrome/147.0.7727.15 Safari/537.36"}
[2m[WebServer] [22m{"time":"2026-10-01T19:50:54.393600378-04:00","level":"INFO","msg":"client log","level":"WARN","message":"[inventory] item photo failed to load, showing placeholder Chicken Tenders https://nyc3.digitaloceanspaces.com/hq.yumyums/items/chicken-tenders.png","user":"Jamal C. (jamal@yumyums.kitchen)","page":"/inventory.html","ua":"Mozilla/5.0 (X11; Linux x86_64) AppleWebKit/537.36 (KHTML, like Gecko) HeadlessChrome/147.0.7727.15 Safari/537.36"}
[2m[WebServer] [22m{"time":"2026-10-01T19:50:54.410505542-04:00","level":"INFO","msg":"client log","level":"WARN","message":"[inventory] item photo failed to load, showing placeholder Wings https://nyc3.digitaloceanspaces.com/hq.yumyums/items/wings.png","user":"Jamal C. (jamal@yumyums.kitchen)","page":"/inventory.html","ua":"Mozilla/5.0 (X11; Linux x86_64) AppleWebKit/537.36 (KHTML, like Gecko) HeadlessChrome/147.0.7727.15 Safari/537.36"}
  ✓  1 [chromium] › tests/inventory.spec.js:2186:3 › Inventory › Setup item editor shows alias chips, adds and removes nicknames (4.9s)
[2m[WebServer] [22m{"time":"2026-10-01T19:50:55.678297958-04:00","level":"ERROR","msg":"UpdateRecipe","error":"ERROR: invalid input syntax for type uuid: \"synthetic-recipe-id\" (SQLSTATE 22P02)"}
  ✓  2 [chromium] › tests/recipes.spec.js:216:3 › Recipes tab — E2E › slider release fires PUT /api/v1/inventory/recipes/{id} with usage_pct in body (1.2s)
[2m[WebServer] [22m{"time":"2026-10-01T19:50:56.344603303-04:00","level":"ERROR","msg":"GetMyTrainings failed","error":"context canceled"}
  ✓  3 [chromium] › tests/states-inventory-nav.spec.js:297:3 › Inventory hub — B-455 WO-2a state table › Edge: the hub is painted before boot — no Receipts flash while /me hangs (1.3s)

  3 passed (2.5m)
EXIT_PW=0
# lock released 2026-10-01T19:50:57-04:00
EXIT=0
