# merge2 G1+G2(Go) at f245259 2026-10-01T22:54:29-04:00
# SUBSTRATE_OPTIONAL=<unset> GATE_CHILD=<unset>
EXIT_BUILD=0
EXIT_VET=0
?   	github.com/yumyums/hq/cmd/backfill-receipts	[no test files]
?   	github.com/yumyums/hq/cmd/bucket-cors	[no test files]
?   	github.com/yumyums/hq/cmd/import-notion	[no test files]
?   	github.com/yumyums/hq/cmd/migrate-toast-archive	[no test files]
?   	github.com/yumyums/hq/cmd/seed	[no test files]
ok  	github.com/yumyums/hq/cmd/server	0.011s
?   	github.com/yumyums/hq/cmd/spikec-relay	[no test files]
?   	github.com/yumyums/hq/cmd/sync-toast	[no test files]
ok  	github.com/yumyums/hq/internal/alerts	0.005s
ok  	github.com/yumyums/hq/internal/auth	3.259s
?   	github.com/yumyums/hq/internal/config	[no test files]
?   	github.com/yumyums/hq/internal/db	[no test files]
ok  	github.com/yumyums/hq/internal/inventory	39.387s
ok  	github.com/yumyums/hq/internal/marketing	2.233s
?   	github.com/yumyums/hq/internal/me	[no test files]
ok  	github.com/yumyums/hq/internal/onboarding	0.309s
ok  	github.com/yumyums/hq/internal/photos	1.557s
ok  	github.com/yumyums/hq/internal/purchasing	7.266s
ok  	github.com/yumyums/hq/internal/receipt	31.598s
ok  	github.com/yumyums/hq/internal/recipes	27.158s
ok  	github.com/yumyums/hq/internal/redemption	2.727s
ok  	github.com/yumyums/hq/internal/sync	45.522s
?   	github.com/yumyums/hq/internal/testdb	[no test files]
ok  	github.com/yumyums/hq/internal/toast	0.047s
?   	github.com/yumyums/hq/internal/users	[no test files]
?   	github.com/yumyums/hq/internal/version	[no test files]
ok  	github.com/yumyums/hq/internal/workflow	2.023s
EXIT_TEST=0
