# merge3 G1+G2(Go) 2026-10-01T23:23:01-04:00
# SUBSTRATE_OPTIONAL=<unset> GATE_CHILD=<unset>
EXIT_BUILD=0
EXIT_VET=0
?   	github.com/yumyums/hq/cmd/backfill-receipts	[no test files]
?   	github.com/yumyums/hq/cmd/bucket-cors	[no test files]
?   	github.com/yumyums/hq/cmd/import-notion	[no test files]
?   	github.com/yumyums/hq/cmd/migrate-toast-archive	[no test files]
?   	github.com/yumyums/hq/cmd/seed	[no test files]
ok  	github.com/yumyums/hq/cmd/server	0.008s
?   	github.com/yumyums/hq/cmd/spikec-relay	[no test files]
?   	github.com/yumyums/hq/cmd/sync-toast	[no test files]
ok  	github.com/yumyums/hq/internal/alerts	0.004s
ok  	github.com/yumyums/hq/internal/auth	4.190s
?   	github.com/yumyums/hq/internal/config	[no test files]
?   	github.com/yumyums/hq/internal/db	[no test files]
ok  	github.com/yumyums/hq/internal/inventory	42.884s
ok  	github.com/yumyums/hq/internal/marketing	3.551s
?   	github.com/yumyums/hq/internal/me	[no test files]
ok  	github.com/yumyums/hq/internal/onboarding	0.377s
ok  	github.com/yumyums/hq/internal/photos	1.557s
ok  	github.com/yumyums/hq/internal/purchasing	8.205s
ok  	github.com/yumyums/hq/internal/receipt	28.036s
ok  	github.com/yumyums/hq/internal/recipes	29.191s
ok  	github.com/yumyums/hq/internal/redemption	2.868s
ok  	github.com/yumyums/hq/internal/sync	61.822s
?   	github.com/yumyums/hq/internal/testdb	[no test files]
ok  	github.com/yumyums/hq/internal/toast	0.464s
?   	github.com/yumyums/hq/internal/users	[no test files]
?   	github.com/yumyums/hq/internal/version	[no test files]
ok  	github.com/yumyums/hq/internal/workflow	2.480s
EXIT_TEST=0
