[2m[WebServer] [22m── reset hq_test_a2 on localhost:5434 ──
[2m[WebServer] [22m── wrote version.json frontend=1.4.0 ──
[2m[WebServer] [22m{"time":"2026-08-06T10:51:33.40439238-04:00","level":"INFO","msg":"serving static files from disk","dir":"../"}
[2m[WebServer] [22m{"time":"2026-08-06T10:51:33.40491777-04:00","level":"INFO","msg":"loaded superadmins","count":1}
[2m[WebServer] [22m{"time":"2026-08-06T10:51:33.426735272-04:00","level":"INFO","msg":"connected to database"}
[2m[WebServer] [22m{"time":"2026-08-06T10:51:33.49630255-04:00","level":"INFO","msg":"OK   0001_users.sql (40.99ms)","source":"stdlog"}
[2m[WebServer] [22m{"time":"2026-08-06T10:51:33.554417225-04:00","level":"INFO","msg":"OK   0002_sessions.sql (57.45ms)","source":"stdlog"}
[2m[WebServer] [22m{"time":"2026-08-06T10:51:33.615791362-04:00","level":"INFO","msg":"OK   0003_invite_tokens.sql (60.27ms)","source":"stdlog"}
[2m[WebServer] [22m{"time":"2026-08-06T10:51:33.657961595-04:00","level":"INFO","msg":"OK   0004_hq_apps.sql (41.97ms)","source":"stdlog"}
[2m[WebServer] [22m{"time":"2026-08-06T10:51:33.721133135-04:00","level":"INFO","msg":"OK   0005_app_permissions.sql (63.04ms)","source":"stdlog"}
[2m[WebServer] [22m{"time":"2026-08-06T10:51:33.760841327-04:00","level":"INFO","msg":"OK   0006_checklist_templates.sql (39.16ms)","source":"stdlog"}
[2m[WebServer] [22m{"time":"2026-08-06T10:51:33.788278321-04:00","level":"INFO","msg":"OK   0007_checklist_schedules.sql (27.31ms)","source":"stdlog"}
[2m[WebServer] [22m{"time":"2026-08-06T10:51:33.826740785-04:00","level":"INFO","msg":"OK   0008_template_assignments.sql (38.2ms)","source":"stdlog"}
[2m[WebServer] [22m{"time":"2026-08-06T10:51:33.852763075-04:00","level":"INFO","msg":"OK   0009_checklist_sections.sql (19.91ms)","source":"stdlog"}
[2m[WebServer] [22m{"time":"2026-08-06T10:51:33.89151238-04:00","level":"INFO","msg":"OK   0010_checklist_fields.sql (38.62ms)","source":"stdlog"}
[2m[WebServer] [22m{"time":"2026-08-06T10:51:33.936351494-04:00","level":"INFO","msg":"OK   0011_checklist_submissions.sql (44.69ms)","source":"stdlog"}
[2m[WebServer] [22m{"time":"2026-08-06T10:51:33.992611085-04:00","level":"INFO","msg":"OK   0012_submission_responses.sql (56.05ms)","source":"stdlog"}
[2m[WebServer] [22m{"time":"2026-08-06T10:51:34.028064317-04:00","level":"INFO","msg":"OK   0013_submission_fail_notes.sql (35.32ms)","source":"stdlog"}
[2m[WebServer] [22m{"time":"2026-08-06T10:51:34.062780209-04:00","level":"INFO","msg":"OK   0014_submission_rejections.sql (34.55ms)","source":"stdlog"}
[2m[WebServer] [22m{"time":"2026-08-06T10:51:34.124257088-04:00","level":"INFO","msg":"OK   0015_ops.sql (61.32ms)","source":"stdlog"}
[2m[WebServer] [22m{"time":"2026-08-06T10:51:34.139494543-04:00","level":"INFO","msg":"OK   0016_lamport_ts.sql (15.12ms)","source":"stdlog"}
[2m[WebServer] [22m{"time":"2026-08-06T10:51:34.157777319-04:00","level":"INFO","msg":"OK   0017_users_naming.sql (18.15ms)","source":"stdlog"}
[2m[WebServer] [22m{"time":"2026-08-06T10:51:34.235827918-04:00","level":"INFO","msg":"OK   0018_ob_templates.sql (77.92ms)","source":"stdlog"}
[2m[WebServer] [22m{"time":"2026-08-06T10:51:34.32878261-04:00","level":"INFO","msg":"OK   0019_ob_items.sql (92.78ms)","source":"stdlog"}
[2m[WebServer] [22m{"time":"2026-08-06T10:51:34.402029077-04:00","level":"INFO","msg":"OK   0020_ob_progress.sql (73.09ms)","source":"stdlog"}
[2m[WebServer] [22m{"time":"2026-08-06T10:51:34.444862176-04:00","level":"INFO","msg":"OK   0021_ob_signoffs.sql (42.74ms)","source":"stdlog"}
[2m[WebServer] [22m{"time":"2026-08-06T10:51:34.489918977-04:00","level":"INFO","msg":"OK   0022_ob_template_assignments.sql (44.95ms)","source":"stdlog"}
[2m[WebServer] [22m{"time":"2026-08-06T10:51:34.559498459-04:00","level":"INFO","msg":"OK   0023_multi_role.sql (69.44ms)","source":"stdlog"}
[2m[WebServer] [22m{"time":"2026-08-06T10:51:34.787398877-04:00","level":"INFO","msg":"OK   0024_inventory.sql (227.66ms)","source":"stdlog"}
[2m[WebServer] [22m{"time":"2026-08-06T10:51:34.829980494-04:00","level":"INFO","msg":"OK   0025_pending_purchases.sql (42.46ms)","source":"stdlog"}
[2m[WebServer] [22m{"time":"2026-08-06T10:51:34.838052953-04:00","level":"INFO","msg":"OK   0026_ob_progress_faq.sql (7.94ms)","source":"stdlog"}
[2m[WebServer] [22m{"time":"2026-08-06T10:51:34.845305253-04:00","level":"INFO","msg":"OK   0027_ob_section_signoff_roles.sql (7.13ms)","source":"stdlog"}
[2m[WebServer] [22m{"time":"2026-08-06T10:51:34.861460602-04:00","level":"INFO","msg":"OK   0028_ob_video_upgrade.sql (16.05ms)","source":"stdlog"}
[2m[WebServer] [22m{"time":"2026-08-06T10:51:34.86910092-04:00","level":"INFO","msg":"OK   0029_ob_templates_archived_at.sql (7.54ms)","source":"stdlog"}
[2m[WebServer] [22m{"time":"2026-08-06T10:51:34.897229255-04:00","level":"INFO","msg":"OK   0030_item_groups_unique_name.sql (28ms)","source":"stdlog"}
[2m[WebServer] [22m{"time":"2026-08-06T10:51:34.907036012-04:00","level":"INFO","msg":"OK   0031_remove_placeholder_items.sql (9.67ms)","source":"stdlog"}
[2m[WebServer] [22m{"time":"2026-08-06T10:51:34.921603822-04:00","level":"INFO","msg":"OK   0032_item_group_thresholds.sql (14.39ms)","source":"stdlog"}
[2m[WebServer] [22m{"time":"2026-08-06T10:51:34.954272185-04:00","level":"INFO","msg":"OK   0033_stock_count_overrides.sql (32.57ms)","source":"stdlog"}
[2m[WebServer] [22m{"time":"2026-08-06T10:51:35.044577084-04:00","level":"INFO","msg":"OK   0034_purchase_orders.sql (90.14ms)","source":"stdlog"}
[2m[WebServer] [22m{"time":"2026-08-06T10:51:35.05754682-04:00","level":"INFO","msg":"OK   0035_purchase_items_photo_store.sql (12.85ms)","source":"stdlog"}
[2m[WebServer] [22m{"time":"2026-08-06T10:51:35.071322007-04:00","level":"INFO","msg":"OK   0036_purchase_items_full_name.sql (13.68ms)","source":"stdlog"}
[2m[WebServer] [22m{"time":"2026-08-06T10:51:35.103735968-04:00","level":"INFO","msg":"OK   0037_cutoff_config.sql (32.31ms)","source":"stdlog"}
[2m[WebServer] [22m{"time":"2026-08-06T10:51:35.12155938-04:00","level":"INFO","msg":"OK   0038_po_status_extend.sql (17.71ms)","source":"stdlog"}
[2m[WebServer] [22m{"time":"2026-08-06T10:51:35.144917692-04:00","level":"INFO","msg":"OK   0039_purchase_items_vendor.sql (23.25ms)","source":"stdlog"}
[2m[WebServer] [22m{"time":"2026-08-06T10:51:35.265987472-04:00","level":"INFO","msg":"OK   0040_shopping_lists.sql (120.9ms)","source":"stdlog"}
[2m[WebServer] [22m{"time":"2026-08-06T10:51:35.28259311-04:00","level":"INFO","msg":"OK   0041_notification_channel.sql (16.5ms)","source":"stdlog"}
[2m[WebServer] [22m{"time":"2026-08-06T10:51:35.357046399-04:00","level":"INFO","msg":"OK   0042_repurchase_tracking.sql (74.2ms)","source":"stdlog"}
[2m[WebServer] [22m{"time":"2026-08-06T10:51:35.418906707-04:00","level":"INFO","msg":"OK   0043_alert_log.sql (61.71ms)","source":"stdlog"}
[2m[WebServer] [22m{"time":"2026-08-06T10:51:35.473456199-04:00","level":"INFO","msg":"OK   0044_low_stock_alert_log.sql (54.41ms)","source":"stdlog"}
[2m[WebServer] [22m{"time":"2026-08-06T10:51:35.524133431-04:00","level":"INFO","msg":"OK   0045_notification_channel_array.sql (50.49ms)","source":"stdlog"}
[2m[WebServer] [22m{"time":"2026-08-06T10:51:35.531744961-04:00","level":"INFO","msg":"OK   0046_user_timezone.sql (7.52ms)","source":"stdlog"}
[2m[WebServer] [22m{"time":"2026-08-06T10:51:35.585826014-04:00","level":"INFO","msg":"OK   0047_employee_fields.sql (53.98ms)","source":"stdlog"}
[2m[WebServer] [22m{"time":"2026-08-06T10:51:35.593081235-04:00","level":"INFO","msg":"OK   0048_notification_default_both.sql (7.16ms)","source":"stdlog"}
[2m[WebServer] [22m{"time":"2026-08-06T10:51:35.639063126-04:00","level":"INFO","msg":"OK   0049_ob_sub_items.sql (45.85ms)","source":"stdlog"}
[2m[WebServer] [22m{"time":"2026-08-06T10:51:35.648203576-04:00","level":"INFO","msg":"OK   0050_ob_progress_sub_item.sql (9.04ms)","source":"stdlog"}
[2m[WebServer] [22m{"time":"2026-08-06T10:51:35.656030603-04:00","level":"INFO","msg":"OK   0051_rejection_field_fk.sql (7.73ms)","source":"stdlog"}
[2m[WebServer] [22m{"time":"2026-08-06T10:51:35.673960407-04:00","level":"INFO","msg":"OK   0052_template_name_unique.sql (17.83ms)","source":"stdlog"}
[2m[WebServer] [22m{"time":"2026-08-06T10:51:35.681416-04:00","level":"INFO","msg":"OK   0053_response_field_fk.sql (7.36ms)","source":"stdlog"}
[2m[WebServer] [22m{"time":"2026-08-06T10:51:35.688812138-04:00","level":"INFO","msg":"OK   0054_failnote_field_fk.sql (7.31ms)","source":"stdlog"}
[2m[WebServer] [22m{"time":"2026-08-06T10:51:35.696002167-04:00","level":"INFO","msg":"OK   0055_item_location_in_store.sql (7.12ms)","source":"stdlog"}
[2m[WebServer] [22m{"time":"2026-08-06T10:51:35.711115289-04:00","level":"INFO","msg":"OK   0056_ob_progress_photo.sql (14.98ms)","source":"stdlog"}
[2m[WebServer] [22m{"time":"2026-08-06T10:51:35.725657022-04:00","level":"INFO","msg":"OK   0057_ob_items_photo_type.sql (14.43ms)","source":"stdlog"}
[2m[WebServer] [22m{"time":"2026-08-06T10:51:35.740457226-04:00","level":"INFO","msg":"OK   0058_ob_sub_items_photos.sql (14.72ms)","source":"stdlog"}
[2m[WebServer] [22m{"time":"2026-08-06T10:51:35.748479514-04:00","level":"INFO","msg":"OK   0059_cleanup_photo_items.sql (7.92ms)","source":"stdlog"}
[2m[WebServer] [22m{"time":"2026-08-06T10:51:35.817523384-04:00","level":"INFO","msg":"OK   0060_menu_items.sql (68.88ms)","source":"stdlog"}
[2m[WebServer] [22m{"time":"2026-08-06T10:51:35.858483249-04:00","level":"INFO","msg":"OK   0061_daily_menu_sales.sql (40.77ms)","source":"stdlog"}
[2m[WebServer] [22m{"time":"2026-08-06T10:51:35.916801634-04:00","level":"INFO","msg":"OK   0062_recipes.sql (58.07ms)","source":"stdlog"}
[2m[WebServer] [22m{"time":"2026-08-06T10:51:35.971041754-04:00","level":"INFO","msg":"OK   0063_drift_check_results.sql (54.1ms)","source":"stdlog"}
[2m[WebServer] [22m{"time":"2026-08-06T10:51:35.999881665-04:00","level":"INFO","msg":"OK   0064_no_itemized_receipt_seed.sql (28.7ms)","source":"stdlog"}
[2m[WebServer] [22m{"time":"2026-08-06T10:51:36.017471119-04:00","level":"INFO","msg":"OK   0065_mercury_category_on_purchase_events.sql (17.51ms)","source":"stdlog"}
[2m[WebServer] [22m{"time":"2026-08-06T10:51:36.038684167-04:00","level":"INFO","msg":"OK   0066_mercury_category_on_pending_purchases.sql (21.11ms)","source":"stdlog"}
[2m[WebServer] [22m{"time":"2026-08-06T10:51:36.128848044-04:00","level":"INFO","msg":"OK   0067_receipt_sync_runs.sql (89.97ms)","source":"stdlog"}
[2m[WebServer] [22m{"time":"2026-08-06T10:51:36.190113389-04:00","level":"INFO","msg":"OK   0068_pending_purchases_bank_tx_uniq.sql (61.06ms)","source":"stdlog"}
[2m[WebServer] [22m{"time":"2026-08-06T10:51:36.234908903-04:00","level":"INFO","msg":"OK   0069_pending_purchases_parse_error.sql (44.68ms)","source":"stdlog"}
[2m[WebServer] [22m{"time":"2026-08-06T10:51:36.280412134-04:00","level":"INFO","msg":"OK   0070_receipt_urls.sql (45.3ms)","source":"stdlog"}
[2m[WebServer] [22m{"time":"2026-08-06T10:51:36.311072292-04:00","level":"INFO","msg":"OK   0071_submission_fail_notes_unique.sql (30.37ms)","source":"stdlog"}
[2m[WebServer] [22m{"time":"2026-08-06T10:51:36.333553285-04:00","level":"INFO","msg":"OK   0072_app_timezone_new_york.sql (22.24ms)","source":"stdlog"}
[2m[WebServer] [22m{"time":"2026-08-06T10:51:36.356818973-04:00","level":"INFO","msg":"OK   0073_sync_fdw_views.sql (23.01ms)","source":"stdlog"}
[2m[WebServer] [22m{"time":"2026-08-06T10:51:36.365810578-04:00","level":"INFO","msg":"OK   0074_sync_fdw_approver_view.sql (8.82ms)","source":"stdlog"}
[2m[WebServer] [22m{"time":"2026-08-06T10:51:36.365863357-04:00","level":"INFO","msg":"goose: successfully migrated database to version: 74","source":"stdlog"}
[2m[WebServer] [22m{"time":"2026-08-06T10:51:36.365876291-04:00","level":"INFO","msg":"database migrations applied successfully"}
[2m[WebServer] [22m{"time":"2026-08-06T10:51:36.446182509-04:00","level":"INFO","msg":"upserted superadmin","email":"jamal@yumyums.kitchen"}
[2m[WebServer] [22m{"time":"2026-08-06T10:51:36.477546316-04:00","level":"INFO","msg":"seeded template","name":"Setup Checklist","id":"1b7c0b0c-66a3-416e-a1cf-bb3df63bb0c6"}
[2m[WebServer] [22m{"time":"2026-08-06T10:51:36.477601702-04:00","level":"INFO","msg":"seeded templates","count":1}
[2m[WebServer] [22m{"time":"2026-08-06T10:51:36.510426733-04:00","level":"INFO","msg":"seeded onboarding template","name":"Kitchen Basics Training","id":"1d6b380f-431f-40e9-ae31-f33cccebbdcd"}
[2m[WebServer] [22m{"time":"2026-08-06T10:51:36.534184746-04:00","level":"INFO","msg":"inventory: seeded vendors","count":5}
[2m[WebServer] [22m{"time":"2026-08-06T10:51:36.620640124-04:00","level":"INFO","msg":"inventory: seeded unique tags","count":19}
[2m[WebServer] [22m{"time":"2026-08-06T10:51:36.761683691-04:00","level":"INFO","msg":"inventory: seeded item groups","count":10}
[2m[WebServer] [22m{"time":"2026-08-06T10:51:36.062581104-04:00","level":"INFO","msg":"inventory: seeded purchase items from YAML","count":106}
[2m[WebServer] [22m{"time":"2026-08-06T10:51:36.062624391-04:00","level":"WARN","msg":"DO Spaces env vars not set, photo and video upload endpoints will return 503","required":"DO_SPACES_KEY, DO_SPACES_SECRET, DO_SPACES_BUCKET, DO_SPACES_REGION"}
[2m[WebServer] [22m{"time":"2026-08-06T10:51:36.062637846-04:00","level":"WARN","msg":"HQ_INVENTORY_SERVICE_TOKEN not set, /api/v1/inventory/period-summary AND /api/v1/inventory/menu-cogs will return 503"}
[2m[WebServer] [22m{"time":"2026-08-06T10:51:36.06279514-04:00","level":"INFO","msg":"inventory COGS category allowlist","allowlist":["COGS"]}
[2m[WebServer] [22m{"time":"2026-08-06T10:51:36.063215702-04:00","level":"INFO","msg":"receipt worker disabled","reason":"E2E_DISABLE_SCHEDULERS=1"}
[2m[WebServer] [22m{"time":"2026-08-06T10:51:36.063270984-04:00","level":"INFO","msg":"alert queue started","delivery_enabled":false}
[2m[WebServer] [22m{"time":"2026-08-06T10:51:36.063286422-04:00","level":"INFO","msg":"cutoff scheduler disabled","reason":"E2E_DISABLE_SCHEDULERS=1"}
[2m[WebServer] [22m{"time":"2026-08-06T10:51:36.063298104-04:00","level":"INFO","msg":"toast worker disabled, cmd/sync-toast remains available","reason":"TOAST_SYNC_INTERVAL=0"}
[2m[WebServer] [22m{"time":"2026-08-06T10:51:36.063883053-04:00","level":"INFO","msg":"alerts queue started"}
[2m[WebServer] [22m{"time":"2026-08-06T10:51:36.086062914-04:00","level":"INFO","msg":"server listening","port":"4523"}
[2m[WebServer] [22m{"time":"2026-08-06T10:51:36.09637493-04:00","level":"INFO","msg":"reachable at","url":"http://10.255.255.254:4523"}
[2m[WebServer] [22m{"time":"2026-08-06T10:51:36.096437514-04:00","level":"INFO","msg":"reachable at","url":"http://100.70.200.55:4523"}
[2m[WebServer] [22m{"time":"2026-08-06T10:51:36.096450343-04:00","level":"INFO","msg":"reachable at","url":"http://192.168.8.164:4523"}
[2m[WebServer] [22m{"time":"2026-08-06T10:51:36.096461504-04:00","level":"INFO","msg":"Yumyums HQ ready, accepting connections"}

Running 1 test using 1 worker

[2m[WebServer] [22m{"time":"2026-08-06T10:51:39.873396658-04:00","level":"INFO","msg":"client log","level":"ERROR","message":"loadMyChecklists error: Failed to fetch\nTypeError: Failed to fetch","user":"Jamal C. (jamal@yumyums.kitchen)","page":"/workflows.html","ua":"Mozilla/5.0 (X11; Linux x86_64) AppleWebKit/537.36 (KHTML, like Gecko) HeadlessChrome/147.0.7727.15 Safari/537.36"}
[2m[WebServer] [22m{"time":"2026-08-06T10:51:40.618002264-04:00","level":"INFO","msg":"op handler received op","op_type":"SET_FIELD","entity_id":"c74a0f0c-7c0f-4755-8e40-beb447769320","device_id":"e8452067-d396-4c99-a973-73e8b4f2853e","lamport_ts":3}
  ✓  1 [chromium] › tests/workflows.spec.js:4214:3 › B-132 — fireworks confetti canvas › completed submit does not throw ctx.arc negative radius; overlay does not freeze on screen (4.8s)

  1 passed (12.9s)
EXIT=0
