# re-run: the first attempt (g2-go-collided.log) overlapped with the marketing
# sync harnesses, which reset_bare the SAME spike-supabase substrate that
# internal/sync's RLS suite provisions. Self-inflicted, not a code red.
# HQ_SYNC_SUBSTRATE_OPTIONAL=UNSET HQ_SYNC_GATE_CHILD=UNSET
?   	github.com/yumyums/hq/cmd/backfill-receipts	[no test files]
?   	github.com/yumyums/hq/cmd/bucket-cors	[no test files]
?   	github.com/yumyums/hq/cmd/import-notion	[no test files]
?   	github.com/yumyums/hq/cmd/migrate-toast-archive	[no test files]
?   	github.com/yumyums/hq/cmd/seed	[no test files]
ok  	github.com/yumyums/hq/cmd/server	0.011s
?   	github.com/yumyums/hq/cmd/spikec-relay	[no test files]
?   	github.com/yumyums/hq/cmd/sync-toast	[no test files]
ok  	github.com/yumyums/hq/internal/alerts	0.004s
ok  	github.com/yumyums/hq/internal/auth	0.517s
?   	github.com/yumyums/hq/internal/config	[no test files]
?   	github.com/yumyums/hq/internal/db	[no test files]
ok  	github.com/yumyums/hq/internal/inventory	58.167s
ok  	github.com/yumyums/hq/internal/marketing	9.371s
ok  	github.com/yumyums/hq/internal/marketing/sources	0.008s
?   	github.com/yumyums/hq/internal/me	[no test files]
ok  	github.com/yumyums/hq/internal/onboarding	0.381s
ok  	github.com/yumyums/hq/internal/photos	1.563s
ok  	github.com/yumyums/hq/internal/purchasing	8.034s
ok  	github.com/yumyums/hq/internal/receipt	26.195s
ok  	github.com/yumyums/hq/internal/recipes	32.354s
ok  	github.com/yumyums/hq/internal/redemption	2.888s
ok  	github.com/yumyums/hq/internal/sync	46.325s
?   	github.com/yumyums/hq/internal/testdb	[no test files]
ok  	github.com/yumyums/hq/internal/toast	0.508s
?   	github.com/yumyums/hq/internal/users	[no test files]
?   	github.com/yumyums/hq/internal/version	[no test files]
ok  	github.com/yumyums/hq/internal/workflow	2.473s
EXIT=0
