# target coordinates (read-only statement before any write):
#   compose project : spike-supabase (throwaway LOCAL substrate)
#   compose file    : /home/jcole/projects/hq-worktrees/h6-scanner-polish/docker-compose.supabase.yml
#   mode            : RECONCILE (env-up.sh, no flags — never --fresh from a harness)
#   NOT :5433 (dev/prod cluster), NOT :5434 (test pg), NOT any hosted supabase.com project

── substrate up (env-up.sh, idempotent reconcile) ──
# env-up.sh — mode=reconcile repo=/home/jcole/projects/hq-worktrees/h6-scanner-polish
# compose anchor (--project-directory, path-stability fix) = /home/jcole/projects/hq
# started 2026-10-02T04:31:50Z

── 1. preflight — required tooling ───────────────────────────────
  docker /usr/bin/docker
  curl   /usr/bin/curl
  node   /usr/bin/node
  npm    /usr/bin/npm
  go     /usr/local/go/bin/go
  compose 5.1.0
  go      go version go1.25.8 linux/amd64
  node    v20.20.0
  docker daemon: reachable

── 2. bringing the stack up (idempotent) ───────────────────────────────
 Container spike-supabase-db-1 Running 
 Container spike-supabase-rest-1 Running 
 Container spike-supabase-realtime-1 Running 
 Container spike-supabase-db-1 Waiting 
 Container spike-supabase-db-1 Waiting 
 Container spike-supabase-db-1 Healthy 
 Container spike-supabase-db-1 Healthy 
NAME                        IMAGE                          COMMAND                  SERVICE    CREATED       STATUS                 PORTS
spike-supabase-db-1         supabase/postgres:15.8.1.060   "docker-entrypoint.s…"   db         8 weeks ago   Up 6 hours (healthy)   0.0.0.0:53222->5432/tcp, [::]:53222->5432/tcp
spike-supabase-realtime-1   supabase/realtime:v2.34.47     "/usr/bin/tini -s -g…"   realtime   8 weeks ago   Up 6 hours             0.0.0.0:52074->4000/tcp, [::]:52074->4000/tcp
spike-supabase-rest-1       postgrest/postgrest:v12.2.12   "/bin/postgrest"         rest       8 weeks ago   Up 6 hours             0.0.0.0:52932->3000/tcp, [::]:52932->3000/tcp

── 3. waiting for db to report healthy (timeout 300s) ───────────────────────────────
  db: running/healthy

── 4. applying fixture schemas ───────────────────────────────
  → spike-fixture.sql
psql:<stdin>:30: NOTICE:  relation "spike_notes" already exists, skipping
  → hq-bridge-fixture.sql
psql:<stdin>:53: NOTICE:  relation "hq_grant_projection" already exists, skipping
psql:<stdin>:77: NOTICE:  relation "hq_sync_checklists" already exists, skipping
psql:<stdin>:114: NOTICE:  relation "hq_uid_trap" already exists, skipping
  → hq-bridge-policies.sql

── 5. resolving host ports ───────────────────────────────
  db=53222 rest=52932 realtime=52074

── 6. waiting for PostgREST and Realtime to answer (timeout 180s each) ───────────────────────────────
  PostgREST: HTTP 200
  Realtime: HTTP 200

── 7. installing the RxDB harness (npm ci, isolated project) ───────────────────────────────
  node_modules present — skipping install

── 8. health assertion — rest, realtime, schema, rxdb ───────────────────────────────
# stack: rest=52932 realtime=52074 db=53222  run=r1790915526168
PASS  ports — db=53222 rest=52932 realtime=52074
PASS  token — go-minted, 184 chars, 3 segments
PASS  schema — 4 fixture table(s) and 5 hq_* policy(ies) present by name
PASS  rest — spike_notes readable; alice sees 1 row(s), owners=["user-alice"], bob's row correctly hidden
PASS  realtime — channel SUBSCRIBED
-------------- RxDB dev-mode warning -------------------------------
you are seeing this because you use the RxDB dev-mode plugin https://rxdb.info/dev-mode.html?console=dev-mode 
This is great in development mode, because it will run many checks to ensure
that you use RxDB correct. If you see this in production mode,
you did something wrong because the dev-mode plugin will decrease the performance.

🤗 Hint: To get the most out of RxDB, check out the Premium Plugins
to get access to faster storages and more professional features: https://rxdb.info/premium/?console=dev-mode 

You can disable this warning by calling disableWarnings() from the dev-mode plugin.
---------------------------------------------------------------------
PASS  rxdb — local RxDB database created, doc hc-1790915527272 inserted and read back

HEALTHCHECK: GREEN — ports, token, schema, rest, realtime, rxdb all asserted

══════════════════════════════════════════════════════════
✅ VERDICT: GREEN — Supabase + RxDB up, schema applied, healthy
   db=53222  rest=52932  realtime=52074   (project: spike-supabase)
   teardown is a separate, deliberate act:  task spike:down
   finished 2026-10-02T04:32:07Z
══════════════════════════════════════════════════════════
#   db container    : 51a51ade6921be3867acd4c87c19bd22dba4d7221c236dec46376d3a85850f3d
#   db host port    : 53222 (Docker-assigned)
#   db role         : supabase_admin, via docker exec (no host psql involved)

── built schema: reset_bare + apply_all (committed migrations + seed) ──
  → migrations/20260904000100_qr_attribution_spine.sql
psql:<stdin>:134: NOTICE:  policy "campaigns_select_device" for relation "public.campaigns" does not exist, skipping
psql:<stdin>:138: NOTICE:  policy "codes_select_device" for relation "public.codes" does not exist, skipping
psql:<stdin>:142: NOTICE:  policy "scan_attempts_insert_own" for relation "public.scan_attempts" does not exist, skipping
  → migrations/20260904000200_redeem_rpc.sql
  → migrations/20260906000100_campaigns_replication.sql
psql:<stdin>:47: NOTICE:  trigger "campaigns_touch_updated_at" for relation "public.campaigns" does not exist, skipping
  → migrations/20260906000200_scan_attempts_unverified_landing.sql
psql:<stdin>:41: NOTICE:  constraint "scan_attempts_names_a_code" of relation "scan_attempts" does not exist, skipping
  → migrations/20260906000300_scan_attempts_policy_unresolved.sql
  → seed.sql (TEST fixtures — local/test substrates only, never production)

── the shipped artifacts under test (identity pinned, not assumed) ──
#   marketing/sync/replicas.js               sha256 92cbf03053dcfff9…
#   marketing/sync/push-replication.js       sha256 377116a0382cd46c…
#   marketing/submit-machine.js              sha256 03e7e77fcd07638d…
#   lib/xstate.umd.min.js                    sha256 e7f04e1f780f5f67…

── discriminator DDL enumerated (the committed 20260906000300 migration) ──
#   policy_unresolved column: 1
#   check constraint        : CHECK (((code_id IS NOT NULL) OR (unverified_code AND offline_override AND (token_hash IS NOT NULL))))

── device JWT (throwaway secret from the compose file) ──

── mode: green ──
# mode: green
# SCAN_ATTEMPTS_SCHEMA.version = 1 (policy_unresolved declared: true)
-------------- RxDB dev-mode warning -------------------------------
you are seeing this because you use the RxDB dev-mode plugin https://rxdb.info/dev-mode.html?console=dev-mode 
This is great in development mode, because it will run many checks to ensure
that you use RxDB correct. If you see this in production mode,
you did something wrong because the dev-mode plugin will decrease the performance.

🤗 Hint: To get the most out of RxDB, check out the Premium Plugins
to get access to faster storages and more professional features: https://rxdb.info/premium/?console=dev-mode 

You can disable this warning by calling disableWarnings() from the dev-mode plugin.
---------------------------------------------------------------------

── replica state: codes+offers IN SYNC (4 code rows); campaigns erroring (503) ──

── the window (campaigns replica erroring, nothing delivered) ──

── the error latch ──
  attached=true ready=false unresolved=true
  lastError: 

Error message: RxReplication pull handler threw an error - see .errors for more details
Error code: RC_PULL
Cause: The pull handler of the replication threw an error.
Fix: Check the error details in the .errors observable.
Docs: https://rxdb.info/replication.html?console=errors&code=RC_PULL
Find out more about this error here: https://rxdb.info/errors.html?console=errors#RC_PULL 

--------------------
Parameters:
checkpoint: null
errors: {"name":"Error","message":"[marketing-sync] pull campaigns answered HTTP 503","stack":"Error: [marketing-sync] pull campaigns answered HTTP 503 \n     at Object.pullHandler [as handler] (file:///home/jcole/projects/hq-worktrees/h6-scanner-polish/marketing/sync/pull-replication.js:142:13) \n     at async Object.masterChangesSince (file:///home/jcole/projects/hq-worktrees/h6-scanner-polish/.night-crew/qa/spike-supabase/rxdb/node_modules/rxdb/dist/esm/plugins/replication/index.js:177:24) \n     at async downstreamResyncOnce (file:///home/jcole/projects/hq-worktrees/h6-scanner-polish/.night-crew/qa/spike-supabase/rxdb/node_modules/rxdb/dist/esm/replication-protocol/downstream.js:113:24)"}
direction: "pull"


── recovery: campaigns endpoint comes up; the source waits for ready+settle ──
  ready; policy Map holds 2 campaigns; unresolved=false; lastError=null

── leg 6: codes-arrive-first (replica READY, a new campaign's code lands alone) ──
  new code landed; campaigns Map holds 2; the NEW campaign is in it: false

── the runs ──
  window + HIGH (under test) | requiresOnline=true  | blocked=blockedOffline | overrideAvailable=false | afterOVERRIDE_REQUEST=blockedOffline | unverifiedWarning=false | alive=true trips=0
  window + unknown code     | requiresOnline=false | blocked=blockedOffline | overrideAvailable=true  | afterOVERRIDE_REQUEST=overrideConfirm | unverifiedWarning=true  | alive=true trips=0
  window + HIGH (PRE-CARD)  | requiresOnline=false | blocked=blockedOffline | overrideAvailable=true  | afterOVERRIDE_REQUEST=overrideConfirm | unverifiedWarning=false | alive=true trips=0
  ready + HIGH              | requiresOnline=true  | blocked=blockedOffline | overrideAvailable=false | afterOVERRIDE_REQUEST=blockedOffline | unverifiedWarning=false | alive=true trips=0
  ready + LOW               | requiresOnline=false | blocked=blockedOffline | overrideAvailable=true  | afterOVERRIDE_REQUEST=overrideConfirm | unverifiedWarning=false | alive=true trips=0
  READY + codes-arrive-first | requiresOnline=true  | blocked=blockedOffline | overrideAvailable=false | afterOVERRIDE_REQUEST=blockedOffline | unverifiedWarning=false | alive=true trips=0

── leg 7: the discriminator lands distinguishable (shipped enqueue + shipped push handler) ──
  local rows (ajv-validated): policy_unresolved true / false
  push requests: 2 — kinds: land-unverified
  redeem calls on the unverified rows: 0 (the F-2 guard must divert BEFORE redeem)
  server rows:
    aaaaaaaa… | accepted | override=t | unverified=t | policy_unresolved=t
    bbbbbbbb… | accepted | override=t | unverified=t | policy_unresolved=f
  distinct statuses on the arbiter: accepted

── conclusion ──
  · the refusal HOLDS through the window on the SHIPPED source — known HIGH code, campaigns
    undelivered → overrideAvailable=false, OVERRIDE_REQUEST a no-op, even with canOverride=true.
  · decision 166 SURVIVES: a code naming no campaign keeps the F2 override + unverified warning.
  · B-432 DEMONSTRATED beside it: the pre-card null→false shape offers the override on the same
    code in the same window.
  · the error latch holds an ATTRIBUTABLE failure (the HTTP status) with no replay available.
  · readiness lifts the gate both ways, and the CODES-ARRIVE-FIRST sub-case is still refused —
    the window a bare readiness latch would have left open.
  · the discriminator lands distinguishable on the real arbiter, both status=accepted, no new
    terminal status, and the F-2 guard still diverts before redeem().
  · zero undeclared (state,event) pairs across every run (mode: throw).

✅ VERDICT: GREEN — B-432 is closed on the SHIPPED policy source: the refusal holds through the window AND the codes-arrive-first sub-case, decision 166 survives, and the discriminator lands distinguishable.
EXIT=0
