[2m[WebServer] [22m── reset hq_test_e2e_h6_20261002 on localhost:5434 ──
[2m[WebServer] [22m── wrote version.json frontend=1.10.2 ──
[2m[WebServer] [22m{"time":"2026-10-02T00:26:30.04875414-04:00","level":"INFO","msg":"serving static files from disk","dir":"../"}
[2m[WebServer] [22m{"time":"2026-10-02T00:26:30.049364346-04:00","level":"INFO","msg":"loaded superadmins","count":1}
[2m[WebServer] [22m{"time":"2026-10-02T00:26:30.067892662-04:00","level":"INFO","msg":"connected to database"}
[2m[WebServer] [22m{"time":"2026-10-02T00:26:30.136004253-04:00","level":"INFO","msg":"OK   0001_users.sql (41ms)","source":"stdlog"}
[2m[WebServer] [22m{"time":"2026-10-02T00:26:30.187506787-04:00","level":"INFO","msg":"OK   0002_sessions.sql (50.99ms)","source":"stdlog"}
[2m[WebServer] [22m{"time":"2026-10-02T00:26:30.227719741-04:00","level":"INFO","msg":"OK   0003_invite_tokens.sql (40.04ms)","source":"stdlog"}
[2m[WebServer] [22m{"time":"2026-10-02T00:26:30.270392113-04:00","level":"INFO","msg":"OK   0004_hq_apps.sql (42.52ms)","source":"stdlog"}
[2m[WebServer] [22m{"time":"2026-10-02T00:26:30.320285596-04:00","level":"INFO","msg":"OK   0005_app_permissions.sql (49.63ms)","source":"stdlog"}
[2m[WebServer] [22m{"time":"2026-10-02T00:26:30.350581592-04:00","level":"INFO","msg":"OK   0006_checklist_templates.sql (30.09ms)","source":"stdlog"}
[2m[WebServer] [22m{"time":"2026-10-02T00:26:30.380537279-04:00","level":"INFO","msg":"OK   0007_checklist_schedules.sql (29.83ms)","source":"stdlog"}
[2m[WebServer] [22m{"time":"2026-10-02T00:26:30.413840971-04:00","level":"INFO","msg":"OK   0008_template_assignments.sql (33.14ms)","source":"stdlog"}
[2m[WebServer] [22m{"time":"2026-10-02T00:26:30.438875687-04:00","level":"INFO","msg":"OK   0009_checklist_sections.sql (24.93ms)","source":"stdlog"}
[2m[WebServer] [22m{"time":"2026-10-02T00:26:30.460042988-04:00","level":"INFO","msg":"OK   0010_checklist_fields.sql (21.05ms)","source":"stdlog"}
[2m[WebServer] [22m{"time":"2026-10-02T00:26:30.487470036-04:00","level":"INFO","msg":"OK   0011_checklist_submissions.sql (27.31ms)","source":"stdlog"}
[2m[WebServer] [22m{"time":"2026-10-02T00:26:30.541153988-04:00","level":"INFO","msg":"OK   0012_submission_responses.sql (53.56ms)","source":"stdlog"}
[2m[WebServer] [22m{"time":"2026-10-02T00:26:30.578861071-04:00","level":"INFO","msg":"OK   0013_submission_fail_notes.sql (37.57ms)","source":"stdlog"}
[2m[WebServer] [22m{"time":"2026-10-02T00:26:30.630854553-04:00","level":"INFO","msg":"OK   0014_submission_rejections.sql (51.73ms)","source":"stdlog"}
[2m[WebServer] [22m{"time":"2026-10-02T00:26:30.693862155-04:00","level":"INFO","msg":"OK   0015_ops.sql (62.85ms)","source":"stdlog"}
[2m[WebServer] [22m{"time":"2026-10-02T00:26:30.711037934-04:00","level":"INFO","msg":"OK   0016_lamport_ts.sql (17.01ms)","source":"stdlog"}
[2m[WebServer] [22m{"time":"2026-10-02T00:26:30.728124061-04:00","level":"INFO","msg":"OK   0017_users_naming.sql (16.93ms)","source":"stdlog"}
[2m[WebServer] [22m{"time":"2026-10-02T00:26:30.794772306-04:00","level":"INFO","msg":"OK   0018_ob_templates.sql (66.49ms)","source":"stdlog"}
[2m[WebServer] [22m{"time":"2026-10-02T00:26:30.872678315-04:00","level":"INFO","msg":"OK   0019_ob_items.sql (77.77ms)","source":"stdlog"}
[2m[WebServer] [22m{"time":"2026-10-02T00:26:30.929108834-04:00","level":"INFO","msg":"OK   0020_ob_progress.sql (56.31ms)","source":"stdlog"}
[2m[WebServer] [22m{"time":"2026-10-02T00:26:30.972155262-04:00","level":"INFO","msg":"OK   0021_ob_signoffs.sql (42.92ms)","source":"stdlog"}
[2m[WebServer] [22m{"time":"2026-10-02T00:26:31.037008486-04:00","level":"INFO","msg":"OK   0022_ob_template_assignments.sql (64.68ms)","source":"stdlog"}
[2m[WebServer] [22m{"time":"2026-10-02T00:26:31.104075225-04:00","level":"INFO","msg":"OK   0023_multi_role.sql (66.91ms)","source":"stdlog"}
[2m[WebServer] [22m{"time":"2026-10-02T00:26:31.305492916-04:00","level":"INFO","msg":"OK   0024_inventory.sql (201.22ms)","source":"stdlog"}
[2m[WebServer] [22m{"time":"2026-10-02T00:26:31.351226874-04:00","level":"INFO","msg":"OK   0025_pending_purchases.sql (45.59ms)","source":"stdlog"}
[2m[WebServer] [22m{"time":"2026-10-02T00:26:31.360353779-04:00","level":"INFO","msg":"OK   0026_ob_progress_faq.sql (9.02ms)","source":"stdlog"}
[2m[WebServer] [22m{"time":"2026-10-02T00:26:31.36822801-04:00","level":"INFO","msg":"OK   0027_ob_section_signoff_roles.sql (7.73ms)","source":"stdlog"}
[2m[WebServer] [22m{"time":"2026-10-02T00:26:31.383596531-04:00","level":"INFO","msg":"OK   0028_ob_video_upgrade.sql (15.28ms)","source":"stdlog"}
[2m[WebServer] [22m{"time":"2026-10-02T00:26:31.390790691-04:00","level":"INFO","msg":"OK   0029_ob_templates_archived_at.sql (7.1ms)","source":"stdlog"}
[2m[WebServer] [22m{"time":"2026-10-02T00:26:31.416188336-04:00","level":"INFO","msg":"OK   0030_item_groups_unique_name.sql (25.27ms)","source":"stdlog"}
[2m[WebServer] [22m{"time":"2026-10-02T00:26:31.42497363-04:00","level":"INFO","msg":"OK   0031_remove_placeholder_items.sql (8.68ms)","source":"stdlog"}
[2m[WebServer] [22m{"time":"2026-10-02T00:26:31.438323699-04:00","level":"INFO","msg":"OK   0032_item_group_thresholds.sql (13.26ms)","source":"stdlog"}
[2m[WebServer] [22m{"time":"2026-10-02T00:26:31.468801177-04:00","level":"INFO","msg":"OK   0033_stock_count_overrides.sql (30.38ms)","source":"stdlog"}
[2m[WebServer] [22m{"time":"2026-10-02T00:26:31.562824668-04:00","level":"INFO","msg":"OK   0034_purchase_orders.sql (93.91ms)","source":"stdlog"}
[2m[WebServer] [22m{"time":"2026-10-02T00:26:31.575906532-04:00","level":"INFO","msg":"OK   0035_purchase_items_photo_store.sql (12.95ms)","source":"stdlog"}
[2m[WebServer] [22m{"time":"2026-10-02T00:26:31.587777812-04:00","level":"INFO","msg":"OK   0036_purchase_items_full_name.sql (11.77ms)","source":"stdlog"}
[2m[WebServer] [22m{"time":"2026-10-02T00:26:31.619325975-04:00","level":"INFO","msg":"OK   0037_cutoff_config.sql (31.41ms)","source":"stdlog"}
[2m[WebServer] [22m{"time":"2026-10-02T00:26:31.636249842-04:00","level":"INFO","msg":"OK   0038_po_status_extend.sql (16.76ms)","source":"stdlog"}
[2m[WebServer] [22m{"time":"2026-10-02T00:26:31.669337694-04:00","level":"INFO","msg":"OK   0039_purchase_items_vendor.sql (32.96ms)","source":"stdlog"}
[2m[WebServer] [22m{"time":"2026-10-02T00:26:31.776506491-04:00","level":"INFO","msg":"OK   0040_shopping_lists.sql (107ms)","source":"stdlog"}
[2m[WebServer] [22m{"time":"2026-10-02T00:26:31.789764447-04:00","level":"INFO","msg":"OK   0041_notification_channel.sql (13.13ms)","source":"stdlog"}
[2m[WebServer] [22m{"time":"2026-10-02T00:26:31.849705043-04:00","level":"INFO","msg":"OK   0042_repurchase_tracking.sql (59.83ms)","source":"stdlog"}
[2m[WebServer] [22m{"time":"2026-10-02T00:26:31.900693402-04:00","level":"INFO","msg":"OK   0043_alert_log.sql (50.84ms)","source":"stdlog"}
[2m[WebServer] [22m{"time":"2026-10-02T00:26:31.948432291-04:00","level":"INFO","msg":"OK   0044_low_stock_alert_log.sql (47.61ms)","source":"stdlog"}
[2m[WebServer] [22m{"time":"2026-10-02T00:26:31.995157124-04:00","level":"INFO","msg":"OK   0045_notification_channel_array.sql (46.57ms)","source":"stdlog"}
[2m[WebServer] [22m{"time":"2026-10-02T00:26:32.002249787-04:00","level":"INFO","msg":"OK   0046_user_timezone.sql (6.97ms)","source":"stdlog"}
[2m[WebServer] [22m{"time":"2026-10-02T00:26:32.053361958-04:00","level":"INFO","msg":"OK   0047_employee_fields.sql (51.01ms)","source":"stdlog"}
[2m[WebServer] [22m{"time":"2026-10-02T00:26:32.060687274-04:00","level":"INFO","msg":"OK   0048_notification_default_both.sql (7.24ms)","source":"stdlog"}
[2m[WebServer] [22m{"time":"2026-10-02T00:26:32.102233773-04:00","level":"INFO","msg":"OK   0049_ob_sub_items.sql (41.4ms)","source":"stdlog"}
[2m[WebServer] [22m{"time":"2026-10-02T00:26:32.110564204-04:00","level":"INFO","msg":"OK   0050_ob_progress_sub_item.sql (8.23ms)","source":"stdlog"}
[2m[WebServer] [22m{"time":"2026-10-02T00:26:32.117979313-04:00","level":"INFO","msg":"OK   0051_rejection_field_fk.sql (7.34ms)","source":"stdlog"}
[2m[WebServer] [22m{"time":"2026-10-02T00:26:32.133013525-04:00","level":"INFO","msg":"OK   0052_template_name_unique.sql (14.95ms)","source":"stdlog"}
[2m[WebServer] [22m{"time":"2026-10-02T00:26:32.14047104-04:00","level":"INFO","msg":"OK   0053_response_field_fk.sql (7.35ms)","source":"stdlog"}
[2m[WebServer] [22m{"time":"2026-10-02T00:26:32.147380643-04:00","level":"INFO","msg":"OK   0054_failnote_field_fk.sql (6.82ms)","source":"stdlog"}
[2m[WebServer] [22m{"time":"2026-10-02T00:26:32.154610065-04:00","level":"INFO","msg":"OK   0055_item_location_in_store.sql (7.15ms)","source":"stdlog"}
[2m[WebServer] [22m{"time":"2026-10-02T00:26:32.169811355-04:00","level":"INFO","msg":"OK   0056_ob_progress_photo.sql (15.08ms)","source":"stdlog"}
[2m[WebServer] [22m{"time":"2026-10-02T00:26:32.182966011-04:00","level":"INFO","msg":"OK   0057_ob_items_photo_type.sql (13.06ms)","source":"stdlog"}
[2m[WebServer] [22m{"time":"2026-10-02T00:26:32.196089244-04:00","level":"INFO","msg":"OK   0058_ob_sub_items_photos.sql (13ms)","source":"stdlog"}
[2m[WebServer] [22m{"time":"2026-10-02T00:26:32.20544106-04:00","level":"INFO","msg":"OK   0059_cleanup_photo_items.sql (9.24ms)","source":"stdlog"}
[2m[WebServer] [22m{"time":"2026-10-02T00:26:32.262983564-04:00","level":"INFO","msg":"OK   0060_menu_items.sql (57.42ms)","source":"stdlog"}
[2m[WebServer] [22m{"time":"2026-10-02T00:26:32.29926521-04:00","level":"INFO","msg":"OK   0061_daily_menu_sales.sql (36.15ms)","source":"stdlog"}
[2m[WebServer] [22m{"time":"2026-10-02T00:26:32.33978168-04:00","level":"INFO","msg":"OK   0062_recipes.sql (40.41ms)","source":"stdlog"}
[2m[WebServer] [22m{"time":"2026-10-02T00:26:32.369965319-04:00","level":"INFO","msg":"OK   0063_drift_check_results.sql (30.06ms)","source":"stdlog"}
[2m[WebServer] [22m{"time":"2026-10-02T00:26:32.384749066-04:00","level":"INFO","msg":"OK   0064_no_itemized_receipt_seed.sql (14.62ms)","source":"stdlog"}
[2m[WebServer] [22m{"time":"2026-10-02T00:26:32.39674607-04:00","level":"INFO","msg":"OK   0065_mercury_category_on_purchase_events.sql (11.87ms)","source":"stdlog"}
[2m[WebServer] [22m{"time":"2026-10-02T00:26:32.408700771-04:00","level":"INFO","msg":"OK   0066_mercury_category_on_pending_purchases.sql (11.86ms)","source":"stdlog"}
[2m[WebServer] [22m{"time":"2026-10-02T00:26:32.461911846-04:00","level":"INFO","msg":"OK   0067_receipt_sync_runs.sql (53.1ms)","source":"stdlog"}
[2m[WebServer] [22m{"time":"2026-10-02T00:26:32.487573486-04:00","level":"INFO","msg":"OK   0068_pending_purchases_bank_tx_uniq.sql (25.52ms)","source":"stdlog"}
[2m[WebServer] [22m{"time":"2026-10-02T00:26:32.499694656-04:00","level":"INFO","msg":"OK   0069_pending_purchases_parse_error.sql (12.01ms)","source":"stdlog"}
[2m[WebServer] [22m{"time":"2026-10-02T00:26:32.513030931-04:00","level":"INFO","msg":"OK   0070_receipt_urls.sql (13.23ms)","source":"stdlog"}
[2m[WebServer] [22m{"time":"2026-10-02T00:26:32.534075187-04:00","level":"INFO","msg":"OK   0071_submission_fail_notes_unique.sql (20.89ms)","source":"stdlog"}
[2m[WebServer] [22m{"time":"2026-10-02T00:26:32.552116709-04:00","level":"INFO","msg":"OK   0072_app_timezone_new_york.sql (17.87ms)","source":"stdlog"}
[2m[WebServer] [22m{"time":"2026-10-02T00:26:32.576260509-04:00","level":"INFO","msg":"OK   0073_sync_fdw_views.sql (23.71ms)","source":"stdlog"}
[2m[WebServer] [22m{"time":"2026-10-02T00:26:32.586720249-04:00","level":"INFO","msg":"OK   0074_sync_fdw_approver_view.sql (10.24ms)","source":"stdlog"}
[2m[WebServer] [22m{"time":"2026-10-02T00:26:32.641556957-04:00","level":"INFO","msg":"OK   0075_item_aliases.sql (54.73ms)","source":"stdlog"}
[2m[WebServer] [22m{"time":"2026-10-02T00:26:32.667311239-04:00","level":"INFO","msg":"OK   0076_checklist_template_app.sql (25.62ms)","source":"stdlog"}
[2m[WebServer] [22m{"time":"2026-10-02T00:26:32.709858682-04:00","level":"INFO","msg":"OK   0077_race_lost_notifications.sql (42.38ms)","source":"stdlog"}
[2m[WebServer] [22m{"time":"2026-10-02T00:26:32.723212449-04:00","level":"INFO","msg":"OK   0078_card_holder_on_purchases.sql (13.23ms)","source":"stdlog"}
[2m[WebServer] [22m{"time":"2026-10-02T00:26:32.746241409-04:00","level":"INFO","msg":"OK   0079_pending_purchases_retry_requested.sql (22.94ms)","source":"stdlog"}
[2m[WebServer] [22m{"time":"2026-10-02T00:26:32.759849709-04:00","level":"INFO","msg":"OK   0080_receipt_sync_runs_cancelled.sql (13.5ms)","source":"stdlog"}
[2m[WebServer] [22m{"time":"2026-10-02T00:26:32.782348656-04:00","level":"INFO","msg":"OK   0081_item_alias_display.sql (22.39ms)","source":"stdlog"}
[2m[WebServer] [22m{"time":"2026-10-02T00:26:32.799042974-04:00","level":"INFO","msg":"OK   0082_bi_grants.sql (16.56ms)","source":"stdlog"}
[2m[WebServer] [22m{"time":"2026-10-02T00:26:32.907327188-04:00","level":"INFO","msg":"OK   0083_campaigns_admin.sql (108.05ms)","source":"stdlog"}
[2m[WebServer] [22m{"time":"2026-10-02T00:26:33.039204692-04:00","level":"INFO","msg":"OK   0084_toast_orders_reconciliation.sql (131.65ms)","source":"stdlog"}
[2m[WebServer] [22m{"time":"2026-10-02T00:26:33.138784307-04:00","level":"INFO","msg":"OK   0085_subscribers.sql (99.41ms)","source":"stdlog"}
[2m[WebServer] [22m{"time":"2026-10-02T00:26:33.13885947-04:00","level":"INFO","msg":"goose: successfully migrated database to version: 85","source":"stdlog"}
[2m[WebServer] [22m{"time":"2026-10-02T00:26:33.138880829-04:00","level":"INFO","msg":"database migrations applied successfully"}
[2m[WebServer] [22m{"time":"2026-10-02T00:26:33.219628095-04:00","level":"INFO","msg":"upserted superadmin","email":"jamal@yumyums.kitchen"}
[2m[WebServer] [22m{"time":"2026-10-02T00:26:33.251853567-04:00","level":"INFO","msg":"seeded template","name":"Setup Checklist","id":"0e0a9049-603c-4175-9027-a22ac2732357"}
[2m[WebServer] [22m{"time":"2026-10-02T00:26:33.251913372-04:00","level":"INFO","msg":"seeded templates","count":1}
[2m[WebServer] [22m{"time":"2026-10-02T00:26:33.28251922-04:00","level":"INFO","msg":"seeded onboarding template","name":"Kitchen Basics Training","id":"58d6303e-537c-43f1-9e79-0b2111f5c3e3"}
[2m[WebServer] [22m{"time":"2026-10-02T00:26:33.305180632-04:00","level":"INFO","msg":"inventory: seeded vendors","count":5}
[2m[WebServer] [22m{"time":"2026-10-02T00:26:33.386629999-04:00","level":"INFO","msg":"inventory: seeded unique tags","count":19}
[2m[WebServer] [22m{"time":"2026-10-02T00:26:33.522067849-04:00","level":"INFO","msg":"inventory: seeded item groups","count":10}
[2m[WebServer] [22m{"time":"2026-10-02T00:26:34.006175197-04:00","level":"INFO","msg":"inventory: seeded purchase items from YAML","count":106}
[2m[WebServer] [22m{"time":"2026-10-02T00:26:34.006253831-04:00","level":"WARN","msg":"object storage env vars not set, photo and video upload endpoints will return 503","required":"STORAGE_KEY, STORAGE_SECRET, STORAGE_BUCKET, STORAGE_ENDPOINT, STORAGE_REGION"}
[2m[WebServer] [22m{"time":"2026-10-02T00:26:34.006318223-04:00","level":"WARN","msg":"HQ_INVENTORY_SERVICE_TOKEN not set, /api/v1/inventory/period-summary AND /api/v1/inventory/menu-cogs will return 503"}
[2m[WebServer] [22m{"time":"2026-10-02T00:26:34.006458198-04:00","level":"INFO","msg":"marketing campaign projection not configured; campaigns will save with projected_at NULL and warnings:[\"not_projected\"]","missing":"HQ_SYNC_REST_URL and/or HQ_SYNC_SERVICE_KEY"}
[2m[WebServer] [22m{"time":"2026-10-02T00:26:34.006586271-04:00","level":"INFO","msg":"inventory COGS category allowlist","allowlist":["COGS"]}
[2m[WebServer] [22m{"time":"2026-10-02T00:26:34.006995819-04:00","level":"INFO","msg":"redemption arbiter not configured; POST /api/v1/marketing/redeem answers 503","missing":"HQ_SYNC_REST_URL and/or HQ_SYNC_SERVICE_KEY"}
[2m[WebServer] [22m{"time":"2026-10-02T00:26:34.007140677-04:00","level":"INFO","msg":"receipt worker disabled","reason":"E2E_DISABLE_SCHEDULERS=1"}
[2m[WebServer] [22m{"time":"2026-10-02T00:26:34.007185741-04:00","level":"INFO","msg":"alert queue started","delivery_enabled":false}
[2m[WebServer] [22m{"time":"2026-10-02T00:26:34.007199678-04:00","level":"INFO","msg":"cutoff scheduler disabled","reason":"E2E_DISABLE_SCHEDULERS=1"}
[2m[WebServer] [22m{"time":"2026-10-02T00:26:34.007209036-04:00","level":"INFO","msg":"scan-attempts mirror disabled","reason":"E2E_DISABLE_SCHEDULERS=1"}
[2m[WebServer] [22m{"time":"2026-10-02T00:26:34.007219921-04:00","level":"INFO","msg":"toast worker disabled, cmd/sync-toast remains available","reason":"TOAST_SYNC_INTERVAL=0"}
[2m[WebServer] [22m{"time":"2026-10-02T00:26:34.007292859-04:00","level":"INFO","msg":"alerts queue started"}
[2m[WebServer] [22m{"time":"2026-10-02T00:26:34.030683598-04:00","level":"INFO","msg":"server listening","port":"8581"}
[2m[WebServer] [22m{"time":"2026-10-02T00:26:34.040949159-04:00","level":"INFO","msg":"reachable at","url":"http://10.255.255.254:8581"}
[2m[WebServer] [22m{"time":"2026-10-02T00:26:34.040993614-04:00","level":"INFO","msg":"reachable at","url":"http://100.70.200.55:8581"}
[2m[WebServer] [22m{"time":"2026-10-02T00:26:34.041003379-04:00","level":"INFO","msg":"reachable at","url":"http://192.168.8.164:8581"}
[2m[WebServer] [22m{"time":"2026-10-02T00:26:34.041025759-04:00","level":"INFO","msg":"Yumyums HQ ready, accepting connections"}

Running 53 tests using 1 worker

  ✓   1 [chromium] › tests/marketing.spec.js:106:3 › Marketing tile + permission seed (card marketing-tile-and-page) › SEED: SeedHQApps registers marketing + marketing-offline-override with their first-registration grants (549ms)
  ✓   2 [chromium] › tests/marketing.spec.js:130:3 › Marketing tile + permission seed (card marketing-tile-and-page) › a team_member with the app grant sees the Marketing tile on the launcher (1.3s)
[2m[WebServer] [22m{"time":"2026-10-02T00:26:39.568706022-04:00","level":"INFO","msg":"client log","level":"WARN","message":"-------------- RxDB Open Core RxStorage -------------------------------\nYou are using the free Dexie.js based RxStorage implementation from RxDB https://rxdb.info/rx-storage-dexie.html?console=dexie \nWhile this is a great option, we want to let you know that there are faster storage solutions available in our premium plugins.\nFor professional users and production environments, we highly recommend considering these premium options to enhance performance and reliability.\n https://rxdb.info/premium/?console=dexie \nIf you already purchased premium access you can disable this log by calling the setPremiumFlag() function from rxdb-premium/plugins/shared.\n---------------------------------------------------------------------","user":"Mkt T. (mkt-scan-1790915198476-4968@yumyums.kitchen)","page":"/marketing.html","ua":"Mozilla/5.0 (X11; Linux x86_64) AppleWebKit/537.36 (KHTML, like Gecko) HeadlessChrome/147.0.7727.15 Safari/537.36"}
  ✓   3 [chromium] › tests/marketing.spec.js:150:3 › Marketing tile + permission seed (card marketing-tile-and-page) › marketing.html shows Scan and Campaigns live, Subscribers gated, and Stats as a labeled placeholder (1.9s)
[2m[WebServer] [22m{"time":"2026-10-02T00:26:41.406298965-04:00","level":"ERROR","msg":"DriftBanner","error":"context canceled"}
  ✓   4 [chromium] › tests/marketing.spec.js:209:3 › Marketing tile + permission seed (card marketing-tile-and-page) › a user without the marketing grant sees NO Marketing tile (1.5s)
  ✓   5 [chromium] › tests/marketing.spec.js:241:3 › Marketing tile + permission seed (card marketing-tile-and-page) › the offline_override entitlement renders as a grantable row in the Users access editor (534ms)
  ✓   6 [chromium] › tests/marketing.spec.js:265:3 › Marketing tile + permission seed (card marketing-tile-and-page) › a per-user offline_override grant round-trips to that user's /me/apps (1.4s)
[2m[WebServer] [22m{"time":"2026-10-02T00:26:43.858325922-04:00","level":"INFO","msg":"client log","level":"WARN","message":"-------------- RxDB Open Core RxStorage -------------------------------\nYou are using the free Dexie.js based RxStorage implementation from RxDB https://rxdb.info/rx-storage-dexie.html?console=dexie \nWhile this is a great option, we want to let you know that there are faster storage solutions available in our premium plugins.\nFor professional users and production environments, we highly recommend considering these premium options to enhance performance and reliability.\n https://rxdb.info/premium/?console=dexie \nIf you already purchased premium access you can disable this log by calling the setPremiumFlag() function from rxdb-premium/plugins/shared.\n---------------------------------------------------------------------","user":"Jamal C. (jamal@yumyums.kitchen)","page":"/marketing.html","ua":"Mozilla/5.0 (X11; Linux x86_64) AppleWebKit/537.36 (KHTML, like Gecko) HeadlessChrome/147.0.7727.15 Safari/537.36"}
  ✓   7 [chromium] › tests/marketing.spec.js:437:3 › Camera scanner decode (card camera-scanner-decode) › a printed QR decodes from an image and its on-device hash equals the committed seed literal (752ms)
[2m[WebServer] [22m{"time":"2026-10-02T00:26:44.639434682-04:00","level":"INFO","msg":"client log","level":"WARN","message":"-------------- RxDB Open Core RxStorage -------------------------------\nYou are using the free Dexie.js based RxStorage implementation from RxDB https://rxdb.info/rx-storage-dexie.html?console=dexie \nWhile this is a great option, we want to let you know that there are faster storage solutions available in our premium plugins.\nFor professional users and production environments, we highly recommend considering these premium options to enhance performance and reliability.\n https://rxdb.info/premium/?console=dexie \nIf you already purchased premium access you can disable this log by calling the setPremiumFlag() function from rxdb-premium/plugins/shared.\n---------------------------------------------------------------------","user":"Jamal C. (jamal@yumyums.kitchen)","page":"/marketing.html","ua":"Mozilla/5.0 (X11; Linux x86_64) AppleWebKit/537.36 (KHTML, like Gecko) HeadlessChrome/147.0.7727.15 Safari/537.36"}
  ✓   8 [chromium] › tests/marketing.spec.js:455:3 › Camera scanner decode (card camera-scanner-decode) › done_when: a synced customer's offer resolves OFFLINE from the local replica (image decode) (818ms)
[2m[WebServer] [22m{"time":"2026-10-02T00:26:45.451249203-04:00","level":"INFO","msg":"client log","level":"WARN","message":"-------------- RxDB Open Core RxStorage -------------------------------\nYou are using the free Dexie.js based RxStorage implementation from RxDB https://rxdb.info/rx-storage-dexie.html?console=dexie \nWhile this is a great option, we want to let you know that there are faster storage solutions available in our premium plugins.\nFor professional users and production environments, we highly recommend considering these premium options to enhance performance and reliability.\n https://rxdb.info/premium/?console=dexie \nIf you already purchased premium access you can disable this log by calling the setPremiumFlag() function from rxdb-premium/plugins/shared.\n---------------------------------------------------------------------","user":"Jamal C. (jamal@yumyums.kitchen)","page":"/marketing.html","ua":"Mozilla/5.0 (X11; Linux x86_64) AppleWebKit/537.36 (KHTML, like Gecko) HeadlessChrome/147.0.7727.15 Safari/537.36"}
  ✓   9 [chromium] › tests/marketing.spec.js:477:3 › Camera scanner decode (card camera-scanner-decode) › done_when: an un-synced customer falls back OFFLINE to the QR-embedded offer, marked unverified (image decode) (836ms)
[2m[WebServer] [22m{"time":"2026-10-02T00:26:46.399544651-04:00","level":"INFO","msg":"client log","level":"WARN","message":"-------------- RxDB Open Core RxStorage -------------------------------\nYou are using the free Dexie.js based RxStorage implementation from RxDB https://rxdb.info/rx-storage-dexie.html?console=dexie \nWhile this is a great option, we want to let you know that there are faster storage solutions available in our premium plugins.\nFor professional users and production environments, we highly recommend considering these premium options to enhance performance and reliability.\n https://rxdb.info/premium/?console=dexie \nIf you already purchased premium access you can disable this log by calling the setPremiumFlag() function from rxdb-premium/plugins/shared.\n---------------------------------------------------------------------","user":"Jamal C. (jamal@yumyums.kitchen)","page":"/marketing.html","ua":"Mozilla/5.0 (X11; Linux x86_64) AppleWebKit/537.36 (KHTML, like Gecko) HeadlessChrome/147.0.7727.15 Safari/537.36"}
  ✓  10 [chromium] › tests/marketing.spec.js:496:3 › Camera scanner decode (card camera-scanner-decode) › resolution order: the local replica beats the QR-embedded offer when both exist (730ms)
[2m[WebServer] [22m{"time":"2026-10-02T00:26:47.069616632-04:00","level":"INFO","msg":"client log","level":"WARN","message":"-------------- RxDB Open Core RxStorage -------------------------------\nYou are using the free Dexie.js based RxStorage implementation from RxDB https://rxdb.info/rx-storage-dexie.html?console=dexie \nWhile this is a great option, we want to let you know that there are faster storage solutions available in our premium plugins.\nFor professional users and production environments, we highly recommend considering these premium options to enhance performance and reliability.\n https://rxdb.info/premium/?console=dexie \nIf you already purchased premium access you can disable this log by calling the setPremiumFlag() function from rxdb-premium/plugins/shared.\n---------------------------------------------------------------------","user":"Jamal C. (jamal@yumyums.kitchen)","page":"/marketing.html","ua":"Mozilla/5.0 (X11; Linux x86_64) AppleWebKit/537.36 (KHTML, like Gecko) HeadlessChrome/147.0.7727.15 Safari/537.36"}
  ✓  11 [chromium] › tests/marketing.spec.js:510:3 › Camera scanner decode (card camera-scanner-decode) › a token in neither replica with no descriptor resolves unknownCode (F2 display) (614ms)
[2m[WebServer] [22m{"time":"2026-10-02T00:26:47.690600573-04:00","level":"INFO","msg":"client log","level":"WARN","message":"-------------- RxDB Open Core RxStorage -------------------------------\nYou are using the free Dexie.js based RxStorage implementation from RxDB https://rxdb.info/rx-storage-dexie.html?console=dexie \nWhile this is a great option, we want to let you know that there are faster storage solutions available in our premium plugins.\nFor professional users and production environments, we highly recommend considering these premium options to enhance performance and reliability.\n https://rxdb.info/premium/?console=dexie \nIf you already purchased premium access you can disable this log by calling the setPremiumFlag() function from rxdb-premium/plugins/shared.\n---------------------------------------------------------------------","user":"Jamal C. (jamal@yumyums.kitchen)","page":"/marketing.html","ua":"Mozilla/5.0 (X11; Linux x86_64) AppleWebKit/537.36 (KHTML, like Gecko) HeadlessChrome/147.0.7727.15 Safari/537.36"}
  ✓  12 [chromium] › tests/marketing.spec.js:518:3 › Camera scanner decode (card camera-scanner-decode) › a payload that is not a Yumyums code resolves invalidPayload, loudly (579ms)
[2m[WebServer] [22m{"time":"2026-10-02T00:26:48.468465209-04:00","level":"INFO","msg":"client log","level":"WARN","message":"-------------- RxDB Open Core RxStorage -------------------------------\nYou are using the free Dexie.js based RxStorage implementation from RxDB https://rxdb.info/rx-storage-dexie.html?console=dexie \nWhile this is a great option, we want to let you know that there are faster storage solutions available in our premium plugins.\nFor professional users and production environments, we highly recommend considering these premium options to enhance performance and reliability.\n https://rxdb.info/premium/?console=dexie \nIf you already purchased premium access you can disable this log by calling the setPremiumFlag() function from rxdb-premium/plugins/shared.\n---------------------------------------------------------------------","user":"Jamal C. (jamal@yumyums.kitchen)","page":"/marketing.html","ua":"Mozilla/5.0 (X11; Linux x86_64) AppleWebKit/537.36 (KHTML, like Gecko) HeadlessChrome/147.0.7727.15 Safari/537.36"}
  ✓  13 [chromium] › tests/marketing.spec.js:528:3 › Camera scanner decode (card camera-scanner-decode) › F3 offline: a locally-redeemed code rejects immediately as spentLocally (1.1s)
[2m[WebServer] [22m{"time":"2026-10-02T00:26:49.443130064-04:00","level":"INFO","msg":"client log","level":"WARN","message":"-------------- RxDB Open Core RxStorage -------------------------------\nYou are using the free Dexie.js based RxStorage implementation from RxDB https://rxdb.info/rx-storage-dexie.html?console=dexie \nWhile this is a great option, we want to let you know that there are faster storage solutions available in our premium plugins.\nFor professional users and production environments, we highly recommend considering these premium options to enhance performance and reliability.\n https://rxdb.info/premium/?console=dexie \nIf you already purchased premium access you can disable this log by calling the setPremiumFlag() function from rxdb-premium/plugins/shared.\n---------------------------------------------------------------------","user":"Jamal C. (jamal@yumyums.kitchen)","page":"/marketing.html","ua":"Mozilla/5.0 (X11; Linux x86_64) AppleWebKit/537.36 (KHTML, like Gecko) HeadlessChrome/147.0.7727.15 Safari/537.36"}
  ✓  14 [chromium] › tests/marketing.spec.js:546:3 › Camera scanner decode (card camera-scanner-decode) › F3 online: the local redeemed flag does NOT reject — the server decides at submit (720ms)
[2m[WebServer] [22m{"time":"2026-10-02T00:26:50.166146684-04:00","level":"INFO","msg":"client log","level":"WARN","message":"-------------- RxDB Open Core RxStorage -------------------------------\nYou are using the free Dexie.js based RxStorage implementation from RxDB https://rxdb.info/rx-storage-dexie.html?console=dexie \nWhile this is a great option, we want to let you know that there are faster storage solutions available in our premium plugins.\nFor professional users and production environments, we highly recommend considering these premium options to enhance performance and reliability.\n https://rxdb.info/premium/?console=dexie \nIf you already purchased premium access you can disable this log by calling the setPremiumFlag() function from rxdb-premium/plugins/shared.\n---------------------------------------------------------------------","user":"Jamal C. (jamal@yumyums.kitchen)","page":"/marketing.html","ua":"Mozilla/5.0 (X11; Linux x86_64) AppleWebKit/537.36 (KHTML, like Gecko) HeadlessChrome/147.0.7727.15 Safari/537.36"}
  ✓  15 [chromium] › tests/marketing.spec.js:569:3 › Camera scanner decode (card camera-scanner-decode) › offline expiry uses clock.isExpired — a +2h server offset expires a code raw Date.now() calls live (671ms)
[2m[WebServer] [22m{"time":"2026-10-02T00:26:50.88534845-04:00","level":"INFO","msg":"client log","level":"WARN","message":"-------------- RxDB Open Core RxStorage -------------------------------\nYou are using the free Dexie.js based RxStorage implementation from RxDB https://rxdb.info/rx-storage-dexie.html?console=dexie \nWhile this is a great option, we want to let you know that there are faster storage solutions available in our premium plugins.\nFor professional users and production environments, we highly recommend considering these premium options to enhance performance and reliability.\n https://rxdb.info/premium/?console=dexie \nIf you already purchased premium access you can disable this log by calling the setPremiumFlag() function from rxdb-premium/plugins/shared.\n---------------------------------------------------------------------","user":"Jamal C. (jamal@yumyums.kitchen)","page":"/marketing.html","ua":"Mozilla/5.0 (X11; Linux x86_64) AppleWebKit/537.36 (KHTML, like Gecko) HeadlessChrome/147.0.7727.15 Safari/537.36"}
[2m[WebServer] [22m{"time":"2026-10-02T00:26:51.10355944-04:00","level":"INFO","msg":"client log","level":"WARN","message":"-------------- RxDB Open Core RxStorage -------------------------------\nYou are using the free Dexie.js based RxStorage implementation from RxDB https://rxdb.info/rx-storage-dexie.html?console=dexie \nWhile this is a great option, we want to let you know that there are faster storage solutions available in our premium plugins.\nFor professional users and production environments, we highly recommend considering these premium options to enhance performance and reliability.\n https://rxdb.info/premium/?console=dexie \nIf you already purchased premium access you can disable this log by calling the setPremiumFlag() function from rxdb-premium/plugins/shared.\n---------------------------------------------------------------------","user":"Jamal C. (jamal@yumyums.kitchen)","page":"/marketing.html","ua":"Mozilla/5.0 (X11; Linux x86_64) AppleWebKit/537.36 (KHTML, like Gecko) HeadlessChrome/147.0.7727.15 Safari/537.36"}
  ✓  16 [chromium] › tests/marketing.spec.js:589:3 › Camera scanner decode (card camera-scanner-decode) › the clock state round-trips a reload (persist → initialState) so a reloaded-offline device keeps its offset (813ms)
[2m[WebServer] [22m{"time":"2026-10-02T00:26:51.653307339-04:00","level":"INFO","msg":"client log","level":"WARN","message":"-------------- RxDB Open Core RxStorage -------------------------------\nYou are using the free Dexie.js based RxStorage implementation from RxDB https://rxdb.info/rx-storage-dexie.html?console=dexie \nWhile this is a great option, we want to let you know that there are faster storage solutions available in our premium plugins.\nFor professional users and production environments, we highly recommend considering these premium options to enhance performance and reliability.\n https://rxdb.info/premium/?console=dexie \nIf you already purchased premium access you can disable this log by calling the setPremiumFlag() function from rxdb-premium/plugins/shared.\n---------------------------------------------------------------------","user":"Jamal C. (jamal@yumyums.kitchen)","page":"/marketing.html","ua":"Mozilla/5.0 (X11; Linux x86_64) AppleWebKit/537.36 (KHTML, like Gecko) HeadlessChrome/147.0.7727.15 Safari/537.36"}
  ✓  17 [chromium] › tests/marketing.spec.js:613:3 › Camera scanner decode (card camera-scanner-decode) › hash caching: repeated scans of one token digest once (585ms)
[2m[WebServer] [22m{"time":"2026-10-02T00:26:52.307555498-04:00","level":"INFO","msg":"client log","level":"WARN","message":"-------------- RxDB Open Core RxStorage -------------------------------\nYou are using the free Dexie.js based RxStorage implementation from RxDB https://rxdb.info/rx-storage-dexie.html?console=dexie \nWhile this is a great option, we want to let you know that there are faster storage solutions available in our premium plugins.\nFor professional users and production environments, we highly recommend considering these premium options to enhance performance and reliability.\n https://rxdb.info/premium/?console=dexie \nIf you already purchased premium access you can disable this log by calling the setPremiumFlag() function from rxdb-premium/plugins/shared.\n---------------------------------------------------------------------","user":"Jamal C. (jamal@yumyums.kitchen)","page":"/marketing.html","ua":"Mozilla/5.0 (X11; Linux x86_64) AppleWebKit/537.36 (KHTML, like Gecko) HeadlessChrome/147.0.7727.15 Safari/537.36"}
  ✓  18 [chromium] › tests/marketing.spec.js:622:3 › Camera scanner decode (card camera-scanner-decode) › enqueue is serialized per code: two rapid same-code enqueues insert exactly one live attempt (657ms)
[2m[WebServer] [22m{"time":"2026-10-02T00:26:52.983400005-04:00","level":"INFO","msg":"client log","level":"WARN","message":"-------------- RxDB Open Core RxStorage -------------------------------\nYou are using the free Dexie.js based RxStorage implementation from RxDB https://rxdb.info/rx-storage-dexie.html?console=dexie \nWhile this is a great option, we want to let you know that there are faster storage solutions available in our premium plugins.\nFor professional users and production environments, we highly recommend considering these premium options to enhance performance and reliability.\n https://rxdb.info/premium/?console=dexie \nIf you already purchased premium access you can disable this log by calling the setPremiumFlag() function from rxdb-premium/plugins/shared.\n---------------------------------------------------------------------","user":"Jamal C. (jamal@yumyums.kitchen)","page":"/marketing.html","ua":"Mozilla/5.0 (X11; Linux x86_64) AppleWebKit/537.36 (KHTML, like Gecko) HeadlessChrome/147.0.7727.15 Safari/537.36"}
  ✓  19 [chromium] › tests/marketing.spec.js:639:3 › Camera scanner decode (card camera-scanner-decode) › F6: re-scanning the same code re-shows the result instead of erroring or duplicating (667ms)
[2m[WebServer] [22m{"time":"2026-10-02T00:26:53.683552445-04:00","level":"INFO","msg":"client log","level":"WARN","message":"-------------- RxDB Open Core RxStorage -------------------------------\nYou are using the free Dexie.js based RxStorage implementation from RxDB https://rxdb.info/rx-storage-dexie.html?console=dexie \nWhile this is a great option, we want to let you know that there are faster storage solutions available in our premium plugins.\nFor professional users and production environments, we highly recommend considering these premium options to enhance performance and reliability.\n https://rxdb.info/premium/?console=dexie \nIf you already purchased premium access you can disable this log by calling the setPremiumFlag() function from rxdb-premium/plugins/shared.\n---------------------------------------------------------------------","user":"Jamal C. (jamal@yumyums.kitchen)","page":"/marketing.html","ua":"Mozilla/5.0 (X11; Linux x86_64) AppleWebKit/537.36 (KHTML, like Gecko) HeadlessChrome/147.0.7727.15 Safari/537.36"}
  ✓  20 [chromium] › tests/marketing.spec.js:651:3 › Camera scanner decode (card camera-scanner-decode) › camera failure is loud and retryable (headless has no camera; live decode is the attended morning check) (822ms)
[2m[WebServer] [22m{"time":"2026-10-02T00:26:54.496906238-04:00","level":"INFO","msg":"client log","level":"WARN","message":"-------------- RxDB Open Core RxStorage -------------------------------\nYou are using the free Dexie.js based RxStorage implementation from RxDB https://rxdb.info/rx-storage-dexie.html?console=dexie \nWhile this is a great option, we want to let you know that there are faster storage solutions available in our premium plugins.\nFor professional users and production environments, we highly recommend considering these premium options to enhance performance and reliability.\n https://rxdb.info/premium/?console=dexie \nIf you already purchased premium access you can disable this log by calling the setPremiumFlag() function from rxdb-premium/plugins/shared.\n---------------------------------------------------------------------","user":"Jamal C. (jamal@yumyums.kitchen)","page":"/marketing.html","ua":"Mozilla/5.0 (X11; Linux x86_64) AppleWebKit/537.36 (KHTML, like Gecko) HeadlessChrome/147.0.7727.15 Safari/537.36"}
  ✓  21 [chromium] › tests/marketing.spec.js:681:3 › Camera scanner decode (card camera-scanner-decode) › a live camera hides the Start camera control and shows no error (690ms)
[2m[WebServer] [22m{"time":"2026-10-02T00:26:55.225568464-04:00","level":"INFO","msg":"client log","level":"WARN","message":"-------------- RxDB Open Core RxStorage -------------------------------\nYou are using the free Dexie.js based RxStorage implementation from RxDB https://rxdb.info/rx-storage-dexie.html?console=dexie \nWhile this is a great option, we want to let you know that there are faster storage solutions available in our premium plugins.\nFor professional users and production environments, we highly recommend considering these premium options to enhance performance and reliability.\n https://rxdb.info/premium/?console=dexie \nIf you already purchased premium access you can disable this log by calling the setPremiumFlag() function from rxdb-premium/plugins/shared.\n---------------------------------------------------------------------","user":"Jamal C. (jamal@yumyums.kitchen)","page":"/marketing.html","ua":"Mozilla/5.0 (X11; Linux x86_64) AppleWebKit/537.36 (KHTML, like Gecko) HeadlessChrome/147.0.7727.15 Safari/537.36"}
  ✓  22 [chromium] › tests/marketing.spec.js:692:3 › Camera scanner decode (card camera-scanner-decode) › starting the camera twice does not report it unavailable (1.0s)
[2m[WebServer] [22m{"time":"2026-10-02T00:26:56.284443198-04:00","level":"INFO","msg":"client log","level":"WARN","message":"-------------- RxDB Open Core RxStorage -------------------------------\nYou are using the free Dexie.js based RxStorage implementation from RxDB https://rxdb.info/rx-storage-dexie.html?console=dexie \nWhile this is a great option, we want to let you know that there are faster storage solutions available in our premium plugins.\nFor professional users and production environments, we highly recommend considering these premium options to enhance performance and reliability.\n https://rxdb.info/premium/?console=dexie \nIf you already purchased premium access you can disable this log by calling the setPremiumFlag() function from rxdb-premium/plugins/shared.\n---------------------------------------------------------------------","user":"Jamal C. (jamal@yumyums.kitchen)","page":"/marketing.html","ua":"Mozilla/5.0 (X11; Linux x86_64) AppleWebKit/537.36 (KHTML, like Gecko) HeadlessChrome/147.0.7727.15 Safari/537.36"}
  ✓  23 [chromium] › tests/marketing.spec.js:706:3 › Camera scanner decode (card camera-scanner-decode) › a camera failure names the real reason, even when the library throws a string (677ms)
[2m[WebServer] [22m{"time":"2026-10-02T00:26:56.976660303-04:00","level":"INFO","msg":"client log","level":"WARN","message":"-------------- RxDB Open Core RxStorage -------------------------------\nYou are using the free Dexie.js based RxStorage implementation from RxDB https://rxdb.info/rx-storage-dexie.html?console=dexie \nWhile this is a great option, we want to let you know that there are faster storage solutions available in our premium plugins.\nFor professional users and production environments, we highly recommend considering these premium options to enhance performance and reliability.\n https://rxdb.info/premium/?console=dexie \nIf you already purchased premium access you can disable this log by calling the setPremiumFlag() function from rxdb-premium/plugins/shared.\n---------------------------------------------------------------------","user":"Jamal C. (jamal@yumyums.kitchen)","page":"/marketing.html","ua":"Mozilla/5.0 (X11; Linux x86_64) AppleWebKit/537.36 (KHTML, like Gecko) HeadlessChrome/147.0.7727.15 Safari/537.36"}
  ✓  24 [chromium] › tests/marketing.spec.js:801:3 › Redemption submit flow (card redemption-submit-flow) › a persistent online/offline indicator renders from boot and reads online on a live probe (668ms)
[2m[WebServer] [22m{"time":"2026-10-02T00:26:57.548440275-04:00","level":"ERROR","msg":"GetMyTrainings failed","error":"context canceled"}
[2m[WebServer] [22m{"time":"2026-10-02T00:26:57.658588594-04:00","level":"INFO","msg":"client log","level":"WARN","message":"-------------- RxDB Open Core RxStorage -------------------------------\nYou are using the free Dexie.js based RxStorage implementation from RxDB https://rxdb.info/rx-storage-dexie.html?console=dexie \nWhile this is a great option, we want to let you know that there are faster storage solutions available in our premium plugins.\nFor professional users and production environments, we highly recommend considering these premium options to enhance performance and reliability.\n https://rxdb.info/premium/?console=dexie \nIf you already purchased premium access you can disable this log by calling the setPremiumFlag() function from rxdb-premium/plugins/shared.\n---------------------------------------------------------------------","user":"Jamal C. (jamal@yumyums.kitchen)","page":"/marketing.html","ua":"Mozilla/5.0 (X11; Linux x86_64) AppleWebKit/537.36 (KHTML, like Gecko) HeadlessChrome/147.0.7727.15 Safari/537.36"}
  ✓  25 [chromium] › tests/marketing.spec.js:815:3 › Redemption submit flow (card redemption-submit-flow) › confirm-then-burn: no path to redeemed without a validator-passing Toast order number (783ms)
[2m[WebServer] [22m{"time":"2026-10-02T00:26:59.081939383-04:00","level":"ERROR","msg":"GetManagerHires failed","error":"iterate assigned templates for hire 73c6ca3f-64d2-4dd1-83ce-75cde8b7180d: context canceled"}
[2m[WebServer] [22m{"time":"2026-10-02T00:26:59.101832909-04:00","level":"ERROR","msg":"GetMyTrainings failed","error":"context canceled"}
[2m[WebServer] [22m{"time":"2026-10-02T00:26:59.423292544-04:00","level":"INFO","msg":"client log","level":"WARN","message":"-------------- RxDB Open Core RxStorage -------------------------------\nYou are using the free Dexie.js based RxStorage implementation from RxDB https://rxdb.info/rx-storage-dexie.html?console=dexie \nWhile this is a great option, we want to let you know that there are faster storage solutions available in our premium plugins.\nFor professional users and production environments, we highly recommend considering these premium options to enhance performance and reliability.\n https://rxdb.info/premium/?console=dexie \nIf you already purchased premium access you can disable this log by calling the setPremiumFlag() function from rxdb-premium/plugins/shared.\n---------------------------------------------------------------------","user":"Mkt T. (mkt-c6-noperm-1790915218399-8191@yumyums.kitchen)","page":"/marketing.html","ua":"Mozilla/5.0 (X11; Linux x86_64) AppleWebKit/537.36 (KHTML, like Gecko) HeadlessChrome/147.0.7727.15 Safari/537.36"}
  ✓  26 [chromium] › tests/marketing.spec.js:858:3 › Redemption submit flow (card redemption-submit-flow) › offline branch 1: no entitlement -> blocked, no override affordance (1.7s)
[2m[WebServer] [22m{"time":"2026-10-02T00:27:00.242409365-04:00","level":"INFO","msg":"client log","level":"WARN","message":"-------------- RxDB Open Core RxStorage -------------------------------\nYou are using the free Dexie.js based RxStorage implementation from RxDB https://rxdb.info/rx-storage-dexie.html?console=dexie \nWhile this is a great option, we want to let you know that there are faster storage solutions available in our premium plugins.\nFor professional users and production environments, we highly recommend considering these premium options to enhance performance and reliability.\n https://rxdb.info/premium/?console=dexie \nIf you already purchased premium access you can disable this log by calling the setPremiumFlag() function from rxdb-premium/plugins/shared.\n---------------------------------------------------------------------","user":"Jamal C. (jamal@yumyums.kitchen)","page":"/marketing.html","ua":"Mozilla/5.0 (X11; Linux x86_64) AppleWebKit/537.36 (KHTML, like Gecko) HeadlessChrome/147.0.7727.15 Safari/537.36"}
  ✓  27 [chromium] › tests/marketing.spec.js:877:3 › Redemption submit flow (card redemption-submit-flow) › offline branch 2: the entitlement offers force-submit behind the §13 confirmation (870ms)
[2m[WebServer] [22m{"time":"2026-10-02T00:27:01.151182957-04:00","level":"ERROR","msg":"GetManagerHires failed","error":"iterate assigned templates for hire 9bc90503-9a5d-4bab-8ec3-79e2fa986ebe: context canceled"}
[2m[WebServer] [22m{"time":"2026-10-02T00:27:01.310278656-04:00","level":"INFO","msg":"client log","level":"WARN","message":"-------------- RxDB Open Core RxStorage -------------------------------\nYou are using the free Dexie.js based RxStorage implementation from RxDB https://rxdb.info/rx-storage-dexie.html?console=dexie \nWhile this is a great option, we want to let you know that there are faster storage solutions available in our premium plugins.\nFor professional users and production environments, we highly recommend considering these premium options to enhance performance and reliability.\n https://rxdb.info/premium/?console=dexie \nIf you already purchased premium access you can disable this log by calling the setPremiumFlag() function from rxdb-premium/plugins/shared.\n---------------------------------------------------------------------","user":"Jamal C. (jamal@yumyums.kitchen)","page":"/marketing.html","ua":"Mozilla/5.0 (X11; Linux x86_64) AppleWebKit/537.36 (KHTML, like Gecko) HeadlessChrome/147.0.7727.15 Safari/537.36"}
  ✓  28 [chromium] › tests/marketing.spec.js:920:3 › Redemption submit flow (card redemption-submit-flow) › offline branch 3: requires_online=true refuses the override even WITH the entitlement (§8) (927ms)
[2m[WebServer] [22m{"time":"2026-10-02T00:27:01.914223566-04:00","level":"ERROR","msg":"GetManagerHires failed","error":"iterate assigned templates for hire 9bc90503-9a5d-4bab-8ec3-79e2fa986ebe: context canceled"}
[2m[WebServer] [22m{"time":"2026-10-02T00:27:02.029859811-04:00","level":"INFO","msg":"client log","level":"WARN","message":"-------------- RxDB Open Core RxStorage -------------------------------\nYou are using the free Dexie.js based RxStorage implementation from RxDB https://rxdb.info/rx-storage-dexie.html?console=dexie \nWhile this is a great option, we want to let you know that there are faster storage solutions available in our premium plugins.\nFor professional users and production environments, we highly recommend considering these premium options to enhance performance and reliability.\n https://rxdb.info/premium/?console=dexie \nIf you already purchased premium access you can disable this log by calling the setPremiumFlag() function from rxdb-premium/plugins/shared.\n---------------------------------------------------------------------","user":"Jamal C. (jamal@yumyums.kitchen)","page":"/marketing.html","ua":"Mozilla/5.0 (X11; Linux x86_64) AppleWebKit/537.36 (KHTML, like Gecko) HeadlessChrome/147.0.7727.15 Safari/537.36"}
  ✓  29 [chromium] › tests/marketing.spec.js:985:3 › Redemption submit flow (card redemption-submit-flow) › B-432: a requires_online=true code is refused while its campaign is UNRESOLVED (branch-3 minus the campaigns: seed) (676ms)
[2m[WebServer] [22m{"time":"2026-10-02T00:27:02.79648916-04:00","level":"INFO","msg":"client log","level":"WARN","message":"-------------- RxDB Open Core RxStorage -------------------------------\nYou are using the free Dexie.js based RxStorage implementation from RxDB https://rxdb.info/rx-storage-dexie.html?console=dexie \nWhile this is a great option, we want to let you know that there are faster storage solutions available in our premium plugins.\nFor professional users and production environments, we highly recommend considering these premium options to enhance performance and reliability.\n https://rxdb.info/premium/?console=dexie \nIf you already purchased premium access you can disable this log by calling the setPremiumFlag() function from rxdb-premium/plugins/shared.\n---------------------------------------------------------------------","user":"Jamal C. (jamal@yumyums.kitchen)","page":"/marketing.html","ua":"Mozilla/5.0 (X11; Linux x86_64) AppleWebKit/537.36 (KHTML, like Gecko) HeadlessChrome/147.0.7727.15 Safari/537.36"}
  ✓  30 [chromium] › tests/marketing.spec.js:1025:3 › Redemption submit flow (card redemption-submit-flow) › P-KR4: indicator flips and submit re-arms LIVE when reachability returns — zero page interaction (869ms)
[2m[WebServer] [22m{"time":"2026-10-02T00:27:03.710939738-04:00","level":"INFO","msg":"client log","level":"WARN","message":"-------------- RxDB Open Core RxStorage -------------------------------\nYou are using the free Dexie.js based RxStorage implementation from RxDB https://rxdb.info/rx-storage-dexie.html?console=dexie \nWhile this is a great option, we want to let you know that there are faster storage solutions available in our premium plugins.\nFor professional users and production environments, we highly recommend considering these premium options to enhance performance and reliability.\n https://rxdb.info/premium/?console=dexie \nIf you already purchased premium access you can disable this log by calling the setPremiumFlag() function from rxdb-premium/plugins/shared.\n---------------------------------------------------------------------","user":"Jamal C. (jamal@yumyums.kitchen)","page":"/marketing.html","ua":"Mozilla/5.0 (X11; Linux x86_64) AppleWebKit/537.36 (KHTML, like Gecko) HeadlessChrome/147.0.7727.15 Safari/537.36"}
  ✓  31 [chromium] › tests/marketing.spec.js:1050:3 › Redemption submit flow (card redemption-submit-flow) › F2: an unknownCode offline override warns unverifiable and writes offline_override=true AND unverified_code=true (899ms)
[2m[WebServer] [22m{"time":"2026-10-02T00:27:04.557406043-04:00","level":"INFO","msg":"client log","level":"WARN","message":"-------------- RxDB Open Core RxStorage -------------------------------\nYou are using the free Dexie.js based RxStorage implementation from RxDB https://rxdb.info/rx-storage-dexie.html?console=dexie \nWhile this is a great option, we want to let you know that there are faster storage solutions available in our premium plugins.\nFor professional users and production environments, we highly recommend considering these premium options to enhance performance and reliability.\n https://rxdb.info/premium/?console=dexie \nIf you already purchased premium access you can disable this log by calling the setPremiumFlag() function from rxdb-premium/plugins/shared.\n---------------------------------------------------------------------","user":"Jamal C. (jamal@yumyums.kitchen)","page":"/marketing.html","ua":"Mozilla/5.0 (X11; Linux x86_64) AppleWebKit/537.36 (KHTML, like Gecko) HeadlessChrome/147.0.7727.15 Safari/537.36"}
  ✓  32 [chromium] › tests/marketing.spec.js:1112:3 › Redemption submit flow (card redemption-submit-flow) › done_when(2): a replica-FAILURE override lands policy_unresolved=true, distinguishable from the genuinely-unknown one (833ms)
[2m[WebServer] [22m{"time":"2026-10-02T00:27:05.30832295-04:00","level":"INFO","msg":"client log","level":"WARN","message":"-------------- RxDB Open Core RxStorage -------------------------------\nYou are using the free Dexie.js based RxStorage implementation from RxDB https://rxdb.info/rx-storage-dexie.html?console=dexie \nWhile this is a great option, we want to let you know that there are faster storage solutions available in our premium plugins.\nFor professional users and production environments, we highly recommend considering these premium options to enhance performance and reliability.\n https://rxdb.info/premium/?console=dexie \nIf you already purchased premium access you can disable this log by calling the setPremiumFlag() function from rxdb-premium/plugins/shared.\n---------------------------------------------------------------------","user":"Jamal C. (jamal@yumyums.kitchen)","page":"/marketing.html","ua":"Mozilla/5.0 (X11; Linux x86_64) AppleWebKit/537.36 (KHTML, like Gecko) HeadlessChrome/147.0.7727.15 Safari/537.36"}
  ✓  33 [chromium] › tests/marketing.spec.js:1161:3 › Redemption submit flow (card redemption-submit-flow) › B-434(c): the policy predicate — resolved flag / KNOWN-but-unresolved fails closed / no campaign stays null (decision 166) (695ms)
[2m[WebServer] [22m{"time":"2026-10-02T00:27:05.979601466-04:00","level":"INFO","msg":"client log","level":"WARN","message":"-------------- RxDB Open Core RxStorage -------------------------------\nYou are using the free Dexie.js based RxStorage implementation from RxDB https://rxdb.info/rx-storage-dexie.html?console=dexie \nWhile this is a great option, we want to let you know that there are faster storage solutions available in our premium plugins.\nFor professional users and production environments, we highly recommend considering these premium options to enhance performance and reliability.\n https://rxdb.info/premium/?console=dexie \nIf you already purchased premium access you can disable this log by calling the setPremiumFlag() function from rxdb-premium/plugins/shared.\n---------------------------------------------------------------------","user":"Jamal C. (jamal@yumyums.kitchen)","page":"/marketing.html","ua":"Mozilla/5.0 (X11; Linux x86_64) AppleWebKit/537.36 (KHTML, like Gecko) HeadlessChrome/147.0.7727.15 Safari/537.36"}
  ✓  34 [chromium] › tests/marketing.spec.js:1205:3 › Redemption submit flow (card redemption-submit-flow) › F6: same-code re-scan is a no-op; a different code prompts; dismiss returns to the interrupted state (852ms)
[2m[WebServer] [22m{"time":"2026-10-02T00:27:06.684488543-04:00","level":"ERROR","msg":"GetMyTrainings failed","error":"context canceled"}
[2m[WebServer] [22m{"time":"2026-10-02T00:27:06.806876514-04:00","level":"INFO","msg":"client log","level":"WARN","message":"-------------- RxDB Open Core RxStorage -------------------------------\nYou are using the free Dexie.js based RxStorage implementation from RxDB https://rxdb.info/rx-storage-dexie.html?console=dexie \nWhile this is a great option, we want to let you know that there are faster storage solutions available in our premium plugins.\nFor professional users and production environments, we highly recommend considering these premium options to enhance performance and reliability.\n https://rxdb.info/premium/?console=dexie \nIf you already purchased premium access you can disable this log by calling the setPremiumFlag() function from rxdb-premium/plugins/shared.\n---------------------------------------------------------------------","user":"Jamal C. (jamal@yumyums.kitchen)","page":"/marketing.html","ua":"Mozilla/5.0 (X11; Linux x86_64) AppleWebKit/537.36 (KHTML, like Gecko) HeadlessChrome/147.0.7727.15 Safari/537.36"}
  ✓  35 [chromium] › tests/marketing.spec.js:1246:3 › Redemption submit flow (card redemption-submit-flow) › already_used verdict renders when + which device from the local codes replica (716ms)
[2m[WebServer] [22m{"time":"2026-10-02T00:27:07.441826856-04:00","level":"ERROR","msg":"GetManagerHires failed","error":"iterate assigned templates for hire b667d877-d350-48ec-8daa-fe96460a1449: context canceled"}
[2m[WebServer] [22m{"time":"2026-10-02T00:27:07.584630583-04:00","level":"INFO","msg":"client log","level":"WARN","message":"-------------- RxDB Open Core RxStorage -------------------------------\nYou are using the free Dexie.js based RxStorage implementation from RxDB https://rxdb.info/rx-storage-dexie.html?console=dexie \nWhile this is a great option, we want to let you know that there are faster storage solutions available in our premium plugins.\nFor professional users and production environments, we highly recommend considering these premium options to enhance performance and reliability.\n https://rxdb.info/premium/?console=dexie \nIf you already purchased premium access you can disable this log by calling the setPremiumFlag() function from rxdb-premium/plugins/shared.\n---------------------------------------------------------------------","user":"Jamal C. (jamal@yumyums.kitchen)","page":"/marketing.html","ua":"Mozilla/5.0 (X11; Linux x86_64) AppleWebKit/537.36 (KHTML, like Gecko) HeadlessChrome/147.0.7727.15 Safari/537.36"}
[2m[WebServer] [22m{"time":"2026-10-02T00:27:07.7226084-04:00","level":"INFO","msg":"client log","level":"ERROR","message":"[marketing submit] undeclared (state,event) pair {\"event\":\"BOGUS_EVENT\",\"scan\":\"offerReady\",\"conn\":\"online\",\"overlay\":\"none\"}","user":"Jamal C. (jamal@yumyums.kitchen)","page":"/marketing.html","ua":"Mozilla/5.0 (X11; Linux x86_64) AppleWebKit/537.36 (KHTML, like Gecko) HeadlessChrome/147.0.7727.15 Safari/537.36"}
[2m[WebServer] [22m{"time":"2026-10-02T00:27:07.727495798-04:00","level":"INFO","msg":"client log","level":"ERROR","message":"[marketing submit] undeclared (state,event) pair {\"event\":\"BOGUS_EVENT\",\"scan\":\"offerReady\",\"conn\":\"online\",\"overlay\":\"none\"}","user":"Jamal C. (jamal@yumyums.kitchen)","page":"/marketing.html","ua":"Mozilla/5.0 (X11; Linux x86_64) AppleWebKit/537.36 (KHTML, like Gecko) HeadlessChrome/147.0.7727.15 Safari/537.36"}
[2m[WebServer] [22m{"time":"2026-10-02T00:27:07.727982436-04:00","level":"INFO","msg":"client log","level":"ERROR","message":"[marketing submit] undeclared (state,event) pair {\"event\":\"BOGUS_EVENT\",\"scan\":\"offerReady\",\"conn\":\"online\",\"overlay\":\"none\"}","user":"Jamal C. (jamal@yumyums.kitchen)","page":"/marketing.html","ua":"Mozilla/5.0 (X11; Linux x86_64) AppleWebKit/537.36 (KHTML, like Gecko) HeadlessChrome/147.0.7727.15 Safari/537.36"}
  ✓  36 [chromium] › tests/marketing.spec.js:1266:3 › Redemption submit flow (card redemption-submit-flow) › an undeclared machine event raises the modeled unexpectedEvent card — loud, named, retryable, never a dead actor (726ms)
[2m[WebServer] [22m{"time":"2026-10-02T00:27:08.202599735-04:00","level":"ERROR","msg":"GetManagerHires failed","error":"query assigned templates for hire b667d877-d350-48ec-8daa-fe96460a1449: context canceled"}
[2m[WebServer] [22m{"time":"2026-10-02T00:27:08.226650243-04:00","level":"ERROR","msg":"GetMyTrainings failed","error":"context canceled"}
[2m[WebServer] [22m{"time":"2026-10-02T00:27:08.383208485-04:00","level":"INFO","msg":"client log","level":"WARN","message":"-------------- RxDB Open Core RxStorage -------------------------------\nYou are using the free Dexie.js based RxStorage implementation from RxDB https://rxdb.info/rx-storage-dexie.html?console=dexie \nWhile this is a great option, we want to let you know that there are faster storage solutions available in our premium plugins.\nFor professional users and production environments, we highly recommend considering these premium options to enhance performance and reliability.\n https://rxdb.info/premium/?console=dexie \nIf you already purchased premium access you can disable this log by calling the setPremiumFlag() function from rxdb-premium/plugins/shared.\n---------------------------------------------------------------------","user":"Jamal C. (jamal@yumyums.kitchen)","page":"/marketing.html","ua":"Mozilla/5.0 (X11; Linux x86_64) AppleWebKit/537.36 (KHTML, like Gecko) HeadlessChrome/147.0.7727.15 Safari/537.36"}
  ✓  37 [chromium] › tests/marketing.spec.js:1309:3 › Scanner polish (card scanner-polish, roadmap H6) › [SP-01] offline + requires_online renders the refusal BEFORE any tap, and the post-submit guard still holds (1.0s)
[2m[WebServer] [22m{"time":"2026-10-02T00:27:09.39287825-04:00","level":"INFO","msg":"client log","level":"WARN","message":"-------------- RxDB Open Core RxStorage -------------------------------\nYou are using the free Dexie.js based RxStorage implementation from RxDB https://rxdb.info/rx-storage-dexie.html?console=dexie \nWhile this is a great option, we want to let you know that there are faster storage solutions available in our premium plugins.\nFor professional users and production environments, we highly recommend considering these premium options to enhance performance and reliability.\n https://rxdb.info/premium/?console=dexie \nIf you already purchased premium access you can disable this log by calling the setPremiumFlag() function from rxdb-premium/plugins/shared.\n---------------------------------------------------------------------","user":"Jamal C. (jamal@yumyums.kitchen)","page":"/marketing.html","ua":"Mozilla/5.0 (X11; Linux x86_64) AppleWebKit/537.36 (KHTML, like Gecko) HeadlessChrome/147.0.7727.15 Safari/537.36"}
  ✓  38 [chromium] › tests/marketing.spec.js:1358:3 › Scanner polish (card scanner-polish, roadmap H6) › [SP-01b] an offline-ELIGIBLE campaign keeps its order-# field and override path (823ms)
[2m[WebServer] [22m{"time":"2026-10-02T00:27:10.232574356-04:00","level":"INFO","msg":"client log","level":"WARN","message":"-------------- RxDB Open Core RxStorage -------------------------------\nYou are using the free Dexie.js based RxStorage implementation from RxDB https://rxdb.info/rx-storage-dexie.html?console=dexie \nWhile this is a great option, we want to let you know that there are faster storage solutions available in our premium plugins.\nFor professional users and production environments, we highly recommend considering these premium options to enhance performance and reliability.\n https://rxdb.info/premium/?console=dexie \nIf you already purchased premium access you can disable this log by calling the setPremiumFlag() function from rxdb-premium/plugins/shared.\n---------------------------------------------------------------------","user":"Jamal C. (jamal@yumyums.kitchen)","page":"/marketing.html","ua":"Mozilla/5.0 (X11; Linux x86_64) AppleWebKit/537.36 (KHTML, like Gecko) HeadlessChrome/147.0.7727.15 Safari/537.36"}
  ✓  39 [chromium] › tests/marketing.spec.js:1381:3 › Scanner polish (card scanner-polish, roadmap H6) › [SP-02] the offer card names the campaign and the code last-4, not a bare UUID (713ms)
[2m[WebServer] [22m{"time":"2026-10-02T00:27:10.957525708-04:00","level":"INFO","msg":"client log","level":"WARN","message":"-------------- RxDB Open Core RxStorage -------------------------------\nYou are using the free Dexie.js based RxStorage implementation from RxDB https://rxdb.info/rx-storage-dexie.html?console=dexie \nWhile this is a great option, we want to let you know that there are faster storage solutions available in our premium plugins.\nFor professional users and production environments, we highly recommend considering these premium options to enhance performance and reliability.\n https://rxdb.info/premium/?console=dexie \nIf you already purchased premium access you can disable this log by calling the setPremiumFlag() function from rxdb-premium/plugins/shared.\n---------------------------------------------------------------------","user":"Jamal C. (jamal@yumyums.kitchen)","page":"/marketing.html","ua":"Mozilla/5.0 (X11; Linux x86_64) AppleWebKit/537.36 (KHTML, like Gecko) HeadlessChrome/147.0.7727.15 Safari/537.36"}
  ✓  40 [chromium] › tests/marketing.spec.js:1404:3 › Scanner polish (card scanner-polish, roadmap H6) › [SP-02b] a campaign row with no name degrades to its id prefix, never "undefined" (751ms)
[2m[WebServer] [22m{"time":"2026-10-02T00:27:11.583916302-04:00","level":"ERROR","msg":"GetManagerHires failed","error":"query assigned templates for hire 9bc90503-9a5d-4bab-8ec3-79e2fa986ebe: context canceled"}
[2m[WebServer] [22m{"time":"2026-10-02T00:27:11.72432164-04:00","level":"INFO","msg":"client log","level":"WARN","message":"-------------- RxDB Open Core RxStorage -------------------------------\nYou are using the free Dexie.js based RxStorage implementation from RxDB https://rxdb.info/rx-storage-dexie.html?console=dexie \nWhile this is a great option, we want to let you know that there are faster storage solutions available in our premium plugins.\nFor professional users and production environments, we highly recommend considering these premium options to enhance performance and reliability.\n https://rxdb.info/premium/?console=dexie \nIf you already purchased premium access you can disable this log by calling the setPremiumFlag() function from rxdb-premium/plugins/shared.\n---------------------------------------------------------------------","user":"Jamal C. (jamal@yumyums.kitchen)","page":"/marketing.html","ua":"Mozilla/5.0 (X11; Linux x86_64) AppleWebKit/537.36 (KHTML, like Gecko) HeadlessChrome/147.0.7727.15 Safari/537.36"}
  ✓  41 [chromium] › tests/marketing.spec.js:1435:3 › Scanner polish (card scanner-polish, roadmap H6) › [SP-03] no policy source → the refusal renders and NO Force affordance exists for a known code (736ms)
[2m[WebServer] [22m{"time":"2026-10-02T00:27:12.325173406-04:00","level":"ERROR","msg":"GetMyTrainings failed","error":"timeout: context already done: context canceled"}
[2m[WebServer] [22m{"time":"2026-10-02T00:27:12.444485996-04:00","level":"INFO","msg":"client log","level":"WARN","message":"-------------- RxDB Open Core RxStorage -------------------------------\nYou are using the free Dexie.js based RxStorage implementation from RxDB https://rxdb.info/rx-storage-dexie.html?console=dexie \nWhile this is a great option, we want to let you know that there are faster storage solutions available in our premium plugins.\nFor professional users and production environments, we highly recommend considering these premium options to enhance performance and reliability.\n https://rxdb.info/premium/?console=dexie \nIf you already purchased premium access you can disable this log by calling the setPremiumFlag() function from rxdb-premium/plugins/shared.\n---------------------------------------------------------------------","user":"Jamal C. (jamal@yumyums.kitchen)","page":"/marketing.html","ua":"Mozilla/5.0 (X11; Linux x86_64) AppleWebKit/537.36 (KHTML, like Gecko) HeadlessChrome/147.0.7727.15 Safari/537.36"}
  ✓  42 [chromium] › tests/marketing.spec.js:1472:3 › Scanner polish (card scanner-polish, roadmap H6) › [SP-03b] decision 166 survives the no-source device: a code naming NO campaign keeps its override (736ms)
[2m[WebServer] [22m{"time":"2026-10-02T00:27:13.304968122-04:00","level":"INFO","msg":"client log","level":"WARN","message":"-------------- RxDB Open Core RxStorage -------------------------------\nYou are using the free Dexie.js based RxStorage implementation from RxDB https://rxdb.info/rx-storage-dexie.html?console=dexie \nWhile this is a great option, we want to let you know that there are faster storage solutions available in our premium plugins.\nFor professional users and production environments, we highly recommend considering these premium options to enhance performance and reliability.\n https://rxdb.info/premium/?console=dexie \nIf you already purchased premium access you can disable this log by calling the setPremiumFlag() function from rxdb-premium/plugins/shared.\n---------------------------------------------------------------------","user":"Jamal C. (jamal@yumyums.kitchen)","page":"/marketing.html","ua":"Mozilla/5.0 (X11; Linux x86_64) AppleWebKit/537.36 (KHTML, like Gecko) HeadlessChrome/147.0.7727.15 Safari/537.36"}
  ✓  43 [chromium] › tests/marketing.spec.js:1583:3 › Sync provisioning (card sync-coordinates-provisioning) › done_when(1): provisioning through the SHIPPED path arms sync; a server-side code resolves OFFLINE after the network is cut (828ms)
[2m[WebServer] [22m{"time":"2026-10-02T00:27:14.134292731-04:00","level":"INFO","msg":"client log","level":"WARN","message":"-------------- RxDB Open Core RxStorage -------------------------------\nYou are using the free Dexie.js based RxStorage implementation from RxDB https://rxdb.info/rx-storage-dexie.html?console=dexie \nWhile this is a great option, we want to let you know that there are faster storage solutions available in our premium plugins.\nFor professional users and production environments, we highly recommend considering these premium options to enhance performance and reliability.\n https://rxdb.info/premium/?console=dexie \nIf you already purchased premium access you can disable this log by calling the setPremiumFlag() function from rxdb-premium/plugins/shared.\n---------------------------------------------------------------------","user":"Jamal C. (jamal@yumyums.kitchen)","page":"/marketing.html","ua":"Mozilla/5.0 (X11; Linux x86_64) AppleWebKit/537.36 (KHTML, like Gecko) HeadlessChrome/147.0.7727.15 Safari/537.36"}
  ✓  44 [chromium] › tests/marketing.spec.js:1618:3 › Sync provisioning (card sync-coordinates-provisioning) › done_when(2): campaignPolicy genuinely attaches — attached() true, size() non-zero, seam NOT stubbed (1.0s)
[2m[WebServer] [22m{"time":"2026-10-02T00:27:15.015015952-04:00","level":"ERROR","msg":"GetMyTrainings failed","error":"context canceled"}
[2m[WebServer] [22m{"time":"2026-10-02T00:27:15.181523883-04:00","level":"INFO","msg":"client log","level":"WARN","message":"-------------- RxDB Open Core RxStorage -------------------------------\nYou are using the free Dexie.js based RxStorage implementation from RxDB https://rxdb.info/rx-storage-dexie.html?console=dexie \nWhile this is a great option, we want to let you know that there are faster storage solutions available in our premium plugins.\nFor professional users and production environments, we highly recommend considering these premium options to enhance performance and reliability.\n https://rxdb.info/premium/?console=dexie \nIf you already purchased premium access you can disable this log by calling the setPremiumFlag() function from rxdb-premium/plugins/shared.\n---------------------------------------------------------------------","user":"Jamal C. (jamal@yumyums.kitchen)","page":"/marketing.html","ua":"Mozilla/5.0 (X11; Linux x86_64) AppleWebKit/537.36 (KHTML, like Gecko) HeadlessChrome/147.0.7727.15 Safari/537.36"}
  ✓  45 [chromium] › tests/marketing.spec.js:1635:3 › Sync provisioning (card sync-coordinates-provisioning) › done_when(3)/B-438: campaigns upstream killed at the NETWORK layer — a genuinely-unknown override lands policy_unresolved=true, pushed as the mint sub (1.2s)
[2m[WebServer] [22m{"time":"2026-10-02T00:27:16.436044355-04:00","level":"INFO","msg":"client log","level":"WARN","message":"-------------- RxDB Open Core RxStorage -------------------------------\nYou are using the free Dexie.js based RxStorage implementation from RxDB https://rxdb.info/rx-storage-dexie.html?console=dexie \nWhile this is a great option, we want to let you know that there are faster storage solutions available in our premium plugins.\nFor professional users and production environments, we highly recommend considering these premium options to enhance performance and reliability.\n https://rxdb.info/premium/?console=dexie \nIf you already purchased premium access you can disable this log by calling the setPremiumFlag() function from rxdb-premium/plugins/shared.\n---------------------------------------------------------------------","user":"Jamal C. (jamal@yumyums.kitchen)","page":"/marketing.html","ua":"Mozilla/5.0 (X11; Linux x86_64) AppleWebKit/537.36 (KHTML, like Gecko) HeadlessChrome/147.0.7727.15 Safari/537.36"}
  ✓  46 [chromium] › tests/marketing.spec.js:1683:3 › Sync provisioning (card sync-coordinates-provisioning) › done_when(3) control: with the campaigns replica HEALTHY the same override lands policy_unresolved=false (1.5s)
[2m[WebServer] [22m{"time":"2026-10-02T00:27:17.921438861-04:00","level":"INFO","msg":"client log","level":"WARN","message":"-------------- RxDB Open Core RxStorage -------------------------------\nYou are using the free Dexie.js based RxStorage implementation from RxDB https://rxdb.info/rx-storage-dexie.html?console=dexie \nWhile this is a great option, we want to let you know that there are faster storage solutions available in our premium plugins.\nFor professional users and production environments, we highly recommend considering these premium options to enhance performance and reliability.\n https://rxdb.info/premium/?console=dexie \nIf you already purchased premium access you can disable this log by calling the setPremiumFlag() function from rxdb-premium/plugins/shared.\n---------------------------------------------------------------------","user":"Jamal C. (jamal@yumyums.kitchen)","page":"/marketing.html","ua":"Mozilla/5.0 (X11; Linux x86_64) AppleWebKit/537.36 (KHTML, like Gecko) HeadlessChrome/147.0.7727.15 Safari/537.36"}
  ✓  47 [chromium] › tests/marketing.spec.js:1710:3 › Sync provisioning (card sync-coordinates-provisioning) › done_when(4)/B-439: after a post-ready failure + recovery WITH docs, unresolved() returns to false (6.1s)
[2m[WebServer] [22m{"time":"2026-10-02T00:27:24.166670421-04:00","level":"INFO","msg":"client log","level":"WARN","message":"-------------- RxDB Open Core RxStorage -------------------------------\nYou are using the free Dexie.js based RxStorage implementation from RxDB https://rxdb.info/rx-storage-dexie.html?console=dexie \nWhile this is a great option, we want to let you know that there are faster storage solutions available in our premium plugins.\nFor professional users and production environments, we highly recommend considering these premium options to enhance performance and reliability.\n https://rxdb.info/premium/?console=dexie \nIf you already purchased premium access you can disable this log by calling the setPremiumFlag() function from rxdb-premium/plugins/shared.\n---------------------------------------------------------------------","user":"Jamal C. (jamal@yumyums.kitchen)","page":"/marketing.html","ua":"Mozilla/5.0 (X11; Linux x86_64) AppleWebKit/537.36 (KHTML, like Gecko) HeadlessChrome/147.0.7727.15 Safari/537.36"}
  ✓  48 [chromium] › tests/marketing.spec.js:1736:3 › Sync provisioning (card sync-coordinates-provisioning) › done_when(4)/B-439: the recovery-EMPTY shape (zero new rows) ALSO clears the latch (7.2s)
[2m[WebServer] [22m{"time":"2026-10-02T00:27:31.258298725-04:00","level":"INFO","msg":"client log","level":"WARN","message":"-------------- RxDB Open Core RxStorage -------------------------------\nYou are using the free Dexie.js based RxStorage implementation from RxDB https://rxdb.info/rx-storage-dexie.html?console=dexie \nWhile this is a great option, we want to let you know that there are faster storage solutions available in our premium plugins.\nFor professional users and production environments, we highly recommend considering these premium options to enhance performance and reliability.\n https://rxdb.info/premium/?console=dexie \nIf you already purchased premium access you can disable this log by calling the setPremiumFlag() function from rxdb-premium/plugins/shared.\n---------------------------------------------------------------------","user":"Jamal C. (jamal@yumyums.kitchen)","page":"/marketing.html","ua":"Mozilla/5.0 (X11; Linux x86_64) AppleWebKit/537.36 (KHTML, like Gecko) HeadlessChrome/147.0.7727.15 Safari/537.36"}
  ✓  49 [chromium] › tests/marketing.spec.js:1788:3 › Boot without SubtleCrypto (plain-http LAN origin) › both flows boot with NO crypto.subtle, and the token hash still equals the WebCrypto seed literal (684ms)
[2m[WebServer] [22m{"time":"2026-10-02T00:27:31.901812667-04:00","level":"INFO","msg":"client log","level":"WARN","message":"-------------- RxDB Open Core RxStorage -------------------------------\nYou are using the free Dexie.js based RxStorage implementation from RxDB https://rxdb.info/rx-storage-dexie.html?console=dexie \nWhile this is a great option, we want to let you know that there are faster storage solutions available in our premium plugins.\nFor professional users and production environments, we highly recommend considering these premium options to enhance performance and reliability.\n https://rxdb.info/premium/?console=dexie \nIf you already purchased premium access you can disable this log by calling the setPremiumFlag() function from rxdb-premium/plugins/shared.\n---------------------------------------------------------------------","user":"Jamal C. (jamal@yumyums.kitchen)","page":"/marketing.html","ua":"Mozilla/5.0 (X11; Linux x86_64) AppleWebKit/537.36 (KHTML, like Gecko) HeadlessChrome/147.0.7727.15 Safari/537.36"}
[2m[WebServer] [22m{"time":"2026-10-02T00:27:31.922837493-04:00","level":"INFO","msg":"client log","level":"ERROR","message":"[marketing] scanner boot failed: IndexedDB API missing. Please visit https://tinyurl.com/y2uuvskb","user":"Jamal C. (jamal@yumyums.kitchen)","page":"/marketing.html","ua":"Mozilla/5.0 (X11; Linux x86_64) AppleWebKit/537.36 (KHTML, like Gecko) HeadlessChrome/147.0.7727.15 Safari/537.36"}
[2m[WebServer] [22m{"time":"2026-10-02T00:27:31.930993297-04:00","level":"INFO","msg":"client log","level":"ERROR","message":"Unhandled rejection: scanner did not boot: IndexedDB API missing. Please visit https://tinyurl.com/y2uuvskb","user":"Jamal C. (jamal@yumyums.kitchen)","page":"/marketing.html","ua":"Mozilla/5.0 (X11; Linux x86_64) AppleWebKit/537.36 (KHTML, like Gecko) HeadlessChrome/147.0.7727.15 Safari/537.36"}
  ✓  50 [chromium] › tests/marketing.spec.js:1799:3 › Boot without SubtleCrypto (plain-http LAN origin) › a boot failure reads as a plain sentence with the technical detail tucked away — not an exception dump (547ms)
[2m[WebServer] [22m{"time":"2026-10-02T00:27:32.471483669-04:00","level":"INFO","msg":"client log","level":"WARN","message":"-------------- RxDB Open Core RxStorage -------------------------------\nYou are using the free Dexie.js based RxStorage implementation from RxDB https://rxdb.info/rx-storage-dexie.html?console=dexie \nWhile this is a great option, we want to let you know that there are faster storage solutions available in our premium plugins.\nFor professional users and production environments, we highly recommend considering these premium options to enhance performance and reliability.\n https://rxdb.info/premium/?console=dexie \nIf you already purchased premium access you can disable this log by calling the setPremiumFlag() function from rxdb-premium/plugins/shared.\n---------------------------------------------------------------------","user":"Jamal C. (jamal@yumyums.kitchen)","page":"/marketing.html","ua":"Mozilla/5.0 (X11; Linux x86_64) AppleWebKit/537.36 (KHTML, like Gecko) HeadlessChrome/147.0.7727.15 Safari/537.36"}
[2m[WebServer] [22m{"time":"2026-10-02T00:27:32.489673915-04:00","level":"INFO","msg":"client log","level":"ERROR","message":"[marketing] scanner boot failed: IndexedDB API missing. Please visit https://tinyurl.com/y2uuvskb","user":"Jamal C. (jamal@yumyums.kitchen)","page":"/marketing.html","ua":"Mozilla/5.0 (X11; Linux x86_64) AppleWebKit/537.36 (KHTML, like Gecko) HeadlessChrome/147.0.7727.15 Safari/537.36"}
[2m[WebServer] [22m{"time":"2026-10-02T00:27:32.500247456-04:00","level":"INFO","msg":"client log","level":"ERROR","message":"Unhandled rejection: scanner did not boot: IndexedDB API missing. Please visit https://tinyurl.com/y2uuvskb","user":"Jamal C. (jamal@yumyums.kitchen)","page":"/marketing.html","ua":"Mozilla/5.0 (X11; Linux x86_64) AppleWebKit/537.36 (KHTML, like Gecko) HeadlessChrome/147.0.7727.15 Safari/537.36"}
  ✓  51 [chromium] › tests/marketing.spec.js:1823:3 › Boot without SubtleCrypto (plain-http LAN origin) › on a LAN/dev address the hint says https, NOT "go to hq.yumyums.kitchen" (535ms)
[2m[WebServer] [22m{"time":"2026-10-02T00:27:33.057787997-04:00","level":"INFO","msg":"client log","level":"WARN","message":"-------------- RxDB Open Core RxStorage -------------------------------\nYou are using the free Dexie.js based RxStorage implementation from RxDB https://rxdb.info/rx-storage-dexie.html?console=dexie \nWhile this is a great option, we want to let you know that there are faster storage solutions available in our premium plugins.\nFor professional users and production environments, we highly recommend considering these premium options to enhance performance and reliability.\n https://rxdb.info/premium/?console=dexie \nIf you already purchased premium access you can disable this log by calling the setPremiumFlag() function from rxdb-premium/plugins/shared.\n---------------------------------------------------------------------","user":"Jamal C. (jamal@yumyums.kitchen)","page":"/marketing.html","ua":"Mozilla/5.0 (X11; Linux x86_64) AppleWebKit/537.36 (KHTML, like Gecko) HeadlessChrome/147.0.7727.15 Safari/537.36"}
[2m[WebServer] [22m{"time":"2026-10-02T00:27:33.077288915-04:00","level":"INFO","msg":"client log","level":"ERROR","message":"[marketing] scanner boot failed: IndexedDB API missing. Please visit https://tinyurl.com/y2uuvskb","user":"Jamal C. (jamal@yumyums.kitchen)","page":"/marketing.html","ua":"Mozilla/5.0 (X11; Linux x86_64) AppleWebKit/537.36 (KHTML, like Gecko) HeadlessChrome/147.0.7727.15 Safari/537.36"}
[2m[WebServer] [22m{"time":"2026-10-02T00:27:33.085681894-04:00","level":"INFO","msg":"client log","level":"ERROR","message":"Unhandled rejection: scanner did not boot: IndexedDB API missing. Please visit https://tinyurl.com/y2uuvskb","user":"Jamal C. (jamal@yumyums.kitchen)","page":"/marketing.html","ua":"Mozilla/5.0 (X11; Linux x86_64) AppleWebKit/537.36 (KHTML, like Gecko) HeadlessChrome/147.0.7727.15 Safari/537.36"}
  ✓  52 [chromium] › tests/marketing.spec.js:1842:3 › Boot without SubtleCrypto (plain-http LAN origin) › the Details cause reads as a sentence, not an internal symbol name (557ms)
[2m[WebServer] [22m{"time":"2026-10-02T00:27:33.520065287-04:00","level":"ERROR","msg":"GetManagerHires failed","error":"iterate assigned templates for hire 7c5d8eaf-994a-4afc-9f30-5b654b49be22: context canceled"}
[2m[WebServer] [22m{"time":"2026-10-02T00:27:33.649592672-04:00","level":"INFO","msg":"client log","level":"WARN","message":"-------------- RxDB Open Core RxStorage -------------------------------\nYou are using the free Dexie.js based RxStorage implementation from RxDB https://rxdb.info/rx-storage-dexie.html?console=dexie \nWhile this is a great option, we want to let you know that there are faster storage solutions available in our premium plugins.\nFor professional users and production environments, we highly recommend considering these premium options to enhance performance and reliability.\n https://rxdb.info/premium/?console=dexie \nIf you already purchased premium access you can disable this log by calling the setPremiumFlag() function from rxdb-premium/plugins/shared.\n---------------------------------------------------------------------","user":"Jamal C. (jamal@yumyums.kitchen)","page":"/marketing.html","ua":"Mozilla/5.0 (X11; Linux x86_64) AppleWebKit/537.36 (KHTML, like Gecko) HeadlessChrome/147.0.7727.15 Safari/537.36"}
  ✓  53 [chromium] › tests/marketing.spec.js:1857:3 › Boot without SubtleCrypto (plain-http LAN origin) › camera failure on an insecure origin names the fix: open the https address, or scan from a photo (795ms)

  53 passed (3.3m)
EXIT=0
