RUN_START 1784579364 2026-07-20T16:29:24-04:00
S1_IMPL_START 1784579386 2026-07-20T16:29:46-04:00
F1_IMPL_START 1784579386 2026-07-20T16:29:46-04:00
F1_IMPL_END 1784579981 2026-07-20T16:39:41-04:00
F1_G6_START 1784579981 2026-07-20T16:39:41-04:00
F1_G6_END 1784580655 2026-07-20T16:50:55-04:00
F1_PARKED 1784580655 2026-07-20T16:50:55-04:00
F2_IMPL_START 1784580709 2026-07-20T16:51:49-04:00
F2_IMPL_END 1784581452 2026-07-20T17:04:12-04:00
F2_G6_START 1784581452 2026-07-20T17:04:12-04:00
S1_IMPL_END 1784582229 2026-07-20T17:17:09-04:00
S1_G6_START 1784582229 2026-07-20T17:17:09-04:00
F2_G6_END 1784582394 2026-07-20T17:19:54-04:00
F2_REVISION_START 1784582394 2026-07-20T17:19:54-04:00
F2_MERGE_END 1784582725 2026-07-20T17:25:25-04:00
F4_IMPL_START 1784582740 2026-07-20T17:25:40-04:00
S1_G6_END 1784584921 2026-07-20T18:02:01-04:00
S1_MERGE_END 1784584945 2026-07-20T18:02:25-04:00
F4_IMPL_END 1784586254 2026-07-20T18:24:14-04:00
F4_G6_START 1784586254 2026-07-20T18:24:14-04:00
F4_G6_END 1784589129 2026-07-20T19:12:09-04:00
F4_REVISION_START 1784589129 2026-07-20T19:12:09-04:00
F4_MERGE_END 1784590458 2026-07-20T19:34:18-04:00
QUIET_STREAK_LEG1 1784591566 green_58_58_load0.84-4.40
QUIET_STREAK_LEG2 1784591566 RED_1198_57_58_load3.96-6.48
QUIET_STREAK_LEG3 1784591566 ABORTED_orchestrator_timeout
