# Card 1 measurement leg on merged tree fb4badb4aaada13b7b28b0d61841dda17216c7a3. start 2026-10-07T04:00:49-04:00. --retries=0 throughout
ALONE | Setup item editor shows alias chips | run 1 | EXIT=0 | 
ALONE | Setup item editor shows alias chips | run 2 | EXIT=0 | 
ALONE | Setup item editor shows alias chips | run 3 | EXIT=0 | 
ALONE | Setup item editor shows alias chips | run 4 | EXIT=0 | 
ALONE | Setup item editor shows alias chips | run 5 | EXIT=0 | 
ALONE | Setup item editor shows alias chips | run 6 | EXIT=0 | 
ALONE | Setup item editor shows alias chips | run 7 | EXIT=0 | 
ALONE | Setup item editor shows alias chips | run 8 | EXIT=0 | 
ALONE | Setup item editor shows alias chips | run 9 | EXIT=0 | 
ALONE | Setup item editor shows alias chips | run 10 | EXIT=0 | 
ALONE | create item without group shows alert | run 1 | EXIT=0 | 
ALONE | create item without group shows alert | run 2 | EXIT=0 | 
ALONE | create item without group shows alert | run 3 | EXIT=0 | 
ALONE | create item without group shows alert | run 4 | EXIT=0 | 
ALONE | create item without group shows alert | run 5 | EXIT=0 | 
ALONE | create item without group shows alert | run 6 | EXIT=0 | 
ALONE | create item without group shows alert | run 7 | EXIT=0 | 
ALONE | create item without group shows alert | run 8 | EXIT=0 | 
ALONE | create item without group shows alert | run 9 | EXIT=0 | 
ALONE | create item without group shows alert | run 10 | EXIT=0 | 
ALONE | creating item opens edit form with store location dropdown | run 1 | EXIT=0 | 
ALONE | creating item opens edit form with store location dropdown | run 2 | EXIT=0 | 
ALONE | creating item opens edit form with store location dropdown | run 3 | EXIT=0 | 
ALONE | creating item opens edit form with store location dropdown | run 4 | EXIT=0 | 
ALONE | creating item opens edit form with store location dropdown | run 5 | EXIT=0 | 
ALONE | creating item opens edit form with store location dropdown | run 6 | EXIT=0 | 
ALONE | creating item opens edit form with store location dropdown | run 7 | EXIT=0 | 
ALONE | creating item opens edit form with store location dropdown | run 8 | EXIT=0 | 
ALONE | creating item opens edit form with store location dropdown | run 9 | EXIT=0 | 
ALONE | creating item opens edit form with store location dropdown | run 10 | EXIT=0 | 
SEAM inventory|recipes | run 1 | EXIT=1 |  16 failed; 1 skipped; 251 passed (11.9m);
SEAM inventory|recipes | run 2 | EXIT=1 |  15 failed; 1 skipped; 252 passed (11.9m);
SEAM inventory|recipes | run 3 | EXIT=1 |  17 failed; 1 skipped; 250 passed (12.1m);
SEAM inventory|recipes | run 4 | EXIT=1 |  17 failed; 1 skipped; 250 passed (12.6m);
SEAM inventory|recipes | run 5 | EXIT=1 |  15 failed; 1 skipped; 252 passed (11.8m);
# end 2026-10-07T06:05:37-04:00
