# f2-run.sh green — the shipped guard (THE owed GAP-1 validation run: spike 03 re-executed)

# target coordinates (read-only statement before any write):
#   compose project : spike-supabase (throwaway LOCAL substrate)
#   compose file    : /Users/jamal/projects/yumyums/wt-20260906-c1/docker-compose.supabase.yml
#   mode            : RECONCILE (env-up.sh, no flags — never --fresh from a harness)
#   NOT :5433 (dev/prod cluster), NOT :5434 (test pg), NOT any hosted supabase.com project

── substrate up (env-up.sh, idempotent reconcile) ──
# env-up.sh — mode=reconcile repo=/Users/jamal/projects/yumyums/wt-20260906-c1
# compose anchor (--project-directory, path-stability fix) = /Users/jamal/projects/yumyums/hq
# started 2026-09-05T10:22:24Z

── 1. preflight — required tooling ───────────────────────────────
  docker /usr/local/bin/docker
  curl   /usr/bin/curl
  node   /Users/jamal/.nvm/versions/node/v22.5.0/bin/node
  npm    /Users/jamal/.nvm/versions/node/v22.5.0/bin/npm
  go     /usr/local/bin/go
  compose 2.5.1
  go      go version go1.25.5 darwin/amd64
  node    v22.5.0
  docker daemon: reachable

── 2. bringing the stack up (idempotent) ───────────────────────────────
Container spike-supabase-db-1  Running
Container spike-supabase-realtime-1  Running
Container spike-supabase-rest-1  Running
Container spike-supabase-db-1  Waiting
Container spike-supabase-db-1  Waiting
Container spike-supabase-db-1  Healthy
Container spike-supabase-db-1  Healthy
NAME                        COMMAND                  SERVICE             STATUS              PORTS
spike-supabase-db-1         "docker-entrypoint.s…"   db                  running (healthy)   0.0.0.0:59752->5432/tcp
spike-supabase-realtime-1   "/usr/bin/tini -s -g…"   realtime            running             0.0.0.0:59770->4000/tcp
spike-supabase-rest-1       "/bin/postgrest"         rest                running             0.0.0.0:59771->3000/tcp

── 3. waiting for db to report healthy (timeout 300s) ───────────────────────────────
  db: running/healthy

── 4. applying fixture schemas ───────────────────────────────
  → spike-fixture.sql
psql:<stdin>:30: NOTICE:  relation "spike_notes" already exists, skipping
  → hq-bridge-fixture.sql
psql:<stdin>:53: NOTICE:  relation "hq_grant_projection" already exists, skipping
psql:<stdin>:77: NOTICE:  relation "hq_sync_checklists" already exists, skipping
psql:<stdin>:114: NOTICE:  relation "hq_uid_trap" already exists, skipping
  → hq-bridge-policies.sql

── 5. resolving host ports ───────────────────────────────
  db=59752 rest=59771 realtime=59770

── 6. waiting for PostgREST and Realtime to answer (timeout 180s each) ───────────────────────────────
  PostgREST: HTTP 200
  Realtime: HTTP 200

── 7. installing the RxDB harness (npm ci, isolated project) ───────────────────────────────
  node_modules present — skipping install

── 8. health assertion — rest, realtime, schema, rxdb ───────────────────────────────
# stack: rest=59771 realtime=59770 db=59752  run=r1788603749934
PASS  ports — db=59752 rest=59771 realtime=59770
PASS  token — go-minted, 184 chars, 3 segments
PASS  schema — 4 fixture table(s) and 5 hq_* policy(ies) present by name
PASS  rest — spike_notes readable; alice sees 1 row(s), owners=["user-alice"], bob's row correctly hidden
PASS  realtime — channel SUBSCRIBED
-------------- RxDB dev-mode warning -------------------------------
you are seeing this because you use the RxDB dev-mode plugin https://rxdb.info/dev-mode.html?console=dev-mode 
This is great in development mode, because it will run many checks to ensure
that you use RxDB correct. If you see this in production mode,
you did something wrong because the dev-mode plugin will decrease the performance.

🤗 Hint: To get the most out of RxDB, check out the Premium Plugins
to get access to faster storages and more professional features: https://rxdb.info/premium/?console=dev-mode 

You can disable this warning by calling disableWarnings() from the dev-mode plugin.
---------------------------------------------------------------------
PASS  rxdb — local RxDB database created, doc hc-1788603750981 inserted and read back

HEALTHCHECK: GREEN — ports, token, schema, rest, realtime, rxdb all asserted

══════════════════════════════════════════════════════════
✅ VERDICT: GREEN — Supabase + RxDB up, schema applied, healthy
   db=59752  rest=59771  realtime=59770   (project: spike-supabase)
   teardown is a separate, deliberate act:  task spike:down
   finished 2026-09-05T10:22:31Z
══════════════════════════════════════════════════════════
#   db container    : e9d97c9daf622a41367f4337525db0f4f0c414bb8a4a7c159ff12fcb109ce54e
#   db host port    : 59752 (Docker-assigned)
#   db role         : supabase_admin, via docker exec (no host psql involved)

── built schema: reset_bare + apply_all (committed migrations + seed) ──
  → migrations/20260904000100_qr_attribution_spine.sql
psql:<stdin>:134: NOTICE:  policy "campaigns_select_device" for relation "public.campaigns" does not exist, skipping
psql:<stdin>:138: NOTICE:  policy "codes_select_device" for relation "public.codes" does not exist, skipping
psql:<stdin>:142: NOTICE:  policy "scan_attempts_insert_own" for relation "public.scan_attempts" does not exist, skipping
  → migrations/20260904000200_redeem_rpc.sql
  → migrations/20260906000100_campaigns_replication.sql
psql:<stdin>:47: NOTICE:  trigger "campaigns_touch_updated_at" for relation "public.campaigns" does not exist, skipping
  → migrations/20260906000200_scan_attempts_unverified_landing.sql
psql:<stdin>:41: NOTICE:  constraint "scan_attempts_names_a_code" of relation "scan_attempts" does not exist, skipping
  → seed.sql (TEST fixtures — local/test substrates only, never production)

── landing-path DDL enumerated (the committed 20260906000200 migration) ──
#   code_id nullable: true
#   token_hash column: 1
#   check constraint : scan_attempts_names_a_code

── device JWT (throwaway secret from the compose file) ──

── mode: green ──
# mode: green

── leg (a): the raw endpoints, given a 64-hex code_id ──
  POST /rpc/redeem      → HTTP 400  {"code":"22P02","details":null,"hint":null,"message":"invalid input syntax for type uuid: \"ffffffff0123456789abcdef0123
  POST /scan_attempts   → HTTP 400  {"code":"22P02","details":null,"hint":null,"message":"invalid input syntax for type uuid: \"ffffffff0123456789abcdef0123
  → both refuse the raw shape; the guard must divert BEFORE the redeem call

── leg (b): poison-first queue through the SHIPPED handler (green) ──
-------------- RxDB dev-mode warning -------------------------------
you are seeing this because you use the RxDB dev-mode plugin https://rxdb.info/dev-mode.html?console=dev-mode 
This is great in development mode, because it will run many checks to ensure
that you use RxDB correct. If you see this in production mode,
you did something wrong because the dev-mode plugin will decrease the performance.

🤗 Hint: To get the most out of RxDB, check out the Premium Plugins
to get access to faster storages and more professional features: https://rxdb.info/premium/?console=dev-mode 

You can disable this warning by calling disableWarnings() from the dev-mode plugin.
---------------------------------------------------------------------
  push requests: 3 — kinds: land-unverified, redeem, land
  redeem calls  : unverified=0 legit=1
  unverified row: status=accepted landed=true
  legit row     : status=accepted landed=true
  server scan_attempts rows: 0 → 2 (+2)
  distinct replica errors: 0
  audit row (server): (null)|ffffffff0123456789abcdef0123456789abcdef0123456789abcdefabcdefff|true|true|accepted

── conclusion ──
  · the guard diverts the unverified attempt BEFORE redeem() (zero redeem calls for it),
    lands it on the distinct path (code_id null + token_hash + flags, status accepted),
    and the legitimate attempt behind it lands — no head-of-line poison.

✅ VERDICT: GREEN — the F-2 guard holds on the shipped surface: unverified attempts divert BEFORE redeem(), land on the distinct path, and never strand the queue.
EXIT=0

# f2-run.sh red-unflagged — the discriminator lost: the 64-hex row takes the redeem-first path

# target coordinates (read-only statement before any write):
#   compose project : spike-supabase (throwaway LOCAL substrate)
#   compose file    : /Users/jamal/projects/yumyums/wt-20260906-c1/docker-compose.supabase.yml
#   mode            : RECONCILE (env-up.sh, no flags — never --fresh from a harness)
#   NOT :5433 (dev/prod cluster), NOT :5434 (test pg), NOT any hosted supabase.com project

── substrate up (env-up.sh, idempotent reconcile) ──
# env-up.sh — mode=reconcile repo=/Users/jamal/projects/yumyums/wt-20260906-c1
# compose anchor (--project-directory, path-stability fix) = /Users/jamal/projects/yumyums/hq
# started 2026-09-05T10:22:47Z

── 1. preflight — required tooling ───────────────────────────────
  docker /usr/local/bin/docker
  curl   /usr/bin/curl
  node   /Users/jamal/.nvm/versions/node/v22.5.0/bin/node
  npm    /Users/jamal/.nvm/versions/node/v22.5.0/bin/npm
  go     /usr/local/bin/go
  compose 2.5.1
  go      go version go1.25.5 darwin/amd64
  node    v22.5.0
  docker daemon: reachable

── 2. bringing the stack up (idempotent) ───────────────────────────────
Container spike-supabase-db-1  Running
Container spike-supabase-rest-1  Running
Container spike-supabase-realtime-1  Running
Container spike-supabase-db-1  Waiting
Container spike-supabase-db-1  Waiting
Container spike-supabase-db-1  Healthy
Container spike-supabase-db-1  Healthy
NAME                        COMMAND                  SERVICE             STATUS              PORTS
spike-supabase-db-1         "docker-entrypoint.s…"   db                  running (healthy)   0.0.0.0:59752->5432/tcp
spike-supabase-realtime-1   "/usr/bin/tini -s -g…"   realtime            running             0.0.0.0:59770->4000/tcp
spike-supabase-rest-1       "/bin/postgrest"         rest                running             0.0.0.0:59771->3000/tcp

── 3. waiting for db to report healthy (timeout 300s) ───────────────────────────────
  db: running/healthy

── 4. applying fixture schemas ───────────────────────────────
  → spike-fixture.sql
psql:<stdin>:30: NOTICE:  relation "spike_notes" already exists, skipping
  → hq-bridge-fixture.sql
psql:<stdin>:53: NOTICE:  relation "hq_grant_projection" already exists, skipping
psql:<stdin>:77: NOTICE:  relation "hq_sync_checklists" already exists, skipping
psql:<stdin>:114: NOTICE:  relation "hq_uid_trap" already exists, skipping
  → hq-bridge-policies.sql

── 5. resolving host ports ───────────────────────────────
  db=59752 rest=59771 realtime=59770

── 6. waiting for PostgREST and Realtime to answer (timeout 180s each) ───────────────────────────────
  PostgREST: HTTP 200
  Realtime: HTTP 200

── 7. installing the RxDB harness (npm ci, isolated project) ───────────────────────────────
  node_modules present — skipping install

── 8. health assertion — rest, realtime, schema, rxdb ───────────────────────────────
# stack: rest=59771 realtime=59770 db=59752  run=r1788603771727
PASS  ports — db=59752 rest=59771 realtime=59770
PASS  token — go-minted, 184 chars, 3 segments
PASS  schema — 4 fixture table(s) and 5 hq_* policy(ies) present by name
PASS  rest — spike_notes readable; alice sees 1 row(s), owners=["user-alice"], bob's row correctly hidden
PASS  realtime — channel SUBSCRIBED
-------------- RxDB dev-mode warning -------------------------------
you are seeing this because you use the RxDB dev-mode plugin https://rxdb.info/dev-mode.html?console=dev-mode 
This is great in development mode, because it will run many checks to ensure
that you use RxDB correct. If you see this in production mode,
you did something wrong because the dev-mode plugin will decrease the performance.

🤗 Hint: To get the most out of RxDB, check out the Premium Plugins
to get access to faster storages and more professional features: https://rxdb.info/premium/?console=dev-mode 

You can disable this warning by calling disableWarnings() from the dev-mode plugin.
---------------------------------------------------------------------
PASS  rxdb — local RxDB database created, doc hc-1788603772571 inserted and read back

HEALTHCHECK: GREEN — ports, token, schema, rest, realtime, rxdb all asserted

══════════════════════════════════════════════════════════
✅ VERDICT: GREEN — Supabase + RxDB up, schema applied, healthy
   db=59752  rest=59771  realtime=59770   (project: spike-supabase)
   teardown is a separate, deliberate act:  task spike:down
   finished 2026-09-05T10:22:52Z
══════════════════════════════════════════════════════════
#   db container    : e9d97c9daf622a41367f4337525db0f4f0c414bb8a4a7c159ff12fcb109ce54e
#   db host port    : 59752 (Docker-assigned)
#   db role         : supabase_admin, via docker exec (no host psql involved)

── built schema: reset_bare + apply_all (committed migrations + seed) ──
  → migrations/20260904000100_qr_attribution_spine.sql
psql:<stdin>:134: NOTICE:  policy "campaigns_select_device" for relation "public.campaigns" does not exist, skipping
psql:<stdin>:138: NOTICE:  policy "codes_select_device" for relation "public.codes" does not exist, skipping
psql:<stdin>:142: NOTICE:  policy "scan_attempts_insert_own" for relation "public.scan_attempts" does not exist, skipping
  → migrations/20260904000200_redeem_rpc.sql
  → migrations/20260906000100_campaigns_replication.sql
psql:<stdin>:47: NOTICE:  trigger "campaigns_touch_updated_at" for relation "public.campaigns" does not exist, skipping
  → migrations/20260906000200_scan_attempts_unverified_landing.sql
psql:<stdin>:41: NOTICE:  constraint "scan_attempts_names_a_code" of relation "scan_attempts" does not exist, skipping
  → seed.sql (TEST fixtures — local/test substrates only, never production)

── landing-path DDL enumerated (the committed 20260906000200 migration) ──
#   code_id nullable: true
#   token_hash column: 1
#   check constraint : scan_attempts_names_a_code

── device JWT (throwaway secret from the compose file) ──

── mode: red-unflagged ──
# mode: red-unflagged

── leg (a): the raw endpoints, given a 64-hex code_id ──
  POST /rpc/redeem      → HTTP 400  {"code":"22P02","details":null,"hint":null,"message":"invalid input syntax for type uuid: \"ffffffff0123456789abcdef0123
  POST /scan_attempts   → HTTP 400  {"code":"22P02","details":null,"hint":null,"message":"invalid input syntax for type uuid: \"ffffffff0123456789abcdef0123
  → both refuse the raw shape; the guard must divert BEFORE the redeem call

── leg (b): poison-first queue through the SHIPPED handler (red-unflagged) ──
-------------- RxDB dev-mode warning -------------------------------
you are seeing this because you use the RxDB dev-mode plugin https://rxdb.info/dev-mode.html?console=dev-mode 
This is great in development mode, because it will run many checks to ensure
that you use RxDB correct. If you see this in production mode,
you did something wrong because the dev-mode plugin will decrease the performance.

🤗 Hint: To get the most out of RxDB, check out the Premium Plugins
to get access to faster storages and more professional features: https://rxdb.info/premium/?console=dev-mode 

You can disable this warning by calling disableWarnings() from the dev-mode plugin.
---------------------------------------------------------------------
  push requests: 10 — kinds: redeem
  redeem calls  : unverified=10 legit=0
  unverified row: status=pending landed=false
  legit row     : status=pending landed=false
  server scan_attempts rows: 0 → 0 (+0)
  distinct replica errors: 1 — e.g. [marketing-sync] redeem answered HTTP 400
  audit row (server): (none)

── conclusion ──
  ✗ the unverified attempt reached /rpc/redeem 10× — the guard must sit BEFORE the burn
  ✗ the audit-flagged attempt did not land (status=pending, landed=false) — stranding it falsifies decision 166's reasoning
  ✗ the legitimate attempt behind it did not land (status=pending, landed=false) — head-of-line poison
  ✗ expected exactly 1 redeem for the legitimate code, got 0
  ✗ expected +2 server rows, got +0
  ✗ audit row shape wrong: (none) — expected (null)|ffffffff0123456789abcdef0123456789abcdef0123456789abcdefabcdefff|true|true|accepted

RED: 6 disagreement(s)

🔴 RED-FIRST DEMONSTRATED (red-unflagged): the unflagged 64-hex row poisons the queue and the assertions red (node exit 1). This non-zero exit IS the evidence.
EXIT=1
