# base-b481 leg: tests/persistence.spec.js:1463 x10 alone, DB reset + server restart before each, --retries=0. run 20261005. SHA 588f188ef72d04780b9387b0c3aafa24a614b71d. start 2026-10-04T23:09:25-04:00. HQ_SYNC_SUBSTRATE_OPTIONAL=[UNSET] HQ_SYNC_GATE_CHILD=[UNSET]
# per-iteration cmd: node scripts/reset-e2e-db.js; server on :8210 (same binary/env as base-pw); NIGHTCREW_ENV_URL=http://localhost:8210 npx playwright test tests/persistence.spec.js:1463 --retries=0. TEST_DB_NAME=hq_test_e2e_base_20261005 DB_PORT=5434
# (an earlier queued attempt at 23:00:46 was cancelled before it acquired the lock; nothing ran)
# waiting for lock 2026-10-04T23:09:25-04:00
# lock acquired 2026-10-05T00:46:38-04:00
##### ITER 1 start 2026-10-05T00:46:38-04:00
── reset hq_test_e2e_base_20261005 on localhost:5434 ──
EXIT_RESET=0
# server pid 26635 health: {"backend_version":"0.9.2","built_at":"unknown","frontend_version":"1.10.2","git_sha":"dev","status":"ok","storage":"unconfigured","sync_substrate":"unconfigured","toast_sync":{"status":"unknown"}}

Running 1 test using 1 worker

  ✓  1 [chromium] › tests/persistence.spec.js:1463:3 › Persistence › correction photo survives back-to-list and reopen as https:// URL [FLD-CORRECTION-PHOTO] (1.8s)

  1 passed (3.3s)
ITER 1 EXIT_PW=0
##### ITER 2 start 2026-10-05T00:46:48-04:00
── reset hq_test_e2e_base_20261005 on localhost:5434 ──
EXIT_RESET=0
# server pid 26811 health: {"backend_version":"0.9.2","built_at":"unknown","frontend_version":"1.10.2","git_sha":"dev","status":"ok","storage":"unconfigured","sync_substrate":"unconfigured","toast_sync":{"status":"unknown"}}

Running 1 test using 1 worker

  ✓  1 [chromium] › tests/persistence.spec.js:1463:3 › Persistence › correction photo survives back-to-list and reopen as https:// URL [FLD-CORRECTION-PHOTO] (1.7s)

  1 passed (3.3s)
ITER 2 EXIT_PW=0
##### ITER 3 start 2026-10-05T00:46:59-04:00
── reset hq_test_e2e_base_20261005 on localhost:5434 ──
EXIT_RESET=0
# server pid 27064 health: {"backend_version":"0.9.2","built_at":"unknown","frontend_version":"1.10.2","git_sha":"dev","status":"ok","storage":"unconfigured","sync_substrate":"unconfigured","toast_sync":{"status":"unknown"}}

Running 1 test using 1 worker

  ✓  1 [chromium] › tests/persistence.spec.js:1463:3 › Persistence › correction photo survives back-to-list and reopen as https:// URL [FLD-CORRECTION-PHOTO] (1.8s)

  1 passed (3.1s)
ITER 3 EXIT_PW=0
##### ITER 4 start 2026-10-05T00:47:08-04:00
── reset hq_test_e2e_base_20261005 on localhost:5434 ──
EXIT_RESET=0
# server pid 27227 health: {"backend_version":"0.9.2","built_at":"unknown","frontend_version":"1.10.2","git_sha":"dev","status":"ok","storage":"unconfigured","sync_substrate":"unconfigured","toast_sync":{"status":"unknown"}}

Running 1 test using 1 worker

  ✓  1 [chromium] › tests/persistence.spec.js:1463:3 › Persistence › correction photo survives back-to-list and reopen as https:// URL [FLD-CORRECTION-PHOTO] (1.9s)

  1 passed (3.3s)
ITER 4 EXIT_PW=0
##### ITER 5 start 2026-10-05T00:47:19-04:00
── reset hq_test_e2e_base_20261005 on localhost:5434 ──
EXIT_RESET=0
# server pid 27501 health: {"backend_version":"0.9.2","built_at":"unknown","frontend_version":"1.10.2","git_sha":"dev","status":"ok","storage":"unconfigured","sync_substrate":"unconfigured","toast_sync":{"status":"unknown"}}

Running 1 test using 1 worker

  ✓  1 [chromium] › tests/persistence.spec.js:1463:3 › Persistence › correction photo survives back-to-list and reopen as https:// URL [FLD-CORRECTION-PHOTO] (1.6s)

  1 passed (3.1s)
ITER 5 EXIT_PW=0
##### ITER 6 start 2026-10-05T00:47:30-04:00
── reset hq_test_e2e_base_20261005 on localhost:5434 ──
EXIT_RESET=0
# server pid 27664 health: {"backend_version":"0.9.2","built_at":"unknown","frontend_version":"1.10.2","git_sha":"dev","status":"ok","storage":"unconfigured","sync_substrate":"unconfigured","toast_sync":{"status":"unknown"}}

Running 1 test using 1 worker

  ✓  1 [chromium] › tests/persistence.spec.js:1463:3 › Persistence › correction photo survives back-to-list and reopen as https:// URL [FLD-CORRECTION-PHOTO] (1.7s)

  1 passed (3.0s)
ITER 6 EXIT_PW=0
##### ITER 7 start 2026-10-05T00:47:39-04:00
── reset hq_test_e2e_base_20261005 on localhost:5434 ──
EXIT_RESET=0
# server pid 27829 health: {"backend_version":"0.9.2","built_at":"unknown","frontend_version":"1.10.2","git_sha":"dev","status":"ok","storage":"unconfigured","sync_substrate":"unconfigured","toast_sync":{"status":"unknown"}}

Running 1 test using 1 worker

  ✓  1 [chromium] › tests/persistence.spec.js:1463:3 › Persistence › correction photo survives back-to-list and reopen as https:// URL [FLD-CORRECTION-PHOTO] (1.7s)

  1 passed (3.1s)
ITER 7 EXIT_PW=0
##### ITER 8 start 2026-10-05T00:47:50-04:00
── reset hq_test_e2e_base_20261005 on localhost:5434 ──
EXIT_RESET=0
# server pid 27987 health: {"backend_version":"0.9.2","built_at":"unknown","frontend_version":"1.10.2","git_sha":"dev","status":"ok","storage":"unconfigured","sync_substrate":"unconfigured","toast_sync":{"status":"unknown"}}

Running 1 test using 1 worker

  ✓  1 [chromium] › tests/persistence.spec.js:1463:3 › Persistence › correction photo survives back-to-list and reopen as https:// URL [FLD-CORRECTION-PHOTO] (1.9s)

  1 passed (3.4s)
ITER 8 EXIT_PW=0
##### ITER 9 start 2026-10-05T00:48:01-04:00
── reset hq_test_e2e_base_20261005 on localhost:5434 ──
EXIT_RESET=0
# server pid 28141 health: {"backend_version":"0.9.2","built_at":"unknown","frontend_version":"1.10.2","git_sha":"dev","status":"ok","storage":"unconfigured","sync_substrate":"unconfigured","toast_sync":{"status":"unknown"}}

Running 1 test using 1 worker

  ✓  1 [chromium] › tests/persistence.spec.js:1463:3 › Persistence › correction photo survives back-to-list and reopen as https:// URL [FLD-CORRECTION-PHOTO] (1.7s)

  1 passed (3.1s)
ITER 9 EXIT_PW=0
##### ITER 10 start 2026-10-05T00:48:10-04:00
── reset hq_test_e2e_base_20261005 on localhost:5434 ──
EXIT_RESET=0
# server pid 28300 health: {"backend_version":"0.9.2","built_at":"unknown","frontend_version":"1.10.2","git_sha":"dev","status":"ok","storage":"unconfigured","sync_substrate":"unconfigured","toast_sync":{"status":"unknown"}}

Running 1 test using 1 worker

  ✓  1 [chromium] › tests/persistence.spec.js:1463:3 › Persistence › correction photo survives back-to-list and reopen as https:// URL [FLD-CORRECTION-PHOTO] (1.9s)

  1 passed (3.2s)
ITER 10 EXIT_PW=0
# end (lock released) 2026-10-05T00:48:21-04:00
