[2m[WebServer] [22m── reset hq_test_c1impl0907 on localhost:5434 ──
[2m[WebServer] [22m── wrote version.json frontend=1.6.2 ──
[2m[WebServer] [22m{"time":"2026-09-06T08:52:24.759300119-04:00","level":"INFO","msg":"serving static files from disk","dir":"../"}
[2m[WebServer] [22m{"time":"2026-09-06T08:52:24.759854969-04:00","level":"INFO","msg":"loaded superadmins","count":1}
[2m[WebServer] [22m{"time":"2026-09-06T08:52:24.785056187-04:00","level":"INFO","msg":"connected to database"}
[2m[WebServer] [22m{"time":"2026-09-06T08:52:24.872795796-04:00","level":"INFO","msg":"OK   0001_users.sql (53.2ms)","source":"stdlog"}
[2m[WebServer] [22m{"time":"2026-09-06T08:52:24.934079149-04:00","level":"INFO","msg":"OK   0002_sessions.sql (61.14ms)","source":"stdlog"}
[2m[WebServer] [22m{"time":"2026-09-06T08:52:24.980986522-04:00","level":"INFO","msg":"OK   0003_invite_tokens.sql (46.38ms)","source":"stdlog"}
[2m[WebServer] [22m{"time":"2026-09-06T08:52:25.031962831-04:00","level":"INFO","msg":"OK   0004_hq_apps.sql (50.73ms)","source":"stdlog"}
[2m[WebServer] [22m{"time":"2026-09-06T08:52:25.091516125-04:00","level":"INFO","msg":"OK   0005_app_permissions.sql (59.27ms)","source":"stdlog"}
[2m[WebServer] [22m{"time":"2026-09-06T08:52:25.136103857-04:00","level":"INFO","msg":"OK   0006_checklist_templates.sql (43.69ms)","source":"stdlog"}
[2m[WebServer] [22m{"time":"2026-09-06T08:52:25.172607579-04:00","level":"INFO","msg":"OK   0007_checklist_schedules.sql (36.36ms)","source":"stdlog"}
[2m[WebServer] [22m{"time":"2026-09-06T08:52:25.219658153-04:00","level":"INFO","msg":"OK   0008_template_assignments.sql (46.94ms)","source":"stdlog"}
[2m[WebServer] [22m{"time":"2026-09-06T08:52:25.262063676-04:00","level":"INFO","msg":"OK   0009_checklist_sections.sql (42.3ms)","source":"stdlog"}
[2m[WebServer] [22m{"time":"2026-09-06T08:52:25.302146672-04:00","level":"INFO","msg":"OK   0010_checklist_fields.sql (39.96ms)","source":"stdlog"}
[2m[WebServer] [22m{"time":"2026-09-06T08:52:25.348770101-04:00","level":"INFO","msg":"OK   0011_checklist_submissions.sql (46.47ms)","source":"stdlog"}
[2m[WebServer] [22m{"time":"2026-09-06T08:52:25.408481664-04:00","level":"INFO","msg":"OK   0012_submission_responses.sql (59.59ms)","source":"stdlog"}
[2m[WebServer] [22m{"time":"2026-09-06T08:52:25.448434283-04:00","level":"INFO","msg":"OK   0013_submission_fail_notes.sql (39.83ms)","source":"stdlog"}
[2m[WebServer] [22m{"time":"2026-09-06T08:52:25.485771456-04:00","level":"INFO","msg":"OK   0014_submission_rejections.sql (37.18ms)","source":"stdlog"}
[2m[WebServer] [22m{"time":"2026-09-06T08:52:25.545242462-04:00","level":"INFO","msg":"OK   0015_ops.sql (59.33ms)","source":"stdlog"}
[2m[WebServer] [22m{"time":"2026-09-06T08:52:25.561742731-04:00","level":"INFO","msg":"OK   0016_lamport_ts.sql (16.36ms)","source":"stdlog"}
[2m[WebServer] [22m{"time":"2026-09-06T08:52:25.57967084-04:00","level":"INFO","msg":"OK   0017_users_naming.sql (17.78ms)","source":"stdlog"}
[2m[WebServer] [22m{"time":"2026-09-06T08:52:25.655610483-04:00","level":"INFO","msg":"OK   0018_ob_templates.sql (75.81ms)","source":"stdlog"}
[2m[WebServer] [22m{"time":"2026-09-06T08:52:25.738085002-04:00","level":"INFO","msg":"OK   0019_ob_items.sql (82.34ms)","source":"stdlog"}
[2m[WebServer] [22m{"time":"2026-09-06T08:52:25.799082701-04:00","level":"INFO","msg":"OK   0020_ob_progress.sql (60.88ms)","source":"stdlog"}
[2m[WebServer] [22m{"time":"2026-09-06T08:52:25.847453929-04:00","level":"INFO","msg":"OK   0021_ob_signoffs.sql (48.27ms)","source":"stdlog"}
[2m[WebServer] [22m{"time":"2026-09-06T08:52:25.907012138-04:00","level":"INFO","msg":"OK   0022_ob_template_assignments.sql (59.38ms)","source":"stdlog"}
[2m[WebServer] [22m{"time":"2026-09-06T08:52:25.982182023-04:00","level":"INFO","msg":"OK   0023_multi_role.sql (75.01ms)","source":"stdlog"}
[2m[WebServer] [22m{"time":"2026-09-06T08:52:26.188236874-04:00","level":"INFO","msg":"OK   0024_inventory.sql (205.87ms)","source":"stdlog"}
[2m[WebServer] [22m{"time":"2026-09-06T08:52:26.237550557-04:00","level":"INFO","msg":"OK   0025_pending_purchases.sql (49.2ms)","source":"stdlog"}
[2m[WebServer] [22m{"time":"2026-09-06T08:52:26.246219554-04:00","level":"INFO","msg":"OK   0026_ob_progress_faq.sql (8.56ms)","source":"stdlog"}
[2m[WebServer] [22m{"time":"2026-09-06T08:52:26.255119916-04:00","level":"INFO","msg":"OK   0027_ob_section_signoff_roles.sql (8.83ms)","source":"stdlog"}
[2m[WebServer] [22m{"time":"2026-09-06T08:52:26.273746076-04:00","level":"INFO","msg":"OK   0028_ob_video_upgrade.sql (18.47ms)","source":"stdlog"}
[2m[WebServer] [22m{"time":"2026-09-06T08:52:26.281960464-04:00","level":"INFO","msg":"OK   0029_ob_templates_archived_at.sql (8.1ms)","source":"stdlog"}
[2m[WebServer] [22m{"time":"2026-09-06T08:52:26.311332782-04:00","level":"INFO","msg":"OK   0030_item_groups_unique_name.sql (29.2ms)","source":"stdlog"}
[2m[WebServer] [22m{"time":"2026-09-06T08:52:26.321321471-04:00","level":"INFO","msg":"OK   0031_remove_placeholder_items.sql (9.89ms)","source":"stdlog"}
[2m[WebServer] [22m{"time":"2026-09-06T08:52:26.335404316-04:00","level":"INFO","msg":"OK   0032_item_group_thresholds.sql (13.96ms)","source":"stdlog"}
[2m[WebServer] [22m{"time":"2026-09-06T08:52:26.37214432-04:00","level":"INFO","msg":"OK   0033_stock_count_overrides.sql (36.62ms)","source":"stdlog"}
[2m[WebServer] [22m{"time":"2026-09-06T08:52:26.465604377-04:00","level":"INFO","msg":"OK   0034_purchase_orders.sql (93.26ms)","source":"stdlog"}
[2m[WebServer] [22m{"time":"2026-09-06T08:52:26.479903199-04:00","level":"INFO","msg":"OK   0035_purchase_items_photo_store.sql (14.2ms)","source":"stdlog"}
[2m[WebServer] [22m{"time":"2026-09-06T08:52:26.493681475-04:00","level":"INFO","msg":"OK   0036_purchase_items_full_name.sql (13.67ms)","source":"stdlog"}
[2m[WebServer] [22m{"time":"2026-09-06T08:52:26.532577614-04:00","level":"INFO","msg":"OK   0037_cutoff_config.sql (38.78ms)","source":"stdlog"}
[2m[WebServer] [22m{"time":"2026-09-06T08:52:26.552123038-04:00","level":"INFO","msg":"OK   0038_po_status_extend.sql (19.44ms)","source":"stdlog"}
[2m[WebServer] [22m{"time":"2026-09-06T08:52:26.577541409-04:00","level":"INFO","msg":"OK   0039_purchase_items_vendor.sql (25.3ms)","source":"stdlog"}
[2m[WebServer] [22m{"time":"2026-09-06T08:52:26.716222488-04:00","level":"INFO","msg":"OK   0040_shopping_lists.sql (138.46ms)","source":"stdlog"}
[2m[WebServer] [22m{"time":"2026-09-06T08:52:26.730243779-04:00","level":"INFO","msg":"OK   0041_notification_channel.sql (13.89ms)","source":"stdlog"}
[2m[WebServer] [22m{"time":"2026-09-06T08:52:26.804729825-04:00","level":"INFO","msg":"OK   0042_repurchase_tracking.sql (74.28ms)","source":"stdlog"}
[2m[WebServer] [22m{"time":"2026-09-06T08:52:26.862343281-04:00","level":"INFO","msg":"OK   0043_alert_log.sql (57.45ms)","source":"stdlog"}
[2m[WebServer] [22m{"time":"2026-09-06T08:52:26.924812957-04:00","level":"INFO","msg":"OK   0044_low_stock_alert_log.sql (62.36ms)","source":"stdlog"}
[2m[WebServer] [22m{"time":"2026-09-06T08:52:26.978607545-04:00","level":"INFO","msg":"OK   0045_notification_channel_array.sql (53.66ms)","source":"stdlog"}
[2m[WebServer] [22m{"time":"2026-09-06T08:52:26.986072265-04:00","level":"INFO","msg":"OK   0046_user_timezone.sql (7.34ms)","source":"stdlog"}
[2m[WebServer] [22m{"time":"2026-09-06T08:52:27.046137235-04:00","level":"INFO","msg":"OK   0047_employee_fields.sql (59.93ms)","source":"stdlog"}
[2m[WebServer] [22m{"time":"2026-09-06T08:52:27.054171125-04:00","level":"INFO","msg":"OK   0048_notification_default_both.sql (7.93ms)","source":"stdlog"}
[2m[WebServer] [22m{"time":"2026-09-06T08:52:27.101652905-04:00","level":"INFO","msg":"OK   0049_ob_sub_items.sql (47.37ms)","source":"stdlog"}
[2m[WebServer] [22m{"time":"2026-09-06T08:52:27.111771223-04:00","level":"INFO","msg":"OK   0050_ob_progress_sub_item.sql (10.02ms)","source":"stdlog"}
[2m[WebServer] [22m{"time":"2026-09-06T08:52:27.119156969-04:00","level":"INFO","msg":"OK   0051_rejection_field_fk.sql (7.31ms)","source":"stdlog"}
[2m[WebServer] [22m{"time":"2026-09-06T08:52:27.136529908-04:00","level":"INFO","msg":"OK   0052_template_name_unique.sql (17.25ms)","source":"stdlog"}
[2m[WebServer] [22m{"time":"2026-09-06T08:52:27.143842664-04:00","level":"INFO","msg":"OK   0053_response_field_fk.sql (7.24ms)","source":"stdlog"}
[2m[WebServer] [22m{"time":"2026-09-06T08:52:27.151046523-04:00","level":"INFO","msg":"OK   0054_failnote_field_fk.sql (7.1ms)","source":"stdlog"}
[2m[WebServer] [22m{"time":"2026-09-06T08:52:27.158390164-04:00","level":"INFO","msg":"OK   0055_item_location_in_store.sql (7.26ms)","source":"stdlog"}
[2m[WebServer] [22m{"time":"2026-09-06T08:52:27.174136704-04:00","level":"INFO","msg":"OK   0056_ob_progress_photo.sql (15.58ms)","source":"stdlog"}
[2m[WebServer] [22m{"time":"2026-09-06T08:52:27.187999725-04:00","level":"INFO","msg":"OK   0057_ob_items_photo_type.sql (13.77ms)","source":"stdlog"}
[2m[WebServer] [22m{"time":"2026-09-06T08:52:27.202804345-04:00","level":"INFO","msg":"OK   0058_ob_sub_items_photos.sql (14.7ms)","source":"stdlog"}
[2m[WebServer] [22m{"time":"2026-09-06T08:52:27.210351566-04:00","level":"INFO","msg":"OK   0059_cleanup_photo_items.sql (7.41ms)","source":"stdlog"}
[2m[WebServer] [22m{"time":"2026-09-06T08:52:27.299240844-04:00","level":"INFO","msg":"OK   0060_menu_items.sql (88.74ms)","source":"stdlog"}
[2m[WebServer] [22m{"time":"2026-09-06T08:52:27.338446681-04:00","level":"INFO","msg":"OK   0061_daily_menu_sales.sql (39.1ms)","source":"stdlog"}
[2m[WebServer] [22m{"time":"2026-09-06T08:52:27.388249597-04:00","level":"INFO","msg":"OK   0062_recipes.sql (49.69ms)","source":"stdlog"}
[2m[WebServer] [22m{"time":"2026-09-06T08:52:27.422032716-04:00","level":"INFO","msg":"OK   0063_drift_check_results.sql (33.68ms)","source":"stdlog"}
[2m[WebServer] [22m{"time":"2026-09-06T08:52:27.43689077-04:00","level":"INFO","msg":"OK   0064_no_itemized_receipt_seed.sql (14.75ms)","source":"stdlog"}
[2m[WebServer] [22m{"time":"2026-09-06T08:52:27.449345506-04:00","level":"INFO","msg":"OK   0065_mercury_category_on_purchase_events.sql (12.36ms)","source":"stdlog"}
[2m[WebServer] [22m{"time":"2026-09-06T08:52:27.462577909-04:00","level":"INFO","msg":"OK   0066_mercury_category_on_pending_purchases.sql (13.12ms)","source":"stdlog"}
[2m[WebServer] [22m{"time":"2026-09-06T08:52:27.521614184-04:00","level":"INFO","msg":"OK   0067_receipt_sync_runs.sql (58.78ms)","source":"stdlog"}
[2m[WebServer] [22m{"time":"2026-09-06T08:52:27.549221711-04:00","level":"INFO","msg":"OK   0068_pending_purchases_bank_tx_uniq.sql (27.48ms)","source":"stdlog"}
[2m[WebServer] [22m{"time":"2026-09-06T08:52:27.561465707-04:00","level":"INFO","msg":"OK   0069_pending_purchases_parse_error.sql (12.1ms)","source":"stdlog"}
[2m[WebServer] [22m{"time":"2026-09-06T08:52:27.574773879-04:00","level":"INFO","msg":"OK   0070_receipt_urls.sql (13.23ms)","source":"stdlog"}
[2m[WebServer] [22m{"time":"2026-09-06T08:52:27.598465503-04:00","level":"INFO","msg":"OK   0071_submission_fail_notes_unique.sql (23.56ms)","source":"stdlog"}
[2m[WebServer] [22m{"time":"2026-09-06T08:52:27.615843892-04:00","level":"INFO","msg":"OK   0072_app_timezone_new_york.sql (17.23ms)","source":"stdlog"}
[2m[WebServer] [22m{"time":"2026-09-06T08:52:27.638123064-04:00","level":"INFO","msg":"OK   0073_sync_fdw_views.sql (22.04ms)","source":"stdlog"}
[2m[WebServer] [22m{"time":"2026-09-06T08:52:27.649880819-04:00","level":"INFO","msg":"OK   0074_sync_fdw_approver_view.sql (11.57ms)","source":"stdlog"}
[2m[WebServer] [22m{"time":"2026-09-06T08:52:27.716033536-04:00","level":"INFO","msg":"OK   0075_item_aliases.sql (65.99ms)","source":"stdlog"}
[2m[WebServer] [22m{"time":"2026-09-06T08:52:27.74219933-04:00","level":"INFO","msg":"OK   0076_checklist_template_app.sql (26.05ms)","source":"stdlog"}
[2m[WebServer] [22m{"time":"2026-09-06T08:52:27.793161639-04:00","level":"INFO","msg":"OK   0077_race_lost_notifications.sql (50.81ms)","source":"stdlog"}
[2m[WebServer] [22m{"time":"2026-09-06T08:52:27.793222873-04:00","level":"INFO","msg":"goose: successfully migrated database to version: 77","source":"stdlog"}
[2m[WebServer] [22m{"time":"2026-09-06T08:52:27.793242323-04:00","level":"INFO","msg":"database migrations applied successfully"}
[2m[WebServer] [22m{"time":"2026-09-06T08:52:27.877938379-04:00","level":"INFO","msg":"upserted superadmin","email":"jamal@yumyums.kitchen"}
[2m[WebServer] [22m{"time":"2026-09-06T08:52:27.914557837-04:00","level":"INFO","msg":"seeded template","name":"Setup Checklist","id":"76b7956f-4897-4457-9af4-a02ccac67521"}
[2m[WebServer] [22m{"time":"2026-09-06T08:52:27.914639804-04:00","level":"INFO","msg":"seeded templates","count":1}
[2m[WebServer] [22m{"time":"2026-09-06T08:52:27.951364526-04:00","level":"INFO","msg":"seeded onboarding template","name":"Kitchen Basics Training","id":"199012ee-afa5-45c4-889e-b7e7dfb38f3a"}
[2m[WebServer] [22m{"time":"2026-09-06T08:52:27.976588613-04:00","level":"INFO","msg":"inventory: seeded vendors","count":5}
[2m[WebServer] [22m{"time":"2026-09-06T08:52:28.064748848-04:00","level":"INFO","msg":"inventory: seeded unique tags","count":19}
[2m[WebServer] [22m{"time":"2026-09-06T08:52:28.208960047-04:00","level":"INFO","msg":"inventory: seeded item groups","count":10}
[2m[WebServer] [22m{"time":"2026-09-06T08:52:28.919834563-04:00","level":"INFO","msg":"inventory: seeded purchase items from YAML","count":106}
[2m[WebServer] [22m{"time":"2026-09-06T08:52:28.919924224-04:00","level":"WARN","msg":"object storage env vars not set, photo and video upload endpoints will return 503","required":"STORAGE_KEY, STORAGE_SECRET, STORAGE_BUCKET, STORAGE_ENDPOINT, STORAGE_REGION"}
[2m[WebServer] [22m{"time":"2026-09-06T08:52:28.919985993-04:00","level":"WARN","msg":"HQ_INVENTORY_SERVICE_TOKEN not set, /api/v1/inventory/period-summary AND /api/v1/inventory/menu-cogs will return 503"}
[2m[WebServer] [22m{"time":"2026-09-06T08:52:28.920137636-04:00","level":"INFO","msg":"inventory COGS category allowlist","allowlist":["COGS"]}
[2m[WebServer] [22m{"time":"2026-09-06T08:52:28.920483456-04:00","level":"INFO","msg":"redemption arbiter not configured; POST /api/v1/marketing/redeem answers 503","missing":"HQ_SYNC_REST_URL and/or HQ_SYNC_SERVICE_KEY"}
[2m[WebServer] [22m{"time":"2026-09-06T08:52:28.920534324-04:00","level":"INFO","msg":"receipt worker disabled","reason":"E2E_DISABLE_SCHEDULERS=1"}
[2m[WebServer] [22m{"time":"2026-09-06T08:52:28.920583376-04:00","level":"INFO","msg":"alert queue started","delivery_enabled":false}
[2m[WebServer] [22m{"time":"2026-09-06T08:52:28.920597055-04:00","level":"INFO","msg":"cutoff scheduler disabled","reason":"E2E_DISABLE_SCHEDULERS=1"}
[2m[WebServer] [22m{"time":"2026-09-06T08:52:28.920608917-04:00","level":"INFO","msg":"toast worker disabled, cmd/sync-toast remains available","reason":"TOAST_SYNC_INTERVAL=0"}
[2m[WebServer] [22m{"time":"2026-09-06T08:52:28.920730103-04:00","level":"INFO","msg":"alerts queue started"}
[2m[WebServer] [22m{"time":"2026-09-06T08:52:28.944620713-04:00","level":"INFO","msg":"server listening","port":"4471"}
[2m[WebServer] [22m{"time":"2026-09-06T08:52:28.955160725-04:00","level":"INFO","msg":"reachable at","url":"http://10.255.255.254:4471"}
[2m[WebServer] [22m{"time":"2026-09-06T08:52:28.955228799-04:00","level":"INFO","msg":"reachable at","url":"http://100.70.200.55:4471"}
[2m[WebServer] [22m{"time":"2026-09-06T08:52:28.955240127-04:00","level":"INFO","msg":"reachable at","url":"http://192.168.8.164:4471"}
[2m[WebServer] [22m{"time":"2026-09-06T08:52:28.9552506-04:00","level":"INFO","msg":"Yumyums HQ ready, accepting connections"}

Running 9 tests using 1 worker

[2m[WebServer] [22m{"time":"2026-09-06T08:52:29.957473583-04:00","level":"INFO","msg":"client log","level":"WARN","message":"-------------- RxDB Open Core RxStorage -------------------------------\nYou are using the free Dexie.js based RxStorage implementation from RxDB https://rxdb.info/rx-storage-dexie.html?console=dexie \nWhile this is a great option, we want to let you know that there are faster storage solutions available in our premium plugins.\nFor professional users and production environments, we highly recommend considering these premium options to enhance performance and reliability.\n https://rxdb.info/premium/?console=dexie \nIf you already purchased premium access you can disable this log by calling the setPremiumFlag() function from rxdb-premium/plugins/shared.\n---------------------------------------------------------------------","user":"Jamal C. (jamal@yumyums.kitchen)","page":"/workflows.html","ua":"Mozilla/5.0 (X11; Linux x86_64) AppleWebKit/537.36 (KHTML, like Gecko) HeadlessChrome/147.0.7727.15 Safari/537.36"}
  ✓  1 [chromium] › tests/sync-fill-view.spec.js:200:3 › [FILL-01] the fill view reads the open checklist from RxDB › a response that exists ONLY in RxDB answers the field in the runner (2.0s)
  ✓  2 [chromium] › tests/sync-fill-view.spec.js:264:3 › [FILL-01] the fill view reads the open checklist from RxDB › with the flag OFF the same fixture renders unanswered — no scope, no database, no IndexedDB (3.1s)
[2m[WebServer] [22m{"time":"2026-09-06T08:52:34.416081024-04:00","level":"INFO","msg":"client log","level":"WARN","message":"-------------- RxDB Open Core RxStorage -------------------------------\nYou are using the free Dexie.js based RxStorage implementation from RxDB https://rxdb.info/rx-storage-dexie.html?console=dexie \nWhile this is a great option, we want to let you know that there are faster storage solutions available in our premium plugins.\nFor professional users and production environments, we highly recommend considering these premium options to enhance performance and reliability.\n https://rxdb.info/premium/?console=dexie \nIf you already purchased premium access you can disable this log by calling the setPremiumFlag() function from rxdb-premium/plugins/shared.\n---------------------------------------------------------------------","user":"Jamal C. (jamal@yumyums.kitchen)","page":"/workflows.html","ua":"Mozilla/5.0 (X11; Linux x86_64) AppleWebKit/537.36 (KHTML, like Gecko) HeadlessChrome/147.0.7727.15 Safari/537.36"}
  ✓  3 [chromium] › tests/sync-fill-view.spec.js:314:3 › [FILL-02] the fill view holds multiple concurrent per-checklist scopes › setup + food prep live at once, pairwise-distinct identifiers, and cancelling one leaves the other (860ms)
[2m[WebServer] [22m{"time":"2026-09-06T08:52:35.520962797-04:00","level":"INFO","msg":"client log","level":"WARN","message":"-------------- RxDB Open Core RxStorage -------------------------------\nYou are using the free Dexie.js based RxStorage implementation from RxDB https://rxdb.info/rx-storage-dexie.html?console=dexie \nWhile this is a great option, we want to let you know that there are faster storage solutions available in our premium plugins.\nFor professional users and production environments, we highly recommend considering these premium options to enhance performance and reliability.\n https://rxdb.info/premium/?console=dexie \nIf you already purchased premium access you can disable this log by calling the setPremiumFlag() function from rxdb-premium/plugins/shared.\n---------------------------------------------------------------------","user":"Jamal C. (jamal@yumyums.kitchen)","page":"/workflows.html","ua":"Mozilla/5.0 (X11; Linux x86_64) AppleWebKit/537.36 (KHTML, like Gecko) HeadlessChrome/147.0.7727.15 Safari/537.36"}
  ✓  4 [chromium] › tests/sync-fill-view.spec.js:368:3 › [FILL-02] the fill view holds multiple concurrent per-checklist scopes › the fill scope carries the crew member — two users on one phone do not share a checkpoint [F-2] (1.1s)
[2m[WebServer] [22m{"time":"2026-09-06T08:52:36.631668979-04:00","level":"INFO","msg":"client log","level":"WARN","message":"-------------- RxDB Open Core RxStorage -------------------------------\nYou are using the free Dexie.js based RxStorage implementation from RxDB https://rxdb.info/rx-storage-dexie.html?console=dexie \nWhile this is a great option, we want to let you know that there are faster storage solutions available in our premium plugins.\nFor professional users and production environments, we highly recommend considering these premium options to enhance performance and reliability.\n https://rxdb.info/premium/?console=dexie \nIf you already purchased premium access you can disable this log by calling the setPremiumFlag() function from rxdb-premium/plugins/shared.\n---------------------------------------------------------------------","user":"Jamal C. (jamal@yumyums.kitchen)","page":"/workflows.html","ua":"Mozilla/5.0 (X11; Linux x86_64) AppleWebKit/537.36 (KHTML, like Gecko) HeadlessChrome/147.0.7727.15 Safari/537.36"}
  ✓  5 [chromium] › tests/sync-fill-view.spec.js:451:3 › [FILL-04] the overlay renders only THIS submission and MY drafts (F-A) › a resident foreign-submission row and a foreign-user draft do NOT answer the fields (3.0s)
[2m[WebServer] [22m{"time":"2026-09-06T08:52:39.607150315-04:00","level":"INFO","msg":"client log","level":"WARN","message":"-------------- RxDB Open Core RxStorage -------------------------------\nYou are using the free Dexie.js based RxStorage implementation from RxDB https://rxdb.info/rx-storage-dexie.html?console=dexie \nWhile this is a great option, we want to let you know that there are faster storage solutions available in our premium plugins.\nFor professional users and production environments, we highly recommend considering these premium options to enhance performance and reliability.\n https://rxdb.info/premium/?console=dexie \nIf you already purchased premium access you can disable this log by calling the setPremiumFlag() function from rxdb-premium/plugins/shared.\n---------------------------------------------------------------------","user":"Jamal C. (jamal@yumyums.kitchen)","page":"/workflows.html","ua":"Mozilla/5.0 (X11; Linux x86_64) AppleWebKit/537.36 (KHTML, like Gecko) HeadlessChrome/147.0.7727.15 Safari/537.36"}
  ✓  6 [chromium] › tests/sync-fill-view.spec.js:510:3 › [FILL-04] the overlay renders only THIS submission and MY drafts (F-A) › ...while THIS submission's rows and MY OWN draft do answer them (1.4s)
[2m[WebServer] [22m{"time":"2026-09-06T08:52:41.139905999-04:00","level":"INFO","msg":"client log","level":"WARN","message":"-------------- RxDB Open Core RxStorage -------------------------------\nYou are using the free Dexie.js based RxStorage implementation from RxDB https://rxdb.info/rx-storage-dexie.html?console=dexie \nWhile this is a great option, we want to let you know that there are faster storage solutions available in our premium plugins.\nFor professional users and production environments, we highly recommend considering these premium options to enhance performance and reliability.\n https://rxdb.info/premium/?console=dexie \nIf you already purchased premium access you can disable this log by calling the setPremiumFlag() function from rxdb-premium/plugins/shared.\n---------------------------------------------------------------------","user":"Jamal C. (jamal@yumyums.kitchen)","page":"/workflows.html","ua":"Mozilla/5.0 (X11; Linux x86_64) AppleWebKit/537.36 (KHTML, like Gecko) HeadlessChrome/147.0.7727.15 Safari/537.36"}
  ✓  7 [chromium] › tests/sync-fill-view.spec.js:554:3 › [FILL-05] the fill scope closes on every exit, and survives a fast reopen › switching to the Approvals tab closes the open checklist's scope [F-B] (1.5s)
[2m[WebServer] [22m{"time":"2026-09-06T08:52:42.419855659-04:00","level":"INFO","msg":"client log","level":"WARN","message":"-------------- RxDB Open Core RxStorage -------------------------------\nYou are using the free Dexie.js based RxStorage implementation from RxDB https://rxdb.info/rx-storage-dexie.html?console=dexie \nWhile this is a great option, we want to let you know that there are faster storage solutions available in our premium plugins.\nFor professional users and production environments, we highly recommend considering these premium options to enhance performance and reliability.\n https://rxdb.info/premium/?console=dexie \nIf you already purchased premium access you can disable this log by calling the setPremiumFlag() function from rxdb-premium/plugins/shared.\n---------------------------------------------------------------------","user":"Jamal C. (jamal@yumyums.kitchen)","page":"/workflows.html","ua":"Mozilla/5.0 (X11; Linux x86_64) AppleWebKit/537.36 (KHTML, like Gecko) HeadlessChrome/147.0.7727.15 Safari/537.36"}
  ✓  8 [chromium] › tests/sync-fill-view.spec.js:590:3 › [FILL-05] the fill scope closes on every exit, and survives a fast reopen › a close immediately followed by a reopen leaves a LIVE replication, not a cancelled one [F-C] (1.3s)
[2m[WebServer] [22m{"time":"2026-09-06T08:52:43.813493374-04:00","level":"INFO","msg":"client log","level":"WARN","message":"-------------- RxDB Open Core RxStorage -------------------------------\nYou are using the free Dexie.js based RxStorage implementation from RxDB https://rxdb.info/rx-storage-dexie.html?console=dexie \nWhile this is a great option, we want to let you know that there are faster storage solutions available in our premium plugins.\nFor professional users and production environments, we highly recommend considering these premium options to enhance performance and reliability.\n https://rxdb.info/premium/?console=dexie \nIf you already purchased premium access you can disable this log by calling the setPremiumFlag() function from rxdb-premium/plugins/shared.\n---------------------------------------------------------------------","user":"Jamal C. (jamal@yumyums.kitchen)","page":"/workflows.html","ua":"Mozilla/5.0 (X11; Linux x86_64) AppleWebKit/537.36 (KHTML, like Gecko) HeadlessChrome/147.0.7727.15 Safari/537.36"}
  ✓  9 [chromium] › tests/sync-fill-view.spec.js:643:3 › [FILL-03] a transient storage failure does not brick sync until reload (C2 G6 F-1) › a rejected createDatabase is EVICTED — the next open succeeds, and no dead scope is reported live (952ms)

  9 passed (2.6m)
