[2m[WebServer] [22mNOTICE:  database "hq_test_orch0907" does not exist, skipping
[2m[WebServer] [22m── reset hq_test_orch0907 on localhost:5434 ──
[2m[WebServer] [22m── wrote version.json frontend=1.6.2 ──
[2m[WebServer] [22m{"time":"2026-09-06T09:06:59.094646279-04:00","level":"INFO","msg":"serving static files from disk","dir":"../"}
[2m[WebServer] [22m{"time":"2026-09-06T09:06:59.095394313-04:00","level":"INFO","msg":"loaded superadmins","count":1}
[2m[WebServer] [22m{"time":"2026-09-06T09:06:59.122153683-04:00","level":"INFO","msg":"connected to database"}
[2m[WebServer] [22m{"time":"2026-09-06T09:06:59.222291606-04:00","level":"INFO","msg":"OK   0001_users.sql (56.78ms)","source":"stdlog"}
[2m[WebServer] [22m{"time":"2026-09-06T09:06:59.283514264-04:00","level":"INFO","msg":"OK   0002_sessions.sql (60.78ms)","source":"stdlog"}
[2m[WebServer] [22m{"time":"2026-09-06T09:06:59.333843302-04:00","level":"INFO","msg":"OK   0003_invite_tokens.sql (50.2ms)","source":"stdlog"}
[2m[WebServer] [22m{"time":"2026-09-06T09:06:59.380553422-04:00","level":"INFO","msg":"OK   0004_hq_apps.sql (46.6ms)","source":"stdlog"}
[2m[WebServer] [22m{"time":"2026-09-06T09:06:59.444767999-04:00","level":"INFO","msg":"OK   0005_app_permissions.sql (64.06ms)","source":"stdlog"}
[2m[WebServer] [22m{"time":"2026-09-06T09:06:59.481333714-04:00","level":"INFO","msg":"OK   0006_checklist_templates.sql (36.42ms)","source":"stdlog"}
[2m[WebServer] [22m{"time":"2026-09-06T09:06:59.52108451-04:00","level":"INFO","msg":"OK   0007_checklist_schedules.sql (39.56ms)","source":"stdlog"}
[2m[WebServer] [22m{"time":"2026-09-06T09:06:59.572694416-04:00","level":"INFO","msg":"OK   0008_template_assignments.sql (51.46ms)","source":"stdlog"}
[2m[WebServer] [22m{"time":"2026-09-06T09:06:59.616641359-04:00","level":"INFO","msg":"OK   0009_checklist_sections.sql (43.81ms)","source":"stdlog"}
[2m[WebServer] [22m{"time":"2026-09-06T09:06:59.668681124-04:00","level":"INFO","msg":"OK   0010_checklist_fields.sql (51.74ms)","source":"stdlog"}
[2m[WebServer] [22m{"time":"2026-09-06T09:06:59.732114883-04:00","level":"INFO","msg":"OK   0011_checklist_submissions.sql (63.32ms)","source":"stdlog"}
[2m[WebServer] [22m{"time":"2026-09-06T09:06:59.805350902-04:00","level":"INFO","msg":"OK   0012_submission_responses.sql (73.05ms)","source":"stdlog"}
[2m[WebServer] [22m{"time":"2026-09-06T09:06:59.842966809-04:00","level":"INFO","msg":"OK   0013_submission_fail_notes.sql (37.51ms)","source":"stdlog"}
[2m[WebServer] [22m{"time":"2026-09-06T09:06:59.880040529-04:00","level":"INFO","msg":"OK   0014_submission_rejections.sql (36.96ms)","source":"stdlog"}
[2m[WebServer] [22m{"time":"2026-09-06T09:06:59.943630688-04:00","level":"INFO","msg":"OK   0015_ops.sql (63.43ms)","source":"stdlog"}
[2m[WebServer] [22m{"time":"2026-09-06T09:06:59.964369136-04:00","level":"INFO","msg":"OK   0016_lamport_ts.sql (20.53ms)","source":"stdlog"}
[2m[WebServer] [22m{"time":"2026-09-06T09:06:59.987886884-04:00","level":"INFO","msg":"OK   0017_users_naming.sql (23.37ms)","source":"stdlog"}
[2m[WebServer] [22m{"time":"2026-09-06T09:07:00.062742048-04:00","level":"INFO","msg":"OK   0018_ob_templates.sql (74.7ms)","source":"stdlog"}
[2m[WebServer] [22m{"time":"2026-09-06T09:07:00.147069902-04:00","level":"INFO","msg":"OK   0019_ob_items.sql (84ms)","source":"stdlog"}
[2m[WebServer] [22m{"time":"2026-09-06T09:07:00.211834191-04:00","level":"INFO","msg":"OK   0020_ob_progress.sql (64.63ms)","source":"stdlog"}
[2m[WebServer] [22m{"time":"2026-09-06T09:07:00.258581933-04:00","level":"INFO","msg":"OK   0021_ob_signoffs.sql (46.61ms)","source":"stdlog"}
[2m[WebServer] [22m{"time":"2026-09-06T09:07:00.307258503-04:00","level":"INFO","msg":"OK   0022_ob_template_assignments.sql (48.56ms)","source":"stdlog"}
[2m[WebServer] [22m{"time":"2026-09-06T09:07:00.391748885-04:00","level":"INFO","msg":"OK   0023_multi_role.sql (84.37ms)","source":"stdlog"}
[2m[WebServer] [22m{"time":"2026-09-06T09:07:00.641839421-04:00","level":"INFO","msg":"OK   0024_inventory.sql (249.81ms)","source":"stdlog"}
[2m[WebServer] [22m{"time":"2026-09-06T09:07:00.690766769-04:00","level":"INFO","msg":"OK   0025_pending_purchases.sql (48.77ms)","source":"stdlog"}
[2m[WebServer] [22m{"time":"2026-09-06T09:07:00.700570963-04:00","level":"INFO","msg":"OK   0026_ob_progress_faq.sql (9.65ms)","source":"stdlog"}
[2m[WebServer] [22m{"time":"2026-09-06T09:07:00.70815406-04:00","level":"INFO","msg":"OK   0027_ob_section_signoff_roles.sql (7.5ms)","source":"stdlog"}
[2m[WebServer] [22m{"time":"2026-09-06T09:07:00.725172549-04:00","level":"INFO","msg":"OK   0028_ob_video_upgrade.sql (16.92ms)","source":"stdlog"}
[2m[WebServer] [22m{"time":"2026-09-06T09:07:00.732900115-04:00","level":"INFO","msg":"OK   0029_ob_templates_archived_at.sql (7.6ms)","source":"stdlog"}
[2m[WebServer] [22m{"time":"2026-09-06T09:07:00.763706863-04:00","level":"INFO","msg":"OK   0030_item_groups_unique_name.sql (30.61ms)","source":"stdlog"}
[2m[WebServer] [22m{"time":"2026-09-06T09:07:00.773784946-04:00","level":"INFO","msg":"OK   0031_remove_placeholder_items.sql (9.95ms)","source":"stdlog"}
[2m[WebServer] [22m{"time":"2026-09-06T09:07:00.788940499-04:00","level":"INFO","msg":"OK   0032_item_group_thresholds.sql (15.06ms)","source":"stdlog"}
[2m[WebServer] [22m{"time":"2026-09-06T09:07:00.825580383-04:00","level":"INFO","msg":"OK   0033_stock_count_overrides.sql (36.54ms)","source":"stdlog"}
[2m[WebServer] [22m{"time":"2026-09-06T09:07:00.91901148-04:00","level":"INFO","msg":"OK   0034_purchase_orders.sql (93.27ms)","source":"stdlog"}
[2m[WebServer] [22m{"time":"2026-09-06T09:07:00.932407289-04:00","level":"INFO","msg":"OK   0035_purchase_items_photo_store.sql (13.28ms)","source":"stdlog"}
[2m[WebServer] [22m{"time":"2026-09-06T09:07:00.944843951-04:00","level":"INFO","msg":"OK   0036_purchase_items_full_name.sql (12.35ms)","source":"stdlog"}
[2m[WebServer] [22m{"time":"2026-09-06T09:07:00.981818133-04:00","level":"INFO","msg":"OK   0037_cutoff_config.sql (36.81ms)","source":"stdlog"}
[2m[WebServer] [22m{"time":"2026-09-06T09:07:01.001633443-04:00","level":"INFO","msg":"OK   0038_po_status_extend.sql (19.61ms)","source":"stdlog"}
[2m[WebServer] [22m{"time":"2026-09-06T09:07:01.030827712-04:00","level":"INFO","msg":"OK   0039_purchase_items_vendor.sql (29.07ms)","source":"stdlog"}
[2m[WebServer] [22m{"time":"2026-09-06T09:07:01.163230506-04:00","level":"INFO","msg":"OK   0040_shopping_lists.sql (132.25ms)","source":"stdlog"}
[2m[WebServer] [22m{"time":"2026-09-06T09:07:01.177071115-04:00","level":"INFO","msg":"OK   0041_notification_channel.sql (13.74ms)","source":"stdlog"}
[2m[WebServer] [22m{"time":"2026-09-06T09:07:01.251065164-04:00","level":"INFO","msg":"OK   0042_repurchase_tracking.sql (73.86ms)","source":"stdlog"}
[2m[WebServer] [22m{"time":"2026-09-06T09:07:01.3086143-04:00","level":"INFO","msg":"OK   0043_alert_log.sql (57.42ms)","source":"stdlog"}
[2m[WebServer] [22m{"time":"2026-09-06T09:07:01.366894807-04:00","level":"INFO","msg":"OK   0044_low_stock_alert_log.sql (58.14ms)","source":"stdlog"}
[2m[WebServer] [22m{"time":"2026-09-06T09:07:01.419396893-04:00","level":"INFO","msg":"OK   0045_notification_channel_array.sql (52.37ms)","source":"stdlog"}
[2m[WebServer] [22m{"time":"2026-09-06T09:07:01.427104143-04:00","level":"INFO","msg":"OK   0046_user_timezone.sql (7.61ms)","source":"stdlog"}
[2m[WebServer] [22m{"time":"2026-09-06T09:07:01.488480192-04:00","level":"INFO","msg":"OK   0047_employee_fields.sql (61.28ms)","source":"stdlog"}
[2m[WebServer] [22m{"time":"2026-09-06T09:07:01.494298601-04:00","level":"INFO","msg":"OK   0048_notification_default_both.sql (5.69ms)","source":"stdlog"}
[2m[WebServer] [22m{"time":"2026-09-06T09:07:01.536560399-04:00","level":"INFO","msg":"OK   0049_ob_sub_items.sql (42.17ms)","source":"stdlog"}
[2m[WebServer] [22m{"time":"2026-09-06T09:07:01.544094803-04:00","level":"INFO","msg":"OK   0050_ob_progress_sub_item.sql (7.44ms)","source":"stdlog"}
[2m[WebServer] [22m{"time":"2026-09-06T09:07:01.551355855-04:00","level":"INFO","msg":"OK   0051_rejection_field_fk.sql (7.17ms)","source":"stdlog"}
[2m[WebServer] [22m{"time":"2026-09-06T09:07:01.567351132-04:00","level":"INFO","msg":"OK   0052_template_name_unique.sql (15.91ms)","source":"stdlog"}
[2m[WebServer] [22m{"time":"2026-09-06T09:07:01.57447782-04:00","level":"INFO","msg":"OK   0053_response_field_fk.sql (6.99ms)","source":"stdlog"}
[2m[WebServer] [22m{"time":"2026-09-06T09:07:01.582566772-04:00","level":"INFO","msg":"OK   0054_failnote_field_fk.sql (7.98ms)","source":"stdlog"}
[2m[WebServer] [22m{"time":"2026-09-06T09:07:01.589521044-04:00","level":"INFO","msg":"OK   0055_item_location_in_store.sql (6.86ms)","source":"stdlog"}
[2m[WebServer] [22m{"time":"2026-09-06T09:07:01.601831403-04:00","level":"INFO","msg":"OK   0056_ob_progress_photo.sql (12.15ms)","source":"stdlog"}
[2m[WebServer] [22m{"time":"2026-09-06T09:07:01.61265451-04:00","level":"INFO","msg":"OK   0057_ob_items_photo_type.sql (10.73ms)","source":"stdlog"}
[2m[WebServer] [22m{"time":"2026-09-06T09:07:01.622232435-04:00","level":"INFO","msg":"OK   0058_ob_sub_items_photos.sql (9.49ms)","source":"stdlog"}
[2m[WebServer] [22m{"time":"2026-09-06T09:07:01.630213143-04:00","level":"INFO","msg":"OK   0059_cleanup_photo_items.sql (7.85ms)","source":"stdlog"}
[2m[WebServer] [22m{"time":"2026-09-06T09:07:01.691714957-04:00","level":"INFO","msg":"OK   0060_menu_items.sql (61.37ms)","source":"stdlog"}
[2m[WebServer] [22m{"time":"2026-09-06T09:07:01.731853583-04:00","level":"INFO","msg":"OK   0061_daily_menu_sales.sql (40.02ms)","source":"stdlog"}
[2m[WebServer] [22m{"time":"2026-09-06T09:07:01.783338691-04:00","level":"INFO","msg":"OK   0062_recipes.sql (51.34ms)","source":"stdlog"}
[2m[WebServer] [22m{"time":"2026-09-06T09:07:01.8208714-04:00","level":"INFO","msg":"OK   0063_drift_check_results.sql (37.4ms)","source":"stdlog"}
[2m[WebServer] [22m{"time":"2026-09-06T09:07:01.836662012-04:00","level":"INFO","msg":"OK   0064_no_itemized_receipt_seed.sql (15.64ms)","source":"stdlog"}
[2m[WebServer] [22m{"time":"2026-09-06T09:07:01.849579162-04:00","level":"INFO","msg":"OK   0065_mercury_category_on_purchase_events.sql (12.81ms)","source":"stdlog"}
[2m[WebServer] [22m{"time":"2026-09-06T09:07:01.863766108-04:00","level":"INFO","msg":"OK   0066_mercury_category_on_pending_purchases.sql (14.1ms)","source":"stdlog"}
[2m[WebServer] [22m{"time":"2026-09-06T09:07:01.927812784-04:00","level":"INFO","msg":"OK   0067_receipt_sync_runs.sql (63.88ms)","source":"stdlog"}
[2m[WebServer] [22m{"time":"2026-09-06T09:07:01.952780808-04:00","level":"INFO","msg":"OK   0068_pending_purchases_bank_tx_uniq.sql (24.82ms)","source":"stdlog"}
[2m[WebServer] [22m{"time":"2026-09-06T09:07:01.965454704-04:00","level":"INFO","msg":"OK   0069_pending_purchases_parse_error.sql (12.59ms)","source":"stdlog"}
[2m[WebServer] [22m{"time":"2026-09-06T09:07:01.981716452-04:00","level":"INFO","msg":"OK   0070_receipt_urls.sql (16.1ms)","source":"stdlog"}
[2m[WebServer] [22m{"time":"2026-09-06T09:07:02.005874097-04:00","level":"INFO","msg":"OK   0071_submission_fail_notes_unique.sql (24.05ms)","source":"stdlog"}
[2m[WebServer] [22m{"time":"2026-09-06T09:07:02.022603541-04:00","level":"INFO","msg":"OK   0072_app_timezone_new_york.sql (16.61ms)","source":"stdlog"}
[2m[WebServer] [22m{"time":"2026-09-06T09:07:02.049249185-04:00","level":"INFO","msg":"OK   0073_sync_fdw_views.sql (26.22ms)","source":"stdlog"}
[2m[WebServer] [22m{"time":"2026-09-06T09:07:02.062356057-04:00","level":"INFO","msg":"OK   0074_sync_fdw_approver_view.sql (12.9ms)","source":"stdlog"}
[2m[WebServer] [22m{"time":"2026-09-06T09:07:02.134957983-04:00","level":"INFO","msg":"OK   0075_item_aliases.sql (72.45ms)","source":"stdlog"}
[2m[WebServer] [22m{"time":"2026-09-06T09:07:02.167036142-04:00","level":"INFO","msg":"OK   0076_checklist_template_app.sql (31.84ms)","source":"stdlog"}
[2m[WebServer] [22m{"time":"2026-09-06T09:07:02.223875296-04:00","level":"INFO","msg":"OK   0077_race_lost_notifications.sql (56.63ms)","source":"stdlog"}
[2m[WebServer] [22m{"time":"2026-09-06T09:07:02.223935276-04:00","level":"INFO","msg":"goose: successfully migrated database to version: 77","source":"stdlog"}
[2m[WebServer] [22m{"time":"2026-09-06T09:07:02.223949035-04:00","level":"INFO","msg":"database migrations applied successfully"}
[2m[WebServer] [22m{"time":"2026-09-06T09:07:02.308709328-04:00","level":"INFO","msg":"upserted superadmin","email":"jamal@yumyums.kitchen"}
[2m[WebServer] [22m{"time":"2026-09-06T09:07:02.345939555-04:00","level":"INFO","msg":"seeded template","name":"Setup Checklist","id":"1cbf7d94-ff94-4ad8-8bd9-168ec5d07ede"}
[2m[WebServer] [22m{"time":"2026-09-06T09:07:02.346018454-04:00","level":"INFO","msg":"seeded templates","count":1}
[2m[WebServer] [22m{"time":"2026-09-06T09:07:02.386878778-04:00","level":"INFO","msg":"seeded onboarding template","name":"Kitchen Basics Training","id":"0e794f66-5040-4a2b-8eca-9b7e81d6305d"}
[2m[WebServer] [22m{"time":"2026-09-06T09:07:02.414706936-04:00","level":"INFO","msg":"inventory: seeded vendors","count":5}
[2m[WebServer] [22m{"time":"2026-09-06T09:07:02.505835457-04:00","level":"INFO","msg":"inventory: seeded unique tags","count":19}
[2m[WebServer] [22m{"time":"2026-09-06T09:07:02.651741444-04:00","level":"INFO","msg":"inventory: seeded item groups","count":10}
[2m[WebServer] [22m{"time":"2026-09-06T09:07:03.202482553-04:00","level":"INFO","msg":"inventory: seeded purchase items from YAML","count":106}
[2m[WebServer] [22m{"time":"2026-09-06T09:07:03.202613478-04:00","level":"WARN","msg":"object storage env vars not set, photo and video upload endpoints will return 503","required":"STORAGE_KEY, STORAGE_SECRET, STORAGE_BUCKET, STORAGE_ENDPOINT, STORAGE_REGION"}
[2m[WebServer] [22m{"time":"2026-09-06T09:07:03.202684315-04:00","level":"WARN","msg":"HQ_INVENTORY_SERVICE_TOKEN not set, /api/v1/inventory/period-summary AND /api/v1/inventory/menu-cogs will return 503"}
[2m[WebServer] [22m{"time":"2026-09-06T09:07:03.202890161-04:00","level":"INFO","msg":"inventory COGS category allowlist","allowlist":["COGS"]}
[2m[WebServer] [22m{"time":"2026-09-06T09:07:03.203725585-04:00","level":"INFO","msg":"redemption arbiter not configured; POST /api/v1/marketing/redeem answers 503","missing":"HQ_SYNC_REST_URL and/or HQ_SYNC_SERVICE_KEY"}
[2m[WebServer] [22m{"time":"2026-09-06T09:07:03.203825015-04:00","level":"INFO","msg":"receipt worker disabled","reason":"E2E_DISABLE_SCHEDULERS=1"}
[2m[WebServer] [22m{"time":"2026-09-06T09:07:03.203973998-04:00","level":"INFO","msg":"alert queue started","delivery_enabled":false}
[2m[WebServer] [22m{"time":"2026-09-06T09:07:03.203993991-04:00","level":"INFO","msg":"cutoff scheduler disabled","reason":"E2E_DISABLE_SCHEDULERS=1"}
[2m[WebServer] [22m{"time":"2026-09-06T09:07:03.20401248-04:00","level":"INFO","msg":"toast worker disabled, cmd/sync-toast remains available","reason":"TOAST_SYNC_INTERVAL=0"}
[2m[WebServer] [22m{"time":"2026-09-06T09:07:03.204093959-04:00","level":"INFO","msg":"alerts queue started"}
[2m[WebServer] [22m{"time":"2026-09-06T09:07:03.227941168-04:00","level":"INFO","msg":"server listening","port":"4473"}
[2m[WebServer] [22m{"time":"2026-09-06T09:07:03.238417508-04:00","level":"INFO","msg":"reachable at","url":"http://10.255.255.254:4473"}
[2m[WebServer] [22m{"time":"2026-09-06T09:07:03.23847781-04:00","level":"INFO","msg":"reachable at","url":"http://100.70.200.55:4473"}
[2m[WebServer] [22m{"time":"2026-09-06T09:07:03.238490602-04:00","level":"INFO","msg":"reachable at","url":"http://192.168.8.164:4473"}
[2m[WebServer] [22m{"time":"2026-09-06T09:07:03.238501243-04:00","level":"INFO","msg":"Yumyums HQ ready, accepting connections"}

Running 39 tests using 1 worker

  ✓   1 [chromium] › tests/marketing.spec.js:106:3 › Marketing tile + permission seed (card marketing-tile-and-page) › SEED: SeedHQApps registers marketing + marketing-offline-override with their first-registration grants (615ms)
  ✓   2 [chromium] › tests/marketing.spec.js:130:3 › Marketing tile + permission seed (card marketing-tile-and-page) › a team_member with the app grant sees the Marketing tile on the launcher (1.2s)
[2m[WebServer] [22m{"time":"2026-09-06T09:07:09.510869882-04:00","level":"INFO","msg":"client log","level":"WARN","message":"-------------- RxDB Open Core RxStorage -------------------------------\nYou are using the free Dexie.js based RxStorage implementation from RxDB https://rxdb.info/rx-storage-dexie.html?console=dexie \nWhile this is a great option, we want to let you know that there are faster storage solutions available in our premium plugins.\nFor professional users and production environments, we highly recommend considering these premium options to enhance performance and reliability.\n https://rxdb.info/premium/?console=dexie \nIf you already purchased premium access you can disable this log by calling the setPremiumFlag() function from rxdb-premium/plugins/shared.\n---------------------------------------------------------------------","user":"Mkt T. (mkt-scan-1788700028107-435@yumyums.kitchen)","page":"/marketing.html","ua":"Mozilla/5.0 (X11; Linux x86_64) AppleWebKit/537.36 (KHTML, like Gecko) HeadlessChrome/147.0.7727.15 Safari/537.36"}
  ✓   3 [chromium] › tests/marketing.spec.js:141:3 › Marketing tile + permission seed (card marketing-tile-and-page) › marketing.html shows Scan live and the other three sub-sections as labeled placeholders (2.2s)
  ✓   4 [chromium] › tests/marketing.spec.js:182:3 › Marketing tile + permission seed (card marketing-tile-and-page) › a user without the marketing grant sees NO Marketing tile (1.7s)
  ✓   5 [chromium] › tests/marketing.spec.js:214:3 › Marketing tile + permission seed (card marketing-tile-and-page) › the offline_override entitlement renders as a grantable row in the Users access editor (795ms)
  ✓   6 [chromium] › tests/marketing.spec.js:238:3 › Marketing tile + permission seed (card marketing-tile-and-page) › a per-user offline_override grant round-trips to that user's /me/apps (1.5s)
[2m[WebServer] [22m{"time":"2026-09-06T09:07:14.473765603-04:00","level":"INFO","msg":"client log","level":"WARN","message":"-------------- RxDB Open Core RxStorage -------------------------------\nYou are using the free Dexie.js based RxStorage implementation from RxDB https://rxdb.info/rx-storage-dexie.html?console=dexie \nWhile this is a great option, we want to let you know that there are faster storage solutions available in our premium plugins.\nFor professional users and production environments, we highly recommend considering these premium options to enhance performance and reliability.\n https://rxdb.info/premium/?console=dexie \nIf you already purchased premium access you can disable this log by calling the setPremiumFlag() function from rxdb-premium/plugins/shared.\n---------------------------------------------------------------------","user":"Jamal C. (jamal@yumyums.kitchen)","page":"/marketing.html","ua":"Mozilla/5.0 (X11; Linux x86_64) AppleWebKit/537.36 (KHTML, like Gecko) HeadlessChrome/147.0.7727.15 Safari/537.36"}
  ✓   7 [chromium] › tests/marketing.spec.js:405:3 › Camera scanner decode (card camera-scanner-decode) › a printed QR decodes from an image and its on-device hash equals the committed seed literal (911ms)
[2m[WebServer] [22m{"time":"2026-09-06T09:07:15.374225246-04:00","level":"INFO","msg":"client log","level":"WARN","message":"-------------- RxDB Open Core RxStorage -------------------------------\nYou are using the free Dexie.js based RxStorage implementation from RxDB https://rxdb.info/rx-storage-dexie.html?console=dexie \nWhile this is a great option, we want to let you know that there are faster storage solutions available in our premium plugins.\nFor professional users and production environments, we highly recommend considering these premium options to enhance performance and reliability.\n https://rxdb.info/premium/?console=dexie \nIf you already purchased premium access you can disable this log by calling the setPremiumFlag() function from rxdb-premium/plugins/shared.\n---------------------------------------------------------------------","user":"Jamal C. (jamal@yumyums.kitchen)","page":"/marketing.html","ua":"Mozilla/5.0 (X11; Linux x86_64) AppleWebKit/537.36 (KHTML, like Gecko) HeadlessChrome/147.0.7727.15 Safari/537.36"}
  ✓   8 [chromium] › tests/marketing.spec.js:423:3 › Camera scanner decode (card camera-scanner-decode) › done_when: a synced customer's offer resolves OFFLINE from the local replica (image decode) (890ms)
[2m[WebServer] [22m{"time":"2026-09-06T09:07:16.32495226-04:00","level":"INFO","msg":"client log","level":"WARN","message":"-------------- RxDB Open Core RxStorage -------------------------------\nYou are using the free Dexie.js based RxStorage implementation from RxDB https://rxdb.info/rx-storage-dexie.html?console=dexie \nWhile this is a great option, we want to let you know that there are faster storage solutions available in our premium plugins.\nFor professional users and production environments, we highly recommend considering these premium options to enhance performance and reliability.\n https://rxdb.info/premium/?console=dexie \nIf you already purchased premium access you can disable this log by calling the setPremiumFlag() function from rxdb-premium/plugins/shared.\n---------------------------------------------------------------------","user":"Jamal C. (jamal@yumyums.kitchen)","page":"/marketing.html","ua":"Mozilla/5.0 (X11; Linux x86_64) AppleWebKit/537.36 (KHTML, like Gecko) HeadlessChrome/147.0.7727.15 Safari/537.36"}
  ✓   9 [chromium] › tests/marketing.spec.js:445:3 › Camera scanner decode (card camera-scanner-decode) › done_when: an un-synced customer falls back OFFLINE to the QR-embedded offer, marked unverified (image decode) (888ms)
[2m[WebServer] [22m{"time":"2026-09-06T09:07:17.344654102-04:00","level":"INFO","msg":"client log","level":"WARN","message":"-------------- RxDB Open Core RxStorage -------------------------------\nYou are using the free Dexie.js based RxStorage implementation from RxDB https://rxdb.info/rx-storage-dexie.html?console=dexie \nWhile this is a great option, we want to let you know that there are faster storage solutions available in our premium plugins.\nFor professional users and production environments, we highly recommend considering these premium options to enhance performance and reliability.\n https://rxdb.info/premium/?console=dexie \nIf you already purchased premium access you can disable this log by calling the setPremiumFlag() function from rxdb-premium/plugins/shared.\n---------------------------------------------------------------------","user":"Jamal C. (jamal@yumyums.kitchen)","page":"/marketing.html","ua":"Mozilla/5.0 (X11; Linux x86_64) AppleWebKit/537.36 (KHTML, like Gecko) HeadlessChrome/147.0.7727.15 Safari/537.36"}
  ✓  10 [chromium] › tests/marketing.spec.js:464:3 › Camera scanner decode (card camera-scanner-decode) › resolution order: the local replica beats the QR-embedded offer when both exist (913ms)
[2m[WebServer] [22m{"time":"2026-09-06T09:07:18.255483059-04:00","level":"INFO","msg":"client log","level":"WARN","message":"-------------- RxDB Open Core RxStorage -------------------------------\nYou are using the free Dexie.js based RxStorage implementation from RxDB https://rxdb.info/rx-storage-dexie.html?console=dexie \nWhile this is a great option, we want to let you know that there are faster storage solutions available in our premium plugins.\nFor professional users and production environments, we highly recommend considering these premium options to enhance performance and reliability.\n https://rxdb.info/premium/?console=dexie \nIf you already purchased premium access you can disable this log by calling the setPremiumFlag() function from rxdb-premium/plugins/shared.\n---------------------------------------------------------------------","user":"Jamal C. (jamal@yumyums.kitchen)","page":"/marketing.html","ua":"Mozilla/5.0 (X11; Linux x86_64) AppleWebKit/537.36 (KHTML, like Gecko) HeadlessChrome/147.0.7727.15 Safari/537.36"}
  ✓  11 [chromium] › tests/marketing.spec.js:478:3 › Camera scanner decode (card camera-scanner-decode) › a token in neither replica with no descriptor resolves unknownCode (F2 display) (791ms)
[2m[WebServer] [22m{"time":"2026-09-06T09:07:19.203304664-04:00","level":"INFO","msg":"client log","level":"WARN","message":"-------------- RxDB Open Core RxStorage -------------------------------\nYou are using the free Dexie.js based RxStorage implementation from RxDB https://rxdb.info/rx-storage-dexie.html?console=dexie \nWhile this is a great option, we want to let you know that there are faster storage solutions available in our premium plugins.\nFor professional users and production environments, we highly recommend considering these premium options to enhance performance and reliability.\n https://rxdb.info/premium/?console=dexie \nIf you already purchased premium access you can disable this log by calling the setPremiumFlag() function from rxdb-premium/plugins/shared.\n---------------------------------------------------------------------","user":"Jamal C. (jamal@yumyums.kitchen)","page":"/marketing.html","ua":"Mozilla/5.0 (X11; Linux x86_64) AppleWebKit/537.36 (KHTML, like Gecko) HeadlessChrome/147.0.7727.15 Safari/537.36"}
  ✓  12 [chromium] › tests/marketing.spec.js:486:3 › Camera scanner decode (card camera-scanner-decode) › a payload that is not a Yumyums code resolves invalidPayload, loudly (1.2s)
[2m[WebServer] [22m{"time":"2026-09-06T09:07:20.166480775-04:00","level":"INFO","msg":"client log","level":"WARN","message":"-------------- RxDB Open Core RxStorage -------------------------------\nYou are using the free Dexie.js based RxStorage implementation from RxDB https://rxdb.info/rx-storage-dexie.html?console=dexie \nWhile this is a great option, we want to let you know that there are faster storage solutions available in our premium plugins.\nFor professional users and production environments, we highly recommend considering these premium options to enhance performance and reliability.\n https://rxdb.info/premium/?console=dexie \nIf you already purchased premium access you can disable this log by calling the setPremiumFlag() function from rxdb-premium/plugins/shared.\n---------------------------------------------------------------------","user":"Jamal C. (jamal@yumyums.kitchen)","page":"/marketing.html","ua":"Mozilla/5.0 (X11; Linux x86_64) AppleWebKit/537.36 (KHTML, like Gecko) HeadlessChrome/147.0.7727.15 Safari/537.36"}
  ✓  13 [chromium] › tests/marketing.spec.js:496:3 › Camera scanner decode (card camera-scanner-decode) › F3 offline: a locally-redeemed code rejects immediately as spentLocally (780ms)
[2m[WebServer] [22m{"time":"2026-09-06T09:07:20.94834377-04:00","level":"INFO","msg":"client log","level":"WARN","message":"-------------- RxDB Open Core RxStorage -------------------------------\nYou are using the free Dexie.js based RxStorage implementation from RxDB https://rxdb.info/rx-storage-dexie.html?console=dexie \nWhile this is a great option, we want to let you know that there are faster storage solutions available in our premium plugins.\nFor professional users and production environments, we highly recommend considering these premium options to enhance performance and reliability.\n https://rxdb.info/premium/?console=dexie \nIf you already purchased premium access you can disable this log by calling the setPremiumFlag() function from rxdb-premium/plugins/shared.\n---------------------------------------------------------------------","user":"Jamal C. (jamal@yumyums.kitchen)","page":"/marketing.html","ua":"Mozilla/5.0 (X11; Linux x86_64) AppleWebKit/537.36 (KHTML, like Gecko) HeadlessChrome/147.0.7727.15 Safari/537.36"}
  ✓  14 [chromium] › tests/marketing.spec.js:514:3 › Camera scanner decode (card camera-scanner-decode) › F3 online: the local redeemed flag does NOT reject — the server decides at submit (711ms)
[2m[WebServer] [22m{"time":"2026-09-06T09:07:19.788836733-04:00","level":"INFO","msg":"client log","level":"WARN","message":"-------------- RxDB Open Core RxStorage -------------------------------\nYou are using the free Dexie.js based RxStorage implementation from RxDB https://rxdb.info/rx-storage-dexie.html?console=dexie \nWhile this is a great option, we want to let you know that there are faster storage solutions available in our premium plugins.\nFor professional users and production environments, we highly recommend considering these premium options to enhance performance and reliability.\n https://rxdb.info/premium/?console=dexie \nIf you already purchased premium access you can disable this log by calling the setPremiumFlag() function from rxdb-premium/plugins/shared.\n---------------------------------------------------------------------","user":"Jamal C. (jamal@yumyums.kitchen)","page":"/marketing.html","ua":"Mozilla/5.0 (X11; Linux x86_64) AppleWebKit/537.36 (KHTML, like Gecko) HeadlessChrome/147.0.7727.15 Safari/537.36"}
  ✓  15 [chromium] › tests/marketing.spec.js:537:3 › Camera scanner decode (card camera-scanner-decode) › offline expiry uses clock.isExpired — a +2h server offset expires a code raw Date.now() calls live (916ms)
[2m[WebServer] [22m{"time":"2026-09-06T09:07:20.619239365-04:00","level":"INFO","msg":"client log","level":"WARN","message":"-------------- RxDB Open Core RxStorage -------------------------------\nYou are using the free Dexie.js based RxStorage implementation from RxDB https://rxdb.info/rx-storage-dexie.html?console=dexie \nWhile this is a great option, we want to let you know that there are faster storage solutions available in our premium plugins.\nFor professional users and production environments, we highly recommend considering these premium options to enhance performance and reliability.\n https://rxdb.info/premium/?console=dexie \nIf you already purchased premium access you can disable this log by calling the setPremiumFlag() function from rxdb-premium/plugins/shared.\n---------------------------------------------------------------------","user":"Jamal C. (jamal@yumyums.kitchen)","page":"/marketing.html","ua":"Mozilla/5.0 (X11; Linux x86_64) AppleWebKit/537.36 (KHTML, like Gecko) HeadlessChrome/147.0.7727.15 Safari/537.36"}
[2m[WebServer] [22m{"time":"2026-09-06T09:07:20.775260541-04:00","level":"INFO","msg":"client log","level":"WARN","message":"-------------- RxDB Open Core RxStorage -------------------------------\nYou are using the free Dexie.js based RxStorage implementation from RxDB https://rxdb.info/rx-storage-dexie.html?console=dexie \nWhile this is a great option, we want to let you know that there are faster storage solutions available in our premium plugins.\nFor professional users and production environments, we highly recommend considering these premium options to enhance performance and reliability.\n https://rxdb.info/premium/?console=dexie \nIf you already purchased premium access you can disable this log by calling the setPremiumFlag() function from rxdb-premium/plugins/shared.\n---------------------------------------------------------------------","user":"Jamal C. (jamal@yumyums.kitchen)","page":"/marketing.html","ua":"Mozilla/5.0 (X11; Linux x86_64) AppleWebKit/537.36 (KHTML, like Gecko) HeadlessChrome/147.0.7727.15 Safari/537.36"}
  ✓  16 [chromium] › tests/marketing.spec.js:557:3 › Camera scanner decode (card camera-scanner-decode) › the clock state round-trips a reload (persist → initialState) so a reloaded-offline device keeps its offset (797ms)
[2m[WebServer] [22m{"time":"2026-09-06T09:07:21.658464676-04:00","level":"INFO","msg":"client log","level":"WARN","message":"-------------- RxDB Open Core RxStorage -------------------------------\nYou are using the free Dexie.js based RxStorage implementation from RxDB https://rxdb.info/rx-storage-dexie.html?console=dexie \nWhile this is a great option, we want to let you know that there are faster storage solutions available in our premium plugins.\nFor professional users and production environments, we highly recommend considering these premium options to enhance performance and reliability.\n https://rxdb.info/premium/?console=dexie \nIf you already purchased premium access you can disable this log by calling the setPremiumFlag() function from rxdb-premium/plugins/shared.\n---------------------------------------------------------------------","user":"Jamal C. (jamal@yumyums.kitchen)","page":"/marketing.html","ua":"Mozilla/5.0 (X11; Linux x86_64) AppleWebKit/537.36 (KHTML, like Gecko) HeadlessChrome/147.0.7727.15 Safari/537.36"}
  ✓  17 [chromium] › tests/marketing.spec.js:581:3 › Camera scanner decode (card camera-scanner-decode) › hash caching: repeated scans of one token digest once (1.0s)
[2m[WebServer] [22m{"time":"2026-09-06T09:07:22.490149585-04:00","level":"INFO","msg":"client log","level":"WARN","message":"-------------- RxDB Open Core RxStorage -------------------------------\nYou are using the free Dexie.js based RxStorage implementation from RxDB https://rxdb.info/rx-storage-dexie.html?console=dexie \nWhile this is a great option, we want to let you know that there are faster storage solutions available in our premium plugins.\nFor professional users and production environments, we highly recommend considering these premium options to enhance performance and reliability.\n https://rxdb.info/premium/?console=dexie \nIf you already purchased premium access you can disable this log by calling the setPremiumFlag() function from rxdb-premium/plugins/shared.\n---------------------------------------------------------------------","user":"Jamal C. (jamal@yumyums.kitchen)","page":"/marketing.html","ua":"Mozilla/5.0 (X11; Linux x86_64) AppleWebKit/537.36 (KHTML, like Gecko) HeadlessChrome/147.0.7727.15 Safari/537.36"}
  ✓  18 [chromium] › tests/marketing.spec.js:590:3 › Camera scanner decode (card camera-scanner-decode) › enqueue is serialized per code: two rapid same-code enqueues insert exactly one live attempt (752ms)
[2m[WebServer] [22m{"time":"2026-09-06T09:07:23.204197025-04:00","level":"INFO","msg":"client log","level":"WARN","message":"-------------- RxDB Open Core RxStorage -------------------------------\nYou are using the free Dexie.js based RxStorage implementation from RxDB https://rxdb.info/rx-storage-dexie.html?console=dexie \nWhile this is a great option, we want to let you know that there are faster storage solutions available in our premium plugins.\nFor professional users and production environments, we highly recommend considering these premium options to enhance performance and reliability.\n https://rxdb.info/premium/?console=dexie \nIf you already purchased premium access you can disable this log by calling the setPremiumFlag() function from rxdb-premium/plugins/shared.\n---------------------------------------------------------------------","user":"Jamal C. (jamal@yumyums.kitchen)","page":"/marketing.html","ua":"Mozilla/5.0 (X11; Linux x86_64) AppleWebKit/537.36 (KHTML, like Gecko) HeadlessChrome/147.0.7727.15 Safari/537.36"}
  ✓  19 [chromium] › tests/marketing.spec.js:607:3 › Camera scanner decode (card camera-scanner-decode) › F6: re-scanning the same code re-shows the result instead of erroring or duplicating (711ms)
[2m[WebServer] [22m{"time":"2026-09-06T09:07:23.904925585-04:00","level":"INFO","msg":"client log","level":"WARN","message":"-------------- RxDB Open Core RxStorage -------------------------------\nYou are using the free Dexie.js based RxStorage implementation from RxDB https://rxdb.info/rx-storage-dexie.html?console=dexie \nWhile this is a great option, we want to let you know that there are faster storage solutions available in our premium plugins.\nFor professional users and production environments, we highly recommend considering these premium options to enhance performance and reliability.\n https://rxdb.info/premium/?console=dexie \nIf you already purchased premium access you can disable this log by calling the setPremiumFlag() function from rxdb-premium/plugins/shared.\n---------------------------------------------------------------------","user":"Jamal C. (jamal@yumyums.kitchen)","page":"/marketing.html","ua":"Mozilla/5.0 (X11; Linux x86_64) AppleWebKit/537.36 (KHTML, like Gecko) HeadlessChrome/147.0.7727.15 Safari/537.36"}
  ✓  20 [chromium] › tests/marketing.spec.js:619:3 › Camera scanner decode (card camera-scanner-decode) › camera failure is loud and retryable (headless has no camera; live decode is the attended morning check) (829ms)
[2m[WebServer] [22m{"time":"2026-09-06T09:07:24.79806121-04:00","level":"INFO","msg":"client log","level":"WARN","message":"-------------- RxDB Open Core RxStorage -------------------------------\nYou are using the free Dexie.js based RxStorage implementation from RxDB https://rxdb.info/rx-storage-dexie.html?console=dexie \nWhile this is a great option, we want to let you know that there are faster storage solutions available in our premium plugins.\nFor professional users and production environments, we highly recommend considering these premium options to enhance performance and reliability.\n https://rxdb.info/premium/?console=dexie \nIf you already purchased premium access you can disable this log by calling the setPremiumFlag() function from rxdb-premium/plugins/shared.\n---------------------------------------------------------------------","user":"Jamal C. (jamal@yumyums.kitchen)","page":"/marketing.html","ua":"Mozilla/5.0 (X11; Linux x86_64) AppleWebKit/537.36 (KHTML, like Gecko) HeadlessChrome/147.0.7727.15 Safari/537.36"}
  ✓  21 [chromium] › tests/marketing.spec.js:713:3 › Redemption submit flow (card redemption-submit-flow) › a persistent online/offline indicator renders from boot and reads online on a live probe (727ms)
[2m[WebServer] [22m{"time":"2026-09-06T09:07:25.407034638-04:00","level":"ERROR","msg":"GetMyTrainings failed","error":"context canceled"}
[2m[WebServer] [22m{"time":"2026-09-06T09:07:25.514245752-04:00","level":"INFO","msg":"client log","level":"WARN","message":"-------------- RxDB Open Core RxStorage -------------------------------\nYou are using the free Dexie.js based RxStorage implementation from RxDB https://rxdb.info/rx-storage-dexie.html?console=dexie \nWhile this is a great option, we want to let you know that there are faster storage solutions available in our premium plugins.\nFor professional users and production environments, we highly recommend considering these premium options to enhance performance and reliability.\n https://rxdb.info/premium/?console=dexie \nIf you already purchased premium access you can disable this log by calling the setPremiumFlag() function from rxdb-premium/plugins/shared.\n---------------------------------------------------------------------","user":"Jamal C. (jamal@yumyums.kitchen)","page":"/marketing.html","ua":"Mozilla/5.0 (X11; Linux x86_64) AppleWebKit/537.36 (KHTML, like Gecko) HeadlessChrome/147.0.7727.15 Safari/537.36"}
  ✓  22 [chromium] › tests/marketing.spec.js:727:3 › Redemption submit flow (card redemption-submit-flow) › confirm-then-burn: no path to redeemed without a validator-passing Toast order number (816ms)
[2m[WebServer] [22m{"time":"2026-09-06T09:07:26.690609897-04:00","level":"ERROR","msg":"GetManagerHires failed","error":"query assigned templates for hire 2e71c4c3-254c-480c-9bd9-8e07e10c77ff: context canceled"}
[2m[WebServer] [22m{"time":"2026-09-06T09:07:26.707039361-04:00","level":"ERROR","msg":"GetMyTrainings failed","error":"context canceled"}
[2m[WebServer] [22m{"time":"2026-09-06T09:07:27.180507135-04:00","level":"INFO","msg":"client log","level":"WARN","message":"-------------- RxDB Open Core RxStorage -------------------------------\nYou are using the free Dexie.js based RxStorage implementation from RxDB https://rxdb.info/rx-storage-dexie.html?console=dexie \nWhile this is a great option, we want to let you know that there are faster storage solutions available in our premium plugins.\nFor professional users and production environments, we highly recommend considering these premium options to enhance performance and reliability.\n https://rxdb.info/premium/?console=dexie \nIf you already purchased premium access you can disable this log by calling the setPremiumFlag() function from rxdb-premium/plugins/shared.\n---------------------------------------------------------------------","user":"Mkt T. (mkt-c6-noperm-1788700046253-1120@yumyums.kitchen)","page":"/marketing.html","ua":"Mozilla/5.0 (X11; Linux x86_64) AppleWebKit/537.36 (KHTML, like Gecko) HeadlessChrome/147.0.7727.15 Safari/537.36"}
  ✓  23 [chromium] › tests/marketing.spec.js:770:3 › Redemption submit flow (card redemption-submit-flow) › offline branch 1: no entitlement -> blocked, no override affordance (2.0s)
[2m[WebServer] [22m{"time":"2026-09-06T09:07:28.551938997-04:00","level":"ERROR","msg":"GetManagerHires failed","error":"query assigned templates for hire b49e3adf-d809-4bce-b46b-4ff67ce4d094: context canceled"}
[2m[WebServer] [22m{"time":"2026-09-06T09:07:28.67067343-04:00","level":"INFO","msg":"client log","level":"WARN","message":"-------------- RxDB Open Core RxStorage -------------------------------\nYou are using the free Dexie.js based RxStorage implementation from RxDB https://rxdb.info/rx-storage-dexie.html?console=dexie \nWhile this is a great option, we want to let you know that there are faster storage solutions available in our premium plugins.\nFor professional users and production environments, we highly recommend considering these premium options to enhance performance and reliability.\n https://rxdb.info/premium/?console=dexie \nIf you already purchased premium access you can disable this log by calling the setPremiumFlag() function from rxdb-premium/plugins/shared.\n---------------------------------------------------------------------","user":"Jamal C. (jamal@yumyums.kitchen)","page":"/marketing.html","ua":"Mozilla/5.0 (X11; Linux x86_64) AppleWebKit/537.36 (KHTML, like Gecko) HeadlessChrome/147.0.7727.15 Safari/537.36"}
  ✓  24 [chromium] › tests/marketing.spec.js:789:3 › Redemption submit flow (card redemption-submit-flow) › offline branch 2: the entitlement offers force-submit behind the §13 confirmation (1.3s)
[2m[WebServer] [22m{"time":"2026-09-06T09:07:29.55901387-04:00","level":"ERROR","msg":"GetManagerHires failed","error":"iterate assigned templates for hire b49e3adf-d809-4bce-b46b-4ff67ce4d094: context canceled"}
[2m[WebServer] [22m{"time":"2026-09-06T09:07:29.569401067-04:00","level":"ERROR","msg":"GetMyTrainings failed","error":"context canceled"}
[2m[WebServer] [22m{"time":"2026-09-06T09:07:29.669997682-04:00","level":"INFO","msg":"client log","level":"WARN","message":"-------------- RxDB Open Core RxStorage -------------------------------\nYou are using the free Dexie.js based RxStorage implementation from RxDB https://rxdb.info/rx-storage-dexie.html?console=dexie \nWhile this is a great option, we want to let you know that there are faster storage solutions available in our premium plugins.\nFor professional users and production environments, we highly recommend considering these premium options to enhance performance and reliability.\n https://rxdb.info/premium/?console=dexie \nIf you already purchased premium access you can disable this log by calling the setPremiumFlag() function from rxdb-premium/plugins/shared.\n---------------------------------------------------------------------","user":"Jamal C. (jamal@yumyums.kitchen)","page":"/marketing.html","ua":"Mozilla/5.0 (X11; Linux x86_64) AppleWebKit/537.36 (KHTML, like Gecko) HeadlessChrome/147.0.7727.15 Safari/537.36"}
  ✓  25 [chromium] › tests/marketing.spec.js:832:3 › Redemption submit flow (card redemption-submit-flow) › offline branch 3: requires_online=true refuses the override even WITH the entitlement (§8) (835ms)
[2m[WebServer] [22m{"time":"2026-09-06T09:07:30.719332937-04:00","level":"INFO","msg":"client log","level":"WARN","message":"-------------- RxDB Open Core RxStorage -------------------------------\nYou are using the free Dexie.js based RxStorage implementation from RxDB https://rxdb.info/rx-storage-dexie.html?console=dexie \nWhile this is a great option, we want to let you know that there are faster storage solutions available in our premium plugins.\nFor professional users and production environments, we highly recommend considering these premium options to enhance performance and reliability.\n https://rxdb.info/premium/?console=dexie \nIf you already purchased premium access you can disable this log by calling the setPremiumFlag() function from rxdb-premium/plugins/shared.\n---------------------------------------------------------------------","user":"Jamal C. (jamal@yumyums.kitchen)","page":"/marketing.html","ua":"Mozilla/5.0 (X11; Linux x86_64) AppleWebKit/537.36 (KHTML, like Gecko) HeadlessChrome/147.0.7727.15 Safari/537.36"}
  ✓  26 [chromium] › tests/marketing.spec.js:877:3 › Redemption submit flow (card redemption-submit-flow) › B-432: a requires_online=true code is refused while its campaign is UNRESOLVED (branch-3 minus the campaigns: seed) (1.1s)
[2m[WebServer] [22m{"time":"2026-09-06T09:07:31.634969712-04:00","level":"INFO","msg":"client log","level":"WARN","message":"-------------- RxDB Open Core RxStorage -------------------------------\nYou are using the free Dexie.js based RxStorage implementation from RxDB https://rxdb.info/rx-storage-dexie.html?console=dexie \nWhile this is a great option, we want to let you know that there are faster storage solutions available in our premium plugins.\nFor professional users and production environments, we highly recommend considering these premium options to enhance performance and reliability.\n https://rxdb.info/premium/?console=dexie \nIf you already purchased premium access you can disable this log by calling the setPremiumFlag() function from rxdb-premium/plugins/shared.\n---------------------------------------------------------------------","user":"Jamal C. (jamal@yumyums.kitchen)","page":"/marketing.html","ua":"Mozilla/5.0 (X11; Linux x86_64) AppleWebKit/537.36 (KHTML, like Gecko) HeadlessChrome/147.0.7727.15 Safari/537.36"}
  ✓  27 [chromium] › tests/marketing.spec.js:907:3 › Redemption submit flow (card redemption-submit-flow) › P-KR4: indicator flips and submit re-arms LIVE when reachability returns — zero page interaction (995ms)
[2m[WebServer] [22m{"time":"2026-09-06T09:07:32.547169118-04:00","level":"ERROR","msg":"GetManagerHires failed","error":"query assigned templates for hire b49e3adf-d809-4bce-b46b-4ff67ce4d094: context canceled"}
[2m[WebServer] [22m{"time":"2026-09-06T09:07:32.703082822-04:00","level":"INFO","msg":"client log","level":"WARN","message":"-------------- RxDB Open Core RxStorage -------------------------------\nYou are using the free Dexie.js based RxStorage implementation from RxDB https://rxdb.info/rx-storage-dexie.html?console=dexie \nWhile this is a great option, we want to let you know that there are faster storage solutions available in our premium plugins.\nFor professional users and production environments, we highly recommend considering these premium options to enhance performance and reliability.\n https://rxdb.info/premium/?console=dexie \nIf you already purchased premium access you can disable this log by calling the setPremiumFlag() function from rxdb-premium/plugins/shared.\n---------------------------------------------------------------------","user":"Jamal C. (jamal@yumyums.kitchen)","page":"/marketing.html","ua":"Mozilla/5.0 (X11; Linux x86_64) AppleWebKit/537.36 (KHTML, like Gecko) HeadlessChrome/147.0.7727.15 Safari/537.36"}
  ✓  28 [chromium] › tests/marketing.spec.js:932:3 › Redemption submit flow (card redemption-submit-flow) › F2: an unknownCode offline override warns unverifiable and writes offline_override=true AND unverified_code=true (1.2s)
[2m[WebServer] [22m{"time":"2026-09-06T09:07:33.961809443-04:00","level":"INFO","msg":"client log","level":"WARN","message":"-------------- RxDB Open Core RxStorage -------------------------------\nYou are using the free Dexie.js based RxStorage implementation from RxDB https://rxdb.info/rx-storage-dexie.html?console=dexie \nWhile this is a great option, we want to let you know that there are faster storage solutions available in our premium plugins.\nFor professional users and production environments, we highly recommend considering these premium options to enhance performance and reliability.\n https://rxdb.info/premium/?console=dexie \nIf you already purchased premium access you can disable this log by calling the setPremiumFlag() function from rxdb-premium/plugins/shared.\n---------------------------------------------------------------------","user":"Jamal C. (jamal@yumyums.kitchen)","page":"/marketing.html","ua":"Mozilla/5.0 (X11; Linux x86_64) AppleWebKit/537.36 (KHTML, like Gecko) HeadlessChrome/147.0.7727.15 Safari/537.36"}
  ✓  29 [chromium] › tests/marketing.spec.js:994:3 › Redemption submit flow (card redemption-submit-flow) › done_when(2): a replica-FAILURE override lands policy_unresolved=true, distinguishable from the genuinely-unknown one (1.0s)
[2m[WebServer] [22m{"time":"2026-09-06T09:07:34.947682526-04:00","level":"INFO","msg":"client log","level":"WARN","message":"-------------- RxDB Open Core RxStorage -------------------------------\nYou are using the free Dexie.js based RxStorage implementation from RxDB https://rxdb.info/rx-storage-dexie.html?console=dexie \nWhile this is a great option, we want to let you know that there are faster storage solutions available in our premium plugins.\nFor professional users and production environments, we highly recommend considering these premium options to enhance performance and reliability.\n https://rxdb.info/premium/?console=dexie \nIf you already purchased premium access you can disable this log by calling the setPremiumFlag() function from rxdb-premium/plugins/shared.\n---------------------------------------------------------------------","user":"Jamal C. (jamal@yumyums.kitchen)","page":"/marketing.html","ua":"Mozilla/5.0 (X11; Linux x86_64) AppleWebKit/537.36 (KHTML, like Gecko) HeadlessChrome/147.0.7727.15 Safari/537.36"}
  ✓  30 [chromium] › tests/marketing.spec.js:1043:3 › Redemption submit flow (card redemption-submit-flow) › B-434(c): the policy predicate — resolved flag / KNOWN-but-unresolved fails closed / no campaign stays null (decision 166) (716ms)
[2m[WebServer] [22m{"time":"2026-09-06T09:07:35.646954118-04:00","level":"INFO","msg":"client log","level":"WARN","message":"-------------- RxDB Open Core RxStorage -------------------------------\nYou are using the free Dexie.js based RxStorage implementation from RxDB https://rxdb.info/rx-storage-dexie.html?console=dexie \nWhile this is a great option, we want to let you know that there are faster storage solutions available in our premium plugins.\nFor professional users and production environments, we highly recommend considering these premium options to enhance performance and reliability.\n https://rxdb.info/premium/?console=dexie \nIf you already purchased premium access you can disable this log by calling the setPremiumFlag() function from rxdb-premium/plugins/shared.\n---------------------------------------------------------------------","user":"Jamal C. (jamal@yumyums.kitchen)","page":"/marketing.html","ua":"Mozilla/5.0 (X11; Linux x86_64) AppleWebKit/537.36 (KHTML, like Gecko) HeadlessChrome/147.0.7727.15 Safari/537.36"}
  ✓  31 [chromium] › tests/marketing.spec.js:1087:3 › Redemption submit flow (card redemption-submit-flow) › F6: same-code re-scan is a no-op; a different code prompts; dismiss returns to the interrupted state (961ms)
[2m[WebServer] [22m{"time":"2026-09-06T09:07:36.621199843-04:00","level":"INFO","msg":"client log","level":"WARN","message":"-------------- RxDB Open Core RxStorage -------------------------------\nYou are using the free Dexie.js based RxStorage implementation from RxDB https://rxdb.info/rx-storage-dexie.html?console=dexie \nWhile this is a great option, we want to let you know that there are faster storage solutions available in our premium plugins.\nFor professional users and production environments, we highly recommend considering these premium options to enhance performance and reliability.\n https://rxdb.info/premium/?console=dexie \nIf you already purchased premium access you can disable this log by calling the setPremiumFlag() function from rxdb-premium/plugins/shared.\n---------------------------------------------------------------------","user":"Jamal C. (jamal@yumyums.kitchen)","page":"/marketing.html","ua":"Mozilla/5.0 (X11; Linux x86_64) AppleWebKit/537.36 (KHTML, like Gecko) HeadlessChrome/147.0.7727.15 Safari/537.36"}
  ✓  32 [chromium] › tests/marketing.spec.js:1128:3 › Redemption submit flow (card redemption-submit-flow) › already_used verdict renders when + which device from the local codes replica (853ms)
[2m[WebServer] [22m{"time":"2026-09-06T09:07:37.597136315-04:00","level":"INFO","msg":"client log","level":"WARN","message":"-------------- RxDB Open Core RxStorage -------------------------------\nYou are using the free Dexie.js based RxStorage implementation from RxDB https://rxdb.info/rx-storage-dexie.html?console=dexie \nWhile this is a great option, we want to let you know that there are faster storage solutions available in our premium plugins.\nFor professional users and production environments, we highly recommend considering these premium options to enhance performance and reliability.\n https://rxdb.info/premium/?console=dexie \nIf you already purchased premium access you can disable this log by calling the setPremiumFlag() function from rxdb-premium/plugins/shared.\n---------------------------------------------------------------------","user":"Jamal C. (jamal@yumyums.kitchen)","page":"/marketing.html","ua":"Mozilla/5.0 (X11; Linux x86_64) AppleWebKit/537.36 (KHTML, like Gecko) HeadlessChrome/147.0.7727.15 Safari/537.36"}
[2m[WebServer] [22m{"time":"2026-09-06T09:07:37.761628087-04:00","level":"INFO","msg":"client log","level":"ERROR","message":"[marketing submit] undeclared (state,event) pair {\"event\":\"BOGUS_EVENT\",\"scan\":\"offerReady\",\"conn\":\"online\",\"overlay\":\"none\"}","user":"Jamal C. (jamal@yumyums.kitchen)","page":"/marketing.html","ua":"Mozilla/5.0 (X11; Linux x86_64) AppleWebKit/537.36 (KHTML, like Gecko) HeadlessChrome/147.0.7727.15 Safari/537.36"}
[2m[WebServer] [22m{"time":"2026-09-06T09:07:37.761628304-04:00","level":"INFO","msg":"client log","level":"ERROR","message":"[marketing submit] undeclared (state,event) pair {\"event\":\"BOGUS_EVENT\",\"scan\":\"offerReady\",\"conn\":\"online\",\"overlay\":\"none\"}","user":"Jamal C. (jamal@yumyums.kitchen)","page":"/marketing.html","ua":"Mozilla/5.0 (X11; Linux x86_64) AppleWebKit/537.36 (KHTML, like Gecko) HeadlessChrome/147.0.7727.15 Safari/537.36"}
[2m[WebServer] [22m{"time":"2026-09-06T09:07:37.789078316-04:00","level":"INFO","msg":"client log","level":"ERROR","message":"[marketing submit] undeclared (state,event) pair {\"event\":\"BOGUS_EVENT\",\"scan\":\"offerReady\",\"conn\":\"online\",\"overlay\":\"none\"}","user":"Jamal C. (jamal@yumyums.kitchen)","page":"/marketing.html","ua":"Mozilla/5.0 (X11; Linux x86_64) AppleWebKit/537.36 (KHTML, like Gecko) HeadlessChrome/147.0.7727.15 Safari/537.36"}
  ✓  33 [chromium] › tests/marketing.spec.js:1148:3 › Redemption submit flow (card redemption-submit-flow) › an undeclared machine event raises the modeled unexpectedEvent card — loud, named, retryable, never a dead actor (840ms)
[2m[WebServer] [22m{"time":"2026-09-06T09:07:38.597353903-04:00","level":"INFO","msg":"client log","level":"WARN","message":"-------------- RxDB Open Core RxStorage -------------------------------\nYou are using the free Dexie.js based RxStorage implementation from RxDB https://rxdb.info/rx-storage-dexie.html?console=dexie \nWhile this is a great option, we want to let you know that there are faster storage solutions available in our premium plugins.\nFor professional users and production environments, we highly recommend considering these premium options to enhance performance and reliability.\n https://rxdb.info/premium/?console=dexie \nIf you already purchased premium access you can disable this log by calling the setPremiumFlag() function from rxdb-premium/plugins/shared.\n---------------------------------------------------------------------","user":"Jamal C. (jamal@yumyums.kitchen)","page":"/marketing.html","ua":"Mozilla/5.0 (X11; Linux x86_64) AppleWebKit/537.36 (KHTML, like Gecko) HeadlessChrome/147.0.7727.15 Safari/537.36"}
  ✓  34 [chromium] › tests/marketing.spec.js:1259:3 › Sync provisioning (card sync-coordinates-provisioning) › done_when(1): provisioning through the SHIPPED path arms sync; a server-side code resolves OFFLINE after the network is cut (1.3s)
[2m[WebServer] [22m{"time":"2026-09-06T09:07:39.946962899-04:00","level":"INFO","msg":"client log","level":"WARN","message":"-------------- RxDB Open Core RxStorage -------------------------------\nYou are using the free Dexie.js based RxStorage implementation from RxDB https://rxdb.info/rx-storage-dexie.html?console=dexie \nWhile this is a great option, we want to let you know that there are faster storage solutions available in our premium plugins.\nFor professional users and production environments, we highly recommend considering these premium options to enhance performance and reliability.\n https://rxdb.info/premium/?console=dexie \nIf you already purchased premium access you can disable this log by calling the setPremiumFlag() function from rxdb-premium/plugins/shared.\n---------------------------------------------------------------------","user":"Jamal C. (jamal@yumyums.kitchen)","page":"/marketing.html","ua":"Mozilla/5.0 (X11; Linux x86_64) AppleWebKit/537.36 (KHTML, like Gecko) HeadlessChrome/147.0.7727.15 Safari/537.36"}
  ✓  35 [chromium] › tests/marketing.spec.js:1294:3 › Sync provisioning (card sync-coordinates-provisioning) › done_when(2): campaignPolicy genuinely attaches — attached() true, size() non-zero, seam NOT stubbed (1.2s)
[2m[WebServer] [22m{"time":"2026-09-06T09:07:41.171310493-04:00","level":"INFO","msg":"client log","level":"WARN","message":"-------------- RxDB Open Core RxStorage -------------------------------\nYou are using the free Dexie.js based RxStorage implementation from RxDB https://rxdb.info/rx-storage-dexie.html?console=dexie \nWhile this is a great option, we want to let you know that there are faster storage solutions available in our premium plugins.\nFor professional users and production environments, we highly recommend considering these premium options to enhance performance and reliability.\n https://rxdb.info/premium/?console=dexie \nIf you already purchased premium access you can disable this log by calling the setPremiumFlag() function from rxdb-premium/plugins/shared.\n---------------------------------------------------------------------","user":"Jamal C. (jamal@yumyums.kitchen)","page":"/marketing.html","ua":"Mozilla/5.0 (X11; Linux x86_64) AppleWebKit/537.36 (KHTML, like Gecko) HeadlessChrome/147.0.7727.15 Safari/537.36"}
  ✓  36 [chromium] › tests/marketing.spec.js:1311:3 › Sync provisioning (card sync-coordinates-provisioning) › done_when(3)/B-438: campaigns upstream killed at the NETWORK layer — a genuinely-unknown override lands policy_unresolved=true, pushed as the mint sub (1.4s)
[2m[WebServer] [22m{"time":"2026-09-06T09:07:42.517311987-04:00","level":"INFO","msg":"client log","level":"WARN","message":"-------------- RxDB Open Core RxStorage -------------------------------\nYou are using the free Dexie.js based RxStorage implementation from RxDB https://rxdb.info/rx-storage-dexie.html?console=dexie \nWhile this is a great option, we want to let you know that there are faster storage solutions available in our premium plugins.\nFor professional users and production environments, we highly recommend considering these premium options to enhance performance and reliability.\n https://rxdb.info/premium/?console=dexie \nIf you already purchased premium access you can disable this log by calling the setPremiumFlag() function from rxdb-premium/plugins/shared.\n---------------------------------------------------------------------","user":"Jamal C. (jamal@yumyums.kitchen)","page":"/marketing.html","ua":"Mozilla/5.0 (X11; Linux x86_64) AppleWebKit/537.36 (KHTML, like Gecko) HeadlessChrome/147.0.7727.15 Safari/537.36"}
  ✓  37 [chromium] › tests/marketing.spec.js:1359:3 › Sync provisioning (card sync-coordinates-provisioning) › done_when(3) control: with the campaigns replica HEALTHY the same override lands policy_unresolved=false (1.5s)
[2m[WebServer] [22m{"time":"2026-09-06T09:07:43.977749792-04:00","level":"INFO","msg":"client log","level":"WARN","message":"-------------- RxDB Open Core RxStorage -------------------------------\nYou are using the free Dexie.js based RxStorage implementation from RxDB https://rxdb.info/rx-storage-dexie.html?console=dexie \nWhile this is a great option, we want to let you know that there are faster storage solutions available in our premium plugins.\nFor professional users and production environments, we highly recommend considering these premium options to enhance performance and reliability.\n https://rxdb.info/premium/?console=dexie \nIf you already purchased premium access you can disable this log by calling the setPremiumFlag() function from rxdb-premium/plugins/shared.\n---------------------------------------------------------------------","user":"Jamal C. (jamal@yumyums.kitchen)","page":"/marketing.html","ua":"Mozilla/5.0 (X11; Linux x86_64) AppleWebKit/537.36 (KHTML, like Gecko) HeadlessChrome/147.0.7727.15 Safari/537.36"}
  ✓  38 [chromium] › tests/marketing.spec.js:1386:3 › Sync provisioning (card sync-coordinates-provisioning) › done_when(4)/B-439: after a post-ready failure + recovery WITH docs, unresolved() returns to false (7.2s)
[2m[WebServer] [22m{"time":"2026-09-06T09:07:49.083001315-04:00","level":"INFO","msg":"client log","level":"WARN","message":"-------------- RxDB Open Core RxStorage -------------------------------\nYou are using the free Dexie.js based RxStorage implementation from RxDB https://rxdb.info/rx-storage-dexie.html?console=dexie \nWhile this is a great option, we want to let you know that there are faster storage solutions available in our premium plugins.\nFor professional users and production environments, we highly recommend considering these premium options to enhance performance and reliability.\n https://rxdb.info/premium/?console=dexie \nIf you already purchased premium access you can disable this log by calling the setPremiumFlag() function from rxdb-premium/plugins/shared.\n---------------------------------------------------------------------","user":"Jamal C. (jamal@yumyums.kitchen)","page":"/marketing.html","ua":"Mozilla/5.0 (X11; Linux x86_64) AppleWebKit/537.36 (KHTML, like Gecko) HeadlessChrome/147.0.7727.15 Safari/537.36"}
  ✓  39 [chromium] › tests/marketing.spec.js:1412:3 › Sync provisioning (card sync-coordinates-provisioning) › done_when(4)/B-439: the recovery-EMPTY shape (zero new rows) ALSO clears the latch (6.2s)

  39 passed (3.2m)
