# FIX ROUND red-first (G6 F1 + F3) — card h5-subscribers-tab, run 20261002
# Confined: tests/states-marketing-subscribers.spec.js only. NO full-suite lock taken.
# Expected red BEFORE the subscribers.js fix:
#   error           — stat tiles paint a confident 0 above the red banner
#   offline-filter  — the SMS chip stays active over the previous filter's rows
#   offline-cold    — 'No subscribers yet' under an Offline banner
---
[2m[WebServer] [22m── reset hq_test_e2e_h5_20261002 on localhost:5434 ──
[2m[WebServer] [22m── wrote version.json frontend=1.10.2 ──
[2m[WebServer] [22m{"time":"2026-10-01T23:28:56.597949612-04:00","level":"INFO","msg":"serving static files from disk","dir":"../"}
[2m[WebServer] [22m{"time":"2026-10-01T23:28:56.598195447-04:00","level":"INFO","msg":"loaded superadmins","count":1}
[2m[WebServer] [22m{"time":"2026-10-01T23:28:56.61542522-04:00","level":"INFO","msg":"connected to database"}
[2m[WebServer] [22m{"time":"2026-10-01T23:28:56.680607682-04:00","level":"INFO","msg":"OK   0001_users.sql (39.45ms)","source":"stdlog"}
[2m[WebServer] [22m{"time":"2026-10-01T23:28:56.733573623-04:00","level":"INFO","msg":"OK   0002_sessions.sql (52.37ms)","source":"stdlog"}
[2m[WebServer] [22m{"time":"2026-10-01T23:28:56.774654573-04:00","level":"INFO","msg":"OK   0003_invite_tokens.sql (40.9ms)","source":"stdlog"}
[2m[WebServer] [22m{"time":"2026-10-01T23:28:56.816555397-04:00","level":"INFO","msg":"OK   0004_hq_apps.sql (41.7ms)","source":"stdlog"}
[2m[WebServer] [22m{"time":"2026-10-01T23:28:56.870001954-04:00","level":"INFO","msg":"OK   0005_app_permissions.sql (53.3ms)","source":"stdlog"}
[2m[WebServer] [22m{"time":"2026-10-01T23:28:56.915187067-04:00","level":"INFO","msg":"OK   0006_checklist_templates.sql (44.59ms)","source":"stdlog"}
[2m[WebServer] [22m{"time":"2026-10-01T23:28:56.948834958-04:00","level":"INFO","msg":"OK   0007_checklist_schedules.sql (33.53ms)","source":"stdlog"}
[2m[WebServer] [22m{"time":"2026-10-01T23:28:56.989594747-04:00","level":"INFO","msg":"OK   0008_template_assignments.sql (40.66ms)","source":"stdlog"}
[2m[WebServer] [22m{"time":"2026-10-01T23:28:57.020838491-04:00","level":"INFO","msg":"OK   0009_checklist_sections.sql (31.15ms)","source":"stdlog"}
[2m[WebServer] [22m{"time":"2026-10-01T23:28:57.049467182-04:00","level":"INFO","msg":"OK   0010_checklist_fields.sql (28.51ms)","source":"stdlog"}
[2m[WebServer] [22m{"time":"2026-10-01T23:28:57.090357208-04:00","level":"INFO","msg":"OK   0011_checklist_submissions.sql (40.77ms)","source":"stdlog"}
[2m[WebServer] [22m{"time":"2026-10-01T23:28:57.156905359-04:00","level":"INFO","msg":"OK   0012_submission_responses.sql (66.26ms)","source":"stdlog"}
[2m[WebServer] [22m{"time":"2026-10-01T23:28:57.19539294-04:00","level":"INFO","msg":"OK   0013_submission_fail_notes.sql (38.36ms)","source":"stdlog"}
[2m[WebServer] [22m{"time":"2026-10-01T23:28:57.229630186-04:00","level":"INFO","msg":"OK   0014_submission_rejections.sql (34.09ms)","source":"stdlog"}
[2m[WebServer] [22m{"time":"2026-10-01T23:28:57.276822918-04:00","level":"INFO","msg":"OK   0015_ops.sql (47.08ms)","source":"stdlog"}
[2m[WebServer] [22m{"time":"2026-10-01T23:28:57.289633401-04:00","level":"INFO","msg":"OK   0016_lamport_ts.sql (12.73ms)","source":"stdlog"}
[2m[WebServer] [22m{"time":"2026-10-01T23:28:57.304958497-04:00","level":"INFO","msg":"OK   0017_users_naming.sql (15.24ms)","source":"stdlog"}
[2m[WebServer] [22m{"time":"2026-10-01T23:28:57.362134185-04:00","level":"INFO","msg":"OK   0018_ob_templates.sql (57.06ms)","source":"stdlog"}
[2m[WebServer] [22m{"time":"2026-10-01T23:28:57.430129131-04:00","level":"INFO","msg":"OK   0019_ob_items.sql (67.89ms)","source":"stdlog"}
[2m[WebServer] [22m{"time":"2026-10-01T23:28:57.475800649-04:00","level":"INFO","msg":"OK   0020_ob_progress.sql (45.56ms)","source":"stdlog"}
[2m[WebServer] [22m{"time":"2026-10-01T23:28:57.513553085-04:00","level":"INFO","msg":"OK   0021_ob_signoffs.sql (37.65ms)","source":"stdlog"}
[2m[WebServer] [22m{"time":"2026-10-01T23:28:57.554129116-04:00","level":"INFO","msg":"OK   0022_ob_template_assignments.sql (40.44ms)","source":"stdlog"}
[2m[WebServer] [22m{"time":"2026-10-01T23:28:57.614288837-04:00","level":"INFO","msg":"OK   0023_multi_role.sql (60ms)","source":"stdlog"}
[2m[WebServer] [22m{"time":"2026-10-01T23:28:57.821363882-04:00","level":"INFO","msg":"OK   0024_inventory.sql (206.9ms)","source":"stdlog"}
[2m[WebServer] [22m{"time":"2026-10-01T23:28:57.870965547-04:00","level":"INFO","msg":"OK   0025_pending_purchases.sql (49.49ms)","source":"stdlog"}
[2m[WebServer] [22m{"time":"2026-10-01T23:28:57.879667356-04:00","level":"INFO","msg":"OK   0026_ob_progress_faq.sql (8.59ms)","source":"stdlog"}
[2m[WebServer] [22m{"time":"2026-10-01T23:28:57.8875015-04:00","level":"INFO","msg":"OK   0027_ob_section_signoff_roles.sql (7.73ms)","source":"stdlog"}
[2m[WebServer] [22m{"time":"2026-10-01T23:28:57.902332993-04:00","level":"INFO","msg":"OK   0028_ob_video_upgrade.sql (14.74ms)","source":"stdlog"}
[2m[WebServer] [22m{"time":"2026-10-01T23:28:57.90880007-04:00","level":"INFO","msg":"OK   0029_ob_templates_archived_at.sql (6.39ms)","source":"stdlog"}
[2m[WebServer] [22m{"time":"2026-10-01T23:28:57.933073531-04:00","level":"INFO","msg":"OK   0030_item_groups_unique_name.sql (24.15ms)","source":"stdlog"}
[2m[WebServer] [22m{"time":"2026-10-01T23:28:57.94365341-04:00","level":"INFO","msg":"OK   0031_remove_placeholder_items.sql (10.46ms)","source":"stdlog"}
[2m[WebServer] [22m{"time":"2026-10-01T23:28:57.963978734-04:00","level":"INFO","msg":"OK   0032_item_group_thresholds.sql (20.2ms)","source":"stdlog"}
[2m[WebServer] [22m{"time":"2026-10-01T23:28:58.0034028-04:00","level":"INFO","msg":"OK   0033_stock_count_overrides.sql (39.32ms)","source":"stdlog"}
[2m[WebServer] [22m{"time":"2026-10-01T23:28:58.108592589-04:00","level":"INFO","msg":"OK   0034_purchase_orders.sql (105.02ms)","source":"stdlog"}
[2m[WebServer] [22m{"time":"2026-10-01T23:28:58.122188583-04:00","level":"INFO","msg":"OK   0035_purchase_items_photo_store.sql (13.48ms)","source":"stdlog"}
[2m[WebServer] [22m{"time":"2026-10-01T23:28:58.1339717-04:00","level":"INFO","msg":"OK   0036_purchase_items_full_name.sql (11.69ms)","source":"stdlog"}
[2m[WebServer] [22m{"time":"2026-10-01T23:28:58.165726985-04:00","level":"INFO","msg":"OK   0037_cutoff_config.sql (31.63ms)","source":"stdlog"}
[2m[WebServer] [22m{"time":"2026-10-01T23:28:58.183813412-04:00","level":"INFO","msg":"OK   0038_po_status_extend.sql (17.95ms)","source":"stdlog"}
[2m[WebServer] [22m{"time":"2026-10-01T23:28:58.205088816-04:00","level":"INFO","msg":"OK   0039_purchase_items_vendor.sql (21.16ms)","source":"stdlog"}
[2m[WebServer] [22m{"time":"2026-10-01T23:28:58.330195879-04:00","level":"INFO","msg":"OK   0040_shopping_lists.sql (124.98ms)","source":"stdlog"}
[2m[WebServer] [22m{"time":"2026-10-01T23:28:58.343960899-04:00","level":"INFO","msg":"OK   0041_notification_channel.sql (13.67ms)","source":"stdlog"}
[2m[WebServer] [22m{"time":"2026-10-01T23:28:58.401418537-04:00","level":"INFO","msg":"OK   0042_repurchase_tracking.sql (57.28ms)","source":"stdlog"}
[2m[WebServer] [22m{"time":"2026-10-01T23:28:58.452903017-04:00","level":"INFO","msg":"OK   0043_alert_log.sql (51.38ms)","source":"stdlog"}
[2m[WebServer] [22m{"time":"2026-10-01T23:28:58.509511281-04:00","level":"INFO","msg":"OK   0044_low_stock_alert_log.sql (56.48ms)","source":"stdlog"}
[2m[WebServer] [22m{"time":"2026-10-01T23:28:58.568417188-04:00","level":"INFO","msg":"OK   0045_notification_channel_array.sql (58.69ms)","source":"stdlog"}
[2m[WebServer] [22m{"time":"2026-10-01T23:28:58.578957097-04:00","level":"INFO","msg":"OK   0046_user_timezone.sql (10.43ms)","source":"stdlog"}
[2m[WebServer] [22m{"time":"2026-10-01T23:28:58.635832723-04:00","level":"INFO","msg":"OK   0047_employee_fields.sql (56.7ms)","source":"stdlog"}
[2m[WebServer] [22m{"time":"2026-10-01T23:28:58.642992318-04:00","level":"INFO","msg":"OK   0048_notification_default_both.sql (7.06ms)","source":"stdlog"}
[2m[WebServer] [22m{"time":"2026-10-01T23:28:58.692490747-04:00","level":"INFO","msg":"OK   0049_ob_sub_items.sql (49.32ms)","source":"stdlog"}
[2m[WebServer] [22m{"time":"2026-10-01T23:28:58.703625011-04:00","level":"INFO","msg":"OK   0050_ob_progress_sub_item.sql (11.01ms)","source":"stdlog"}
[2m[WebServer] [22m{"time":"2026-10-01T23:28:58.720462011-04:00","level":"INFO","msg":"OK   0051_rejection_field_fk.sql (16.72ms)","source":"stdlog"}
[2m[WebServer] [22m{"time":"2026-10-01T23:28:58.740273448-04:00","level":"INFO","msg":"OK   0052_template_name_unique.sql (19.68ms)","source":"stdlog"}
[2m[WebServer] [22m{"time":"2026-10-01T23:28:58.750996008-04:00","level":"INFO","msg":"OK   0053_response_field_fk.sql (10.43ms)","source":"stdlog"}
[2m[WebServer] [22m{"time":"2026-10-01T23:28:58.7603091-04:00","level":"INFO","msg":"OK   0054_failnote_field_fk.sql (9.18ms)","source":"stdlog"}
[2m[WebServer] [22m{"time":"2026-10-01T23:28:58.771733037-04:00","level":"INFO","msg":"OK   0055_item_location_in_store.sql (11.34ms)","source":"stdlog"}
[2m[WebServer] [22m{"time":"2026-10-01T23:28:58.786773351-04:00","level":"INFO","msg":"OK   0056_ob_progress_photo.sql (14.9ms)","source":"stdlog"}
[2m[WebServer] [22m{"time":"2026-10-01T23:28:58.802026527-04:00","level":"INFO","msg":"OK   0057_ob_items_photo_type.sql (15.14ms)","source":"stdlog"}
[2m[WebServer] [22m{"time":"2026-10-01T23:28:58.818541175-04:00","level":"INFO","msg":"OK   0058_ob_sub_items_photos.sql (16.4ms)","source":"stdlog"}
[2m[WebServer] [22m{"time":"2026-10-01T23:28:58.82642762-04:00","level":"INFO","msg":"OK   0059_cleanup_photo_items.sql (7.78ms)","source":"stdlog"}
[2m[WebServer] [22m{"time":"2026-10-01T23:28:58.891733889-04:00","level":"INFO","msg":"OK   0060_menu_items.sql (65.18ms)","source":"stdlog"}
[2m[WebServer] [22m{"time":"2026-10-01T23:28:58.930357911-04:00","level":"INFO","msg":"OK   0061_daily_menu_sales.sql (38.48ms)","source":"stdlog"}
[2m[WebServer] [22m{"time":"2026-10-01T23:28:58.976344419-04:00","level":"INFO","msg":"OK   0062_recipes.sql (45.87ms)","source":"stdlog"}
[2m[WebServer] [22m{"time":"2026-10-01T23:28:59.009478267-04:00","level":"INFO","msg":"OK   0063_drift_check_results.sql (33.02ms)","source":"stdlog"}
[2m[WebServer] [22m{"time":"2026-10-01T23:28:59.024613995-04:00","level":"INFO","msg":"OK   0064_no_itemized_receipt_seed.sql (15.01ms)","source":"stdlog"}
[2m[WebServer] [22m{"time":"2026-10-01T23:28:59.036806476-04:00","level":"INFO","msg":"OK   0065_mercury_category_on_purchase_events.sql (12.1ms)","source":"stdlog"}
[2m[WebServer] [22m{"time":"2026-10-01T23:28:59.048436964-04:00","level":"INFO","msg":"OK   0066_mercury_category_on_pending_purchases.sql (11.54ms)","source":"stdlog"}
[2m[WebServer] [22m{"time":"2026-10-01T23:28:59.109913295-04:00","level":"INFO","msg":"OK   0067_receipt_sync_runs.sql (61.35ms)","source":"stdlog"}
[2m[WebServer] [22m{"time":"2026-10-01T23:28:59.13478513-04:00","level":"INFO","msg":"OK   0068_pending_purchases_bank_tx_uniq.sql (24.74ms)","source":"stdlog"}
[2m[WebServer] [22m{"time":"2026-10-01T23:28:59.148165514-04:00","level":"INFO","msg":"OK   0069_pending_purchases_parse_error.sql (13.28ms)","source":"stdlog"}
[2m[WebServer] [22m{"time":"2026-10-01T23:28:59.161526275-04:00","level":"INFO","msg":"OK   0070_receipt_urls.sql (13.26ms)","source":"stdlog"}
[2m[WebServer] [22m{"time":"2026-10-01T23:28:59.188366619-04:00","level":"INFO","msg":"OK   0071_submission_fail_notes_unique.sql (26.73ms)","source":"stdlog"}
[2m[WebServer] [22m{"time":"2026-10-01T23:28:59.20585873-04:00","level":"INFO","msg":"OK   0072_app_timezone_new_york.sql (17.33ms)","source":"stdlog"}
[2m[WebServer] [22m{"time":"2026-10-01T23:28:59.233651813-04:00","level":"INFO","msg":"OK   0073_sync_fdw_views.sql (27.45ms)","source":"stdlog"}
[2m[WebServer] [22m{"time":"2026-10-01T23:28:59.246139609-04:00","level":"INFO","msg":"OK   0074_sync_fdw_approver_view.sql (12.28ms)","source":"stdlog"}
[2m[WebServer] [22m{"time":"2026-10-01T23:28:59.311222658-04:00","level":"INFO","msg":"OK   0075_item_aliases.sql (64.97ms)","source":"stdlog"}
[2m[WebServer] [22m{"time":"2026-10-01T23:28:59.335764096-04:00","level":"INFO","msg":"OK   0076_checklist_template_app.sql (24.42ms)","source":"stdlog"}
[2m[WebServer] [22m{"time":"2026-10-01T23:28:59.380249659-04:00","level":"INFO","msg":"OK   0077_race_lost_notifications.sql (44.36ms)","source":"stdlog"}
[2m[WebServer] [22m{"time":"2026-10-01T23:28:59.394815072-04:00","level":"INFO","msg":"OK   0078_card_holder_on_purchases.sql (14.44ms)","source":"stdlog"}
[2m[WebServer] [22m{"time":"2026-10-01T23:28:59.418243229-04:00","level":"INFO","msg":"OK   0079_pending_purchases_retry_requested.sql (23.33ms)","source":"stdlog"}
[2m[WebServer] [22m{"time":"2026-10-01T23:28:59.432419478-04:00","level":"INFO","msg":"OK   0080_receipt_sync_runs_cancelled.sql (13.98ms)","source":"stdlog"}
[2m[WebServer] [22m{"time":"2026-10-01T23:28:59.454985571-04:00","level":"INFO","msg":"OK   0081_item_alias_display.sql (22.45ms)","source":"stdlog"}
[2m[WebServer] [22m{"time":"2026-10-01T23:28:59.471636428-04:00","level":"INFO","msg":"OK   0082_bi_grants.sql (16.52ms)","source":"stdlog"}
[2m[WebServer] [22m{"time":"2026-10-01T23:28:59.576427167-04:00","level":"INFO","msg":"OK   0083_campaigns_admin.sql (104.63ms)","source":"stdlog"}
[2m[WebServer] [22m{"time":"2026-10-01T23:28:59.689226513-04:00","level":"INFO","msg":"OK   0085_subscribers.sql (112.59ms)","source":"stdlog"}
[2m[WebServer] [22m{"time":"2026-10-01T23:28:59.689291522-04:00","level":"INFO","msg":"goose: successfully migrated database to version: 85","source":"stdlog"}
[2m[WebServer] [22m{"time":"2026-10-01T23:28:59.689308865-04:00","level":"INFO","msg":"database migrations applied successfully"}
[2m[WebServer] [22m{"time":"2026-10-01T23:28:59.778481657-04:00","level":"INFO","msg":"upserted superadmin","email":"jamal@yumyums.kitchen"}
[2m[WebServer] [22m{"time":"2026-10-01T23:28:59.814416737-04:00","level":"INFO","msg":"seeded template","name":"Setup Checklist","id":"063deb4e-00e3-4d01-8184-31f81f5db90b"}
[2m[WebServer] [22m{"time":"2026-10-01T23:28:59.814473422-04:00","level":"INFO","msg":"seeded templates","count":1}
[2m[WebServer] [22m{"time":"2026-10-01T23:28:59.84313075-04:00","level":"INFO","msg":"seeded onboarding template","name":"Kitchen Basics Training","id":"982e51ed-1734-4ec4-9ddf-88c966249391"}
[2m[WebServer] [22m{"time":"2026-10-01T23:28:59.864781165-04:00","level":"INFO","msg":"inventory: seeded vendors","count":5}
[2m[WebServer] [22m{"time":"2026-10-01T23:28:59.953174245-04:00","level":"INFO","msg":"inventory: seeded unique tags","count":19}
[2m[WebServer] [22m{"time":"2026-10-01T23:29:00.092937638-04:00","level":"INFO","msg":"inventory: seeded item groups","count":10}
[2m[WebServer] [22m{"time":"2026-10-01T23:29:00.569280255-04:00","level":"INFO","msg":"inventory: seeded purchase items from YAML","count":106}
[2m[WebServer] [22m{"time":"2026-10-01T23:29:00.569362875-04:00","level":"WARN","msg":"object storage env vars not set, photo and video upload endpoints will return 503","required":"STORAGE_KEY, STORAGE_SECRET, STORAGE_BUCKET, STORAGE_ENDPOINT, STORAGE_REGION"}
[2m[WebServer] [22m{"time":"2026-10-01T23:29:00.569442313-04:00","level":"WARN","msg":"HQ_INVENTORY_SERVICE_TOKEN not set, /api/v1/inventory/period-summary AND /api/v1/inventory/menu-cogs will return 503"}
[2m[WebServer] [22m{"time":"2026-10-01T23:29:00.569520559-04:00","level":"INFO","msg":"marketing campaign projection not configured; campaigns will save with projected_at NULL and warnings:[\"not_projected\"]","missing":"HQ_SYNC_REST_URL and/or HQ_SYNC_SERVICE_KEY"}
[2m[WebServer] [22m{"time":"2026-10-01T23:29:00.569571165-04:00","level":"INFO","msg":"inventory COGS category allowlist","allowlist":["COGS"]}
[2m[WebServer] [22m{"time":"2026-10-01T23:29:00.570109736-04:00","level":"INFO","msg":"redemption arbiter not configured; POST /api/v1/marketing/redeem answers 503","missing":"HQ_SYNC_REST_URL and/or HQ_SYNC_SERVICE_KEY"}
[2m[WebServer] [22m{"time":"2026-10-01T23:29:00.570216118-04:00","level":"INFO","msg":"receipt worker disabled","reason":"E2E_DISABLE_SCHEDULERS=1"}
[2m[WebServer] [22m{"time":"2026-10-01T23:29:00.570275474-04:00","level":"INFO","msg":"alert queue started","delivery_enabled":false}
[2m[WebServer] [22m{"time":"2026-10-01T23:29:00.570293767-04:00","level":"INFO","msg":"cutoff scheduler disabled","reason":"E2E_DISABLE_SCHEDULERS=1"}
[2m[WebServer] [22m{"time":"2026-10-01T23:29:00.570322799-04:00","level":"INFO","msg":"toast worker disabled, cmd/sync-toast remains available","reason":"TOAST_SYNC_INTERVAL=0"}
[2m[WebServer] [22m{"time":"2026-10-01T23:29:00.570380066-04:00","level":"INFO","msg":"alerts queue started"}
[2m[WebServer] [22m{"time":"2026-10-01T23:29:00.593651089-04:00","level":"INFO","msg":"server listening","port":"8561"}
[2m[WebServer] [22m{"time":"2026-10-01T23:29:00.603882755-04:00","level":"INFO","msg":"reachable at","url":"http://10.255.255.254:8561"}
[2m[WebServer] [22m{"time":"2026-10-01T23:29:00.603935847-04:00","level":"INFO","msg":"reachable at","url":"http://100.70.200.55:8561"}
[2m[WebServer] [22m{"time":"2026-10-01T23:29:00.603946286-04:00","level":"INFO","msg":"reachable at","url":"http://192.168.8.164:8561"}
[2m[WebServer] [22m{"time":"2026-10-01T23:29:00.603959311-04:00","level":"INFO","msg":"Yumyums HQ ready, accepting connections"}

Running 9 tests using 1 worker

[2m[WebServer] [22m{"time":"2026-10-01T23:29:02.811429911-04:00","level":"INFO","msg":"client log","level":"WARN","message":"-------------- RxDB Open Core RxStorage -------------------------------\nYou are using the free Dexie.js based RxStorage implementation from RxDB https://rxdb.info/rx-storage-dexie.html?console=dexie \nWhile this is a great option, we want to let you know that there are faster storage solutions available in our premium plugins.\nFor professional users and production environments, we highly recommend considering these premium options to enhance performance and reliability.\n https://rxdb.info/premium/?console=dexie \nIf you already purchased premium access you can disable this log by calling the setPremiumFlag() function from rxdb-premium/plugins/shared.\n---------------------------------------------------------------------","user":"Jamal C. (jamal@yumyums.kitchen)","page":"/marketing.html","ua":"Mozilla/5.0 (X11; Linux x86_64) AppleWebKit/537.36 (KHTML, like Gecko) HeadlessChrome/147.0.7727.15 Safari/537.36"}
  ✓  1 [chromium] › tests/states-marketing-subscribers.spec.js:114:3 › States · Marketing Subscribers (#s3) › loading — count skeletons and four row skeletons, never a blank card (933ms)
[2m[WebServer] [22m{"time":"2026-10-01T23:29:03.627040657-04:00","level":"INFO","msg":"client log","level":"WARN","message":"-------------- RxDB Open Core RxStorage -------------------------------\nYou are using the free Dexie.js based RxStorage implementation from RxDB https://rxdb.info/rx-storage-dexie.html?console=dexie \nWhile this is a great option, we want to let you know that there are faster storage solutions available in our premium plugins.\nFor professional users and production environments, we highly recommend considering these premium options to enhance performance and reliability.\n https://rxdb.info/premium/?console=dexie \nIf you already purchased premium access you can disable this log by calling the setPremiumFlag() function from rxdb-premium/plugins/shared.\n---------------------------------------------------------------------","user":"Jamal C. (jamal@yumyums.kitchen)","page":"/marketing.html","ua":"Mozilla/5.0 (X11; Linux x86_64) AppleWebKit/537.36 (KHTML, like Gecko) HeadlessChrome/147.0.7727.15 Safari/537.36"}
  ✓  2 [chromium] › tests/states-marketing-subscribers.spec.js:127:3 › States · Marketing Subscribers (#s3) › empty — "No subscribers yet" names the four ways in, and zeroed counts (842ms)
[2m[WebServer] [22m{"time":"2026-10-01T23:29:04.380750235-04:00","level":"ERROR","msg":"GetMyTrainings failed","error":"get user roles: context canceled"}
[2m[WebServer] [22m{"time":"2026-10-01T23:29:04.525188819-04:00","level":"INFO","msg":"client log","level":"WARN","message":"-------------- RxDB Open Core RxStorage -------------------------------\nYou are using the free Dexie.js based RxStorage implementation from RxDB https://rxdb.info/rx-storage-dexie.html?console=dexie \nWhile this is a great option, we want to let you know that there are faster storage solutions available in our premium plugins.\nFor professional users and production environments, we highly recommend considering these premium options to enhance performance and reliability.\n https://rxdb.info/premium/?console=dexie \nIf you already purchased premium access you can disable this log by calling the setPremiumFlag() function from rxdb-premium/plugins/shared.\n---------------------------------------------------------------------","user":"Jamal C. (jamal@yumyums.kitchen)","page":"/marketing.html","ua":"Mozilla/5.0 (X11; Linux x86_64) AppleWebKit/537.36 (KHTML, like Gecko) HeadlessChrome/147.0.7727.15 Safari/537.36"}
  ✘  3 [chromium] › tests/states-marketing-subscribers.spec.js:141:3 › States · Marketing Subscribers (#s3) › error — loud red banner naming the failure, with a Retry that works (5.8s)
[2m[WebServer] [22m{"time":"2026-10-01T23:29:11.900628441-04:00","level":"INFO","msg":"client log","level":"WARN","message":"-------------- RxDB Open Core RxStorage -------------------------------\nYou are using the free Dexie.js based RxStorage implementation from RxDB https://rxdb.info/rx-storage-dexie.html?console=dexie \nWhile this is a great option, we want to let you know that there are faster storage solutions available in our premium plugins.\nFor professional users and production environments, we highly recommend considering these premium options to enhance performance and reliability.\n https://rxdb.info/premium/?console=dexie \nIf you already purchased premium access you can disable this log by calling the setPremiumFlag() function from rxdb-premium/plugins/shared.\n---------------------------------------------------------------------","user":"Jamal C. (jamal@yumyums.kitchen)","page":"/marketing.html","ua":"Mozilla/5.0 (X11; Linux x86_64) AppleWebKit/537.36 (KHTML, like Gecko) HeadlessChrome/147.0.7727.15 Safari/537.36"}
  ✓  4 [chromium] › tests/states-marketing-subscribers.spec.js:169:3 › States · Marketing Subscribers (#s3) › success + long content — real rows from a real import, masked, with pills (1.4s)
[2m[WebServer] [22m{"time":"2026-10-01T23:29:13.029125535-04:00","level":"INFO","msg":"client log","level":"WARN","message":"-------------- RxDB Open Core RxStorage -------------------------------\nYou are using the free Dexie.js based RxStorage implementation from RxDB https://rxdb.info/rx-storage-dexie.html?console=dexie \nWhile this is a great option, we want to let you know that there are faster storage solutions available in our premium plugins.\nFor professional users and production environments, we highly recommend considering these premium options to enhance performance and reliability.\n https://rxdb.info/premium/?console=dexie \nIf you already purchased premium access you can disable this log by calling the setPremiumFlag() function from rxdb-premium/plugins/shared.\n---------------------------------------------------------------------","user":"Jamal C. (jamal@yumyums.kitchen)","page":"/marketing.html","ua":"Mozilla/5.0 (X11; Linux x86_64) AppleWebKit/537.36 (KHTML, like Gecko) HeadlessChrome/147.0.7727.15 Safari/537.36"}
  ✓  5 [chromium] › tests/states-marketing-subscribers.spec.js:221:3 › States · Marketing Subscribers (#s3) › empty-filtered — "No subscribers match" is not the same message as "none yet" (1.1s)
[2m[WebServer] [22m{"time":"2026-10-01T23:29:14.933232662-04:00","level":"INFO","msg":"client log","level":"WARN","message":"-------------- RxDB Open Core RxStorage -------------------------------\nYou are using the free Dexie.js based RxStorage implementation from RxDB https://rxdb.info/rx-storage-dexie.html?console=dexie \nWhile this is a great option, we want to let you know that there are faster storage solutions available in our premium plugins.\nFor professional users and production environments, we highly recommend considering these premium options to enhance performance and reliability.\n https://rxdb.info/premium/?console=dexie \nIf you already purchased premium access you can disable this log by calling the setPremiumFlag() function from rxdb-premium/plugins/shared.\n---------------------------------------------------------------------","user":"St S. (st-subs-locked-1790911754102-6549@yumyums.kitchen)","page":"/marketing.html","ua":"Mozilla/5.0 (X11; Linux x86_64) AppleWebKit/537.36 (KHTML, like Gecko) HeadlessChrome/147.0.7727.15 Safari/537.36"}
  ✓  6 [chromium] › tests/states-marketing-subscribers.spec.js:232:3 › States · Marketing Subscribers (#s3) › locked — a team_member gets the real 403 and the whole tab is the Locked state (1.6s)
[2m[WebServer] [22m{"time":"2026-10-01T23:29:16.030815103-04:00","level":"INFO","msg":"client log","level":"WARN","message":"-------------- RxDB Open Core RxStorage -------------------------------\nYou are using the free Dexie.js based RxStorage implementation from RxDB https://rxdb.info/rx-storage-dexie.html?console=dexie \nWhile this is a great option, we want to let you know that there are faster storage solutions available in our premium plugins.\nFor professional users and production environments, we highly recommend considering these premium options to enhance performance and reliability.\n https://rxdb.info/premium/?console=dexie \nIf you already purchased premium access you can disable this log by calling the setPremiumFlag() function from rxdb-premium/plugins/shared.\n---------------------------------------------------------------------","user":"Jamal C. (jamal@yumyums.kitchen)","page":"/marketing.html","ua":"Mozilla/5.0 (X11; Linux x86_64) AppleWebKit/537.36 (KHTML, like Gecko) HeadlessChrome/147.0.7727.15 Safari/537.36"}
  ✓  7 [chromium] › tests/states-marketing-subscribers.spec.js:245:3 › States · Marketing Subscribers (#s3) › offline — last-synced reading kept, rows kept, Resend disabled (1.7s)
[2m[WebServer] [22m{"time":"2026-10-01T23:29:17.5294242-04:00","level":"INFO","msg":"client log","level":"WARN","message":"-------------- RxDB Open Core RxStorage -------------------------------\nYou are using the free Dexie.js based RxStorage implementation from RxDB https://rxdb.info/rx-storage-dexie.html?console=dexie \nWhile this is a great option, we want to let you know that there are faster storage solutions available in our premium plugins.\nFor professional users and production environments, we highly recommend considering these premium options to enhance performance and reliability.\n https://rxdb.info/premium/?console=dexie \nIf you already purchased premium access you can disable this log by calling the setPremiumFlag() function from rxdb-premium/plugins/shared.\n---------------------------------------------------------------------","user":"Jamal C. (jamal@yumyums.kitchen)","page":"/marketing.html","ua":"Mozilla/5.0 (X11; Linux x86_64) AppleWebKit/537.36 (KHTML, like Gecko) HeadlessChrome/147.0.7727.15 Safari/537.36"}
  ✘  8 [chromium] › tests/states-marketing-subscribers.spec.js:282:3 › States · Marketing Subscribers (#s3) › offline-filter — a filter tap that cannot load NEVER leaves the chip over another filter's rows (909ms)
[2m[WebServer] [22m{"time":"2026-10-01T23:29:19.990745922-04:00","level":"INFO","msg":"client log","level":"WARN","message":"-------------- RxDB Open Core RxStorage -------------------------------\nYou are using the free Dexie.js based RxStorage implementation from RxDB https://rxdb.info/rx-storage-dexie.html?console=dexie \nWhile this is a great option, we want to let you know that there are faster storage solutions available in our premium plugins.\nFor professional users and production environments, we highly recommend considering these premium options to enhance performance and reliability.\n https://rxdb.info/premium/?console=dexie \nIf you already purchased premium access you can disable this log by calling the setPremiumFlag() function from rxdb-premium/plugins/shared.\n---------------------------------------------------------------------","user":"Jamal C. (jamal@yumyums.kitchen)","page":"/marketing.html","ua":"Mozilla/5.0 (X11; Linux x86_64) AppleWebKit/537.36 (KHTML, like Gecko) HeadlessChrome/147.0.7727.15 Safari/537.36"}
  ✘  9 [chromium] › tests/states-marketing-subscribers.spec.js:316:3 › States · Marketing Subscribers (#s3) › offline-cold — nothing cached says so, and never claims "No subscribers yet" (6.0s)


  1) [chromium] › tests/states-marketing-subscribers.spec.js:141:3 › States · Marketing Subscribers (#s3) › error — loud red banner naming the failure, with a Retry that works 

    Error: [2mexpect([22m[31mlocator[39m[2m).not.[22mtoHaveText[2m([22m[32mexpected[39m[2m)[22m failed

    Locator:  locator('#subs-total')
    Expected: not [32m"0"[39m
    Received: [31m"[7m0[27m"[39m
    Timeout:  5000ms

    Call log:
    [2m  - Expect "not toHaveText" with timeout 5000ms[22m
    [2m  - waiting for locator('#subs-total')[22m
    [2m    9 × locator resolved to <b id="subs-total">0</b>[22m
    [2m      - unexpected value "0"[22m


      153 |     // ABOVE the red banner — two claims, one false. A failed load knows
      154 |     // nothing about the list, so the tiles must not assert a number.
    > 155 |     await expect(page.locator('#subs-total')).not.toHaveText('0');
          |                                                   ^
      156 |     await expect(page.locator('#subs-total')).toHaveText('—');
      157 |     await expect(page.locator('#subs-sms')).toHaveText('—');
      158 |     await expect(page.locator('#subs-week')).toHaveText('—');
        at /home/jcole/projects/hq-worktrees/h5-subscribers-tab/tests/states-marketing-subscribers.spec.js:155:51

    Error Context: test-results/states-marketing-subscribe-ae454-ure-with-a-Retry-that-works-chromium/error-context.md

  2) [chromium] › tests/states-marketing-subscribers.spec.js:282:3 › States · Marketing Subscribers (#s3) › offline-filter — a filter tap that cannot load NEVER leaves the chip over another filter's rows 

    Error: the active chip must match the filter the rows were actually loaded with

    [2mexpect([22m[31mreceived[39m[2m).[22mtoBe[2m([22m[32mexpected[39m[2m) // Object.is equality[22m

    Expected: [32m"all"[39m
    Received: [31m"sms"[39m

      299 |     // "chip and list agree", asserted directly.
      300 |     const active = await page.locator('#subs-filters .subs-chip.on').getAttribute('data-filter');
    > 301 |     expect(active, 'the active chip must match the filter the rows were actually loaded with').toBe('all');
          |                                                                                                ^
      302 |     await expect(page.locator('#subs-root')).toHaveAttribute('data-filter', 'all');
      303 |
      304 |     // 🛑 The consent assertion: an opted-out person must never appear under a
        at /home/jcole/projects/hq-worktrees/h5-subscribers-tab/tests/states-marketing-subscribers.spec.js:301:96

    Error Context: test-results/states-marketing-subscribe-31d5c--over-another-filter-s-rows-chromium/error-context.md

  3) [chromium] › tests/states-marketing-subscribers.spec.js:316:3 › States · Marketing Subscribers (#s3) › offline-cold — nothing cached says so, and never claims "No subscribers yet" 

    Error: [2mexpect([22m[31mlocator[39m[2m).not.[22mtoContainText[2m([22m[32mexpected[39m[2m)[22m failed

    Locator: locator('#subs-empty')
    Expected pattern: not [32m/No subscribers yet/i[39m
    Received string: [31m"[39m
    [31m      [7mNo subscribers yet[27m.People land here when they fill in the website form, reply to an SMS keyword, scan a campaign QR code, or arrive in a Toast guest import.[39m
    [31m    "[39m
    Timeout: 5000ms

    Call log:
    [2m  - Expect "not toContainText" with timeout 5000ms[22m
    [2m  - waiting for locator('#subs-empty')[22m
    [2m    9 × locator resolved to <div id="subs-empty" class="card subs-empty">…</div>[22m
    [2m      - unexpected value "[22m
    [2m      No subscribers yet.People land here when they fill in the website form, reply to an SMS keyword, scan a campaign QR code, or arrive in a Toast guest import.[22m
    [2m    "[22m


      325 |     // 🛑 "No subscribers yet" would be a claim about the MAILING LIST that this
      326 |     // device cannot possibly make — it never reached the server.
    > 327 |     await expect(page.locator('#subs-empty')).not.toContainText(/No subscribers yet/i);
          |                                                   ^
      328 |     await expect(page.locator('#subs-empty')).toContainText(/offline/i);
      329 |     await expect(page.locator('#subs-total')).toHaveText('—');
      330 |     await shot(page, '12-offline-cold');
        at /home/jcole/projects/hq-worktrees/h5-subscribers-tab/tests/states-marketing-subscribers.spec.js:327:51

    Error Context: test-results/states-marketing-subscribe-91a45--claims-No-subscribers-yet--chromium/error-context.md

  3 failed
    [chromium] › tests/states-marketing-subscribers.spec.js:141:3 › States · Marketing Subscribers (#s3) › error — loud red banner naming the failure, with a Retry that works 
    [chromium] › tests/states-marketing-subscribers.spec.js:282:3 › States · Marketing Subscribers (#s3) › offline-filter — a filter tap that cannot load NEVER leaves the chip over another filter's rows 
    [chromium] › tests/states-marketing-subscribers.spec.js:316:3 › States · Marketing Subscribers (#s3) › offline-cold — nothing cached says so, and never claims "No subscribers yet" 
  6 passed (2.8m)
EXIT=1
