# FIX ROUND green (G6 F1 + F3) — card h5-subscribers-tab, run 20261002
# Confined: the two subscriber specs. NO full-suite lock taken.
---
[2m[WebServer] [22m── reset hq_test_e2e_h5_20261002 on localhost:5434 ──
[2m[WebServer] [22m── wrote version.json frontend=1.10.2 ──
[2m[WebServer] [22m{"time":"2026-10-01T23:33:09.280943001-04:00","level":"INFO","msg":"serving static files from disk","dir":"../"}
[2m[WebServer] [22m{"time":"2026-10-01T23:33:09.281727967-04:00","level":"INFO","msg":"loaded superadmins","count":1}
[2m[WebServer] [22m{"time":"2026-10-01T23:33:09.307178407-04:00","level":"INFO","msg":"connected to database"}
[2m[WebServer] [22m{"time":"2026-10-01T23:33:09.380728256-04:00","level":"INFO","msg":"OK   0001_users.sql (40.81ms)","source":"stdlog"}
[2m[WebServer] [22m{"time":"2026-10-01T23:33:09.433448693-04:00","level":"INFO","msg":"OK   0002_sessions.sql (52.58ms)","source":"stdlog"}
[2m[WebServer] [22m{"time":"2026-10-01T23:33:09.478018684-04:00","level":"INFO","msg":"OK   0003_invite_tokens.sql (44.46ms)","source":"stdlog"}
[2m[WebServer] [22m{"time":"2026-10-01T23:33:09.518046609-04:00","level":"INFO","msg":"OK   0004_hq_apps.sql (39.58ms)","source":"stdlog"}
[2m[WebServer] [22m{"time":"2026-10-01T23:33:09.577853884-04:00","level":"INFO","msg":"OK   0005_app_permissions.sql (59.64ms)","source":"stdlog"}
[2m[WebServer] [22m{"time":"2026-10-01T23:33:09.610903555-04:00","level":"INFO","msg":"OK   0006_checklist_templates.sql (32.81ms)","source":"stdlog"}
[2m[WebServer] [22m{"time":"2026-10-01T23:33:09.643035409-04:00","level":"INFO","msg":"OK   0007_checklist_schedules.sql (32.02ms)","source":"stdlog"}
[2m[WebServer] [22m{"time":"2026-10-01T23:33:09.69686495-04:00","level":"INFO","msg":"OK   0008_template_assignments.sql (53.65ms)","source":"stdlog"}
[2m[WebServer] [22m{"time":"2026-10-01T23:33:09.733757256-04:00","level":"INFO","msg":"OK   0009_checklist_sections.sql (36.76ms)","source":"stdlog"}
[2m[WebServer] [22m{"time":"2026-10-01T23:33:09.768032602-04:00","level":"INFO","msg":"OK   0010_checklist_fields.sql (34.12ms)","source":"stdlog"}
[2m[WebServer] [22m{"time":"2026-10-01T23:33:09.816621047-04:00","level":"INFO","msg":"OK   0011_checklist_submissions.sql (48.41ms)","source":"stdlog"}
[2m[WebServer] [22m{"time":"2026-10-01T23:33:09.869352808-04:00","level":"INFO","msg":"OK   0012_submission_responses.sql (52.6ms)","source":"stdlog"}
[2m[WebServer] [22m{"time":"2026-10-01T23:33:09.902569804-04:00","level":"INFO","msg":"OK   0013_submission_fail_notes.sql (33.11ms)","source":"stdlog"}
[2m[WebServer] [22m{"time":"2026-10-01T23:33:09.939180436-04:00","level":"INFO","msg":"OK   0014_submission_rejections.sql (36.49ms)","source":"stdlog"}
[2m[WebServer] [22m{"time":"2026-10-01T23:33:10.00040427-04:00","level":"INFO","msg":"OK   0015_ops.sql (61.11ms)","source":"stdlog"}
[2m[WebServer] [22m{"time":"2026-10-01T23:33:10.015823119-04:00","level":"INFO","msg":"OK   0016_lamport_ts.sql (15.32ms)","source":"stdlog"}
[2m[WebServer] [22m{"time":"2026-10-01T23:33:10.034072863-04:00","level":"INFO","msg":"OK   0017_users_naming.sql (18.14ms)","source":"stdlog"}
[2m[WebServer] [22m{"time":"2026-10-01T23:33:10.102908476-04:00","level":"INFO","msg":"OK   0018_ob_templates.sql (68.7ms)","source":"stdlog"}
[2m[WebServer] [22m{"time":"2026-10-01T23:33:10.18130003-04:00","level":"INFO","msg":"OK   0019_ob_items.sql (78.26ms)","source":"stdlog"}
[2m[WebServer] [22m{"time":"2026-10-01T23:33:10.238091639-04:00","level":"INFO","msg":"OK   0020_ob_progress.sql (56.57ms)","source":"stdlog"}
[2m[WebServer] [22m{"time":"2026-10-01T23:33:10.285283599-04:00","level":"INFO","msg":"OK   0021_ob_signoffs.sql (47.06ms)","source":"stdlog"}
[2m[WebServer] [22m{"time":"2026-10-01T23:33:10.334248093-04:00","level":"INFO","msg":"OK   0022_ob_template_assignments.sql (48.84ms)","source":"stdlog"}
[2m[WebServer] [22m{"time":"2026-10-01T23:33:10.39793588-04:00","level":"INFO","msg":"OK   0023_multi_role.sql (63.57ms)","source":"stdlog"}
[2m[WebServer] [22m{"time":"2026-10-01T23:33:10.633483179-04:00","level":"INFO","msg":"OK   0024_inventory.sql (235.28ms)","source":"stdlog"}
[2m[WebServer] [22m{"time":"2026-10-01T23:33:10.69028187-04:00","level":"INFO","msg":"OK   0025_pending_purchases.sql (56.6ms)","source":"stdlog"}
[2m[WebServer] [22m{"time":"2026-10-01T23:33:10.702727854-04:00","level":"INFO","msg":"OK   0026_ob_progress_faq.sql (12.31ms)","source":"stdlog"}
[2m[WebServer] [22m{"time":"2026-10-01T23:33:10.711494708-04:00","level":"INFO","msg":"OK   0027_ob_section_signoff_roles.sql (8.61ms)","source":"stdlog"}
[2m[WebServer] [22m{"time":"2026-10-01T23:33:10.740736916-04:00","level":"INFO","msg":"OK   0028_ob_video_upgrade.sql (29.05ms)","source":"stdlog"}
[2m[WebServer] [22m{"time":"2026-10-01T23:33:10.753066444-04:00","level":"INFO","msg":"OK   0029_ob_templates_archived_at.sql (12.22ms)","source":"stdlog"}
[2m[WebServer] [22m{"time":"2026-10-01T23:33:10.793596654-04:00","level":"INFO","msg":"OK   0030_item_groups_unique_name.sql (40.26ms)","source":"stdlog"}
[2m[WebServer] [22m{"time":"2026-10-01T23:33:10.80578595-04:00","level":"INFO","msg":"OK   0031_remove_placeholder_items.sql (12.09ms)","source":"stdlog"}
[2m[WebServer] [22m{"time":"2026-10-01T23:33:10.832118385-04:00","level":"INFO","msg":"OK   0032_item_group_thresholds.sql (26.23ms)","source":"stdlog"}
[2m[WebServer] [22m{"time":"2026-10-01T23:33:10.88854626-04:00","level":"INFO","msg":"OK   0033_stock_count_overrides.sql (56.3ms)","source":"stdlog"}
[2m[WebServer] [22m{"time":"2026-10-01T23:33:10.978928496-04:00","level":"INFO","msg":"OK   0034_purchase_orders.sql (90.06ms)","source":"stdlog"}
[2m[WebServer] [22m{"time":"2026-10-01T23:33:10.993975255-04:00","level":"INFO","msg":"OK   0035_purchase_items_photo_store.sql (14.79ms)","source":"stdlog"}
[2m[WebServer] [22m{"time":"2026-10-01T23:33:11.006200825-04:00","level":"INFO","msg":"OK   0036_purchase_items_full_name.sql (12.1ms)","source":"stdlog"}
[2m[WebServer] [22m{"time":"2026-10-01T23:33:11.039104283-04:00","level":"INFO","msg":"OK   0037_cutoff_config.sql (32.79ms)","source":"stdlog"}
[2m[WebServer] [22m{"time":"2026-10-01T23:33:11.059057348-04:00","level":"INFO","msg":"OK   0038_po_status_extend.sql (19.84ms)","source":"stdlog"}
[2m[WebServer] [22m{"time":"2026-10-01T23:33:11.084549517-04:00","level":"INFO","msg":"OK   0039_purchase_items_vendor.sql (25.4ms)","source":"stdlog"}
[2m[WebServer] [22m{"time":"2026-10-01T23:33:11.205040696-04:00","level":"INFO","msg":"OK   0040_shopping_lists.sql (120.29ms)","source":"stdlog"}
[2m[WebServer] [22m{"time":"2026-10-01T23:33:11.220309553-04:00","level":"INFO","msg":"OK   0041_notification_channel.sql (15.17ms)","source":"stdlog"}
[2m[WebServer] [22m{"time":"2026-10-01T23:33:11.286431031-04:00","level":"INFO","msg":"OK   0042_repurchase_tracking.sql (65.97ms)","source":"stdlog"}
[2m[WebServer] [22m{"time":"2026-10-01T23:33:11.332034306-04:00","level":"INFO","msg":"OK   0043_alert_log.sql (45.47ms)","source":"stdlog"}
[2m[WebServer] [22m{"time":"2026-10-01T23:33:11.384888906-04:00","level":"INFO","msg":"OK   0044_low_stock_alert_log.sql (52.74ms)","source":"stdlog"}
[2m[WebServer] [22m{"time":"2026-10-01T23:33:11.428489696-04:00","level":"INFO","msg":"OK   0045_notification_channel_array.sql (43.49ms)","source":"stdlog"}
[2m[WebServer] [22m{"time":"2026-10-01T23:33:11.436472906-04:00","level":"INFO","msg":"OK   0046_user_timezone.sql (7.9ms)","source":"stdlog"}
[2m[WebServer] [22m{"time":"2026-10-01T23:33:11.492023201-04:00","level":"INFO","msg":"OK   0047_employee_fields.sql (55.43ms)","source":"stdlog"}
[2m[WebServer] [22m{"time":"2026-10-01T23:33:11.50031014-04:00","level":"INFO","msg":"OK   0048_notification_default_both.sql (8.17ms)","source":"stdlog"}
[2m[WebServer] [22m{"time":"2026-10-01T23:33:11.554178587-04:00","level":"INFO","msg":"OK   0049_ob_sub_items.sql (53.72ms)","source":"stdlog"}
[2m[WebServer] [22m{"time":"2026-10-01T23:33:11.563844355-04:00","level":"INFO","msg":"OK   0050_ob_progress_sub_item.sql (9.55ms)","source":"stdlog"}
[2m[WebServer] [22m{"time":"2026-10-01T23:33:11.571940147-04:00","level":"INFO","msg":"OK   0051_rejection_field_fk.sql (7.94ms)","source":"stdlog"}
[2m[WebServer] [22m{"time":"2026-10-01T23:33:11.588869693-04:00","level":"INFO","msg":"OK   0052_template_name_unique.sql (16.82ms)","source":"stdlog"}
[2m[WebServer] [22m{"time":"2026-10-01T23:33:11.596165058-04:00","level":"INFO","msg":"OK   0053_response_field_fk.sql (7.2ms)","source":"stdlog"}
[2m[WebServer] [22m{"time":"2026-10-01T23:33:11.605699817-04:00","level":"INFO","msg":"OK   0054_failnote_field_fk.sql (9.41ms)","source":"stdlog"}
[2m[WebServer] [22m{"time":"2026-10-01T23:33:11.612567735-04:00","level":"INFO","msg":"OK   0055_item_location_in_store.sql (6.8ms)","source":"stdlog"}
[2m[WebServer] [22m{"time":"2026-10-01T23:33:11.626104629-04:00","level":"INFO","msg":"OK   0056_ob_progress_photo.sql (13.44ms)","source":"stdlog"}
[2m[WebServer] [22m{"time":"2026-10-01T23:33:11.640763092-04:00","level":"INFO","msg":"OK   0057_ob_items_photo_type.sql (14.54ms)","source":"stdlog"}
[2m[WebServer] [22m{"time":"2026-10-01T23:33:11.655603083-04:00","level":"INFO","msg":"OK   0058_ob_sub_items_photos.sql (14.72ms)","source":"stdlog"}
[2m[WebServer] [22m{"time":"2026-10-01T23:33:11.662746584-04:00","level":"INFO","msg":"OK   0059_cleanup_photo_items.sql (7.05ms)","source":"stdlog"}
[2m[WebServer] [22m{"time":"2026-10-01T23:33:11.721290938-04:00","level":"INFO","msg":"OK   0060_menu_items.sql (58.39ms)","source":"stdlog"}
[2m[WebServer] [22m{"time":"2026-10-01T23:33:11.757980782-04:00","level":"INFO","msg":"OK   0061_daily_menu_sales.sql (36.54ms)","source":"stdlog"}
[2m[WebServer] [22m{"time":"2026-10-01T23:33:11.799691973-04:00","level":"INFO","msg":"OK   0062_recipes.sql (41.6ms)","source":"stdlog"}
[2m[WebServer] [22m{"time":"2026-10-01T23:33:11.828953215-04:00","level":"INFO","msg":"OK   0063_drift_check_results.sql (29.15ms)","source":"stdlog"}
[2m[WebServer] [22m{"time":"2026-10-01T23:33:11.842395649-04:00","level":"INFO","msg":"OK   0064_no_itemized_receipt_seed.sql (13.34ms)","source":"stdlog"}
[2m[WebServer] [22m{"time":"2026-10-01T23:33:11.854885285-04:00","level":"INFO","msg":"OK   0065_mercury_category_on_purchase_events.sql (12.38ms)","source":"stdlog"}
[2m[WebServer] [22m{"time":"2026-10-01T23:33:11.868420356-04:00","level":"INFO","msg":"OK   0066_mercury_category_on_pending_purchases.sql (13.44ms)","source":"stdlog"}
[2m[WebServer] [22m{"time":"2026-10-01T23:33:11.91810433-04:00","level":"INFO","msg":"OK   0067_receipt_sync_runs.sql (49.58ms)","source":"stdlog"}
[2m[WebServer] [22m{"time":"2026-10-01T23:33:11.940264188-04:00","level":"INFO","msg":"OK   0068_pending_purchases_bank_tx_uniq.sql (22.04ms)","source":"stdlog"}
[2m[WebServer] [22m{"time":"2026-10-01T23:33:11.95229975-04:00","level":"INFO","msg":"OK   0069_pending_purchases_parse_error.sql (11.94ms)","source":"stdlog"}
[2m[WebServer] [22m{"time":"2026-10-01T23:33:11.965033381-04:00","level":"INFO","msg":"OK   0070_receipt_urls.sql (12.63ms)","source":"stdlog"}
[2m[WebServer] [22m{"time":"2026-10-01T23:33:11.987292761-04:00","level":"INFO","msg":"OK   0071_submission_fail_notes_unique.sql (22.13ms)","source":"stdlog"}
[2m[WebServer] [22m{"time":"2026-10-01T23:33:12.003030272-04:00","level":"INFO","msg":"OK   0072_app_timezone_new_york.sql (15.61ms)","source":"stdlog"}
[2m[WebServer] [22m{"time":"2026-10-01T23:33:12.023784229-04:00","level":"INFO","msg":"OK   0073_sync_fdw_views.sql (20.5ms)","source":"stdlog"}
[2m[WebServer] [22m{"time":"2026-10-01T23:33:12.033619849-04:00","level":"INFO","msg":"OK   0074_sync_fdw_approver_view.sql (9.65ms)","source":"stdlog"}
[2m[WebServer] [22m{"time":"2026-10-01T23:33:12.085754088-04:00","level":"INFO","msg":"OK   0075_item_aliases.sql (52.04ms)","source":"stdlog"}
[2m[WebServer] [22m{"time":"2026-10-01T23:33:12.109516025-04:00","level":"INFO","msg":"OK   0076_checklist_template_app.sql (23.62ms)","source":"stdlog"}
[2m[WebServer] [22m{"time":"2026-10-01T23:33:12.149998638-04:00","level":"INFO","msg":"OK   0077_race_lost_notifications.sql (40.31ms)","source":"stdlog"}
[2m[WebServer] [22m{"time":"2026-10-01T23:33:12.163129243-04:00","level":"INFO","msg":"OK   0078_card_holder_on_purchases.sql (13.02ms)","source":"stdlog"}
[2m[WebServer] [22m{"time":"2026-10-01T23:33:12.185292058-04:00","level":"INFO","msg":"OK   0079_pending_purchases_retry_requested.sql (22.01ms)","source":"stdlog"}
[2m[WebServer] [22m{"time":"2026-10-01T23:33:12.198819556-04:00","level":"INFO","msg":"OK   0080_receipt_sync_runs_cancelled.sql (13.42ms)","source":"stdlog"}
[2m[WebServer] [22m{"time":"2026-10-01T23:33:12.222414652-04:00","level":"INFO","msg":"OK   0081_item_alias_display.sql (23.46ms)","source":"stdlog"}
[2m[WebServer] [22m{"time":"2026-10-01T23:33:12.238551638-04:00","level":"INFO","msg":"OK   0082_bi_grants.sql (16.02ms)","source":"stdlog"}
[2m[WebServer] [22m{"time":"2026-10-01T23:33:12.346602048-04:00","level":"INFO","msg":"OK   0083_campaigns_admin.sql (107.82ms)","source":"stdlog"}
[2m[WebServer] [22m{"time":"2026-10-01T23:33:12.455038816-04:00","level":"INFO","msg":"OK   0085_subscribers.sql (108.13ms)","source":"stdlog"}
[2m[WebServer] [22m{"time":"2026-10-01T23:33:12.455110537-04:00","level":"INFO","msg":"goose: successfully migrated database to version: 85","source":"stdlog"}
[2m[WebServer] [22m{"time":"2026-10-01T23:33:12.455130898-04:00","level":"INFO","msg":"database migrations applied successfully"}
[2m[WebServer] [22m{"time":"2026-10-01T23:33:12.53751321-04:00","level":"INFO","msg":"upserted superadmin","email":"jamal@yumyums.kitchen"}
[2m[WebServer] [22m{"time":"2026-10-01T23:33:12.574714412-04:00","level":"INFO","msg":"seeded template","name":"Setup Checklist","id":"0d4a349f-f8e3-4b08-b1a6-3e1d98cdffd0"}
[2m[WebServer] [22m{"time":"2026-10-01T23:33:12.574884394-04:00","level":"INFO","msg":"seeded templates","count":1}
[2m[WebServer] [22m{"time":"2026-10-01T23:33:12.60878661-04:00","level":"INFO","msg":"seeded onboarding template","name":"Kitchen Basics Training","id":"7e449d98-2171-4b11-bd72-6cd9e5179eda"}
[2m[WebServer] [22m{"time":"2026-10-01T23:33:12.633526936-04:00","level":"INFO","msg":"inventory: seeded vendors","count":5}
[2m[WebServer] [22m{"time":"2026-10-01T23:33:12.710929332-04:00","level":"INFO","msg":"inventory: seeded unique tags","count":19}
[2m[WebServer] [22m{"time":"2026-10-01T23:33:12.85003155-04:00","level":"INFO","msg":"inventory: seeded item groups","count":10}
[2m[WebServer] [22m{"time":"2026-10-01T23:33:13.353645805-04:00","level":"INFO","msg":"inventory: seeded purchase items from YAML","count":106}
[2m[WebServer] [22m{"time":"2026-10-01T23:33:13.353710164-04:00","level":"WARN","msg":"object storage env vars not set, photo and video upload endpoints will return 503","required":"STORAGE_KEY, STORAGE_SECRET, STORAGE_BUCKET, STORAGE_ENDPOINT, STORAGE_REGION"}
[2m[WebServer] [22m{"time":"2026-10-01T23:33:13.353769658-04:00","level":"WARN","msg":"HQ_INVENTORY_SERVICE_TOKEN not set, /api/v1/inventory/period-summary AND /api/v1/inventory/menu-cogs will return 503"}
[2m[WebServer] [22m{"time":"2026-10-01T23:33:13.353882869-04:00","level":"INFO","msg":"marketing campaign projection not configured; campaigns will save with projected_at NULL and warnings:[\"not_projected\"]","missing":"HQ_SYNC_REST_URL and/or HQ_SYNC_SERVICE_KEY"}
[2m[WebServer] [22m{"time":"2026-10-01T23:33:13.35394064-04:00","level":"INFO","msg":"inventory COGS category allowlist","allowlist":["COGS"]}
[2m[WebServer] [22m{"time":"2026-10-01T23:33:13.354334092-04:00","level":"INFO","msg":"redemption arbiter not configured; POST /api/v1/marketing/redeem answers 503","missing":"HQ_SYNC_REST_URL and/or HQ_SYNC_SERVICE_KEY"}
[2m[WebServer] [22m{"time":"2026-10-01T23:33:13.354443047-04:00","level":"INFO","msg":"receipt worker disabled","reason":"E2E_DISABLE_SCHEDULERS=1"}
[2m[WebServer] [22m{"time":"2026-10-01T23:33:13.354538926-04:00","level":"INFO","msg":"alert queue started","delivery_enabled":false}
[2m[WebServer] [22m{"time":"2026-10-01T23:33:13.354557981-04:00","level":"INFO","msg":"cutoff scheduler disabled","reason":"E2E_DISABLE_SCHEDULERS=1"}
[2m[WebServer] [22m{"time":"2026-10-01T23:33:13.354586765-04:00","level":"INFO","msg":"toast worker disabled, cmd/sync-toast remains available","reason":"TOAST_SYNC_INTERVAL=0"}
[2m[WebServer] [22m{"time":"2026-10-01T23:33:13.354911398-04:00","level":"INFO","msg":"alerts queue started"}
[2m[WebServer] [22m{"time":"2026-10-01T23:33:13.380090096-04:00","level":"INFO","msg":"server listening","port":"8561"}
[2m[WebServer] [22m{"time":"2026-10-01T23:33:13.389512775-04:00","level":"INFO","msg":"reachable at","url":"http://10.255.255.254:8561"}
[2m[WebServer] [22m{"time":"2026-10-01T23:33:13.389544802-04:00","level":"INFO","msg":"reachable at","url":"http://100.70.200.55:8561"}
[2m[WebServer] [22m{"time":"2026-10-01T23:33:13.389553012-04:00","level":"INFO","msg":"reachable at","url":"http://192.168.8.164:8561"}
[2m[WebServer] [22m{"time":"2026-10-01T23:33:13.389566694-04:00","level":"INFO","msg":"Yumyums HQ ready, accepting connections"}

Running 62 tests using 1 worker

[2m[WebServer] [22m{"time":"2026-10-01T23:33:18.575609837-04:00","level":"INFO","msg":"client log","level":"WARN","message":"-------------- RxDB Open Core RxStorage -------------------------------\nYou are using the free Dexie.js based RxStorage implementation from RxDB https://rxdb.info/rx-storage-dexie.html?console=dexie \nWhile this is a great option, we want to let you know that there are faster storage solutions available in our premium plugins.\nFor professional users and production environments, we highly recommend considering these premium options to enhance performance and reliability.\n https://rxdb.info/premium/?console=dexie \nIf you already purchased premium access you can disable this log by calling the setPremiumFlag() function from rxdb-premium/plugins/shared.\n---------------------------------------------------------------------","user":"Jamal C. (jamal@yumyums.kitchen)","page":"/marketing.html","ua":"Mozilla/5.0 (X11; Linux x86_64) AppleWebKit/537.36 (KHTML, like Gecko) HeadlessChrome/147.0.7727.15 Safari/537.36"}
  ✓   1 [chromium] › tests/marketing-subscribers.spec.js:97:3 › Marketing · Subscribers (card H5) › [SB-01] list masks phone to last 4 — and the full number never reaches the browser (1.4s)
[2m[WebServer] [22m{"time":"2026-10-01T23:33:19.638993883-04:00","level":"INFO","msg":"client log","level":"WARN","message":"-------------- RxDB Open Core RxStorage -------------------------------\nYou are using the free Dexie.js based RxStorage implementation from RxDB https://rxdb.info/rx-storage-dexie.html?console=dexie \nWhile this is a great option, we want to let you know that there are faster storage solutions available in our premium plugins.\nFor professional users and production environments, we highly recommend considering these premium options to enhance performance and reliability.\n https://rxdb.info/premium/?console=dexie \nIf you already purchased premium access you can disable this log by calling the setPremiumFlag() function from rxdb-premium/plugins/shared.\n---------------------------------------------------------------------","user":"Jamal C. (jamal@yumyums.kitchen)","page":"/marketing.html","ua":"Mozilla/5.0 (X11; Linux x86_64) AppleWebKit/537.36 (KHTML, like Gecko) HeadlessChrome/147.0.7727.15 Safari/537.36"}
  ✓   2 [chromium] › tests/marketing-subscribers.spec.js:133:3 › Marketing · Subscribers (card H5) › [SB-02] STOP renders an opted-out row, and the Opted out chip isolates it (1.1s)
[2m[WebServer] [22m{"time":"2026-10-01T23:33:20.757078546-04:00","level":"ERROR","msg":"GetStock query failed","error":"context canceled"}
[2m[WebServer] [22m{"time":"2026-10-01T23:33:20.970009978-04:00","level":"INFO","msg":"client log","level":"WARN","message":"-------------- RxDB Open Core RxStorage -------------------------------\nYou are using the free Dexie.js based RxStorage implementation from RxDB https://rxdb.info/rx-storage-dexie.html?console=dexie \nWhile this is a great option, we want to let you know that there are faster storage solutions available in our premium plugins.\nFor professional users and production environments, we highly recommend considering these premium options to enhance performance and reliability.\n https://rxdb.info/premium/?console=dexie \nIf you already purchased premium access you can disable this log by calling the setPremiumFlag() function from rxdb-premium/plugins/shared.\n---------------------------------------------------------------------","user":"Jamal C. (jamal@yumyums.kitchen)","page":"/marketing.html","ua":"Mozilla/5.0 (X11; Linux x86_64) AppleWebKit/537.36 (KHTML, like Gecko) HeadlessChrome/147.0.7727.15 Safari/537.36"}
  ✓   3 [chromium] › tests/marketing-subscribers.spec.js:170:3 › Marketing · Subscribers (card H5) › [SB-03] the sheet shows identity-code status, the consent trail and the timeline (1.4s)
[2m[WebServer] [22m{"time":"2026-10-01T23:33:22.441049505-04:00","level":"INFO","msg":"client log","level":"WARN","message":"-------------- RxDB Open Core RxStorage -------------------------------\nYou are using the free Dexie.js based RxStorage implementation from RxDB https://rxdb.info/rx-storage-dexie.html?console=dexie \nWhile this is a great option, we want to let you know that there are faster storage solutions available in our premium plugins.\nFor professional users and production environments, we highly recommend considering these premium options to enhance performance and reliability.\n https://rxdb.info/premium/?console=dexie \nIf you already purchased premium access you can disable this log by calling the setPremiumFlag() function from rxdb-premium/plugins/shared.\n---------------------------------------------------------------------","user":"Jamal C. (jamal@yumyums.kitchen)","page":"/marketing.html","ua":"Mozilla/5.0 (X11; Linux x86_64) AppleWebKit/537.36 (KHTML, like Gecko) HeadlessChrome/147.0.7727.15 Safari/537.36"}
  ✓   4 [chromium] › tests/marketing-subscribers.spec.js:204:3 › Marketing · Subscribers (card H5) › [SB-04] Resend records an event and sends nothing (1.3s)
[2m[WebServer] [22m{"time":"2026-10-01T23:33:23.858537684-04:00","level":"ERROR","msg":"GetManagerHires failed","error":"iterate assigned templates for hire f03fdc11-4302-4318-9e22-79feed5a22a8: context canceled"}
[2m[WebServer] [22m{"time":"2026-10-01T23:33:23.866210242-04:00","level":"ERROR","msg":"GetMyTrainings failed","error":"context canceled"}
[2m[WebServer] [22m{"time":"2026-10-01T23:33:24.286895012-04:00","level":"INFO","msg":"client log","level":"WARN","message":"-------------- RxDB Open Core RxStorage -------------------------------\nYou are using the free Dexie.js based RxStorage implementation from RxDB https://rxdb.info/rx-storage-dexie.html?console=dexie \nWhile this is a great option, we want to let you know that there are faster storage solutions available in our premium plugins.\nFor professional users and production environments, we highly recommend considering these premium options to enhance performance and reliability.\n https://rxdb.info/premium/?console=dexie \nIf you already purchased premium access you can disable this log by calling the setPremiumFlag() function from rxdb-premium/plugins/shared.\n---------------------------------------------------------------------","user":"Subs T. (subs-locked-1790912003255-4283@yumyums.kitchen)","page":"/marketing.html","ua":"Mozilla/5.0 (X11; Linux x86_64) AppleWebKit/537.36 (KHTML, like Gecko) HeadlessChrome/147.0.7727.15 Safari/537.36"}
  ✓   5 [chromium] › tests/marketing-subscribers.spec.js:259:3 › Marketing · Subscribers (card H5) › a team_member sees the Locked state, from the real 403 managers_only (1.7s)
[2m[WebServer] [22m{"time":"2026-10-01T23:33:25.21598011-04:00","level":"INFO","msg":"client log","level":"WARN","message":"-------------- RxDB Open Core RxStorage -------------------------------\nYou are using the free Dexie.js based RxStorage implementation from RxDB https://rxdb.info/rx-storage-dexie.html?console=dexie \nWhile this is a great option, we want to let you know that there are faster storage solutions available in our premium plugins.\nFor professional users and production environments, we highly recommend considering these premium options to enhance performance and reliability.\n https://rxdb.info/premium/?console=dexie \nIf you already purchased premium access you can disable this log by calling the setPremiumFlag() function from rxdb-premium/plugins/shared.\n---------------------------------------------------------------------","user":"Jamal C. (jamal@yumyums.kitchen)","page":"/marketing.html","ua":"Mozilla/5.0 (X11; Linux x86_64) AppleWebKit/537.36 (KHTML, like Gecko) HeadlessChrome/147.0.7727.15 Safari/537.36"}
  ✓   6 [chromium] › tests/marketing-subscribers.spec.js:277:3 › Marketing · Subscribers (card H5) › the empty state names what is missing rather than rendering nothing (1.4s)
  ✓   7 [chromium] › tests/marketing.spec.js:106:3 › Marketing tile + permission seed (card marketing-tile-and-page) › SEED: SeedHQApps registers marketing + marketing-offline-override with their first-registration grants (857ms)
[2m[WebServer] [22m{"time":"2026-10-01T23:33:27.797067208-04:00","level":"ERROR","msg":"GetManagerHires failed","error":"iterate assigned templates for hire f03fdc11-4302-4318-9e22-79feed5a22a8: context canceled"}
  ✓   8 [chromium] › tests/marketing.spec.js:130:3 › Marketing tile + permission seed (card marketing-tile-and-page) › a team_member with the app grant sees the Marketing tile on the launcher (1.5s)
[2m[WebServer] [22m{"time":"2026-10-01T23:33:29.420942086-04:00","level":"ERROR","msg":"GetManagerHires failed","error":"query assigned templates for hire f03fdc11-4302-4318-9e22-79feed5a22a8: context canceled"}
[2m[WebServer] [22m{"time":"2026-10-01T23:33:29.445150842-04:00","level":"ERROR","msg":"GetStock query failed","error":"context canceled"}
[2m[WebServer] [22m{"time":"2026-10-01T23:33:29.932037131-04:00","level":"INFO","msg":"client log","level":"WARN","message":"-------------- RxDB Open Core RxStorage -------------------------------\nYou are using the free Dexie.js based RxStorage implementation from RxDB https://rxdb.info/rx-storage-dexie.html?console=dexie \nWhile this is a great option, we want to let you know that there are faster storage solutions available in our premium plugins.\nFor professional users and production environments, we highly recommend considering these premium options to enhance performance and reliability.\n https://rxdb.info/premium/?console=dexie \nIf you already purchased premium access you can disable this log by calling the setPremiumFlag() function from rxdb-premium/plugins/shared.\n---------------------------------------------------------------------","user":"Mkt T. (mkt-scan-1790912008948-8846@yumyums.kitchen)","page":"/marketing.html","ua":"Mozilla/5.0 (X11; Linux x86_64) AppleWebKit/537.36 (KHTML, like Gecko) HeadlessChrome/147.0.7727.15 Safari/537.36"}
  ✓   9 [chromium] › tests/marketing.spec.js:141:3 › Marketing tile + permission seed (card marketing-tile-and-page) › marketing.html shows Scan live, Subscribers gated, and the remaining sub-sections as labeled placeholders (2.1s)
  ✓  10 [chromium] › tests/marketing.spec.js:195:3 › Marketing tile + permission seed (card marketing-tile-and-page) › a user without the marketing grant sees NO Marketing tile (1.8s)
  ✓  11 [chromium] › tests/marketing.spec.js:227:3 › Marketing tile + permission seed (card marketing-tile-and-page) › the offline_override entitlement renders as a grantable row in the Users access editor (656ms)
  ✓  12 [chromium] › tests/marketing.spec.js:251:3 › Marketing tile + permission seed (card marketing-tile-and-page) › a per-user offline_override grant round-trips to that user's /me/apps (1.7s)
[2m[WebServer] [22m{"time":"2026-10-01T23:33:35.345695279-04:00","level":"INFO","msg":"client log","level":"WARN","message":"-------------- RxDB Open Core RxStorage -------------------------------\nYou are using the free Dexie.js based RxStorage implementation from RxDB https://rxdb.info/rx-storage-dexie.html?console=dexie \nWhile this is a great option, we want to let you know that there are faster storage solutions available in our premium plugins.\nFor professional users and production environments, we highly recommend considering these premium options to enhance performance and reliability.\n https://rxdb.info/premium/?console=dexie \nIf you already purchased premium access you can disable this log by calling the setPremiumFlag() function from rxdb-premium/plugins/shared.\n---------------------------------------------------------------------","user":"Jamal C. (jamal@yumyums.kitchen)","page":"/marketing.html","ua":"Mozilla/5.0 (X11; Linux x86_64) AppleWebKit/537.36 (KHTML, like Gecko) HeadlessChrome/147.0.7727.15 Safari/537.36"}
  ✓  13 [chromium] › tests/marketing.spec.js:418:3 › Camera scanner decode (card camera-scanner-decode) › a printed QR decodes from an image and its on-device hash equals the committed seed literal (1.1s)
[2m[WebServer] [22m{"time":"2026-10-01T23:33:36.940516727-04:00","level":"ERROR","msg":"GetMyTrainings failed","error":"context canceled"}
[2m[WebServer] [22m{"time":"2026-10-01T23:33:37.27672078-04:00","level":"INFO","msg":"client log","level":"WARN","message":"-------------- RxDB Open Core RxStorage -------------------------------\nYou are using the free Dexie.js based RxStorage implementation from RxDB https://rxdb.info/rx-storage-dexie.html?console=dexie \nWhile this is a great option, we want to let you know that there are faster storage solutions available in our premium plugins.\nFor professional users and production environments, we highly recommend considering these premium options to enhance performance and reliability.\n https://rxdb.info/premium/?console=dexie \nIf you already purchased premium access you can disable this log by calling the setPremiumFlag() function from rxdb-premium/plugins/shared.\n---------------------------------------------------------------------","user":"Jamal C. (jamal@yumyums.kitchen)","page":"/marketing.html","ua":"Mozilla/5.0 (X11; Linux x86_64) AppleWebKit/537.36 (KHTML, like Gecko) HeadlessChrome/147.0.7727.15 Safari/537.36"}
  ✓  14 [chromium] › tests/marketing.spec.js:436:3 › Camera scanner decode (card camera-scanner-decode) › done_when: a synced customer's offer resolves OFFLINE from the local replica (image decode) (1.9s)
[2m[WebServer] [22m{"time":"2026-10-01T23:33:38.473906693-04:00","level":"INFO","msg":"client log","level":"WARN","message":"-------------- RxDB Open Core RxStorage -------------------------------\nYou are using the free Dexie.js based RxStorage implementation from RxDB https://rxdb.info/rx-storage-dexie.html?console=dexie \nWhile this is a great option, we want to let you know that there are faster storage solutions available in our premium plugins.\nFor professional users and production environments, we highly recommend considering these premium options to enhance performance and reliability.\n https://rxdb.info/premium/?console=dexie \nIf you already purchased premium access you can disable this log by calling the setPremiumFlag() function from rxdb-premium/plugins/shared.\n---------------------------------------------------------------------","user":"Jamal C. (jamal@yumyums.kitchen)","page":"/marketing.html","ua":"Mozilla/5.0 (X11; Linux x86_64) AppleWebKit/537.36 (KHTML, like Gecko) HeadlessChrome/147.0.7727.15 Safari/537.36"}
  ✓  15 [chromium] › tests/marketing.spec.js:458:3 › Camera scanner decode (card camera-scanner-decode) › done_when: an un-synced customer falls back OFFLINE to the QR-embedded offer, marked unverified (image decode) (1.4s)
[2m[WebServer] [22m{"time":"2026-10-01T23:33:39.751829258-04:00","level":"INFO","msg":"client log","level":"WARN","message":"-------------- RxDB Open Core RxStorage -------------------------------\nYou are using the free Dexie.js based RxStorage implementation from RxDB https://rxdb.info/rx-storage-dexie.html?console=dexie \nWhile this is a great option, we want to let you know that there are faster storage solutions available in our premium plugins.\nFor professional users and production environments, we highly recommend considering these premium options to enhance performance and reliability.\n https://rxdb.info/premium/?console=dexie \nIf you already purchased premium access you can disable this log by calling the setPremiumFlag() function from rxdb-premium/plugins/shared.\n---------------------------------------------------------------------","user":"Jamal C. (jamal@yumyums.kitchen)","page":"/marketing.html","ua":"Mozilla/5.0 (X11; Linux x86_64) AppleWebKit/537.36 (KHTML, like Gecko) HeadlessChrome/147.0.7727.15 Safari/537.36"}
  ✓  16 [chromium] › tests/marketing.spec.js:477:3 › Camera scanner decode (card camera-scanner-decode) › resolution order: the local replica beats the QR-embedded offer when both exist (777ms)
[2m[WebServer] [22m{"time":"2026-10-01T23:33:40.64808309-04:00","level":"INFO","msg":"client log","level":"WARN","message":"-------------- RxDB Open Core RxStorage -------------------------------\nYou are using the free Dexie.js based RxStorage implementation from RxDB https://rxdb.info/rx-storage-dexie.html?console=dexie \nWhile this is a great option, we want to let you know that there are faster storage solutions available in our premium plugins.\nFor professional users and production environments, we highly recommend considering these premium options to enhance performance and reliability.\n https://rxdb.info/premium/?console=dexie \nIf you already purchased premium access you can disable this log by calling the setPremiumFlag() function from rxdb-premium/plugins/shared.\n---------------------------------------------------------------------","user":"Jamal C. (jamal@yumyums.kitchen)","page":"/marketing.html","ua":"Mozilla/5.0 (X11; Linux x86_64) AppleWebKit/537.36 (KHTML, like Gecko) HeadlessChrome/147.0.7727.15 Safari/537.36"}
  ✓  17 [chromium] › tests/marketing.spec.js:491:3 › Camera scanner decode (card camera-scanner-decode) › a token in neither replica with no descriptor resolves unknownCode (F2 display) (825ms)
[2m[WebServer] [22m{"time":"2026-10-01T23:33:41.512443596-04:00","level":"INFO","msg":"client log","level":"WARN","message":"-------------- RxDB Open Core RxStorage -------------------------------\nYou are using the free Dexie.js based RxStorage implementation from RxDB https://rxdb.info/rx-storage-dexie.html?console=dexie \nWhile this is a great option, we want to let you know that there are faster storage solutions available in our premium plugins.\nFor professional users and production environments, we highly recommend considering these premium options to enhance performance and reliability.\n https://rxdb.info/premium/?console=dexie \nIf you already purchased premium access you can disable this log by calling the setPremiumFlag() function from rxdb-premium/plugins/shared.\n---------------------------------------------------------------------","user":"Jamal C. (jamal@yumyums.kitchen)","page":"/marketing.html","ua":"Mozilla/5.0 (X11; Linux x86_64) AppleWebKit/537.36 (KHTML, like Gecko) HeadlessChrome/147.0.7727.15 Safari/537.36"}
  ✓  18 [chromium] › tests/marketing.spec.js:499:3 › Camera scanner decode (card camera-scanner-decode) › a payload that is not a Yumyums code resolves invalidPayload, loudly (804ms)
[2m[WebServer] [22m{"time":"2026-10-01T23:33:42.23482989-04:00","level":"ERROR","msg":"GetMyTrainings failed","error":"get user roles: context canceled"}
[2m[WebServer] [22m{"time":"2026-10-01T23:33:42.404644305-04:00","level":"INFO","msg":"client log","level":"WARN","message":"-------------- RxDB Open Core RxStorage -------------------------------\nYou are using the free Dexie.js based RxStorage implementation from RxDB https://rxdb.info/rx-storage-dexie.html?console=dexie \nWhile this is a great option, we want to let you know that there are faster storage solutions available in our premium plugins.\nFor professional users and production environments, we highly recommend considering these premium options to enhance performance and reliability.\n https://rxdb.info/premium/?console=dexie \nIf you already purchased premium access you can disable this log by calling the setPremiumFlag() function from rxdb-premium/plugins/shared.\n---------------------------------------------------------------------","user":"Jamal C. (jamal@yumyums.kitchen)","page":"/marketing.html","ua":"Mozilla/5.0 (X11; Linux x86_64) AppleWebKit/537.36 (KHTML, like Gecko) HeadlessChrome/147.0.7727.15 Safari/537.36"}
  ✓  19 [chromium] › tests/marketing.spec.js:509:3 › Camera scanner decode (card camera-scanner-decode) › F3 offline: a locally-redeemed code rejects immediately as spentLocally (1.0s)
[2m[WebServer] [22m{"time":"2026-10-01T23:33:43.378015099-04:00","level":"INFO","msg":"client log","level":"WARN","message":"-------------- RxDB Open Core RxStorage -------------------------------\nYou are using the free Dexie.js based RxStorage implementation from RxDB https://rxdb.info/rx-storage-dexie.html?console=dexie \nWhile this is a great option, we want to let you know that there are faster storage solutions available in our premium plugins.\nFor professional users and production environments, we highly recommend considering these premium options to enhance performance and reliability.\n https://rxdb.info/premium/?console=dexie \nIf you already purchased premium access you can disable this log by calling the setPremiumFlag() function from rxdb-premium/plugins/shared.\n---------------------------------------------------------------------","user":"Jamal C. (jamal@yumyums.kitchen)","page":"/marketing.html","ua":"Mozilla/5.0 (X11; Linux x86_64) AppleWebKit/537.36 (KHTML, like Gecko) HeadlessChrome/147.0.7727.15 Safari/537.36"}
  ✓  20 [chromium] › tests/marketing.spec.js:527:3 › Camera scanner decode (card camera-scanner-decode) › F3 online: the local redeemed flag does NOT reject — the server decides at submit (869ms)
[2m[WebServer] [22m{"time":"2026-10-01T23:33:44.337950535-04:00","level":"INFO","msg":"client log","level":"WARN","message":"-------------- RxDB Open Core RxStorage -------------------------------\nYou are using the free Dexie.js based RxStorage implementation from RxDB https://rxdb.info/rx-storage-dexie.html?console=dexie \nWhile this is a great option, we want to let you know that there are faster storage solutions available in our premium plugins.\nFor professional users and production environments, we highly recommend considering these premium options to enhance performance and reliability.\n https://rxdb.info/premium/?console=dexie \nIf you already purchased premium access you can disable this log by calling the setPremiumFlag() function from rxdb-premium/plugins/shared.\n---------------------------------------------------------------------","user":"Jamal C. (jamal@yumyums.kitchen)","page":"/marketing.html","ua":"Mozilla/5.0 (X11; Linux x86_64) AppleWebKit/537.36 (KHTML, like Gecko) HeadlessChrome/147.0.7727.15 Safari/537.36"}
  ✓  21 [chromium] › tests/marketing.spec.js:550:3 › Camera scanner decode (card camera-scanner-decode) › offline expiry uses clock.isExpired — a +2h server offset expires a code raw Date.now() calls live (868ms)
[2m[WebServer] [22m{"time":"2026-10-01T23:33:45.133196345-04:00","level":"INFO","msg":"client log","level":"WARN","message":"-------------- RxDB Open Core RxStorage -------------------------------\nYou are using the free Dexie.js based RxStorage implementation from RxDB https://rxdb.info/rx-storage-dexie.html?console=dexie \nWhile this is a great option, we want to let you know that there are faster storage solutions available in our premium plugins.\nFor professional users and production environments, we highly recommend considering these premium options to enhance performance and reliability.\n https://rxdb.info/premium/?console=dexie \nIf you already purchased premium access you can disable this log by calling the setPremiumFlag() function from rxdb-premium/plugins/shared.\n---------------------------------------------------------------------","user":"Jamal C. (jamal@yumyums.kitchen)","page":"/marketing.html","ua":"Mozilla/5.0 (X11; Linux x86_64) AppleWebKit/537.36 (KHTML, like Gecko) HeadlessChrome/147.0.7727.15 Safari/537.36"}
[2m[WebServer] [22m{"time":"2026-10-01T23:33:45.350665453-04:00","level":"INFO","msg":"client log","level":"WARN","message":"-------------- RxDB Open Core RxStorage -------------------------------\nYou are using the free Dexie.js based RxStorage implementation from RxDB https://rxdb.info/rx-storage-dexie.html?console=dexie \nWhile this is a great option, we want to let you know that there are faster storage solutions available in our premium plugins.\nFor professional users and production environments, we highly recommend considering these premium options to enhance performance and reliability.\n https://rxdb.info/premium/?console=dexie \nIf you already purchased premium access you can disable this log by calling the setPremiumFlag() function from rxdb-premium/plugins/shared.\n---------------------------------------------------------------------","user":"Jamal C. (jamal@yumyums.kitchen)","page":"/marketing.html","ua":"Mozilla/5.0 (X11; Linux x86_64) AppleWebKit/537.36 (KHTML, like Gecko) HeadlessChrome/147.0.7727.15 Safari/537.36"}
  ✓  22 [chromium] › tests/marketing.spec.js:570:3 › Camera scanner decode (card camera-scanner-decode) › the clock state round-trips a reload (persist → initialState) so a reloaded-offline device keeps its offset (850ms)
[2m[WebServer] [22m{"time":"2026-10-01T23:33:46.22584208-04:00","level":"INFO","msg":"client log","level":"WARN","message":"-------------- RxDB Open Core RxStorage -------------------------------\nYou are using the free Dexie.js based RxStorage implementation from RxDB https://rxdb.info/rx-storage-dexie.html?console=dexie \nWhile this is a great option, we want to let you know that there are faster storage solutions available in our premium plugins.\nFor professional users and production environments, we highly recommend considering these premium options to enhance performance and reliability.\n https://rxdb.info/premium/?console=dexie \nIf you already purchased premium access you can disable this log by calling the setPremiumFlag() function from rxdb-premium/plugins/shared.\n---------------------------------------------------------------------","user":"Jamal C. (jamal@yumyums.kitchen)","page":"/marketing.html","ua":"Mozilla/5.0 (X11; Linux x86_64) AppleWebKit/537.36 (KHTML, like Gecko) HeadlessChrome/147.0.7727.15 Safari/537.36"}
  ✓  23 [chromium] › tests/marketing.spec.js:594:3 › Camera scanner decode (card camera-scanner-decode) › hash caching: repeated scans of one token digest once (1.1s)
[2m[WebServer] [22m{"time":"2026-10-01T23:33:47.184079785-04:00","level":"INFO","msg":"client log","level":"WARN","message":"-------------- RxDB Open Core RxStorage -------------------------------\nYou are using the free Dexie.js based RxStorage implementation from RxDB https://rxdb.info/rx-storage-dexie.html?console=dexie \nWhile this is a great option, we want to let you know that there are faster storage solutions available in our premium plugins.\nFor professional users and production environments, we highly recommend considering these premium options to enhance performance and reliability.\n https://rxdb.info/premium/?console=dexie \nIf you already purchased premium access you can disable this log by calling the setPremiumFlag() function from rxdb-premium/plugins/shared.\n---------------------------------------------------------------------","user":"Jamal C. (jamal@yumyums.kitchen)","page":"/marketing.html","ua":"Mozilla/5.0 (X11; Linux x86_64) AppleWebKit/537.36 (KHTML, like Gecko) HeadlessChrome/147.0.7727.15 Safari/537.36"}
  ✓  24 [chromium] › tests/marketing.spec.js:603:3 › Camera scanner decode (card camera-scanner-decode) › enqueue is serialized per code: two rapid same-code enqueues insert exactly one live attempt (827ms)
[2m[WebServer] [22m{"time":"2026-10-01T23:33:47.976201579-04:00","level":"INFO","msg":"client log","level":"WARN","message":"-------------- RxDB Open Core RxStorage -------------------------------\nYou are using the free Dexie.js based RxStorage implementation from RxDB https://rxdb.info/rx-storage-dexie.html?console=dexie \nWhile this is a great option, we want to let you know that there are faster storage solutions available in our premium plugins.\nFor professional users and production environments, we highly recommend considering these premium options to enhance performance and reliability.\n https://rxdb.info/premium/?console=dexie \nIf you already purchased premium access you can disable this log by calling the setPremiumFlag() function from rxdb-premium/plugins/shared.\n---------------------------------------------------------------------","user":"Jamal C. (jamal@yumyums.kitchen)","page":"/marketing.html","ua":"Mozilla/5.0 (X11; Linux x86_64) AppleWebKit/537.36 (KHTML, like Gecko) HeadlessChrome/147.0.7727.15 Safari/537.36"}
  ✓  25 [chromium] › tests/marketing.spec.js:620:3 › Camera scanner decode (card camera-scanner-decode) › F6: re-scanning the same code re-shows the result instead of erroring or duplicating (743ms)
[2m[WebServer] [22m{"time":"2026-10-01T23:33:48.880697676-04:00","level":"INFO","msg":"client log","level":"WARN","message":"-------------- RxDB Open Core RxStorage -------------------------------\nYou are using the free Dexie.js based RxStorage implementation from RxDB https://rxdb.info/rx-storage-dexie.html?console=dexie \nWhile this is a great option, we want to let you know that there are faster storage solutions available in our premium plugins.\nFor professional users and production environments, we highly recommend considering these premium options to enhance performance and reliability.\n https://rxdb.info/premium/?console=dexie \nIf you already purchased premium access you can disable this log by calling the setPremiumFlag() function from rxdb-premium/plugins/shared.\n---------------------------------------------------------------------","user":"Jamal C. (jamal@yumyums.kitchen)","page":"/marketing.html","ua":"Mozilla/5.0 (X11; Linux x86_64) AppleWebKit/537.36 (KHTML, like Gecko) HeadlessChrome/147.0.7727.15 Safari/537.36"}
  ✓  26 [chromium] › tests/marketing.spec.js:632:3 › Camera scanner decode (card camera-scanner-decode) › camera failure is loud and retryable (headless has no camera; live decode is the attended morning check) (993ms)
[2m[WebServer] [22m{"time":"2026-10-01T23:33:49.826343158-04:00","level":"INFO","msg":"client log","level":"WARN","message":"-------------- RxDB Open Core RxStorage -------------------------------\nYou are using the free Dexie.js based RxStorage implementation from RxDB https://rxdb.info/rx-storage-dexie.html?console=dexie \nWhile this is a great option, we want to let you know that there are faster storage solutions available in our premium plugins.\nFor professional users and production environments, we highly recommend considering these premium options to enhance performance and reliability.\n https://rxdb.info/premium/?console=dexie \nIf you already purchased premium access you can disable this log by calling the setPremiumFlag() function from rxdb-premium/plugins/shared.\n---------------------------------------------------------------------","user":"Jamal C. (jamal@yumyums.kitchen)","page":"/marketing.html","ua":"Mozilla/5.0 (X11; Linux x86_64) AppleWebKit/537.36 (KHTML, like Gecko) HeadlessChrome/147.0.7727.15 Safari/537.36"}
  ✓  27 [chromium] › tests/marketing.spec.js:662:3 › Camera scanner decode (card camera-scanner-decode) › a live camera hides the Start camera control and shows no error (811ms)
[2m[WebServer] [22m{"time":"2026-10-01T23:33:50.701697505-04:00","level":"INFO","msg":"client log","level":"WARN","message":"-------------- RxDB Open Core RxStorage -------------------------------\nYou are using the free Dexie.js based RxStorage implementation from RxDB https://rxdb.info/rx-storage-dexie.html?console=dexie \nWhile this is a great option, we want to let you know that there are faster storage solutions available in our premium plugins.\nFor professional users and production environments, we highly recommend considering these premium options to enhance performance and reliability.\n https://rxdb.info/premium/?console=dexie \nIf you already purchased premium access you can disable this log by calling the setPremiumFlag() function from rxdb-premium/plugins/shared.\n---------------------------------------------------------------------","user":"Jamal C. (jamal@yumyums.kitchen)","page":"/marketing.html","ua":"Mozilla/5.0 (X11; Linux x86_64) AppleWebKit/537.36 (KHTML, like Gecko) HeadlessChrome/147.0.7727.15 Safari/537.36"}
  ✓  28 [chromium] › tests/marketing.spec.js:673:3 › Camera scanner decode (card camera-scanner-decode) › starting the camera twice does not report it unavailable (1.2s)
[2m[WebServer] [22m{"time":"2026-10-01T23:33:52.018381831-04:00","level":"INFO","msg":"client log","level":"WARN","message":"-------------- RxDB Open Core RxStorage -------------------------------\nYou are using the free Dexie.js based RxStorage implementation from RxDB https://rxdb.info/rx-storage-dexie.html?console=dexie \nWhile this is a great option, we want to let you know that there are faster storage solutions available in our premium plugins.\nFor professional users and production environments, we highly recommend considering these premium options to enhance performance and reliability.\n https://rxdb.info/premium/?console=dexie \nIf you already purchased premium access you can disable this log by calling the setPremiumFlag() function from rxdb-premium/plugins/shared.\n---------------------------------------------------------------------","user":"Jamal C. (jamal@yumyums.kitchen)","page":"/marketing.html","ua":"Mozilla/5.0 (X11; Linux x86_64) AppleWebKit/537.36 (KHTML, like Gecko) HeadlessChrome/147.0.7727.15 Safari/537.36"}
  ✓  29 [chromium] › tests/marketing.spec.js:687:3 › Camera scanner decode (card camera-scanner-decode) › a camera failure names the real reason, even when the library throws a string (908ms)
[2m[WebServer] [22m{"time":"2026-10-01T23:33:52.889862651-04:00","level":"INFO","msg":"client log","level":"WARN","message":"-------------- RxDB Open Core RxStorage -------------------------------\nYou are using the free Dexie.js based RxStorage implementation from RxDB https://rxdb.info/rx-storage-dexie.html?console=dexie \nWhile this is a great option, we want to let you know that there are faster storage solutions available in our premium plugins.\nFor professional users and production environments, we highly recommend considering these premium options to enhance performance and reliability.\n https://rxdb.info/premium/?console=dexie \nIf you already purchased premium access you can disable this log by calling the setPremiumFlag() function from rxdb-premium/plugins/shared.\n---------------------------------------------------------------------","user":"Jamal C. (jamal@yumyums.kitchen)","page":"/marketing.html","ua":"Mozilla/5.0 (X11; Linux x86_64) AppleWebKit/537.36 (KHTML, like Gecko) HeadlessChrome/147.0.7727.15 Safari/537.36"}
  ✓  30 [chromium] › tests/marketing.spec.js:782:3 › Redemption submit flow (card redemption-submit-flow) › a persistent online/offline indicator renders from boot and reads online on a live probe (830ms)
[2m[WebServer] [22m{"time":"2026-10-01T23:33:53.603885242-04:00","level":"INFO","msg":"client log","level":"WARN","message":"-------------- RxDB Open Core RxStorage -------------------------------\nYou are using the free Dexie.js based RxStorage implementation from RxDB https://rxdb.info/rx-storage-dexie.html?console=dexie \nWhile this is a great option, we want to let you know that there are faster storage solutions available in our premium plugins.\nFor professional users and production environments, we highly recommend considering these premium options to enhance performance and reliability.\n https://rxdb.info/premium/?console=dexie \nIf you already purchased premium access you can disable this log by calling the setPremiumFlag() function from rxdb-premium/plugins/shared.\n---------------------------------------------------------------------","user":"Jamal C. (jamal@yumyums.kitchen)","page":"/marketing.html","ua":"Mozilla/5.0 (X11; Linux x86_64) AppleWebKit/537.36 (KHTML, like Gecko) HeadlessChrome/147.0.7727.15 Safari/537.36"}
  ✓  31 [chromium] › tests/marketing.spec.js:796:3 › Redemption submit flow (card redemption-submit-flow) › confirm-then-burn: no path to redeemed without a validator-passing Toast order number (1.0s)
[2m[WebServer] [22m{"time":"2026-10-01T23:33:54.898393861-04:00","level":"ERROR","msg":"GetManagerHires failed","error":"query assigned templates for hire 030a99b0-3432-4345-8919-e857a486be00: context canceled"}
[2m[WebServer] [22m{"time":"2026-10-01T23:33:55.285952001-04:00","level":"INFO","msg":"client log","level":"WARN","message":"-------------- RxDB Open Core RxStorage -------------------------------\nYou are using the free Dexie.js based RxStorage implementation from RxDB https://rxdb.info/rx-storage-dexie.html?console=dexie \nWhile this is a great option, we want to let you know that there are faster storage solutions available in our premium plugins.\nFor professional users and production environments, we highly recommend considering these premium options to enhance performance and reliability.\n https://rxdb.info/premium/?console=dexie \nIf you already purchased premium access you can disable this log by calling the setPremiumFlag() function from rxdb-premium/plugins/shared.\n---------------------------------------------------------------------","user":"Mkt T. (mkt-c6-noperm-1790912034504-5939@yumyums.kitchen)","page":"/marketing.html","ua":"Mozilla/5.0 (X11; Linux x86_64) AppleWebKit/537.36 (KHTML, like Gecko) HeadlessChrome/147.0.7727.15 Safari/537.36"}
  ✓  32 [chromium] › tests/marketing.spec.js:839:3 › Redemption submit flow (card redemption-submit-flow) › offline branch 1: no entitlement -> blocked, no override affordance (1.6s)
[2m[WebServer] [22m{"time":"2026-10-01T23:33:56.705018635-04:00","level":"INFO","msg":"client log","level":"WARN","message":"-------------- RxDB Open Core RxStorage -------------------------------\nYou are using the free Dexie.js based RxStorage implementation from RxDB https://rxdb.info/rx-storage-dexie.html?console=dexie \nWhile this is a great option, we want to let you know that there are faster storage solutions available in our premium plugins.\nFor professional users and production environments, we highly recommend considering these premium options to enhance performance and reliability.\n https://rxdb.info/premium/?console=dexie \nIf you already purchased premium access you can disable this log by calling the setPremiumFlag() function from rxdb-premium/plugins/shared.\n---------------------------------------------------------------------","user":"Jamal C. (jamal@yumyums.kitchen)","page":"/marketing.html","ua":"Mozilla/5.0 (X11; Linux x86_64) AppleWebKit/537.36 (KHTML, like Gecko) HeadlessChrome/147.0.7727.15 Safari/537.36"}
  ✓  33 [chromium] › tests/marketing.spec.js:858:3 › Redemption submit flow (card redemption-submit-flow) › offline branch 2: the entitlement offers force-submit behind the §13 confirmation (1.5s)
[2m[WebServer] [22m{"time":"2026-10-01T23:33:57.860148855-04:00","level":"ERROR","msg":"GetManagerHires failed","error":"iterate assigned templates for hire f03fdc11-4302-4318-9e22-79feed5a22a8: context canceled"}
[2m[WebServer] [22m{"time":"2026-10-01T23:33:58.027064851-04:00","level":"INFO","msg":"client log","level":"WARN","message":"-------------- RxDB Open Core RxStorage -------------------------------\nYou are using the free Dexie.js based RxStorage implementation from RxDB https://rxdb.info/rx-storage-dexie.html?console=dexie \nWhile this is a great option, we want to let you know that there are faster storage solutions available in our premium plugins.\nFor professional users and production environments, we highly recommend considering these premium options to enhance performance and reliability.\n https://rxdb.info/premium/?console=dexie \nIf you already purchased premium access you can disable this log by calling the setPremiumFlag() function from rxdb-premium/plugins/shared.\n---------------------------------------------------------------------","user":"Jamal C. (jamal@yumyums.kitchen)","page":"/marketing.html","ua":"Mozilla/5.0 (X11; Linux x86_64) AppleWebKit/537.36 (KHTML, like Gecko) HeadlessChrome/147.0.7727.15 Safari/537.36"}
  ✓  34 [chromium] › tests/marketing.spec.js:901:3 › Redemption submit flow (card redemption-submit-flow) › offline branch 3: requires_online=true refuses the override even WITH the entitlement (§8) (1.2s)
[2m[WebServer] [22m{"time":"2026-10-01T23:33:59.095175914-04:00","level":"ERROR","msg":"GetManagerHires failed","error":"iterate assigned templates for hire f03fdc11-4302-4318-9e22-79feed5a22a8: context canceled"}
[2m[WebServer] [22m{"time":"2026-10-01T23:33:59.101352554-04:00","level":"ERROR","msg":"GetMyTrainings failed","error":"get user roles: context canceled"}
[2m[WebServer] [22m{"time":"2026-10-01T23:33:59.249986746-04:00","level":"INFO","msg":"client log","level":"WARN","message":"-------------- RxDB Open Core RxStorage -------------------------------\nYou are using the free Dexie.js based RxStorage implementation from RxDB https://rxdb.info/rx-storage-dexie.html?console=dexie \nWhile this is a great option, we want to let you know that there are faster storage solutions available in our premium plugins.\nFor professional users and production environments, we highly recommend considering these premium options to enhance performance and reliability.\n https://rxdb.info/premium/?console=dexie \nIf you already purchased premium access you can disable this log by calling the setPremiumFlag() function from rxdb-premium/plugins/shared.\n---------------------------------------------------------------------","user":"Jamal C. (jamal@yumyums.kitchen)","page":"/marketing.html","ua":"Mozilla/5.0 (X11; Linux x86_64) AppleWebKit/537.36 (KHTML, like Gecko) HeadlessChrome/147.0.7727.15 Safari/537.36"}
  ✓  35 [chromium] › tests/marketing.spec.js:946:3 › Redemption submit flow (card redemption-submit-flow) › B-432: a requires_online=true code is refused while its campaign is UNRESOLVED (branch-3 minus the campaigns: seed) (1.1s)
[2m[WebServer] [22m{"time":"2026-10-01T23:34:00.432929893-04:00","level":"INFO","msg":"client log","level":"WARN","message":"-------------- RxDB Open Core RxStorage -------------------------------\nYou are using the free Dexie.js based RxStorage implementation from RxDB https://rxdb.info/rx-storage-dexie.html?console=dexie \nWhile this is a great option, we want to let you know that there are faster storage solutions available in our premium plugins.\nFor professional users and production environments, we highly recommend considering these premium options to enhance performance and reliability.\n https://rxdb.info/premium/?console=dexie \nIf you already purchased premium access you can disable this log by calling the setPremiumFlag() function from rxdb-premium/plugins/shared.\n---------------------------------------------------------------------","user":"Jamal C. (jamal@yumyums.kitchen)","page":"/marketing.html","ua":"Mozilla/5.0 (X11; Linux x86_64) AppleWebKit/537.36 (KHTML, like Gecko) HeadlessChrome/147.0.7727.15 Safari/537.36"}
  ✓  36 [chromium] › tests/marketing.spec.js:976:3 › Redemption submit flow (card redemption-submit-flow) › P-KR4: indicator flips and submit re-arms LIVE when reachability returns — zero page interaction (1.2s)
[2m[WebServer] [22m{"time":"2026-10-01T23:34:01.393798409-04:00","level":"ERROR","msg":"GetManagerHires failed","error":"iterate assigned templates for hire f03fdc11-4302-4318-9e22-79feed5a22a8: context canceled"}
[2m[WebServer] [22m{"time":"2026-10-01T23:34:01.402904778-04:00","level":"ERROR","msg":"GetMyTrainings failed","error":"query my trainings: context canceled"}
[2m[WebServer] [22m{"time":"2026-10-01T23:34:01.553016793-04:00","level":"INFO","msg":"client log","level":"WARN","message":"-------------- RxDB Open Core RxStorage -------------------------------\nYou are using the free Dexie.js based RxStorage implementation from RxDB https://rxdb.info/rx-storage-dexie.html?console=dexie \nWhile this is a great option, we want to let you know that there are faster storage solutions available in our premium plugins.\nFor professional users and production environments, we highly recommend considering these premium options to enhance performance and reliability.\n https://rxdb.info/premium/?console=dexie \nIf you already purchased premium access you can disable this log by calling the setPremiumFlag() function from rxdb-premium/plugins/shared.\n---------------------------------------------------------------------","user":"Jamal C. (jamal@yumyums.kitchen)","page":"/marketing.html","ua":"Mozilla/5.0 (X11; Linux x86_64) AppleWebKit/537.36 (KHTML, like Gecko) HeadlessChrome/147.0.7727.15 Safari/537.36"}
  ✓  37 [chromium] › tests/marketing.spec.js:1001:3 › Redemption submit flow (card redemption-submit-flow) › F2: an unknownCode offline override warns unverifiable and writes offline_override=true AND unverified_code=true (1.0s)
[2m[WebServer] [22m{"time":"2026-10-01T23:34:02.738366355-04:00","level":"INFO","msg":"client log","level":"WARN","message":"-------------- RxDB Open Core RxStorage -------------------------------\nYou are using the free Dexie.js based RxStorage implementation from RxDB https://rxdb.info/rx-storage-dexie.html?console=dexie \nWhile this is a great option, we want to let you know that there are faster storage solutions available in our premium plugins.\nFor professional users and production environments, we highly recommend considering these premium options to enhance performance and reliability.\n https://rxdb.info/premium/?console=dexie \nIf you already purchased premium access you can disable this log by calling the setPremiumFlag() function from rxdb-premium/plugins/shared.\n---------------------------------------------------------------------","user":"Jamal C. (jamal@yumyums.kitchen)","page":"/marketing.html","ua":"Mozilla/5.0 (X11; Linux x86_64) AppleWebKit/537.36 (KHTML, like Gecko) HeadlessChrome/147.0.7727.15 Safari/537.36"}
  ✓  38 [chromium] › tests/marketing.spec.js:1063:3 › Redemption submit flow (card redemption-submit-flow) › done_when(2): a replica-FAILURE override lands policy_unresolved=true, distinguishable from the genuinely-unknown one (1.2s)
[2m[WebServer] [22m{"time":"2026-10-01T23:34:03.92945792-04:00","level":"INFO","msg":"client log","level":"WARN","message":"-------------- RxDB Open Core RxStorage -------------------------------\nYou are using the free Dexie.js based RxStorage implementation from RxDB https://rxdb.info/rx-storage-dexie.html?console=dexie \nWhile this is a great option, we want to let you know that there are faster storage solutions available in our premium plugins.\nFor professional users and production environments, we highly recommend considering these premium options to enhance performance and reliability.\n https://rxdb.info/premium/?console=dexie \nIf you already purchased premium access you can disable this log by calling the setPremiumFlag() function from rxdb-premium/plugins/shared.\n---------------------------------------------------------------------","user":"Jamal C. (jamal@yumyums.kitchen)","page":"/marketing.html","ua":"Mozilla/5.0 (X11; Linux x86_64) AppleWebKit/537.36 (KHTML, like Gecko) HeadlessChrome/147.0.7727.15 Safari/537.36"}
  ✓  39 [chromium] › tests/marketing.spec.js:1112:3 › Redemption submit flow (card redemption-submit-flow) › B-434(c): the policy predicate — resolved flag / KNOWN-but-unresolved fails closed / no campaign stays null (decision 166) (919ms)
[2m[WebServer] [22m{"time":"2026-10-01T23:34:04.638473615-04:00","level":"ERROR","msg":"GetManagerHires failed","error":"query assigned templates for hire 9db88da8-6583-4f08-876d-7092d842b372: context canceled"}
[2m[WebServer] [22m{"time":"2026-10-01T23:34:04.787027156-04:00","level":"INFO","msg":"client log","level":"WARN","message":"-------------- RxDB Open Core RxStorage -------------------------------\nYou are using the free Dexie.js based RxStorage implementation from RxDB https://rxdb.info/rx-storage-dexie.html?console=dexie \nWhile this is a great option, we want to let you know that there are faster storage solutions available in our premium plugins.\nFor professional users and production environments, we highly recommend considering these premium options to enhance performance and reliability.\n https://rxdb.info/premium/?console=dexie \nIf you already purchased premium access you can disable this log by calling the setPremiumFlag() function from rxdb-premium/plugins/shared.\n---------------------------------------------------------------------","user":"Jamal C. (jamal@yumyums.kitchen)","page":"/marketing.html","ua":"Mozilla/5.0 (X11; Linux x86_64) AppleWebKit/537.36 (KHTML, like Gecko) HeadlessChrome/147.0.7727.15 Safari/537.36"}
  ✓  40 [chromium] › tests/marketing.spec.js:1156:3 › Redemption submit flow (card redemption-submit-flow) › F6: same-code re-scan is a no-op; a different code prompts; dismiss returns to the interrupted state (942ms)
[2m[WebServer] [22m{"time":"2026-10-01T23:34:05.553455446-04:00","level":"ERROR","msg":"GetManagerHires failed","error":"iterate assigned templates for hire f03fdc11-4302-4318-9e22-79feed5a22a8: context canceled"}
[2m[WebServer] [22m{"time":"2026-10-01T23:34:05.7552749-04:00","level":"INFO","msg":"client log","level":"WARN","message":"-------------- RxDB Open Core RxStorage -------------------------------\nYou are using the free Dexie.js based RxStorage implementation from RxDB https://rxdb.info/rx-storage-dexie.html?console=dexie \nWhile this is a great option, we want to let you know that there are faster storage solutions available in our premium plugins.\nFor professional users and production environments, we highly recommend considering these premium options to enhance performance and reliability.\n https://rxdb.info/premium/?console=dexie \nIf you already purchased premium access you can disable this log by calling the setPremiumFlag() function from rxdb-premium/plugins/shared.\n---------------------------------------------------------------------","user":"Jamal C. (jamal@yumyums.kitchen)","page":"/marketing.html","ua":"Mozilla/5.0 (X11; Linux x86_64) AppleWebKit/537.36 (KHTML, like Gecko) HeadlessChrome/147.0.7727.15 Safari/537.36"}
  ✓  41 [chromium] › tests/marketing.spec.js:1197:3 › Redemption submit flow (card redemption-submit-flow) › already_used verdict renders when + which device from the local codes replica (1.2s)
[2m[WebServer] [22m{"time":"2026-10-01T23:34:07.033804534-04:00","level":"INFO","msg":"client log","level":"WARN","message":"-------------- RxDB Open Core RxStorage -------------------------------\nYou are using the free Dexie.js based RxStorage implementation from RxDB https://rxdb.info/rx-storage-dexie.html?console=dexie \nWhile this is a great option, we want to let you know that there are faster storage solutions available in our premium plugins.\nFor professional users and production environments, we highly recommend considering these premium options to enhance performance and reliability.\n https://rxdb.info/premium/?console=dexie \nIf you already purchased premium access you can disable this log by calling the setPremiumFlag() function from rxdb-premium/plugins/shared.\n---------------------------------------------------------------------","user":"Jamal C. (jamal@yumyums.kitchen)","page":"/marketing.html","ua":"Mozilla/5.0 (X11; Linux x86_64) AppleWebKit/537.36 (KHTML, like Gecko) HeadlessChrome/147.0.7727.15 Safari/537.36"}
[2m[WebServer] [22m{"time":"2026-10-01T23:34:07.255970261-04:00","level":"INFO","msg":"client log","level":"ERROR","message":"[marketing submit] undeclared (state,event) pair {\"event\":\"BOGUS_EVENT\",\"scan\":\"offerReady\",\"conn\":\"online\",\"overlay\":\"none\"}","user":"Jamal C. (jamal@yumyums.kitchen)","page":"/marketing.html","ua":"Mozilla/5.0 (X11; Linux x86_64) AppleWebKit/537.36 (KHTML, like Gecko) HeadlessChrome/147.0.7727.15 Safari/537.36"}
[2m[WebServer] [22m{"time":"2026-10-01T23:34:07.257550855-04:00","level":"INFO","msg":"client log","level":"ERROR","message":"[marketing submit] undeclared (state,event) pair {\"event\":\"BOGUS_EVENT\",\"scan\":\"offerReady\",\"conn\":\"online\",\"overlay\":\"none\"}","user":"Jamal C. (jamal@yumyums.kitchen)","page":"/marketing.html","ua":"Mozilla/5.0 (X11; Linux x86_64) AppleWebKit/537.36 (KHTML, like Gecko) HeadlessChrome/147.0.7727.15 Safari/537.36"}
[2m[WebServer] [22m{"time":"2026-10-01T23:34:07.280063602-04:00","level":"INFO","msg":"client log","level":"ERROR","message":"[marketing submit] undeclared (state,event) pair {\"event\":\"BOGUS_EVENT\",\"scan\":\"offerReady\",\"conn\":\"online\",\"overlay\":\"none\"}","user":"Jamal C. (jamal@yumyums.kitchen)","page":"/marketing.html","ua":"Mozilla/5.0 (X11; Linux x86_64) AppleWebKit/537.36 (KHTML, like Gecko) HeadlessChrome/147.0.7727.15 Safari/537.36"}
  ✓  42 [chromium] › tests/marketing.spec.js:1217:3 › Redemption submit flow (card redemption-submit-flow) › an undeclared machine event raises the modeled unexpectedEvent card — loud, named, retryable, never a dead actor (985ms)
[2m[WebServer] [22m{"time":"2026-10-01T23:34:07.998048584-04:00","level":"INFO","msg":"client log","level":"WARN","message":"-------------- RxDB Open Core RxStorage -------------------------------\nYou are using the free Dexie.js based RxStorage implementation from RxDB https://rxdb.info/rx-storage-dexie.html?console=dexie \nWhile this is a great option, we want to let you know that there are faster storage solutions available in our premium plugins.\nFor professional users and production environments, we highly recommend considering these premium options to enhance performance and reliability.\n https://rxdb.info/premium/?console=dexie \nIf you already purchased premium access you can disable this log by calling the setPremiumFlag() function from rxdb-premium/plugins/shared.\n---------------------------------------------------------------------","user":"Jamal C. (jamal@yumyums.kitchen)","page":"/marketing.html","ua":"Mozilla/5.0 (X11; Linux x86_64) AppleWebKit/537.36 (KHTML, like Gecko) HeadlessChrome/147.0.7727.15 Safari/537.36"}
  ✓  43 [chromium] › tests/marketing.spec.js:1328:3 › Sync provisioning (card sync-coordinates-provisioning) › done_when(1): provisioning through the SHIPPED path arms sync; a server-side code resolves OFFLINE after the network is cut (932ms)
[2m[WebServer] [22m{"time":"2026-10-01T23:34:09.197271145-04:00","level":"INFO","msg":"client log","level":"WARN","message":"-------------- RxDB Open Core RxStorage -------------------------------\nYou are using the free Dexie.js based RxStorage implementation from RxDB https://rxdb.info/rx-storage-dexie.html?console=dexie \nWhile this is a great option, we want to let you know that there are faster storage solutions available in our premium plugins.\nFor professional users and production environments, we highly recommend considering these premium options to enhance performance and reliability.\n https://rxdb.info/premium/?console=dexie \nIf you already purchased premium access you can disable this log by calling the setPremiumFlag() function from rxdb-premium/plugins/shared.\n---------------------------------------------------------------------","user":"Jamal C. (jamal@yumyums.kitchen)","page":"/marketing.html","ua":"Mozilla/5.0 (X11; Linux x86_64) AppleWebKit/537.36 (KHTML, like Gecko) HeadlessChrome/147.0.7727.15 Safari/537.36"}
  ✓  44 [chromium] › tests/marketing.spec.js:1363:3 › Sync provisioning (card sync-coordinates-provisioning) › done_when(2): campaignPolicy genuinely attaches — attached() true, size() non-zero, seam NOT stubbed (1.3s)
[2m[WebServer] [22m{"time":"2026-10-01T23:34:10.267316029-04:00","level":"INFO","msg":"client log","level":"WARN","message":"-------------- RxDB Open Core RxStorage -------------------------------\nYou are using the free Dexie.js based RxStorage implementation from RxDB https://rxdb.info/rx-storage-dexie.html?console=dexie \nWhile this is a great option, we want to let you know that there are faster storage solutions available in our premium plugins.\nFor professional users and production environments, we highly recommend considering these premium options to enhance performance and reliability.\n https://rxdb.info/premium/?console=dexie \nIf you already purchased premium access you can disable this log by calling the setPremiumFlag() function from rxdb-premium/plugins/shared.\n---------------------------------------------------------------------","user":"Jamal C. (jamal@yumyums.kitchen)","page":"/marketing.html","ua":"Mozilla/5.0 (X11; Linux x86_64) AppleWebKit/537.36 (KHTML, like Gecko) HeadlessChrome/147.0.7727.15 Safari/537.36"}
  ✓  45 [chromium] › tests/marketing.spec.js:1380:3 › Sync provisioning (card sync-coordinates-provisioning) › done_when(3)/B-438: campaigns upstream killed at the NETWORK layer — a genuinely-unknown override lands policy_unresolved=true, pushed as the mint sub (1.2s)
[2m[WebServer] [22m{"time":"2026-10-01T23:34:11.67358161-04:00","level":"INFO","msg":"client log","level":"WARN","message":"-------------- RxDB Open Core RxStorage -------------------------------\nYou are using the free Dexie.js based RxStorage implementation from RxDB https://rxdb.info/rx-storage-dexie.html?console=dexie \nWhile this is a great option, we want to let you know that there are faster storage solutions available in our premium plugins.\nFor professional users and production environments, we highly recommend considering these premium options to enhance performance and reliability.\n https://rxdb.info/premium/?console=dexie \nIf you already purchased premium access you can disable this log by calling the setPremiumFlag() function from rxdb-premium/plugins/shared.\n---------------------------------------------------------------------","user":"Jamal C. (jamal@yumyums.kitchen)","page":"/marketing.html","ua":"Mozilla/5.0 (X11; Linux x86_64) AppleWebKit/537.36 (KHTML, like Gecko) HeadlessChrome/147.0.7727.15 Safari/537.36"}
  ✓  46 [chromium] › tests/marketing.spec.js:1428:3 › Sync provisioning (card sync-coordinates-provisioning) › done_when(3) control: with the campaigns replica HEALTHY the same override lands policy_unresolved=false (1.6s)
[2m[WebServer] [22m{"time":"2026-10-01T23:34:13.187461205-04:00","level":"INFO","msg":"client log","level":"WARN","message":"-------------- RxDB Open Core RxStorage -------------------------------\nYou are using the free Dexie.js based RxStorage implementation from RxDB https://rxdb.info/rx-storage-dexie.html?console=dexie \nWhile this is a great option, we want to let you know that there are faster storage solutions available in our premium plugins.\nFor professional users and production environments, we highly recommend considering these premium options to enhance performance and reliability.\n https://rxdb.info/premium/?console=dexie \nIf you already purchased premium access you can disable this log by calling the setPremiumFlag() function from rxdb-premium/plugins/shared.\n---------------------------------------------------------------------","user":"Jamal C. (jamal@yumyums.kitchen)","page":"/marketing.html","ua":"Mozilla/5.0 (X11; Linux x86_64) AppleWebKit/537.36 (KHTML, like Gecko) HeadlessChrome/147.0.7727.15 Safari/537.36"}
  ✓  47 [chromium] › tests/marketing.spec.js:1455:3 › Sync provisioning (card sync-coordinates-provisioning) › done_when(4)/B-439: after a post-ready failure + recovery WITH docs, unresolved() returns to false (6.1s)
[2m[WebServer] [22m{"time":"2026-10-01T23:34:19.263897098-04:00","level":"INFO","msg":"client log","level":"WARN","message":"-------------- RxDB Open Core RxStorage -------------------------------\nYou are using the free Dexie.js based RxStorage implementation from RxDB https://rxdb.info/rx-storage-dexie.html?console=dexie \nWhile this is a great option, we want to let you know that there are faster storage solutions available in our premium plugins.\nFor professional users and production environments, we highly recommend considering these premium options to enhance performance and reliability.\n https://rxdb.info/premium/?console=dexie \nIf you already purchased premium access you can disable this log by calling the setPremiumFlag() function from rxdb-premium/plugins/shared.\n---------------------------------------------------------------------","user":"Jamal C. (jamal@yumyums.kitchen)","page":"/marketing.html","ua":"Mozilla/5.0 (X11; Linux x86_64) AppleWebKit/537.36 (KHTML, like Gecko) HeadlessChrome/147.0.7727.15 Safari/537.36"}
  ✓  48 [chromium] › tests/marketing.spec.js:1481:3 › Sync provisioning (card sync-coordinates-provisioning) › done_when(4)/B-439: the recovery-EMPTY shape (zero new rows) ALSO clears the latch (6.0s)
[2m[WebServer] [22m{"time":"2026-10-01T23:34:25.231003103-04:00","level":"INFO","msg":"client log","level":"WARN","message":"-------------- RxDB Open Core RxStorage -------------------------------\nYou are using the free Dexie.js based RxStorage implementation from RxDB https://rxdb.info/rx-storage-dexie.html?console=dexie \nWhile this is a great option, we want to let you know that there are faster storage solutions available in our premium plugins.\nFor professional users and production environments, we highly recommend considering these premium options to enhance performance and reliability.\n https://rxdb.info/premium/?console=dexie \nIf you already purchased premium access you can disable this log by calling the setPremiumFlag() function from rxdb-premium/plugins/shared.\n---------------------------------------------------------------------","user":"Jamal C. (jamal@yumyums.kitchen)","page":"/marketing.html","ua":"Mozilla/5.0 (X11; Linux x86_64) AppleWebKit/537.36 (KHTML, like Gecko) HeadlessChrome/147.0.7727.15 Safari/537.36"}
  ✓  49 [chromium] › tests/marketing.spec.js:1533:3 › Boot without SubtleCrypto (plain-http LAN origin) › both flows boot with NO crypto.subtle, and the token hash still equals the WebCrypto seed literal (836ms)
[2m[WebServer] [22m{"time":"2026-10-01T23:34:26.514289857-04:00","level":"INFO","msg":"client log","level":"WARN","message":"-------------- RxDB Open Core RxStorage -------------------------------\nYou are using the free Dexie.js based RxStorage implementation from RxDB https://rxdb.info/rx-storage-dexie.html?console=dexie \nWhile this is a great option, we want to let you know that there are faster storage solutions available in our premium plugins.\nFor professional users and production environments, we highly recommend considering these premium options to enhance performance and reliability.\n https://rxdb.info/premium/?console=dexie \nIf you already purchased premium access you can disable this log by calling the setPremiumFlag() function from rxdb-premium/plugins/shared.\n---------------------------------------------------------------------","user":"Jamal C. (jamal@yumyums.kitchen)","page":"/marketing.html","ua":"Mozilla/5.0 (X11; Linux x86_64) AppleWebKit/537.36 (KHTML, like Gecko) HeadlessChrome/147.0.7727.15 Safari/537.36"}
[2m[WebServer] [22m{"time":"2026-10-01T23:34:26.532792683-04:00","level":"INFO","msg":"client log","level":"ERROR","message":"[marketing] scanner boot failed: IndexedDB API missing. Please visit https://tinyurl.com/y2uuvskb","user":"Jamal C. (jamal@yumyums.kitchen)","page":"/marketing.html","ua":"Mozilla/5.0 (X11; Linux x86_64) AppleWebKit/537.36 (KHTML, like Gecko) HeadlessChrome/147.0.7727.15 Safari/537.36"}
[2m[WebServer] [22m{"time":"2026-10-01T23:34:26.541010025-04:00","level":"INFO","msg":"client log","level":"ERROR","message":"Unhandled rejection: scanner did not boot: IndexedDB API missing. Please visit https://tinyurl.com/y2uuvskb","user":"Jamal C. (jamal@yumyums.kitchen)","page":"/marketing.html","ua":"Mozilla/5.0 (X11; Linux x86_64) AppleWebKit/537.36 (KHTML, like Gecko) HeadlessChrome/147.0.7727.15 Safari/537.36"}
  ✓  50 [chromium] › tests/marketing.spec.js:1544:3 › Boot without SubtleCrypto (plain-http LAN origin) › a boot failure reads as a plain sentence with the technical detail tucked away — not an exception dump (1.1s)
[2m[WebServer] [22m{"time":"2026-10-01T23:34:27.164873681-04:00","level":"INFO","msg":"client log","level":"WARN","message":"-------------- RxDB Open Core RxStorage -------------------------------\nYou are using the free Dexie.js based RxStorage implementation from RxDB https://rxdb.info/rx-storage-dexie.html?console=dexie \nWhile this is a great option, we want to let you know that there are faster storage solutions available in our premium plugins.\nFor professional users and production environments, we highly recommend considering these premium options to enhance performance and reliability.\n https://rxdb.info/premium/?console=dexie \nIf you already purchased premium access you can disable this log by calling the setPremiumFlag() function from rxdb-premium/plugins/shared.\n---------------------------------------------------------------------","user":"Jamal C. (jamal@yumyums.kitchen)","page":"/marketing.html","ua":"Mozilla/5.0 (X11; Linux x86_64) AppleWebKit/537.36 (KHTML, like Gecko) HeadlessChrome/147.0.7727.15 Safari/537.36"}
[2m[WebServer] [22m{"time":"2026-10-01T23:34:27.185547302-04:00","level":"INFO","msg":"client log","level":"ERROR","message":"[marketing] scanner boot failed: IndexedDB API missing. Please visit https://tinyurl.com/y2uuvskb","user":"Jamal C. (jamal@yumyums.kitchen)","page":"/marketing.html","ua":"Mozilla/5.0 (X11; Linux x86_64) AppleWebKit/537.36 (KHTML, like Gecko) HeadlessChrome/147.0.7727.15 Safari/537.36"}
[2m[WebServer] [22m{"time":"2026-10-01T23:34:27.196286577-04:00","level":"INFO","msg":"client log","level":"ERROR","message":"Unhandled rejection: scanner did not boot: IndexedDB API missing. Please visit https://tinyurl.com/y2uuvskb","user":"Jamal C. (jamal@yumyums.kitchen)","page":"/marketing.html","ua":"Mozilla/5.0 (X11; Linux x86_64) AppleWebKit/537.36 (KHTML, like Gecko) HeadlessChrome/147.0.7727.15 Safari/537.36"}
  ✓  51 [chromium] › tests/marketing.spec.js:1568:3 › Boot without SubtleCrypto (plain-http LAN origin) › on a LAN/dev address the hint says https, NOT "go to hq.yumyums.kitchen" (621ms)
[2m[WebServer] [22m{"time":"2026-10-01T23:34:27.883856953-04:00","level":"INFO","msg":"client log","level":"WARN","message":"-------------- RxDB Open Core RxStorage -------------------------------\nYou are using the free Dexie.js based RxStorage implementation from RxDB https://rxdb.info/rx-storage-dexie.html?console=dexie \nWhile this is a great option, we want to let you know that there are faster storage solutions available in our premium plugins.\nFor professional users and production environments, we highly recommend considering these premium options to enhance performance and reliability.\n https://rxdb.info/premium/?console=dexie \nIf you already purchased premium access you can disable this log by calling the setPremiumFlag() function from rxdb-premium/plugins/shared.\n---------------------------------------------------------------------","user":"Jamal C. (jamal@yumyums.kitchen)","page":"/marketing.html","ua":"Mozilla/5.0 (X11; Linux x86_64) AppleWebKit/537.36 (KHTML, like Gecko) HeadlessChrome/147.0.7727.15 Safari/537.36"}
[2m[WebServer] [22m{"time":"2026-10-01T23:34:27.911009879-04:00","level":"INFO","msg":"client log","level":"ERROR","message":"[marketing] scanner boot failed: IndexedDB API missing. Please visit https://tinyurl.com/y2uuvskb","user":"Jamal C. (jamal@yumyums.kitchen)","page":"/marketing.html","ua":"Mozilla/5.0 (X11; Linux x86_64) AppleWebKit/537.36 (KHTML, like Gecko) HeadlessChrome/147.0.7727.15 Safari/537.36"}
[2m[WebServer] [22m{"time":"2026-10-01T23:34:27.923105447-04:00","level":"INFO","msg":"client log","level":"ERROR","message":"Unhandled rejection: scanner did not boot: IndexedDB API missing. Please visit https://tinyurl.com/y2uuvskb","user":"Jamal C. (jamal@yumyums.kitchen)","page":"/marketing.html","ua":"Mozilla/5.0 (X11; Linux x86_64) AppleWebKit/537.36 (KHTML, like Gecko) HeadlessChrome/147.0.7727.15 Safari/537.36"}
  ✓  52 [chromium] › tests/marketing.spec.js:1587:3 › Boot without SubtleCrypto (plain-http LAN origin) › the Details cause reads as a sentence, not an internal symbol name (671ms)
[2m[WebServer] [22m{"time":"2026-10-01T23:34:28.676357937-04:00","level":"INFO","msg":"client log","level":"WARN","message":"-------------- RxDB Open Core RxStorage -------------------------------\nYou are using the free Dexie.js based RxStorage implementation from RxDB https://rxdb.info/rx-storage-dexie.html?console=dexie \nWhile this is a great option, we want to let you know that there are faster storage solutions available in our premium plugins.\nFor professional users and production environments, we highly recommend considering these premium options to enhance performance and reliability.\n https://rxdb.info/premium/?console=dexie \nIf you already purchased premium access you can disable this log by calling the setPremiumFlag() function from rxdb-premium/plugins/shared.\n---------------------------------------------------------------------","user":"Jamal C. (jamal@yumyums.kitchen)","page":"/marketing.html","ua":"Mozilla/5.0 (X11; Linux x86_64) AppleWebKit/537.36 (KHTML, like Gecko) HeadlessChrome/147.0.7727.15 Safari/537.36"}
  ✓  53 [chromium] › tests/marketing.spec.js:1602:3 › Boot without SubtleCrypto (plain-http LAN origin) › camera failure on an insecure origin names the fix: open the https address, or scan from a photo (1.1s)
[2m[WebServer] [22m{"time":"2026-10-01T23:34:29.693926745-04:00","level":"INFO","msg":"client log","level":"WARN","message":"-------------- RxDB Open Core RxStorage -------------------------------\nYou are using the free Dexie.js based RxStorage implementation from RxDB https://rxdb.info/rx-storage-dexie.html?console=dexie \nWhile this is a great option, we want to let you know that there are faster storage solutions available in our premium plugins.\nFor professional users and production environments, we highly recommend considering these premium options to enhance performance and reliability.\n https://rxdb.info/premium/?console=dexie \nIf you already purchased premium access you can disable this log by calling the setPremiumFlag() function from rxdb-premium/plugins/shared.\n---------------------------------------------------------------------","user":"Jamal C. (jamal@yumyums.kitchen)","page":"/marketing.html","ua":"Mozilla/5.0 (X11; Linux x86_64) AppleWebKit/537.36 (KHTML, like Gecko) HeadlessChrome/147.0.7727.15 Safari/537.36"}
  ✓  54 [chromium] › tests/states-marketing-subscribers.spec.js:114:3 › States · Marketing Subscribers (#s3) › loading — count skeletons and four row skeletons, never a blank card (793ms)
[2m[WebServer] [22m{"time":"2026-10-01T23:34:30.647076407-04:00","level":"INFO","msg":"client log","level":"WARN","message":"-------------- RxDB Open Core RxStorage -------------------------------\nYou are using the free Dexie.js based RxStorage implementation from RxDB https://rxdb.info/rx-storage-dexie.html?console=dexie \nWhile this is a great option, we want to let you know that there are faster storage solutions available in our premium plugins.\nFor professional users and production environments, we highly recommend considering these premium options to enhance performance and reliability.\n https://rxdb.info/premium/?console=dexie \nIf you already purchased premium access you can disable this log by calling the setPremiumFlag() function from rxdb-premium/plugins/shared.\n---------------------------------------------------------------------","user":"Jamal C. (jamal@yumyums.kitchen)","page":"/marketing.html","ua":"Mozilla/5.0 (X11; Linux x86_64) AppleWebKit/537.36 (KHTML, like Gecko) HeadlessChrome/147.0.7727.15 Safari/537.36"}
  ✓  55 [chromium] › tests/states-marketing-subscribers.spec.js:127:3 › States · Marketing Subscribers (#s3) › empty — "No subscribers yet" names the four ways in, and zeroed counts (916ms)
[2m[WebServer] [22m{"time":"2026-10-01T23:34:31.473706821-04:00","level":"INFO","msg":"client log","level":"WARN","message":"-------------- RxDB Open Core RxStorage -------------------------------\nYou are using the free Dexie.js based RxStorage implementation from RxDB https://rxdb.info/rx-storage-dexie.html?console=dexie \nWhile this is a great option, we want to let you know that there are faster storage solutions available in our premium plugins.\nFor professional users and production environments, we highly recommend considering these premium options to enhance performance and reliability.\n https://rxdb.info/premium/?console=dexie \nIf you already purchased premium access you can disable this log by calling the setPremiumFlag() function from rxdb-premium/plugins/shared.\n---------------------------------------------------------------------","user":"Jamal C. (jamal@yumyums.kitchen)","page":"/marketing.html","ua":"Mozilla/5.0 (X11; Linux x86_64) AppleWebKit/537.36 (KHTML, like Gecko) HeadlessChrome/147.0.7727.15 Safari/537.36"}
  ✓  56 [chromium] › tests/states-marketing-subscribers.spec.js:141:3 › States · Marketing Subscribers (#s3) › error — loud red banner naming the failure, with a Retry that works (948ms)
[2m[WebServer] [22m{"time":"2026-10-01T23:34:32.529190358-04:00","level":"INFO","msg":"client log","level":"WARN","message":"-------------- RxDB Open Core RxStorage -------------------------------\nYou are using the free Dexie.js based RxStorage implementation from RxDB https://rxdb.info/rx-storage-dexie.html?console=dexie \nWhile this is a great option, we want to let you know that there are faster storage solutions available in our premium plugins.\nFor professional users and production environments, we highly recommend considering these premium options to enhance performance and reliability.\n https://rxdb.info/premium/?console=dexie \nIf you already purchased premium access you can disable this log by calling the setPremiumFlag() function from rxdb-premium/plugins/shared.\n---------------------------------------------------------------------","user":"Jamal C. (jamal@yumyums.kitchen)","page":"/marketing.html","ua":"Mozilla/5.0 (X11; Linux x86_64) AppleWebKit/537.36 (KHTML, like Gecko) HeadlessChrome/147.0.7727.15 Safari/537.36"}
  ✓  57 [chromium] › tests/states-marketing-subscribers.spec.js:169:3 › States · Marketing Subscribers (#s3) › success + long content — real rows from a real import, masked, with pills (1.3s)
[2m[WebServer] [22m{"time":"2026-10-01T23:34:33.697646945-04:00","level":"INFO","msg":"client log","level":"WARN","message":"-------------- RxDB Open Core RxStorage -------------------------------\nYou are using the free Dexie.js based RxStorage implementation from RxDB https://rxdb.info/rx-storage-dexie.html?console=dexie \nWhile this is a great option, we want to let you know that there are faster storage solutions available in our premium plugins.\nFor professional users and production environments, we highly recommend considering these premium options to enhance performance and reliability.\n https://rxdb.info/premium/?console=dexie \nIf you already purchased premium access you can disable this log by calling the setPremiumFlag() function from rxdb-premium/plugins/shared.\n---------------------------------------------------------------------","user":"Jamal C. (jamal@yumyums.kitchen)","page":"/marketing.html","ua":"Mozilla/5.0 (X11; Linux x86_64) AppleWebKit/537.36 (KHTML, like Gecko) HeadlessChrome/147.0.7727.15 Safari/537.36"}
  ✓  58 [chromium] › tests/states-marketing-subscribers.spec.js:221:3 › States · Marketing Subscribers (#s3) › empty-filtered — "No subscribers match" is not the same message as "none yet" (1.1s)
[2m[WebServer] [22m{"time":"2026-10-01T23:34:35.150507175-04:00","level":"ERROR","msg":"GetManagerHires failed","error":"iterate assigned templates for hire 030a99b0-3432-4345-8919-e857a486be00: context canceled"}
[2m[WebServer] [22m{"time":"2026-10-01T23:34:35.158630309-04:00","level":"ERROR","msg":"GetMyTrainings failed","error":"context canceled"}
[2m[WebServer] [22m{"time":"2026-10-01T23:34:35.523702675-04:00","level":"INFO","msg":"client log","level":"WARN","message":"-------------- RxDB Open Core RxStorage -------------------------------\nYou are using the free Dexie.js based RxStorage implementation from RxDB https://rxdb.info/rx-storage-dexie.html?console=dexie \nWhile this is a great option, we want to let you know that there are faster storage solutions available in our premium plugins.\nFor professional users and production environments, we highly recommend considering these premium options to enhance performance and reliability.\n https://rxdb.info/premium/?console=dexie \nIf you already purchased premium access you can disable this log by calling the setPremiumFlag() function from rxdb-premium/plugins/shared.\n---------------------------------------------------------------------","user":"St S. (st-subs-locked-1790912074717-8520@yumyums.kitchen)","page":"/marketing.html","ua":"Mozilla/5.0 (X11; Linux x86_64) AppleWebKit/537.36 (KHTML, like Gecko) HeadlessChrome/147.0.7727.15 Safari/537.36"}
  ✓  59 [chromium] › tests/states-marketing-subscribers.spec.js:232:3 › States · Marketing Subscribers (#s3) › locked — a team_member gets the real 403 and the whole tab is the Locked state (1.5s)
[2m[WebServer] [22m{"time":"2026-10-01T23:34:36.966244669-04:00","level":"INFO","msg":"client log","level":"WARN","message":"-------------- RxDB Open Core RxStorage -------------------------------\nYou are using the free Dexie.js based RxStorage implementation from RxDB https://rxdb.info/rx-storage-dexie.html?console=dexie \nWhile this is a great option, we want to let you know that there are faster storage solutions available in our premium plugins.\nFor professional users and production environments, we highly recommend considering these premium options to enhance performance and reliability.\n https://rxdb.info/premium/?console=dexie \nIf you already purchased premium access you can disable this log by calling the setPremiumFlag() function from rxdb-premium/plugins/shared.\n---------------------------------------------------------------------","user":"Jamal C. (jamal@yumyums.kitchen)","page":"/marketing.html","ua":"Mozilla/5.0 (X11; Linux x86_64) AppleWebKit/537.36 (KHTML, like Gecko) HeadlessChrome/147.0.7727.15 Safari/537.36"}
  ✓  60 [chromium] › tests/states-marketing-subscribers.spec.js:245:3 › States · Marketing Subscribers (#s3) › offline — last-synced reading kept, rows kept, Resend disabled (2.2s)
[2m[WebServer] [22m{"time":"2026-10-01T23:34:39.603036292-04:00","level":"INFO","msg":"client log","level":"WARN","message":"-------------- RxDB Open Core RxStorage -------------------------------\nYou are using the free Dexie.js based RxStorage implementation from RxDB https://rxdb.info/rx-storage-dexie.html?console=dexie \nWhile this is a great option, we want to let you know that there are faster storage solutions available in our premium plugins.\nFor professional users and production environments, we highly recommend considering these premium options to enhance performance and reliability.\n https://rxdb.info/premium/?console=dexie \nIf you already purchased premium access you can disable this log by calling the setPremiumFlag() function from rxdb-premium/plugins/shared.\n---------------------------------------------------------------------","user":"Jamal C. (jamal@yumyums.kitchen)","page":"/marketing.html","ua":"Mozilla/5.0 (X11; Linux x86_64) AppleWebKit/537.36 (KHTML, like Gecko) HeadlessChrome/147.0.7727.15 Safari/537.36"}
  ✓  61 [chromium] › tests/states-marketing-subscribers.spec.js:282:3 › States · Marketing Subscribers (#s3) › offline-filter — a filter tap that cannot load NEVER leaves the chip over another filter's rows (2.2s)
[2m[WebServer] [22m{"time":"2026-10-01T23:34:41.479799995-04:00","level":"INFO","msg":"client log","level":"WARN","message":"-------------- RxDB Open Core RxStorage -------------------------------\nYou are using the free Dexie.js based RxStorage implementation from RxDB https://rxdb.info/rx-storage-dexie.html?console=dexie \nWhile this is a great option, we want to let you know that there are faster storage solutions available in our premium plugins.\nFor professional users and production environments, we highly recommend considering these premium options to enhance performance and reliability.\n https://rxdb.info/premium/?console=dexie \nIf you already purchased premium access you can disable this log by calling the setPremiumFlag() function from rxdb-premium/plugins/shared.\n---------------------------------------------------------------------","user":"Jamal C. (jamal@yumyums.kitchen)","page":"/marketing.html","ua":"Mozilla/5.0 (X11; Linux x86_64) AppleWebKit/537.36 (KHTML, like Gecko) HeadlessChrome/147.0.7727.15 Safari/537.36"}
  ✓  62 [chromium] › tests/states-marketing-subscribers.spec.js:316:3 › States · Marketing Subscribers (#s3) › offline-cold — nothing cached says so, and never claims "No subscribers yet" (1.4s)

  62 passed (3.8m)
EXIT=0
