[2m[WebServer] [22m── reset hq_test_e2e_h5_20261002 on localhost:5434 ──
[2m[WebServer] [22m── wrote version.json frontend=1.10.2 ──
[2m[WebServer] [22m{"time":"2026-10-01T22:59:51.03151177-04:00","level":"INFO","msg":"serving static files from disk","dir":"../"}
[2m[WebServer] [22m{"time":"2026-10-01T22:59:51.031784488-04:00","level":"INFO","msg":"loaded superadmins","count":1}
[2m[WebServer] [22m{"time":"2026-10-01T22:59:51.051682517-04:00","level":"INFO","msg":"connected to database"}
[2m[WebServer] [22m{"time":"2026-10-01T22:59:51.119814282-04:00","level":"INFO","msg":"OK   0001_users.sql (39.62ms)","source":"stdlog"}
[2m[WebServer] [22m{"time":"2026-10-01T22:59:51.167259917-04:00","level":"INFO","msg":"OK   0002_sessions.sql (46.96ms)","source":"stdlog"}
[2m[WebServer] [22m{"time":"2026-10-01T22:59:51.208669415-04:00","level":"INFO","msg":"OK   0003_invite_tokens.sql (41.23ms)","source":"stdlog"}
[2m[WebServer] [22m{"time":"2026-10-01T22:59:51.245542072-04:00","level":"INFO","msg":"OK   0004_hq_apps.sql (36.74ms)","source":"stdlog"}
[2m[WebServer] [22m{"time":"2026-10-01T22:59:51.293880847-04:00","level":"INFO","msg":"OK   0005_app_permissions.sql (48.2ms)","source":"stdlog"}
[2m[WebServer] [22m{"time":"2026-10-01T22:59:51.32328719-04:00","level":"INFO","msg":"OK   0006_checklist_templates.sql (29.23ms)","source":"stdlog"}
[2m[WebServer] [22m{"time":"2026-10-01T22:59:51.354745448-04:00","level":"INFO","msg":"OK   0007_checklist_schedules.sql (31.22ms)","source":"stdlog"}
[2m[WebServer] [22m{"time":"2026-10-01T22:59:51.393263321-04:00","level":"INFO","msg":"OK   0008_template_assignments.sql (38.33ms)","source":"stdlog"}
[2m[WebServer] [22m{"time":"2026-10-01T22:59:51.424125342-04:00","level":"INFO","msg":"OK   0009_checklist_sections.sql (30.74ms)","source":"stdlog"}
[2m[WebServer] [22m{"time":"2026-10-01T22:59:51.454899426-04:00","level":"INFO","msg":"OK   0010_checklist_fields.sql (30.65ms)","source":"stdlog"}
[2m[WebServer] [22m{"time":"2026-10-01T22:59:51.493912442-04:00","level":"INFO","msg":"OK   0011_checklist_submissions.sql (38.88ms)","source":"stdlog"}
[2m[WebServer] [22m{"time":"2026-10-01T22:59:51.540685743-04:00","level":"INFO","msg":"OK   0012_submission_responses.sql (46.66ms)","source":"stdlog"}
[2m[WebServer] [22m{"time":"2026-10-01T22:59:51.572039265-04:00","level":"INFO","msg":"OK   0013_submission_fail_notes.sql (31.25ms)","source":"stdlog"}
[2m[WebServer] [22m{"time":"2026-10-01T22:59:51.608957358-04:00","level":"INFO","msg":"OK   0014_submission_rejections.sql (36.78ms)","source":"stdlog"}
[2m[WebServer] [22m{"time":"2026-10-01T22:59:51.657538392-04:00","level":"INFO","msg":"OK   0015_ops.sql (48.44ms)","source":"stdlog"}
[2m[WebServer] [22m{"time":"2026-10-01T22:59:51.671999051-04:00","level":"INFO","msg":"OK   0016_lamport_ts.sql (14.39ms)","source":"stdlog"}
[2m[WebServer] [22m{"time":"2026-10-01T22:59:51.689489061-04:00","level":"INFO","msg":"OK   0017_users_naming.sql (17.38ms)","source":"stdlog"}
[2m[WebServer] [22m{"time":"2026-10-01T22:59:51.750535103-04:00","level":"INFO","msg":"OK   0018_ob_templates.sql (60.85ms)","source":"stdlog"}
[2m[WebServer] [22m{"time":"2026-10-01T22:59:51.816743772-04:00","level":"INFO","msg":"OK   0019_ob_items.sql (66.06ms)","source":"stdlog"}
[2m[WebServer] [22m{"time":"2026-10-01T22:59:51.865721387-04:00","level":"INFO","msg":"OK   0020_ob_progress.sql (48.84ms)","source":"stdlog"}
[2m[WebServer] [22m{"time":"2026-10-01T22:59:51.904139077-04:00","level":"INFO","msg":"OK   0021_ob_signoffs.sql (38.28ms)","source":"stdlog"}
[2m[WebServer] [22m{"time":"2026-10-01T22:59:51.944393545-04:00","level":"INFO","msg":"OK   0022_ob_template_assignments.sql (40.15ms)","source":"stdlog"}
[2m[WebServer] [22m{"time":"2026-10-01T22:59:52.011125775-04:00","level":"INFO","msg":"OK   0023_multi_role.sql (66.55ms)","source":"stdlog"}
[2m[WebServer] [22m{"time":"2026-10-01T22:59:52.203316112-04:00","level":"INFO","msg":"OK   0024_inventory.sql (191.9ms)","source":"stdlog"}
[2m[WebServer] [22m{"time":"2026-10-01T22:59:52.244190704-04:00","level":"INFO","msg":"OK   0025_pending_purchases.sql (40.75ms)","source":"stdlog"}
[2m[WebServer] [22m{"time":"2026-10-01T22:59:52.252730143-04:00","level":"INFO","msg":"OK   0026_ob_progress_faq.sql (8.43ms)","source":"stdlog"}
[2m[WebServer] [22m{"time":"2026-10-01T22:59:52.259718126-04:00","level":"INFO","msg":"OK   0027_ob_section_signoff_roles.sql (6.92ms)","source":"stdlog"}
[2m[WebServer] [22m{"time":"2026-10-01T22:59:52.274131594-04:00","level":"INFO","msg":"OK   0028_ob_video_upgrade.sql (14.31ms)","source":"stdlog"}
[2m[WebServer] [22m{"time":"2026-10-01T22:59:52.280613326-04:00","level":"INFO","msg":"OK   0029_ob_templates_archived_at.sql (6.39ms)","source":"stdlog"}
[2m[WebServer] [22m{"time":"2026-10-01T22:59:52.304641409-04:00","level":"INFO","msg":"OK   0030_item_groups_unique_name.sql (23.93ms)","source":"stdlog"}
[2m[WebServer] [22m{"time":"2026-10-01T22:59:52.313238966-04:00","level":"INFO","msg":"OK   0031_remove_placeholder_items.sql (8.51ms)","source":"stdlog"}
[2m[WebServer] [22m{"time":"2026-10-01T22:59:52.325479605-04:00","level":"INFO","msg":"OK   0032_item_group_thresholds.sql (12.16ms)","source":"stdlog"}
[2m[WebServer] [22m{"time":"2026-10-01T22:59:52.354546099-04:00","level":"INFO","msg":"OK   0033_stock_count_overrides.sql (28.98ms)","source":"stdlog"}
[2m[WebServer] [22m{"time":"2026-10-01T22:59:52.435925112-04:00","level":"INFO","msg":"OK   0034_purchase_orders.sql (81.19ms)","source":"stdlog"}
[2m[WebServer] [22m{"time":"2026-10-01T22:59:52.44864102-04:00","level":"INFO","msg":"OK   0035_purchase_items_photo_store.sql (12.62ms)","source":"stdlog"}
[2m[WebServer] [22m{"time":"2026-10-01T22:59:52.460368928-04:00","level":"INFO","msg":"OK   0036_purchase_items_full_name.sql (11.63ms)","source":"stdlog"}
[2m[WebServer] [22m{"time":"2026-10-01T22:59:52.490190849-04:00","level":"INFO","msg":"OK   0037_cutoff_config.sql (29.74ms)","source":"stdlog"}
[2m[WebServer] [22m{"time":"2026-10-01T22:59:52.507311139-04:00","level":"INFO","msg":"OK   0038_po_status_extend.sql (16.97ms)","source":"stdlog"}
[2m[WebServer] [22m{"time":"2026-10-01T22:59:52.528561423-04:00","level":"INFO","msg":"OK   0039_purchase_items_vendor.sql (21.15ms)","source":"stdlog"}
[2m[WebServer] [22m{"time":"2026-10-01T22:59:52.633149507-04:00","level":"INFO","msg":"OK   0040_shopping_lists.sql (104.43ms)","source":"stdlog"}
[2m[WebServer] [22m{"time":"2026-10-01T22:59:52.64576224-04:00","level":"INFO","msg":"OK   0041_notification_channel.sql (12.49ms)","source":"stdlog"}
[2m[WebServer] [22m{"time":"2026-10-01T22:59:52.704117573-04:00","level":"INFO","msg":"OK   0042_repurchase_tracking.sql (58.23ms)","source":"stdlog"}
[2m[WebServer] [22m{"time":"2026-10-01T22:59:52.750190146-04:00","level":"INFO","msg":"OK   0043_alert_log.sql (45.94ms)","source":"stdlog"}
[2m[WebServer] [22m{"time":"2026-10-01T22:59:52.798031863-04:00","level":"INFO","msg":"OK   0044_low_stock_alert_log.sql (47.74ms)","source":"stdlog"}
[2m[WebServer] [22m{"time":"2026-10-01T22:59:52.844973062-04:00","level":"INFO","msg":"OK   0045_notification_channel_array.sql (46.83ms)","source":"stdlog"}
[2m[WebServer] [22m{"time":"2026-10-01T22:59:52.852228041-04:00","level":"INFO","msg":"OK   0046_user_timezone.sql (7.13ms)","source":"stdlog"}
[2m[WebServer] [22m{"time":"2026-10-01T22:59:52.910185663-04:00","level":"INFO","msg":"OK   0047_employee_fields.sql (57.87ms)","source":"stdlog"}
[2m[WebServer] [22m{"time":"2026-10-01T22:59:52.922547701-04:00","level":"INFO","msg":"OK   0048_notification_default_both.sql (12.2ms)","source":"stdlog"}
[2m[WebServer] [22m{"time":"2026-10-01T22:59:52.976625315-04:00","level":"INFO","msg":"OK   0049_ob_sub_items.sql (53.89ms)","source":"stdlog"}
[2m[WebServer] [22m{"time":"2026-10-01T22:59:52.99035656-04:00","level":"INFO","msg":"OK   0050_ob_progress_sub_item.sql (13.56ms)","source":"stdlog"}
[2m[WebServer] [22m{"time":"2026-10-01T22:59:53.003069835-04:00","level":"INFO","msg":"OK   0051_rejection_field_fk.sql (12.51ms)","source":"stdlog"}
[2m[WebServer] [22m{"time":"2026-10-01T22:59:53.028324699-04:00","level":"INFO","msg":"OK   0052_template_name_unique.sql (25.14ms)","source":"stdlog"}
[2m[WebServer] [22m{"time":"2026-10-01T22:59:53.040408465-04:00","level":"INFO","msg":"OK   0053_response_field_fk.sql (11.95ms)","source":"stdlog"}
[2m[WebServer] [22m{"time":"2026-10-01T22:59:53.04726297-04:00","level":"INFO","msg":"OK   0054_failnote_field_fk.sql (6.76ms)","source":"stdlog"}
[2m[WebServer] [22m{"time":"2026-10-01T22:59:53.054102583-04:00","level":"INFO","msg":"OK   0055_item_location_in_store.sql (6.75ms)","source":"stdlog"}
[2m[WebServer] [22m{"time":"2026-10-01T22:59:53.06822236-04:00","level":"INFO","msg":"OK   0056_ob_progress_photo.sql (14ms)","source":"stdlog"}
[2m[WebServer] [22m{"time":"2026-10-01T22:59:53.08109555-04:00","level":"INFO","msg":"OK   0057_ob_items_photo_type.sql (12.79ms)","source":"stdlog"}
[2m[WebServer] [22m{"time":"2026-10-01T22:59:53.094015439-04:00","level":"INFO","msg":"OK   0058_ob_sub_items_photos.sql (12.84ms)","source":"stdlog"}
[2m[WebServer] [22m{"time":"2026-10-01T22:59:53.101630295-04:00","level":"INFO","msg":"OK   0059_cleanup_photo_items.sql (7.51ms)","source":"stdlog"}
[2m[WebServer] [22m{"time":"2026-10-01T22:59:53.160726566-04:00","level":"INFO","msg":"OK   0060_menu_items.sql (58.99ms)","source":"stdlog"}
[2m[WebServer] [22m{"time":"2026-10-01T22:59:53.190579307-04:00","level":"INFO","msg":"OK   0061_daily_menu_sales.sql (29.73ms)","source":"stdlog"}
[2m[WebServer] [22m{"time":"2026-10-01T22:59:53.230452657-04:00","level":"INFO","msg":"OK   0062_recipes.sql (39.78ms)","source":"stdlog"}
[2m[WebServer] [22m{"time":"2026-10-01T22:59:53.262812855-04:00","level":"INFO","msg":"OK   0063_drift_check_results.sql (32.22ms)","source":"stdlog"}
[2m[WebServer] [22m{"time":"2026-10-01T22:59:53.279552733-04:00","level":"INFO","msg":"OK   0064_no_itemized_receipt_seed.sql (16.58ms)","source":"stdlog"}
[2m[WebServer] [22m{"time":"2026-10-01T22:59:53.29104633-04:00","level":"INFO","msg":"OK   0065_mercury_category_on_purchase_events.sql (11.42ms)","source":"stdlog"}
[2m[WebServer] [22m{"time":"2026-10-01T22:59:53.302497281-04:00","level":"INFO","msg":"OK   0066_mercury_category_on_pending_purchases.sql (11.32ms)","source":"stdlog"}
[2m[WebServer] [22m{"time":"2026-10-01T22:59:53.354835281-04:00","level":"INFO","msg":"OK   0067_receipt_sync_runs.sql (52.25ms)","source":"stdlog"}
[2m[WebServer] [22m{"time":"2026-10-01T22:59:53.37986416-04:00","level":"INFO","msg":"OK   0068_pending_purchases_bank_tx_uniq.sql (24.89ms)","source":"stdlog"}
[2m[WebServer] [22m{"time":"2026-10-01T22:59:53.395824136-04:00","level":"INFO","msg":"OK   0069_pending_purchases_parse_error.sql (15.84ms)","source":"stdlog"}
[2m[WebServer] [22m{"time":"2026-10-01T22:59:53.409391124-04:00","level":"INFO","msg":"OK   0070_receipt_urls.sql (13.44ms)","source":"stdlog"}
[2m[WebServer] [22m{"time":"2026-10-01T22:59:53.429988978-04:00","level":"INFO","msg":"OK   0071_submission_fail_notes_unique.sql (20.48ms)","source":"stdlog"}
[2m[WebServer] [22m{"time":"2026-10-01T22:59:53.444739949-04:00","level":"INFO","msg":"OK   0072_app_timezone_new_york.sql (14.63ms)","source":"stdlog"}
[2m[WebServer] [22m{"time":"2026-10-01T22:59:53.466478836-04:00","level":"INFO","msg":"OK   0073_sync_fdw_views.sql (21.52ms)","source":"stdlog"}
[2m[WebServer] [22m{"time":"2026-10-01T22:59:53.476490834-04:00","level":"INFO","msg":"OK   0074_sync_fdw_approver_view.sql (9.83ms)","source":"stdlog"}
[2m[WebServer] [22m{"time":"2026-10-01T22:59:53.52501239-04:00","level":"INFO","msg":"OK   0075_item_aliases.sql (48.43ms)","source":"stdlog"}
[2m[WebServer] [22m{"time":"2026-10-01T22:59:53.550107924-04:00","level":"INFO","msg":"OK   0076_checklist_template_app.sql (24.98ms)","source":"stdlog"}
[2m[WebServer] [22m{"time":"2026-10-01T22:59:53.58889788-04:00","level":"INFO","msg":"OK   0077_race_lost_notifications.sql (38.65ms)","source":"stdlog"}
[2m[WebServer] [22m{"time":"2026-10-01T22:59:53.60329086-04:00","level":"INFO","msg":"OK   0078_card_holder_on_purchases.sql (14.25ms)","source":"stdlog"}
[2m[WebServer] [22m{"time":"2026-10-01T22:59:53.624680164-04:00","level":"INFO","msg":"OK   0079_pending_purchases_retry_requested.sql (21.25ms)","source":"stdlog"}
[2m[WebServer] [22m{"time":"2026-10-01T22:59:53.637207114-04:00","level":"INFO","msg":"OK   0080_receipt_sync_runs_cancelled.sql (12.43ms)","source":"stdlog"}
[2m[WebServer] [22m{"time":"2026-10-01T22:59:53.660840699-04:00","level":"INFO","msg":"OK   0081_item_alias_display.sql (23.5ms)","source":"stdlog"}
[2m[WebServer] [22m{"time":"2026-10-01T22:59:53.676782846-04:00","level":"INFO","msg":"OK   0082_bi_grants.sql (15.8ms)","source":"stdlog"}
[2m[WebServer] [22m{"time":"2026-10-01T22:59:53.783094523-04:00","level":"INFO","msg":"OK   0083_campaigns_admin.sql (106.1ms)","source":"stdlog"}
[2m[WebServer] [22m{"time":"2026-10-01T22:59:53.878795019-04:00","level":"INFO","msg":"OK   0085_subscribers.sql (95.47ms)","source":"stdlog"}
[2m[WebServer] [22m{"time":"2026-10-01T22:59:53.878852455-04:00","level":"INFO","msg":"goose: successfully migrated database to version: 85","source":"stdlog"}
[2m[WebServer] [22m{"time":"2026-10-01T22:59:53.878865422-04:00","level":"INFO","msg":"database migrations applied successfully"}
[2m[WebServer] [22m{"time":"2026-10-01T22:59:53.959186993-04:00","level":"INFO","msg":"upserted superadmin","email":"jamal@yumyums.kitchen"}
[2m[WebServer] [22m{"time":"2026-10-01T22:59:53.995426034-04:00","level":"INFO","msg":"seeded template","name":"Setup Checklist","id":"05b25710-fa9f-4e3c-8727-ee07d73925b2"}
[2m[WebServer] [22m{"time":"2026-10-01T22:59:53.995459868-04:00","level":"INFO","msg":"seeded templates","count":1}
[2m[WebServer] [22m{"time":"2026-10-01T22:59:54.027295723-04:00","level":"INFO","msg":"seeded onboarding template","name":"Kitchen Basics Training","id":"d1402078-2a6c-4bf3-9744-d8653a5ca375"}
[2m[WebServer] [22m{"time":"2026-10-01T22:59:54.051379728-04:00","level":"INFO","msg":"inventory: seeded vendors","count":5}
[2m[WebServer] [22m{"time":"2026-10-01T22:59:54.129908049-04:00","level":"INFO","msg":"inventory: seeded unique tags","count":19}
[2m[WebServer] [22m{"time":"2026-10-01T22:59:54.291048971-04:00","level":"INFO","msg":"inventory: seeded item groups","count":10}
[2m[WebServer] [22m{"time":"2026-10-01T22:59:54.912005977-04:00","level":"INFO","msg":"inventory: seeded purchase items from YAML","count":106}
[2m[WebServer] [22m{"time":"2026-10-01T22:59:54.912078842-04:00","level":"WARN","msg":"object storage env vars not set, photo and video upload endpoints will return 503","required":"STORAGE_KEY, STORAGE_SECRET, STORAGE_BUCKET, STORAGE_ENDPOINT, STORAGE_REGION"}
[2m[WebServer] [22m{"time":"2026-10-01T22:59:54.912140154-04:00","level":"WARN","msg":"HQ_INVENTORY_SERVICE_TOKEN not set, /api/v1/inventory/period-summary AND /api/v1/inventory/menu-cogs will return 503"}
[2m[WebServer] [22m{"time":"2026-10-01T22:59:54.912221936-04:00","level":"INFO","msg":"marketing campaign projection not configured; campaigns will save with projected_at NULL and warnings:[\"not_projected\"]","missing":"HQ_SYNC_REST_URL and/or HQ_SYNC_SERVICE_KEY"}
[2m[WebServer] [22m{"time":"2026-10-01T22:59:54.912260446-04:00","level":"INFO","msg":"inventory COGS category allowlist","allowlist":["COGS"]}
[2m[WebServer] [22m{"time":"2026-10-01T22:59:54.912569843-04:00","level":"INFO","msg":"redemption arbiter not configured; POST /api/v1/marketing/redeem answers 503","missing":"HQ_SYNC_REST_URL and/or HQ_SYNC_SERVICE_KEY"}
[2m[WebServer] [22m{"time":"2026-10-01T22:59:54.912690643-04:00","level":"INFO","msg":"receipt worker disabled","reason":"E2E_DISABLE_SCHEDULERS=1"}
[2m[WebServer] [22m{"time":"2026-10-01T22:59:54.912742834-04:00","level":"INFO","msg":"alert queue started","delivery_enabled":false}
[2m[WebServer] [22m{"time":"2026-10-01T22:59:54.912761683-04:00","level":"INFO","msg":"cutoff scheduler disabled","reason":"E2E_DISABLE_SCHEDULERS=1"}
[2m[WebServer] [22m{"time":"2026-10-01T22:59:54.912795228-04:00","level":"INFO","msg":"toast worker disabled, cmd/sync-toast remains available","reason":"TOAST_SYNC_INTERVAL=0"}
[2m[WebServer] [22m{"time":"2026-10-01T22:59:54.912809111-04:00","level":"INFO","msg":"alerts queue started"}
[2m[WebServer] [22m{"time":"2026-10-01T22:59:54.936516631-04:00","level":"INFO","msg":"server listening","port":"8561"}
[2m[WebServer] [22m{"time":"2026-10-01T22:59:54.946721152-04:00","level":"INFO","msg":"reachable at","url":"http://10.255.255.254:8561"}
[2m[WebServer] [22m{"time":"2026-10-01T22:59:54.946828372-04:00","level":"INFO","msg":"reachable at","url":"http://100.70.200.55:8561"}
[2m[WebServer] [22m{"time":"2026-10-01T22:59:54.946850161-04:00","level":"INFO","msg":"reachable at","url":"http://192.168.8.164:8561"}
[2m[WebServer] [22m{"time":"2026-10-01T22:59:54.946872253-04:00","level":"INFO","msg":"Yumyums HQ ready, accepting connections"}

Running 7 tests using 1 worker

[2m[WebServer] [22m{"time":"2026-10-01T22:59:57.752176073-04:00","level":"INFO","msg":"client log","level":"WARN","message":"-------------- RxDB Open Core RxStorage -------------------------------\nYou are using the free Dexie.js based RxStorage implementation from RxDB https://rxdb.info/rx-storage-dexie.html?console=dexie \nWhile this is a great option, we want to let you know that there are faster storage solutions available in our premium plugins.\nFor professional users and production environments, we highly recommend considering these premium options to enhance performance and reliability.\n https://rxdb.info/premium/?console=dexie \nIf you already purchased premium access you can disable this log by calling the setPremiumFlag() function from rxdb-premium/plugins/shared.\n---------------------------------------------------------------------","user":"Jamal C. (jamal@yumyums.kitchen)","page":"/marketing.html","ua":"Mozilla/5.0 (X11; Linux x86_64) AppleWebKit/537.36 (KHTML, like Gecko) HeadlessChrome/147.0.7727.15 Safari/537.36"}
  ✓  1 [chromium] › tests/states-marketing-subscribers.spec.js:114:3 › States · Marketing Subscribers (#s3) › loading — count skeletons and four row skeletons, never a blank card (937ms)
[2m[WebServer] [22m{"time":"2026-10-01T22:59:58.587769626-04:00","level":"INFO","msg":"client log","level":"WARN","message":"-------------- RxDB Open Core RxStorage -------------------------------\nYou are using the free Dexie.js based RxStorage implementation from RxDB https://rxdb.info/rx-storage-dexie.html?console=dexie \nWhile this is a great option, we want to let you know that there are faster storage solutions available in our premium plugins.\nFor professional users and production environments, we highly recommend considering these premium options to enhance performance and reliability.\n https://rxdb.info/premium/?console=dexie \nIf you already purchased premium access you can disable this log by calling the setPremiumFlag() function from rxdb-premium/plugins/shared.\n---------------------------------------------------------------------","user":"Jamal C. (jamal@yumyums.kitchen)","page":"/marketing.html","ua":"Mozilla/5.0 (X11; Linux x86_64) AppleWebKit/537.36 (KHTML, like Gecko) HeadlessChrome/147.0.7727.15 Safari/537.36"}
  ✓  2 [chromium] › tests/states-marketing-subscribers.spec.js:127:3 › States · Marketing Subscribers (#s3) › empty — "No subscribers yet" names the four ways in, and zeroed counts (788ms)
[2m[WebServer] [22m{"time":"2026-10-01T22:59:59.519566076-04:00","level":"INFO","msg":"client log","level":"WARN","message":"-------------- RxDB Open Core RxStorage -------------------------------\nYou are using the free Dexie.js based RxStorage implementation from RxDB https://rxdb.info/rx-storage-dexie.html?console=dexie \nWhile this is a great option, we want to let you know that there are faster storage solutions available in our premium plugins.\nFor professional users and production environments, we highly recommend considering these premium options to enhance performance and reliability.\n https://rxdb.info/premium/?console=dexie \nIf you already purchased premium access you can disable this log by calling the setPremiumFlag() function from rxdb-premium/plugins/shared.\n---------------------------------------------------------------------","user":"Jamal C. (jamal@yumyums.kitchen)","page":"/marketing.html","ua":"Mozilla/5.0 (X11; Linux x86_64) AppleWebKit/537.36 (KHTML, like Gecko) HeadlessChrome/147.0.7727.15 Safari/537.36"}
  ✓  3 [chromium] › tests/states-marketing-subscribers.spec.js:141:3 › States · Marketing Subscribers (#s3) › error — loud red banner naming the failure, with a Retry that works (1.0s)
[2m[WebServer] [22m{"time":"2026-10-01T23:00:00.339263478-04:00","level":"ERROR","msg":"GetStock query failed","error":"context canceled"}
[2m[WebServer] [22m{"time":"2026-10-01T23:00:00.445491294-04:00","level":"INFO","msg":"client log","level":"WARN","message":"-------------- RxDB Open Core RxStorage -------------------------------\nYou are using the free Dexie.js based RxStorage implementation from RxDB https://rxdb.info/rx-storage-dexie.html?console=dexie \nWhile this is a great option, we want to let you know that there are faster storage solutions available in our premium plugins.\nFor professional users and production environments, we highly recommend considering these premium options to enhance performance and reliability.\n https://rxdb.info/premium/?console=dexie \nIf you already purchased premium access you can disable this log by calling the setPremiumFlag() function from rxdb-premium/plugins/shared.\n---------------------------------------------------------------------","user":"Jamal C. (jamal@yumyums.kitchen)","page":"/marketing.html","ua":"Mozilla/5.0 (X11; Linux x86_64) AppleWebKit/537.36 (KHTML, like Gecko) HeadlessChrome/147.0.7727.15 Safari/537.36"}
  ✓  4 [chromium] › tests/states-marketing-subscribers.spec.js:162:3 › States · Marketing Subscribers (#s3) › success + long content — real rows from a real import, masked, with pills (1.0s)
[2m[WebServer] [22m{"time":"2026-10-01T23:00:01.40210534-04:00","level":"INFO","msg":"client log","level":"WARN","message":"-------------- RxDB Open Core RxStorage -------------------------------\nYou are using the free Dexie.js based RxStorage implementation from RxDB https://rxdb.info/rx-storage-dexie.html?console=dexie \nWhile this is a great option, we want to let you know that there are faster storage solutions available in our premium plugins.\nFor professional users and production environments, we highly recommend considering these premium options to enhance performance and reliability.\n https://rxdb.info/premium/?console=dexie \nIf you already purchased premium access you can disable this log by calling the setPremiumFlag() function from rxdb-premium/plugins/shared.\n---------------------------------------------------------------------","user":"Jamal C. (jamal@yumyums.kitchen)","page":"/marketing.html","ua":"Mozilla/5.0 (X11; Linux x86_64) AppleWebKit/537.36 (KHTML, like Gecko) HeadlessChrome/147.0.7727.15 Safari/537.36"}
  ✓  5 [chromium] › tests/states-marketing-subscribers.spec.js:211:3 › States · Marketing Subscribers (#s3) › empty-filtered — "No subscribers match" is not the same message as "none yet" (1.0s)
[2m[WebServer] [22m{"time":"2026-10-01T23:00:02.684315586-04:00","level":"ERROR","msg":"GetManagerHires failed","error":"iterate assigned templates for hire a11b242b-91c1-4b3a-9f25-55cb040f7023: context canceled"}
[2m[WebServer] [22m{"time":"2026-10-01T23:00:02.693229412-04:00","level":"ERROR","msg":"GetMyTrainings failed","error":"context canceled"}
[2m[WebServer] [22m{"time":"2026-10-01T23:00:03.025859244-04:00","level":"INFO","msg":"client log","level":"WARN","message":"-------------- RxDB Open Core RxStorage -------------------------------\nYou are using the free Dexie.js based RxStorage implementation from RxDB https://rxdb.info/rx-storage-dexie.html?console=dexie \nWhile this is a great option, we want to let you know that there are faster storage solutions available in our premium plugins.\nFor professional users and production environments, we highly recommend considering these premium options to enhance performance and reliability.\n https://rxdb.info/premium/?console=dexie \nIf you already purchased premium access you can disable this log by calling the setPremiumFlag() function from rxdb-premium/plugins/shared.\n---------------------------------------------------------------------","user":"St S. (st-subs-locked-1790910002292-5815@yumyums.kitchen)","page":"/marketing.html","ua":"Mozilla/5.0 (X11; Linux x86_64) AppleWebKit/537.36 (KHTML, like Gecko) HeadlessChrome/147.0.7727.15 Safari/537.36"}
  ✓  6 [chromium] › tests/states-marketing-subscribers.spec.js:222:3 › States · Marketing Subscribers (#s3) › locked — a team_member gets the real 403 and the whole tab is the Locked state (1.3s)
[2m[WebServer] [22m{"time":"2026-10-01T23:00:03.764801039-04:00","level":"INFO","msg":"client log","level":"WARN","message":"-------------- RxDB Open Core RxStorage -------------------------------\nYou are using the free Dexie.js based RxStorage implementation from RxDB https://rxdb.info/rx-storage-dexie.html?console=dexie \nWhile this is a great option, we want to let you know that there are faster storage solutions available in our premium plugins.\nFor professional users and production environments, we highly recommend considering these premium options to enhance performance and reliability.\n https://rxdb.info/premium/?console=dexie \nIf you already purchased premium access you can disable this log by calling the setPremiumFlag() function from rxdb-premium/plugins/shared.\n---------------------------------------------------------------------","user":"Jamal C. (jamal@yumyums.kitchen)","page":"/marketing.html","ua":"Mozilla/5.0 (X11; Linux x86_64) AppleWebKit/537.36 (KHTML, like Gecko) HeadlessChrome/147.0.7727.15 Safari/537.36"}
  ✓  7 [chromium] › tests/states-marketing-subscribers.spec.js:235:3 › States · Marketing Subscribers (#s3) › offline — last-synced reading kept, rows kept, Resend disabled (1.1s)

  7 passed (2.5m)
EXIT=0
