# Confined re-run of the THREE reds in this card's full suite that are NOT in the
# orchestrator's measured 24-red dev base (logs/base-pw.log). Subset legs run freely —
# they do not take /tmp/hq-full-suite.lock.
#   tests/inventory.spec.js:2186  Setup item editor shows alias chips, adds and removes nicknames
#   tests/inventory.spec.js:2919  create item without group shows alert
#   tests/sync.spec.js:446        list page progress decrements when another device unchecks a field [LST-17]
# None is in this card's footprint: it touches no inventory page, no sync module and no
# workflow code. Card H2 independently reported :2186 and :2919 as non-baseline reds in
# ITS full suite tonight, which is the load-flake signature the brief warns about.
--- tests/inventory.spec.js (two) ---
[2m[WebServer] [22m── reset hq_test_e2e_h5_20261002 on localhost:5434 ──
[2m[WebServer] [22m── wrote version.json frontend=1.10.2 ──
[2m[WebServer] [22m{"time":"2026-10-01T22:53:07.561525412-04:00","level":"INFO","msg":"serving static files from disk","dir":"../"}
[2m[WebServer] [22m{"time":"2026-10-01T22:53:07.561794574-04:00","level":"INFO","msg":"loaded superadmins","count":1}
[2m[WebServer] [22m{"time":"2026-10-01T22:53:07.578558821-04:00","level":"INFO","msg":"connected to database"}
[2m[WebServer] [22m{"time":"2026-10-01T22:53:07.64341484-04:00","level":"INFO","msg":"OK   0001_users.sql (39.27ms)","source":"stdlog"}
[2m[WebServer] [22m{"time":"2026-10-01T22:53:07.688128512-04:00","level":"INFO","msg":"OK   0002_sessions.sql (44.31ms)","source":"stdlog"}
[2m[WebServer] [22m{"time":"2026-10-01T22:53:07.715616654-04:00","level":"INFO","msg":"OK   0003_invite_tokens.sql (27.31ms)","source":"stdlog"}
[2m[WebServer] [22m{"time":"2026-10-01T22:53:07.74116132-04:00","level":"INFO","msg":"OK   0004_hq_apps.sql (25.43ms)","source":"stdlog"}
[2m[WebServer] [22m{"time":"2026-10-01T22:53:07.790345697-04:00","level":"INFO","msg":"OK   0005_app_permissions.sql (49.04ms)","source":"stdlog"}
[2m[WebServer] [22m{"time":"2026-10-01T22:53:07.81702888-04:00","level":"INFO","msg":"OK   0006_checklist_templates.sql (26.56ms)","source":"stdlog"}
[2m[WebServer] [22m{"time":"2026-10-01T22:53:07.847674016-04:00","level":"INFO","msg":"OK   0007_checklist_schedules.sql (30.44ms)","source":"stdlog"}
[2m[WebServer] [22m{"time":"2026-10-01T22:53:07.891011719-04:00","level":"INFO","msg":"OK   0008_template_assignments.sql (43.22ms)","source":"stdlog"}
[2m[WebServer] [22m{"time":"2026-10-01T22:53:07.921931563-04:00","level":"INFO","msg":"OK   0009_checklist_sections.sql (30.81ms)","source":"stdlog"}
[2m[WebServer] [22m{"time":"2026-10-01T22:53:07.953148876-04:00","level":"INFO","msg":"OK   0010_checklist_fields.sql (31.1ms)","source":"stdlog"}
[2m[WebServer] [22m{"time":"2026-10-01T22:53:07.992919567-04:00","level":"INFO","msg":"OK   0011_checklist_submissions.sql (39.65ms)","source":"stdlog"}
[2m[WebServer] [22m{"time":"2026-10-01T22:53:08.045708868-04:00","level":"INFO","msg":"OK   0012_submission_responses.sql (52.68ms)","source":"stdlog"}
[2m[WebServer] [22m{"time":"2026-10-01T22:53:08.076594825-04:00","level":"INFO","msg":"OK   0013_submission_fail_notes.sql (30.77ms)","source":"stdlog"}
[2m[WebServer] [22m{"time":"2026-10-01T22:53:08.106913139-04:00","level":"INFO","msg":"OK   0014_submission_rejections.sql (30.19ms)","source":"stdlog"}
[2m[WebServer] [22m{"time":"2026-10-01T22:53:08.15460127-04:00","level":"INFO","msg":"OK   0015_ops.sql (47.51ms)","source":"stdlog"}
[2m[WebServer] [22m{"time":"2026-10-01T22:53:08.168738088-04:00","level":"INFO","msg":"OK   0016_lamport_ts.sql (14.04ms)","source":"stdlog"}
[2m[WebServer] [22m{"time":"2026-10-01T22:53:08.185710633-04:00","level":"INFO","msg":"OK   0017_users_naming.sql (16.86ms)","source":"stdlog"}
[2m[WebServer] [22m{"time":"2026-10-01T22:53:08.247900287-04:00","level":"INFO","msg":"OK   0018_ob_templates.sql (62.04ms)","source":"stdlog"}
[2m[WebServer] [22m{"time":"2026-10-01T22:53:08.317335983-04:00","level":"INFO","msg":"OK   0019_ob_items.sql (69.33ms)","source":"stdlog"}
[2m[WebServer] [22m{"time":"2026-10-01T22:53:08.364168651-04:00","level":"INFO","msg":"OK   0020_ob_progress.sql (46.69ms)","source":"stdlog"}
[2m[WebServer] [22m{"time":"2026-10-01T22:53:08.402593789-04:00","level":"INFO","msg":"OK   0021_ob_signoffs.sql (38.29ms)","source":"stdlog"}
[2m[WebServer] [22m{"time":"2026-10-01T22:53:08.440813413-04:00","level":"INFO","msg":"OK   0022_ob_template_assignments.sql (38.1ms)","source":"stdlog"}
[2m[WebServer] [22m{"time":"2026-10-01T22:53:08.503266393-04:00","level":"INFO","msg":"OK   0023_multi_role.sql (62.31ms)","source":"stdlog"}
[2m[WebServer] [22m{"time":"2026-10-01T22:53:08.701747498-04:00","level":"INFO","msg":"OK   0024_inventory.sql (198.32ms)","source":"stdlog"}
[2m[WebServer] [22m{"time":"2026-10-01T22:53:08.740193863-04:00","level":"INFO","msg":"OK   0025_pending_purchases.sql (38.34ms)","source":"stdlog"}
[2m[WebServer] [22m{"time":"2026-10-01T22:53:08.747886442-04:00","level":"INFO","msg":"OK   0026_ob_progress_faq.sql (7.56ms)","source":"stdlog"}
[2m[WebServer] [22m{"time":"2026-10-01T22:53:08.754478572-04:00","level":"INFO","msg":"OK   0027_ob_section_signoff_roles.sql (6.5ms)","source":"stdlog"}
[2m[WebServer] [22m{"time":"2026-10-01T22:53:08.770572126-04:00","level":"INFO","msg":"OK   0028_ob_video_upgrade.sql (15.98ms)","source":"stdlog"}
[2m[WebServer] [22m{"time":"2026-10-01T22:53:08.777306386-04:00","level":"INFO","msg":"OK   0029_ob_templates_archived_at.sql (6.63ms)","source":"stdlog"}
[2m[WebServer] [22m{"time":"2026-10-01T22:53:08.801570163-04:00","level":"INFO","msg":"OK   0030_item_groups_unique_name.sql (24.02ms)","source":"stdlog"}
[2m[WebServer] [22m{"time":"2026-10-01T22:53:08.810163839-04:00","level":"INFO","msg":"OK   0031_remove_placeholder_items.sql (8.51ms)","source":"stdlog"}
[2m[WebServer] [22m{"time":"2026-10-01T22:53:08.823835525-04:00","level":"INFO","msg":"OK   0032_item_group_thresholds.sql (13.57ms)","source":"stdlog"}
[2m[WebServer] [22m{"time":"2026-10-01T22:53:08.855864365-04:00","level":"INFO","msg":"OK   0033_stock_count_overrides.sql (31.87ms)","source":"stdlog"}
[2m[WebServer] [22m{"time":"2026-10-01T22:53:08.939685424-04:00","level":"INFO","msg":"OK   0034_purchase_orders.sql (83.68ms)","source":"stdlog"}
[2m[WebServer] [22m{"time":"2026-10-01T22:53:08.952601077-04:00","level":"INFO","msg":"OK   0035_purchase_items_photo_store.sql (12.83ms)","source":"stdlog"}
[2m[WebServer] [22m{"time":"2026-10-01T22:53:08.963945289-04:00","level":"INFO","msg":"OK   0036_purchase_items_full_name.sql (11.25ms)","source":"stdlog"}
[2m[WebServer] [22m{"time":"2026-10-01T22:53:08.992716799-04:00","level":"INFO","msg":"OK   0037_cutoff_config.sql (28.64ms)","source":"stdlog"}
[2m[WebServer] [22m{"time":"2026-10-01T22:53:09.009190898-04:00","level":"INFO","msg":"OK   0038_po_status_extend.sql (16.35ms)","source":"stdlog"}
[2m[WebServer] [22m{"time":"2026-10-01T22:53:09.031899694-04:00","level":"INFO","msg":"OK   0039_purchase_items_vendor.sql (22.63ms)","source":"stdlog"}
[2m[WebServer] [22m{"time":"2026-10-01T22:53:09.139097394-04:00","level":"INFO","msg":"OK   0040_shopping_lists.sql (107.05ms)","source":"stdlog"}
[2m[WebServer] [22m{"time":"2026-10-01T22:53:09.151386557-04:00","level":"INFO","msg":"OK   0041_notification_channel.sql (12.14ms)","source":"stdlog"}
[2m[WebServer] [22m{"time":"2026-10-01T22:53:09.210833685-04:00","level":"INFO","msg":"OK   0042_repurchase_tracking.sql (59.32ms)","source":"stdlog"}
[2m[WebServer] [22m{"time":"2026-10-01T22:53:09.256718168-04:00","level":"INFO","msg":"OK   0043_alert_log.sql (45.76ms)","source":"stdlog"}
[2m[WebServer] [22m{"time":"2026-10-01T22:53:09.30219562-04:00","level":"INFO","msg":"OK   0044_low_stock_alert_log.sql (45.36ms)","source":"stdlog"}
[2m[WebServer] [22m{"time":"2026-10-01T22:53:09.343347793-04:00","level":"INFO","msg":"OK   0045_notification_channel_array.sql (41.05ms)","source":"stdlog"}
[2m[WebServer] [22m{"time":"2026-10-01T22:53:09.350371112-04:00","level":"INFO","msg":"OK   0046_user_timezone.sql (6.94ms)","source":"stdlog"}
[2m[WebServer] [22m{"time":"2026-10-01T22:53:09.400016968-04:00","level":"INFO","msg":"OK   0047_employee_fields.sql (49.53ms)","source":"stdlog"}
[2m[WebServer] [22m{"time":"2026-10-01T22:53:09.407230091-04:00","level":"INFO","msg":"OK   0048_notification_default_both.sql (7.12ms)","source":"stdlog"}
[2m[WebServer] [22m{"time":"2026-10-01T22:53:09.445874518-04:00","level":"INFO","msg":"OK   0049_ob_sub_items.sql (38.51ms)","source":"stdlog"}
[2m[WebServer] [22m{"time":"2026-10-01T22:53:09.454176529-04:00","level":"INFO","msg":"OK   0050_ob_progress_sub_item.sql (8.21ms)","source":"stdlog"}
[2m[WebServer] [22m{"time":"2026-10-01T22:53:09.461628799-04:00","level":"INFO","msg":"OK   0051_rejection_field_fk.sql (7.34ms)","source":"stdlog"}
[2m[WebServer] [22m{"time":"2026-10-01T22:53:09.477485206-04:00","level":"INFO","msg":"OK   0052_template_name_unique.sql (15.76ms)","source":"stdlog"}
[2m[WebServer] [22m{"time":"2026-10-01T22:53:09.484907792-04:00","level":"INFO","msg":"OK   0053_response_field_fk.sql (7.32ms)","source":"stdlog"}
[2m[WebServer] [22m{"time":"2026-10-01T22:53:09.49283226-04:00","level":"INFO","msg":"OK   0054_failnote_field_fk.sql (7.82ms)","source":"stdlog"}
[2m[WebServer] [22m{"time":"2026-10-01T22:53:09.501632027-04:00","level":"INFO","msg":"OK   0055_item_location_in_store.sql (8.68ms)","source":"stdlog"}
[2m[WebServer] [22m{"time":"2026-10-01T22:53:09.51581952-04:00","level":"INFO","msg":"OK   0056_ob_progress_photo.sql (14.04ms)","source":"stdlog"}
[2m[WebServer] [22m{"time":"2026-10-01T22:53:09.528121756-04:00","level":"INFO","msg":"OK   0057_ob_items_photo_type.sql (12.22ms)","source":"stdlog"}
[2m[WebServer] [22m{"time":"2026-10-01T22:53:09.540626475-04:00","level":"INFO","msg":"OK   0058_ob_sub_items_photos.sql (12.36ms)","source":"stdlog"}
[2m[WebServer] [22m{"time":"2026-10-01T22:53:09.547771481-04:00","level":"INFO","msg":"OK   0059_cleanup_photo_items.sql (7.06ms)","source":"stdlog"}
[2m[WebServer] [22m{"time":"2026-10-01T22:53:09.602866398-04:00","level":"INFO","msg":"OK   0060_menu_items.sql (54.96ms)","source":"stdlog"}
[2m[WebServer] [22m{"time":"2026-10-01T22:53:09.632113634-04:00","level":"INFO","msg":"OK   0061_daily_menu_sales.sql (29.08ms)","source":"stdlog"}
[2m[WebServer] [22m{"time":"2026-10-01T22:53:09.670149236-04:00","level":"INFO","msg":"OK   0062_recipes.sql (37.93ms)","source":"stdlog"}
[2m[WebServer] [22m{"time":"2026-10-01T22:53:09.699884791-04:00","level":"INFO","msg":"OK   0063_drift_check_results.sql (29.62ms)","source":"stdlog"}
[2m[WebServer] [22m{"time":"2026-10-01T22:53:09.712978088-04:00","level":"INFO","msg":"OK   0064_no_itemized_receipt_seed.sql (12.97ms)","source":"stdlog"}
[2m[WebServer] [22m{"time":"2026-10-01T22:53:09.724933645-04:00","level":"INFO","msg":"OK   0065_mercury_category_on_purchase_events.sql (11.86ms)","source":"stdlog"}
[2m[WebServer] [22m{"time":"2026-10-01T22:53:09.736569357-04:00","level":"INFO","msg":"OK   0066_mercury_category_on_pending_purchases.sql (11.54ms)","source":"stdlog"}
[2m[WebServer] [22m{"time":"2026-10-01T22:53:09.785391125-04:00","level":"INFO","msg":"OK   0067_receipt_sync_runs.sql (48.71ms)","source":"stdlog"}
[2m[WebServer] [22m{"time":"2026-10-01T22:53:09.810757465-04:00","level":"INFO","msg":"OK   0068_pending_purchases_bank_tx_uniq.sql (25.21ms)","source":"stdlog"}
[2m[WebServer] [22m{"time":"2026-10-01T22:53:09.823583897-04:00","level":"INFO","msg":"OK   0069_pending_purchases_parse_error.sql (12.71ms)","source":"stdlog"}
[2m[WebServer] [22m{"time":"2026-10-01T22:53:09.839538106-04:00","level":"INFO","msg":"OK   0070_receipt_urls.sql (15.84ms)","source":"stdlog"}
[2m[WebServer] [22m{"time":"2026-10-01T22:53:09.861266234-04:00","level":"INFO","msg":"OK   0071_submission_fail_notes_unique.sql (21.6ms)","source":"stdlog"}
[2m[WebServer] [22m{"time":"2026-10-01T22:53:09.877048921-04:00","level":"INFO","msg":"OK   0072_app_timezone_new_york.sql (15.61ms)","source":"stdlog"}
[2m[WebServer] [22m{"time":"2026-10-01T22:53:09.899572533-04:00","level":"INFO","msg":"OK   0073_sync_fdw_views.sql (22.2ms)","source":"stdlog"}
[2m[WebServer] [22m{"time":"2026-10-01T22:53:09.909657479-04:00","level":"INFO","msg":"OK   0074_sync_fdw_approver_view.sql (9.93ms)","source":"stdlog"}
[2m[WebServer] [22m{"time":"2026-10-01T22:53:09.958716821-04:00","level":"INFO","msg":"OK   0075_item_aliases.sql (48.94ms)","source":"stdlog"}
[2m[WebServer] [22m{"time":"2026-10-01T22:53:09.980841757-04:00","level":"INFO","msg":"OK   0076_checklist_template_app.sql (22.01ms)","source":"stdlog"}
[2m[WebServer] [22m{"time":"2026-10-01T22:53:10.020453638-04:00","level":"INFO","msg":"OK   0077_race_lost_notifications.sql (39.47ms)","source":"stdlog"}
[2m[WebServer] [22m{"time":"2026-10-01T22:53:10.036245834-04:00","level":"INFO","msg":"OK   0078_card_holder_on_purchases.sql (15.67ms)","source":"stdlog"}
[2m[WebServer] [22m{"time":"2026-10-01T22:53:10.059028673-04:00","level":"INFO","msg":"OK   0079_pending_purchases_retry_requested.sql (22.62ms)","source":"stdlog"}
[2m[WebServer] [22m{"time":"2026-10-01T22:53:10.07294659-04:00","level":"INFO","msg":"OK   0080_receipt_sync_runs_cancelled.sql (13.76ms)","source":"stdlog"}
[2m[WebServer] [22m{"time":"2026-10-01T22:53:10.097554255-04:00","level":"INFO","msg":"OK   0081_item_alias_display.sql (24.39ms)","source":"stdlog"}
[2m[WebServer] [22m{"time":"2026-10-01T22:53:10.116484892-04:00","level":"INFO","msg":"OK   0082_bi_grants.sql (18.77ms)","source":"stdlog"}
[2m[WebServer] [22m{"time":"2026-10-01T22:53:10.22358079-04:00","level":"INFO","msg":"OK   0083_campaigns_admin.sql (106.91ms)","source":"stdlog"}
[2m[WebServer] [22m{"time":"2026-10-01T22:53:10.317023015-04:00","level":"INFO","msg":"OK   0085_subscribers.sql (93.29ms)","source":"stdlog"}
[2m[WebServer] [22m{"time":"2026-10-01T22:53:10.317078489-04:00","level":"INFO","msg":"goose: successfully migrated database to version: 85","source":"stdlog"}
[2m[WebServer] [22m{"time":"2026-10-01T22:53:10.317096947-04:00","level":"INFO","msg":"database migrations applied successfully"}
[2m[WebServer] [22m{"time":"2026-10-01T22:53:10.391716227-04:00","level":"INFO","msg":"upserted superadmin","email":"jamal@yumyums.kitchen"}
[2m[WebServer] [22m{"time":"2026-10-01T22:53:10.422960271-04:00","level":"INFO","msg":"seeded template","name":"Setup Checklist","id":"57c59d73-2361-40b3-b7a4-1f58696226cb"}
[2m[WebServer] [22m{"time":"2026-10-01T22:53:10.423024431-04:00","level":"INFO","msg":"seeded templates","count":1}
[2m[WebServer] [22m{"time":"2026-10-01T22:53:10.451142571-04:00","level":"INFO","msg":"seeded onboarding template","name":"Kitchen Basics Training","id":"244d2fb7-8525-43b7-8d2e-9ba6ac9e21a8"}
[2m[WebServer] [22m{"time":"2026-10-01T22:53:10.473412323-04:00","level":"INFO","msg":"inventory: seeded vendors","count":5}
[2m[WebServer] [22m{"time":"2026-10-01T22:53:10.576913549-04:00","level":"INFO","msg":"inventory: seeded unique tags","count":19}
[2m[WebServer] [22m{"time":"2026-10-01T22:53:10.71619221-04:00","level":"INFO","msg":"inventory: seeded item groups","count":10}
[2m[WebServer] [22m{"time":"2026-10-01T22:53:11.203207471-04:00","level":"INFO","msg":"inventory: seeded purchase items from YAML","count":106}
[2m[WebServer] [22m{"time":"2026-10-01T22:53:11.20328237-04:00","level":"WARN","msg":"object storage env vars not set, photo and video upload endpoints will return 503","required":"STORAGE_KEY, STORAGE_SECRET, STORAGE_BUCKET, STORAGE_ENDPOINT, STORAGE_REGION"}
[2m[WebServer] [22m{"time":"2026-10-01T22:53:11.203365492-04:00","level":"WARN","msg":"HQ_INVENTORY_SERVICE_TOKEN not set, /api/v1/inventory/period-summary AND /api/v1/inventory/menu-cogs will return 503"}
[2m[WebServer] [22m{"time":"2026-10-01T22:53:11.203449505-04:00","level":"INFO","msg":"marketing campaign projection not configured; campaigns will save with projected_at NULL and warnings:[\"not_projected\"]","missing":"HQ_SYNC_REST_URL and/or HQ_SYNC_SERVICE_KEY"}
[2m[WebServer] [22m{"time":"2026-10-01T22:53:11.203510137-04:00","level":"INFO","msg":"inventory COGS category allowlist","allowlist":["COGS"]}
[2m[WebServer] [22m{"time":"2026-10-01T22:53:11.204183731-04:00","level":"INFO","msg":"redemption arbiter not configured; POST /api/v1/marketing/redeem answers 503","missing":"HQ_SYNC_REST_URL and/or HQ_SYNC_SERVICE_KEY"}
[2m[WebServer] [22m{"time":"2026-10-01T22:53:11.204287658-04:00","level":"INFO","msg":"receipt worker disabled","reason":"E2E_DISABLE_SCHEDULERS=1"}
[2m[WebServer] [22m{"time":"2026-10-01T22:53:11.204346011-04:00","level":"INFO","msg":"alert queue started","delivery_enabled":false}
[2m[WebServer] [22m{"time":"2026-10-01T22:53:11.204362457-04:00","level":"INFO","msg":"cutoff scheduler disabled","reason":"E2E_DISABLE_SCHEDULERS=1"}
[2m[WebServer] [22m{"time":"2026-10-01T22:53:11.204387226-04:00","level":"INFO","msg":"toast worker disabled, cmd/sync-toast remains available","reason":"TOAST_SYNC_INTERVAL=0"}
[2m[WebServer] [22m{"time":"2026-10-01T22:53:11.204620046-04:00","level":"INFO","msg":"alerts queue started"}
[2m[WebServer] [22m{"time":"2026-10-01T22:53:11.227824095-04:00","level":"INFO","msg":"server listening","port":"8561"}
[2m[WebServer] [22m{"time":"2026-10-01T22:53:11.238264347-04:00","level":"INFO","msg":"reachable at","url":"http://10.255.255.254:8561"}
[2m[WebServer] [22m{"time":"2026-10-01T22:53:11.238320719-04:00","level":"INFO","msg":"reachable at","url":"http://100.70.200.55:8561"}
[2m[WebServer] [22m{"time":"2026-10-01T22:53:11.238331221-04:00","level":"INFO","msg":"reachable at","url":"http://192.168.8.164:8561"}
[2m[WebServer] [22m{"time":"2026-10-01T22:53:11.238344199-04:00","level":"INFO","msg":"Yumyums HQ ready, accepting connections"}

Running 2 tests using 1 worker

[2m[WebServer] [22m{"time":"2026-10-01T22:53:16.339760949-04:00","level":"INFO","msg":"client log","level":"WARN","message":"[inventory] item photo failed to load, showing placeholder Water https://nyc3.digitaloceanspaces.com/hq.yumyums/items/water.png","user":"Jamal C. (jamal@yumyums.kitchen)","page":"/inventory.html","ua":"Mozilla/5.0 (X11; Linux x86_64) AppleWebKit/537.36 (KHTML, like Gecko) HeadlessChrome/147.0.7727.15 Safari/537.36"}
[2m[WebServer] [22m{"time":"2026-10-01T22:53:16.37218434-04:00","level":"INFO","msg":"client log","level":"WARN","message":"[inventory] item photo failed to load, showing placeholder Sprite https://nyc3.digitaloceanspaces.com/hq.yumyums/items/sprite.png","user":"Jamal C. (jamal@yumyums.kitchen)","page":"/inventory.html","ua":"Mozilla/5.0 (X11; Linux x86_64) AppleWebKit/537.36 (KHTML, like Gecko) HeadlessChrome/147.0.7727.15 Safari/537.36"}
[2m[WebServer] [22m{"time":"2026-10-01T22:53:16.411030717-04:00","level":"INFO","msg":"client log","level":"WARN","message":"[inventory] item photo failed to load, showing placeholder Brisket Rolls https://nyc3.digitaloceanspaces.com/hq.yumyums/items/brisket-rolls.png","user":"Jamal C. (jamal@yumyums.kitchen)","page":"/inventory.html","ua":"Mozilla/5.0 (X11; Linux x86_64) AppleWebKit/537.36 (KHTML, like Gecko) HeadlessChrome/147.0.7727.15 Safari/537.36"}
[2m[WebServer] [22m{"time":"2026-10-01T22:53:16.585021405-04:00","level":"INFO","msg":"client log","level":"WARN","message":"[inventory] item photo failed to load, showing placeholder Napkins https://nyc3.digitaloceanspaces.com/hq.yumyums/items/napkins.png","user":"Jamal C. (jamal@yumyums.kitchen)","page":"/inventory.html","ua":"Mozilla/5.0 (X11; Linux x86_64) AppleWebKit/537.36 (KHTML, like Gecko) HeadlessChrome/147.0.7727.15 Safari/537.36"}
[2m[WebServer] [22m{"time":"2026-10-01T22:53:16.647685662-04:00","level":"INFO","msg":"client log","level":"WARN","message":"[inventory] item photo failed to load, showing placeholder Hand Soap https://nyc3.digitaloceanspaces.com/hq.yumyums/items/hand-soap.png","user":"Jamal C. (jamal@yumyums.kitchen)","page":"/inventory.html","ua":"Mozilla/5.0 (X11; Linux x86_64) AppleWebKit/537.36 (KHTML, like Gecko) HeadlessChrome/147.0.7727.15 Safari/537.36"}
[2m[WebServer] [22m{"time":"2026-10-01T22:53:16.677739644-04:00","level":"INFO","msg":"client log","level":"WARN","message":"[inventory] item photo failed to load, showing placeholder Hot Dogs https://nyc3.digitaloceanspaces.com/hq.yumyums/items/hot-dogs.png","user":"Jamal C. (jamal@yumyums.kitchen)","page":"/inventory.html","ua":"Mozilla/5.0 (X11; Linux x86_64) AppleWebKit/537.36 (KHTML, like Gecko) HeadlessChrome/147.0.7727.15 Safari/537.36"}
[2m[WebServer] [22m{"time":"2026-10-01T22:53:16.691512413-04:00","level":"INFO","msg":"client log","level":"WARN","message":"[inventory] item photo failed to load, showing placeholder Fries https://nyc3.digitaloceanspaces.com/hq.yumyums/items/fries.png","user":"Jamal C. (jamal@yumyums.kitchen)","page":"/inventory.html","ua":"Mozilla/5.0 (X11; Linux x86_64) AppleWebKit/537.36 (KHTML, like Gecko) HeadlessChrome/147.0.7727.15 Safari/537.36"}
[2m[WebServer] [22m{"time":"2026-10-01T22:53:16.705672393-04:00","level":"INFO","msg":"client log","level":"WARN","message":"[inventory] item photo failed to load, showing placeholder Cayenne Pepper https://nyc3.digitaloceanspaces.com/hq.yumyums/items/cayenne-pepper.png","user":"Jamal C. (jamal@yumyums.kitchen)","page":"/inventory.html","ua":"Mozilla/5.0 (X11; Linux x86_64) AppleWebKit/537.36 (KHTML, like Gecko) HeadlessChrome/147.0.7727.15 Safari/537.36"}
[2m[WebServer] [22m{"time":"2026-10-01T22:53:16.738684927-04:00","level":"INFO","msg":"client log","level":"WARN","message":"[inventory] item photo failed to load, showing placeholder Dirty Dog Rolls https://nyc3.digitaloceanspaces.com/hq.yumyums/items/dirty-dog-rolls.png","user":"Jamal C. (jamal@yumyums.kitchen)","page":"/inventory.html","ua":"Mozilla/5.0 (X11; Linux x86_64) AppleWebKit/537.36 (KHTML, like Gecko) HeadlessChrome/147.0.7727.15 Safari/537.36"}
[2m[WebServer] [22m{"time":"2026-10-01T22:53:16.851979411-04:00","level":"INFO","msg":"client log","level":"WARN","message":"[inventory] item photo failed to load, showing placeholder Hand Towels https://nyc3.digitaloceanspaces.com/hq.yumyums/items/hand-towels.png","user":"Jamal C. (jamal@yumyums.kitchen)","page":"/inventory.html","ua":"Mozilla/5.0 (X11; Linux x86_64) AppleWebKit/537.36 (KHTML, like Gecko) HeadlessChrome/147.0.7727.15 Safari/537.36"}
[2m[WebServer] [22m{"time":"2026-10-01T22:53:16.916873843-04:00","level":"INFO","msg":"client log","level":"WARN","message":"[inventory] item photo failed to load, showing placeholder Mexican Cheese https://nyc3.digitaloceanspaces.com/hq.yumyums/items/mexican-cheese.png","user":"Jamal C. (jamal@yumyums.kitchen)","page":"/inventory.html","ua":"Mozilla/5.0 (X11; Linux x86_64) AppleWebKit/537.36 (KHTML, like Gecko) HeadlessChrome/147.0.7727.15 Safari/537.36"}
[2m[WebServer] [22m{"time":"2026-10-01T22:53:16.938152082-04:00","level":"INFO","msg":"client log","level":"WARN","message":"[inventory] item photo failed to load, showing placeholder Lemons https://nyc3.digitaloceanspaces.com/hq.yumyums/items/lemons.png","user":"Jamal C. (jamal@yumyums.kitchen)","page":"/inventory.html","ua":"Mozilla/5.0 (X11; Linux x86_64) AppleWebKit/537.36 (KHTML, like Gecko) HeadlessChrome/147.0.7727.15 Safari/537.36"}
[2m[WebServer] [22m{"time":"2026-10-01T22:53:16.979221209-04:00","level":"INFO","msg":"client log","level":"WARN","message":"[inventory] item photo failed to load, showing placeholder Sriracha https://nyc3.digitaloceanspaces.com/hq.yumyums/items/sriracha.png","user":"Jamal C. (jamal@yumyums.kitchen)","page":"/inventory.html","ua":"Mozilla/5.0 (X11; Linux x86_64) AppleWebKit/537.36 (KHTML, like Gecko) HeadlessChrome/147.0.7727.15 Safari/537.36"}
[2m[WebServer] [22m{"time":"2026-10-01T22:53:17.100685816-04:00","level":"INFO","msg":"client log","level":"WARN","message":"[inventory] item photo failed to load, showing placeholder Hamburger Rolls https://nyc3.digitaloceanspaces.com/hq.yumyums/items/hamburger-rolls.png","user":"Jamal C. (jamal@yumyums.kitchen)","page":"/inventory.html","ua":"Mozilla/5.0 (X11; Linux x86_64) AppleWebKit/537.36 (KHTML, like Gecko) HeadlessChrome/147.0.7727.15 Safari/537.36"}
[2m[WebServer] [22m{"time":"2026-10-01T22:53:17.179758271-04:00","level":"INFO","msg":"client log","level":"WARN","message":"[inventory] item photo failed to load, showing placeholder Gloves https://nyc3.digitaloceanspaces.com/hq.yumyums/items/gloves.png","user":"Jamal C. (jamal@yumyums.kitchen)","page":"/inventory.html","ua":"Mozilla/5.0 (X11; Linux x86_64) AppleWebKit/537.36 (KHTML, like Gecko) HeadlessChrome/147.0.7727.15 Safari/537.36"}
[2m[WebServer] [22m{"time":"2026-10-01T22:53:17.208921608-04:00","level":"INFO","msg":"client log","level":"WARN","message":"[inventory] item photo failed to load, showing placeholder Aluminum Foil https://nyc3.digitaloceanspaces.com/hq.yumyums/items/aluminum-foil.png","user":"Jamal C. (jamal@yumyums.kitchen)","page":"/inventory.html","ua":"Mozilla/5.0 (X11; Linux x86_64) AppleWebKit/537.36 (KHTML, like Gecko) HeadlessChrome/147.0.7727.15 Safari/537.36"}
[2m[WebServer] [22m{"time":"2026-10-01T22:53:17.212523105-04:00","level":"INFO","msg":"client log","level":"WARN","message":"[inventory] item photo failed to load, showing placeholder Green Peppers https://nyc3.digitaloceanspaces.com/hq.yumyums/items/green-peppers.png","user":"Jamal C. (jamal@yumyums.kitchen)","page":"/inventory.html","ua":"Mozilla/5.0 (X11; Linux x86_64) AppleWebKit/537.36 (KHTML, like Gecko) HeadlessChrome/147.0.7727.15 Safari/537.36"}
[2m[WebServer] [22m{"time":"2026-10-01T22:53:17.224557532-04:00","level":"INFO","msg":"client log","level":"WARN","message":"[inventory] item photo failed to load, showing placeholder Brown Sugar https://nyc3.digitaloceanspaces.com/hq.yumyums/items/brown-sugar.png","user":"Jamal C. (jamal@yumyums.kitchen)","page":"/inventory.html","ua":"Mozilla/5.0 (X11; Linux x86_64) AppleWebKit/537.36 (KHTML, like Gecko) HeadlessChrome/147.0.7727.15 Safari/537.36"}
[2m[WebServer] [22m{"time":"2026-10-01T22:53:17.245175203-04:00","level":"INFO","msg":"client log","level":"WARN","message":"[inventory] item photo failed to load, showing placeholder Jerk Seasoning https://nyc3.digitaloceanspaces.com/hq.yumyums/items/jerk-seasoning.png","user":"Jamal C. (jamal@yumyums.kitchen)","page":"/inventory.html","ua":"Mozilla/5.0 (X11; Linux x86_64) AppleWebKit/537.36 (KHTML, like Gecko) HeadlessChrome/147.0.7727.15 Safari/537.36"}
[2m[WebServer] [22m{"time":"2026-10-01T22:53:17.327462921-04:00","level":"INFO","msg":"client log","level":"WARN","message":"[inventory] item photo failed to load, showing placeholder Bleach https://nyc3.digitaloceanspaces.com/hq.yumyums/items/bleach.png","user":"Jamal C. (jamal@yumyums.kitchen)","page":"/inventory.html","ua":"Mozilla/5.0 (X11; Linux x86_64) AppleWebKit/537.36 (KHTML, like Gecko) HeadlessChrome/147.0.7727.15 Safari/537.36"}
[2m[WebServer] [22m{"time":"2026-10-01T22:53:17.374110155-04:00","level":"INFO","msg":"client log","level":"WARN","message":"[inventory] item photo failed to load, showing placeholder Parm Cheese https://nyc3.digitaloceanspaces.com/hq.yumyums/items/parm-cheese.png","user":"Jamal C. (jamal@yumyums.kitchen)","page":"/inventory.html","ua":"Mozilla/5.0 (X11; Linux x86_64) AppleWebKit/537.36 (KHTML, like Gecko) HeadlessChrome/147.0.7727.15 Safari/537.36"}
[2m[WebServer] [22m{"time":"2026-10-01T22:53:17.392928686-04:00","level":"INFO","msg":"client log","level":"WARN","message":"[inventory] item photo failed to load, showing placeholder White Onions https://nyc3.digitaloceanspaces.com/hq.yumyums/items/white-onions.png","user":"Jamal C. (jamal@yumyums.kitchen)","page":"/inventory.html","ua":"Mozilla/5.0 (X11; Linux x86_64) AppleWebKit/537.36 (KHTML, like Gecko) HeadlessChrome/147.0.7727.15 Safari/537.36"}
[2m[WebServer] [22m{"time":"2026-10-01T22:53:17.403941764-04:00","level":"INFO","msg":"client log","level":"WARN","message":"[inventory] item photo failed to load, showing placeholder Bread Crumbs https://nyc3.digitaloceanspaces.com/hq.yumyums/items/bread-crumbs.png","user":"Jamal C. (jamal@yumyums.kitchen)","page":"/inventory.html","ua":"Mozilla/5.0 (X11; Linux x86_64) AppleWebKit/537.36 (KHTML, like Gecko) HeadlessChrome/147.0.7727.15 Safari/537.36"}
[2m[WebServer] [22m{"time":"2026-10-01T22:53:17.538874085-04:00","level":"INFO","msg":"client log","level":"WARN","message":"[inventory] item photo failed to load, showing placeholder Honey Mustard https://nyc3.digitaloceanspaces.com/hq.yumyums/items/honey-mustard.png","user":"Jamal C. (jamal@yumyums.kitchen)","page":"/inventory.html","ua":"Mozilla/5.0 (X11; Linux x86_64) AppleWebKit/537.36 (KHTML, like Gecko) HeadlessChrome/147.0.7727.15 Safari/537.36"}
[2m[WebServer] [22m{"time":"2026-10-01T22:53:17.540578074-04:00","level":"INFO","msg":"client log","level":"WARN","message":"[inventory] item photo failed to load, showing placeholder Honey Garlic Sauce https://nyc3.digitaloceanspaces.com/hq.yumyums/items/honey-garlic-sauce.png","user":"Jamal C. (jamal@yumyums.kitchen)","page":"/inventory.html","ua":"Mozilla/5.0 (X11; Linux x86_64) AppleWebKit/537.36 (KHTML, like Gecko) HeadlessChrome/147.0.7727.15 Safari/537.36"}
[2m[WebServer] [22m{"time":"2026-10-01T22:53:17.57970541-04:00","level":"INFO","msg":"client log","level":"WARN","message":"[inventory] item photo failed to load, showing placeholder Limes https://nyc3.digitaloceanspaces.com/hq.yumyums/items/limes.png","user":"Jamal C. (jamal@yumyums.kitchen)","page":"/inventory.html","ua":"Mozilla/5.0 (X11; Linux x86_64) AppleWebKit/537.36 (KHTML, like Gecko) HeadlessChrome/147.0.7727.15 Safari/537.36"}
[2m[WebServer] [22m{"time":"2026-10-01T22:53:17.586420788-04:00","level":"INFO","msg":"client log","level":"WARN","message":"[inventory] item photo failed to load, showing placeholder Lettuce https://nyc3.digitaloceanspaces.com/hq.yumyums/items/lettuce.png","user":"Jamal C. (jamal@yumyums.kitchen)","page":"/inventory.html","ua":"Mozilla/5.0 (X11; Linux x86_64) AppleWebKit/537.36 (KHTML, like Gecko) HeadlessChrome/147.0.7727.15 Safari/537.36"}
[2m[WebServer] [22m{"time":"2026-10-01T22:53:17.595572129-04:00","level":"INFO","msg":"client log","level":"WARN","message":"[inventory] item photo failed to load, showing placeholder Mint https://nyc3.digitaloceanspaces.com/hq.yumyums/items/mint.png","user":"Jamal C. (jamal@yumyums.kitchen)","page":"/inventory.html","ua":"Mozilla/5.0 (X11; Linux x86_64) AppleWebKit/537.36 (KHTML, like Gecko) HeadlessChrome/147.0.7727.15 Safari/537.36"}
[2m[WebServer] [22m{"time":"2026-10-01T22:53:17.736029979-04:00","level":"INFO","msg":"client log","level":"WARN","message":"[inventory] item photo failed to load, showing placeholder Tomaotes https://nyc3.digitaloceanspaces.com/hq.yumyums/items/tomaotes.png","user":"Jamal C. (jamal@yumyums.kitchen)","page":"/inventory.html","ua":"Mozilla/5.0 (X11; Linux x86_64) AppleWebKit/537.36 (KHTML, like Gecko) HeadlessChrome/147.0.7727.15 Safari/537.36"}
[2m[WebServer] [22m{"time":"2026-10-01T22:53:17.737184359-04:00","level":"INFO","msg":"client log","level":"WARN","message":"[inventory] item photo failed to load, showing placeholder Ground Turkey https://nyc3.digitaloceanspaces.com/hq.yumyums/items/ground-turkey.png","user":"Jamal C. (jamal@yumyums.kitchen)","page":"/inventory.html","ua":"Mozilla/5.0 (X11; Linux x86_64) AppleWebKit/537.36 (KHTML, like Gecko) HeadlessChrome/147.0.7727.15 Safari/537.36"}
[2m[WebServer] [22m{"time":"2026-10-01T22:53:17.755276643-04:00","level":"INFO","msg":"client log","level":"WARN","message":"[inventory] item photo failed to load, showing placeholder Charcoal https://nyc3.digitaloceanspaces.com/hq.yumyums/items/charcoal.png","user":"Jamal C. (jamal@yumyums.kitchen)","page":"/inventory.html","ua":"Mozilla/5.0 (X11; Linux x86_64) AppleWebKit/537.36 (KHTML, like Gecko) HeadlessChrome/147.0.7727.15 Safari/537.36"}
[2m[WebServer] [22m{"time":"2026-10-01T22:53:17.758628454-04:00","level":"INFO","msg":"client log","level":"WARN","message":"[inventory] item photo failed to load, showing placeholder Everything Bagel Seasoning https://nyc3.digitaloceanspaces.com/hq.yumyums/items/everything-bagel-seasoning.png","user":"Jamal C. (jamal@yumyums.kitchen)","page":"/inventory.html","ua":"Mozilla/5.0 (X11; Linux x86_64) AppleWebKit/537.36 (KHTML, like Gecko) HeadlessChrome/147.0.7727.15 Safari/537.36"}
[2m[WebServer] [22m{"time":"2026-10-01T22:53:17.825229608-04:00","level":"INFO","msg":"client log","level":"WARN","message":"[inventory] item photo failed to load, showing placeholder Mango Syrup https://nyc3.digitaloceanspaces.com/hq.yumyums/items/mango-syrup.png","user":"Jamal C. (jamal@yumyums.kitchen)","page":"/inventory.html","ua":"Mozilla/5.0 (X11; Linux x86_64) AppleWebKit/537.36 (KHTML, like Gecko) HeadlessChrome/147.0.7727.15 Safari/537.36"}
[2m[WebServer] [22m{"time":"2026-10-01T22:53:17.93333267-04:00","level":"INFO","msg":"client log","level":"WARN","message":"[inventory] item photo failed to load, showing placeholder Crystal Hot Sauce https://nyc3.digitaloceanspaces.com/hq.yumyums/items/crystal-hot-sauce.png","user":"Jamal C. (jamal@yumyums.kitchen)","page":"/inventory.html","ua":"Mozilla/5.0 (X11; Linux x86_64) AppleWebKit/537.36 (KHTML, like Gecko) HeadlessChrome/147.0.7727.15 Safari/537.36"}
[2m[WebServer] [22m{"time":"2026-10-01T22:53:17.953005356-04:00","level":"INFO","msg":"client log","level":"WARN","message":"[inventory] item photo failed to load, showing placeholder Cheesesteak https://nyc3.digitaloceanspaces.com/hq.yumyums/items/cheesesteak.png","user":"Jamal C. (jamal@yumyums.kitchen)","page":"/inventory.html","ua":"Mozilla/5.0 (X11; Linux x86_64) AppleWebKit/537.36 (KHTML, like Gecko) HeadlessChrome/147.0.7727.15 Safari/537.36"}
[2m[WebServer] [22m{"time":"2026-10-01T22:53:17.971822682-04:00","level":"INFO","msg":"client log","level":"WARN","message":"[inventory] item photo failed to load, showing placeholder Mumbo Sauce https://nyc3.digitaloceanspaces.com/hq.yumyums/items/mumbo-sauce.png","user":"Jamal C. (jamal@yumyums.kitchen)","page":"/inventory.html","ua":"Mozilla/5.0 (X11; Linux x86_64) AppleWebKit/537.36 (KHTML, like Gecko) HeadlessChrome/147.0.7727.15 Safari/537.36"}
[2m[WebServer] [22m{"time":"2026-10-01T22:53:17.979302589-04:00","level":"INFO","msg":"client log","level":"WARN","message":"[inventory] item photo failed to load, showing placeholder Plastic Bags https://nyc3.digitaloceanspaces.com/hq.yumyums/items/plastic-bags.png","user":"Jamal C. (jamal@yumyums.kitchen)","page":"/inventory.html","ua":"Mozilla/5.0 (X11; Linux x86_64) AppleWebKit/537.36 (KHTML, like Gecko) HeadlessChrome/147.0.7727.15 Safari/537.36"}
[2m[WebServer] [22m{"time":"2026-10-01T22:53:17.985191644-04:00","level":"INFO","msg":"client log","level":"WARN","message":"[inventory] item photo failed to load, showing placeholder Liquid Butter https://nyc3.digitaloceanspaces.com/hq.yumyums/items/liquid-butter.png","user":"Jamal C. (jamal@yumyums.kitchen)","page":"/inventory.html","ua":"Mozilla/5.0 (X11; Linux x86_64) AppleWebKit/537.36 (KHTML, like Gecko) HeadlessChrome/147.0.7727.15 Safari/537.36"}
[2m[WebServer] [22m{"time":"2026-10-01T22:53:18.027638856-04:00","level":"INFO","msg":"client log","level":"WARN","message":"[inventory] item photo failed to load, showing placeholder Hot Dog Rolls https://nyc3.digitaloceanspaces.com/hq.yumyums/items/hot-dog-rolls.png","user":"Jamal C. (jamal@yumyums.kitchen)","page":"/inventory.html","ua":"Mozilla/5.0 (X11; Linux x86_64) AppleWebKit/537.36 (KHTML, like Gecko) HeadlessChrome/147.0.7727.15 Safari/537.36"}
[2m[WebServer] [22m{"time":"2026-10-01T22:53:18.093859981-04:00","level":"INFO","msg":"client log","level":"WARN","message":"[inventory] item photo failed to load, showing placeholder Granulated Onion https://nyc3.digitaloceanspaces.com/hq.yumyums/items/granulated-onion.png","user":"Jamal C. (jamal@yumyums.kitchen)","page":"/inventory.html","ua":"Mozilla/5.0 (X11; Linux x86_64) AppleWebKit/537.36 (KHTML, like Gecko) HeadlessChrome/147.0.7727.15 Safari/537.36"}
[2m[WebServer] [22m{"time":"2026-10-01T22:53:18.116148177-04:00","level":"INFO","msg":"client log","level":"WARN","message":"[inventory] item photo failed to load, showing placeholder Wings https://nyc3.digitaloceanspaces.com/hq.yumyums/items/wings.png","user":"Jamal C. (jamal@yumyums.kitchen)","page":"/inventory.html","ua":"Mozilla/5.0 (X11; Linux x86_64) AppleWebKit/537.36 (KHTML, like Gecko) HeadlessChrome/147.0.7727.15 Safari/537.36"}
[2m[WebServer] [22m{"time":"2026-10-01T22:53:18.124173111-04:00","level":"INFO","msg":"client log","level":"WARN","message":"[inventory] item photo failed to load, showing placeholder No Rinse Floor Cleaner https://nyc3.digitaloceanspaces.com/hq.yumyums/items/no-rinse-floor-cleaner.png","user":"Jamal C. (jamal@yumyums.kitchen)","page":"/inventory.html","ua":"Mozilla/5.0 (X11; Linux x86_64) AppleWebKit/537.36 (KHTML, like Gecko) HeadlessChrome/147.0.7727.15 Safari/537.36"}
[2m[WebServer] [22m{"time":"2026-10-01T22:53:18.12974272-04:00","level":"INFO","msg":"client log","level":"WARN","message":"[inventory] item photo failed to load, showing placeholder Blast Away https://nyc3.digitaloceanspaces.com/hq.yumyums/items/blast-away.png","user":"Jamal C. (jamal@yumyums.kitchen)","page":"/inventory.html","ua":"Mozilla/5.0 (X11; Linux x86_64) AppleWebKit/537.36 (KHTML, like Gecko) HeadlessChrome/147.0.7727.15 Safari/537.36"}
[2m[WebServer] [22m{"time":"2026-10-01T22:53:18.171550458-04:00","level":"INFO","msg":"client log","level":"WARN","message":"[inventory] item photo failed to load, showing placeholder Towels https://nyc3.digitaloceanspaces.com/hq.yumyums/items/towels.png","user":"Jamal C. (jamal@yumyums.kitchen)","page":"/inventory.html","ua":"Mozilla/5.0 (X11; Linux x86_64) AppleWebKit/537.36 (KHTML, like Gecko) HeadlessChrome/147.0.7727.15 Safari/537.36"}
[2m[WebServer] [22m{"time":"2026-10-01T22:53:18.246826563-04:00","level":"INFO","msg":"client log","level":"WARN","message":"[inventory] item photo failed to load, showing placeholder Forks https://nyc3.digitaloceanspaces.com/hq.yumyums/items/forks.png","user":"Jamal C. (jamal@yumyums.kitchen)","page":"/inventory.html","ua":"Mozilla/5.0 (X11; Linux x86_64) AppleWebKit/537.36 (KHTML, like Gecko) HeadlessChrome/147.0.7727.15 Safari/537.36"}
[2m[WebServer] [22m{"time":"2026-10-01T22:53:18.246826361-04:00","level":"INFO","msg":"client log","level":"WARN","message":"[inventory] item photo failed to load, showing placeholder Lids https://nyc3.digitaloceanspaces.com/hq.yumyums/items/lids.png","user":"Jamal C. (jamal@yumyums.kitchen)","page":"/inventory.html","ua":"Mozilla/5.0 (X11; Linux x86_64) AppleWebKit/537.36 (KHTML, like Gecko) HeadlessChrome/147.0.7727.15 Safari/537.36"}
[2m[WebServer] [22m{"time":"2026-10-01T22:53:18.26222864-04:00","level":"INFO","msg":"client log","level":"WARN","message":"[inventory] item photo failed to load, showing placeholder Red Peppers https://nyc3.digitaloceanspaces.com/hq.yumyums/items/red-peppers.png","user":"Jamal C. (jamal@yumyums.kitchen)","page":"/inventory.html","ua":"Mozilla/5.0 (X11; Linux x86_64) AppleWebKit/537.36 (KHTML, like Gecko) HeadlessChrome/147.0.7727.15 Safari/537.36"}
[2m[WebServer] [22m{"time":"2026-10-01T22:53:18.294763255-04:00","level":"INFO","msg":"client log","level":"WARN","message":"[inventory] item photo failed to load, showing placeholder Dr. Pepper https://nyc3.digitaloceanspaces.com/hq.yumyums/items/dr-pepper.png","user":"Jamal C. (jamal@yumyums.kitchen)","page":"/inventory.html","ua":"Mozilla/5.0 (X11; Linux x86_64) AppleWebKit/537.36 (KHTML, like Gecko) HeadlessChrome/147.0.7727.15 Safari/537.36"}
[2m[WebServer] [22m{"time":"2026-10-01T22:53:18.378369272-04:00","level":"INFO","msg":"client log","level":"WARN","message":"[inventory] item photo failed to load, showing placeholder Olive Oil Blend https://nyc3.digitaloceanspaces.com/hq.yumyums/items/olive-oil-blend.png","user":"Jamal C. (jamal@yumyums.kitchen)","page":"/inventory.html","ua":"Mozilla/5.0 (X11; Linux x86_64) AppleWebKit/537.36 (KHTML, like Gecko) HeadlessChrome/147.0.7727.15 Safari/537.36"}
[2m[WebServer] [22m{"time":"2026-10-01T22:53:18.384152397-04:00","level":"INFO","msg":"client log","level":"WARN","message":"[inventory] item photo failed to load, showing placeholder Sugar https://nyc3.digitaloceanspaces.com/hq.yumyums/items/sugar.png","user":"Jamal C. (jamal@yumyums.kitchen)","page":"/inventory.html","ua":"Mozilla/5.0 (X11; Linux x86_64) AppleWebKit/537.36 (KHTML, like Gecko) HeadlessChrome/147.0.7727.15 Safari/537.36"}
[2m[WebServer] [22m{"time":"2026-10-01T22:53:18.392045217-04:00","level":"INFO","msg":"client log","level":"WARN","message":"[inventory] item photo failed to load, showing placeholder Sour Cream https://nyc3.digitaloceanspaces.com/hq.yumyums/items/sour-cream.png","user":"Jamal C. (jamal@yumyums.kitchen)","page":"/inventory.html","ua":"Mozilla/5.0 (X11; Linux x86_64) AppleWebKit/537.36 (KHTML, like Gecko) HeadlessChrome/147.0.7727.15 Safari/537.36"}
[2m[WebServer] [22m{"time":"2026-10-01T22:53:18.398175681-04:00","level":"INFO","msg":"client log","level":"WARN","message":"[inventory] item photo failed to load, showing placeholder Nacho Cheese Sauce https://nyc3.digitaloceanspaces.com/hq.yumyums/items/nacho-cheese-sauce.png","user":"Jamal C. (jamal@yumyums.kitchen)","page":"/inventory.html","ua":"Mozilla/5.0 (X11; Linux x86_64) AppleWebKit/537.36 (KHTML, like Gecko) HeadlessChrome/147.0.7727.15 Safari/537.36"}
[2m[WebServer] [22m{"time":"2026-10-01T22:53:18.435020446-04:00","level":"INFO","msg":"client log","level":"WARN","message":"[inventory] item photo failed to load, showing placeholder Coke https://nyc3.digitaloceanspaces.com/hq.yumyums/items/coke.png","user":"Jamal C. (jamal@yumyums.kitchen)","page":"/inventory.html","ua":"Mozilla/5.0 (X11; Linux x86_64) AppleWebKit/537.36 (KHTML, like Gecko) HeadlessChrome/147.0.7727.15 Safari/537.36"}
[2m[WebServer] [22m{"time":"2026-10-01T22:53:18.518195609-04:00","level":"INFO","msg":"client log","level":"WARN","message":"[inventory] item photo failed to load, showing placeholder Red Onions https://nyc3.digitaloceanspaces.com/hq.yumyums/items/red-onions.png","user":"Jamal C. (jamal@yumyums.kitchen)","page":"/inventory.html","ua":"Mozilla/5.0 (X11; Linux x86_64) AppleWebKit/537.36 (KHTML, like Gecko) HeadlessChrome/147.0.7727.15 Safari/537.36"}
[2m[WebServer] [22m{"time":"2026-10-01T22:53:18.51982716-04:00","level":"INFO","msg":"client log","level":"WARN","message":"[inventory] item photo failed to load, showing placeholder Ground Beef https://nyc3.digitaloceanspaces.com/hq.yumyums/items/ground-beef.png","user":"Jamal C. (jamal@yumyums.kitchen)","page":"/inventory.html","ua":"Mozilla/5.0 (X11; Linux x86_64) AppleWebKit/537.36 (KHTML, like Gecko) HeadlessChrome/147.0.7727.15 Safari/537.36"}
[2m[WebServer] [22m{"time":"2026-10-01T22:53:18.530593984-04:00","level":"INFO","msg":"client log","level":"WARN","message":"[inventory] item photo failed to load, showing placeholder Avocados https://nyc3.digitaloceanspaces.com/hq.yumyums/items/avocados.png","user":"Jamal C. (jamal@yumyums.kitchen)","page":"/inventory.html","ua":"Mozilla/5.0 (X11; Linux x86_64) AppleWebKit/537.36 (KHTML, like Gecko) HeadlessChrome/147.0.7727.15 Safari/537.36"}
[2m[WebServer] [22m{"time":"2026-10-01T22:53:18.544201406-04:00","level":"INFO","msg":"client log","level":"WARN","message":"[inventory] item photo failed to load, showing placeholder Crabmeat https://nyc3.digitaloceanspaces.com/hq.yumyums/items/crabmeat.png","user":"Jamal C. (jamal@yumyums.kitchen)","page":"/inventory.html","ua":"Mozilla/5.0 (X11; Linux x86_64) AppleWebKit/537.36 (KHTML, like Gecko) HeadlessChrome/147.0.7727.15 Safari/537.36"}
[2m[WebServer] [22m{"time":"2026-10-01T22:53:18.640568432-04:00","level":"INFO","msg":"client log","level":"WARN","message":"[inventory] item photo failed to load, showing placeholder Bbq Sauce https://nyc3.digitaloceanspaces.com/hq.yumyums/items/bbq-sauce.png","user":"Jamal C. (jamal@yumyums.kitchen)","page":"/inventory.html","ua":"Mozilla/5.0 (X11; Linux x86_64) AppleWebKit/537.36 (KHTML, like Gecko) HeadlessChrome/147.0.7727.15 Safari/537.36"}
[2m[WebServer] [22m{"time":"2026-10-01T22:53:18.681308795-04:00","level":"INFO","msg":"client log","level":"WARN","message":"[inventory] item photo failed to load, showing placeholder Chicken Party Wings https://nyc3.digitaloceanspaces.com/hq.yumyums/items/chicken-party-wings.png","user":"Jamal C. (jamal@yumyums.kitchen)","page":"/inventory.html","ua":"Mozilla/5.0 (X11; Linux x86_64) AppleWebKit/537.36 (KHTML, like Gecko) HeadlessChrome/147.0.7727.15 Safari/537.36"}
[2m[WebServer] [22m{"time":"2026-10-01T22:53:18.716867941-04:00","level":"INFO","msg":"client log","level":"WARN","message":"[inventory] item photo failed to load, showing placeholder Coke Zero https://nyc3.digitaloceanspaces.com/hq.yumyums/items/coke-zero.png","user":"Jamal C. (jamal@yumyums.kitchen)","page":"/inventory.html","ua":"Mozilla/5.0 (X11; Linux x86_64) AppleWebKit/537.36 (KHTML, like Gecko) HeadlessChrome/147.0.7727.15 Safari/537.36"}
[2m[WebServer] [22m{"time":"2026-10-01T22:53:18.79641093-04:00","level":"INFO","msg":"client log","level":"WARN","message":"[inventory] item photo failed to load, showing placeholder Frying Oil https://nyc3.digitaloceanspaces.com/hq.yumyums/items/frying-oil.png","user":"Jamal C. (jamal@yumyums.kitchen)","page":"/inventory.html","ua":"Mozilla/5.0 (X11; Linux x86_64) AppleWebKit/537.36 (KHTML, like Gecko) HeadlessChrome/147.0.7727.15 Safari/537.36"}
[2m[WebServer] [22m{"time":"2026-10-01T22:53:18.797728144-04:00","level":"INFO","msg":"client log","level":"WARN","message":"[inventory] item photo failed to load, showing placeholder Trash Bags (30 Gallon) https://nyc3.digitaloceanspaces.com/hq.yumyums/items/trash-bags-30-gallon.png","user":"Jamal C. (jamal@yumyums.kitchen)","page":"/inventory.html","ua":"Mozilla/5.0 (X11; Linux x86_64) AppleWebKit/537.36 (KHTML, like Gecko) HeadlessChrome/147.0.7727.15 Safari/537.36"}
[2m[WebServer] [22m{"time":"2026-10-01T22:53:18.810166163-04:00","level":"INFO","msg":"client log","level":"WARN","message":"[inventory] item photo failed to load, showing placeholder Frank’s Hot Sauce https://nyc3.digitaloceanspaces.com/hq.yumyums/items/frank-s-hot-sauce.png","user":"Jamal C. (jamal@yumyums.kitchen)","page":"/inventory.html","ua":"Mozilla/5.0 (X11; Linux x86_64) AppleWebKit/537.36 (KHTML, like Gecko) HeadlessChrome/147.0.7727.15 Safari/537.36"}
[2m[WebServer] [22m{"time":"2026-10-01T22:53:18.892316211-04:00","level":"INFO","msg":"client log","level":"WARN","message":"[inventory] item photo failed to load, showing placeholder Fine Sea Salt https://nyc3.digitaloceanspaces.com/hq.yumyums/items/fine-sea-salt.png","user":"Jamal C. (jamal@yumyums.kitchen)","page":"/inventory.html","ua":"Mozilla/5.0 (X11; Linux x86_64) AppleWebKit/537.36 (KHTML, like Gecko) HeadlessChrome/147.0.7727.15 Safari/537.36"}
[2m[WebServer] [22m{"time":"2026-10-01T22:53:18.898197641-04:00","level":"INFO","msg":"client log","level":"WARN","message":"[inventory] item photo failed to load, showing placeholder Salt https://nyc3.digitaloceanspaces.com/hq.yumyums/items/salt.png","user":"Jamal C. (jamal@yumyums.kitchen)","page":"/inventory.html","ua":"Mozilla/5.0 (X11; Linux x86_64) AppleWebKit/537.36 (KHTML, like Gecko) HeadlessChrome/147.0.7727.15 Safari/537.36"}
[2m[WebServer] [22m{"time":"2026-10-01T22:53:19.050996204-04:00","level":"INFO","msg":"client log","level":"WARN","message":"[inventory] item photo failed to load, showing placeholder Lemonade Mix https://nyc3.digitaloceanspaces.com/hq.yumyums/items/lemonade-mix.png","user":"Jamal C. (jamal@yumyums.kitchen)","page":"/inventory.html","ua":"Mozilla/5.0 (X11; Linux x86_64) AppleWebKit/537.36 (KHTML, like Gecko) HeadlessChrome/147.0.7727.15 Safari/537.36"}
[2m[WebServer] [22m{"time":"2026-10-01T22:53:19.055487912-04:00","level":"INFO","msg":"client log","level":"WARN","message":"[inventory] item photo failed to load, showing placeholder Chicken Breasts https://nyc3.digitaloceanspaces.com/hq.yumyums/items/chicken-breasts.png","user":"Jamal C. (jamal@yumyums.kitchen)","page":"/inventory.html","ua":"Mozilla/5.0 (X11; Linux x86_64) AppleWebKit/537.36 (KHTML, like Gecko) HeadlessChrome/147.0.7727.15 Safari/537.36"}
[2m[WebServer] [22m{"time":"2026-10-01T22:53:19.086526285-04:00","level":"INFO","msg":"client log","level":"WARN","message":"[inventory] item photo failed to load, showing placeholder Dish Soap https://nyc3.digitaloceanspaces.com/hq.yumyums/items/dish-soap.png","user":"Jamal C. (jamal@yumyums.kitchen)","page":"/inventory.html","ua":"Mozilla/5.0 (X11; Linux x86_64) AppleWebKit/537.36 (KHTML, like Gecko) HeadlessChrome/147.0.7727.15 Safari/537.36"}
[2m[WebServer] [22m{"time":"2026-10-01T22:53:19.107045589-04:00","level":"INFO","msg":"client log","level":"WARN","message":"[inventory] item photo failed to load, showing placeholder Sanitizing Tablets https://nyc3.digitaloceanspaces.com/hq.yumyums/items/sanitizing-tablets.png","user":"Jamal C. (jamal@yumyums.kitchen)","page":"/inventory.html","ua":"Mozilla/5.0 (X11; Linux x86_64) AppleWebKit/537.36 (KHTML, like Gecko) HeadlessChrome/147.0.7727.15 Safari/537.36"}
[2m[WebServer] [22m{"time":"2026-10-01T22:53:19.12763088-04:00","level":"INFO","msg":"client log","level":"WARN","message":"[inventory] item photo failed to load, showing placeholder Boxes (No 2) https://nyc3.digitaloceanspaces.com/hq.yumyums/items/boxes-no-2.png","user":"Jamal C. (jamal@yumyums.kitchen)","page":"/inventory.html","ua":"Mozilla/5.0 (X11; Linux x86_64) AppleWebKit/537.36 (KHTML, like Gecko) HeadlessChrome/147.0.7727.15 Safari/537.36"}
[2m[WebServer] [22m{"time":"2026-10-01T22:53:19.16161886-04:00","level":"INFO","msg":"client log","level":"WARN","message":"[inventory] item photo failed to load, showing placeholder Blue Cheese Dressing https://nyc3.digitaloceanspaces.com/hq.yumyums/items/blue-cheese-dressing.png","user":"Jamal C. (jamal@yumyums.kitchen)","page":"/inventory.html","ua":"Mozilla/5.0 (X11; Linux x86_64) AppleWebKit/537.36 (KHTML, like Gecko) HeadlessChrome/147.0.7727.15 Safari/537.36"}
[2m[WebServer] [22m{"time":"2026-10-01T22:53:19.188810594-04:00","level":"INFO","msg":"client log","level":"WARN","message":"[inventory] item photo failed to load, showing placeholder Chicken Tenders https://nyc3.digitaloceanspaces.com/hq.yumyums/items/chicken-tenders.png","user":"Jamal C. (jamal@yumyums.kitchen)","page":"/inventory.html","ua":"Mozilla/5.0 (X11; Linux x86_64) AppleWebKit/537.36 (KHTML, like Gecko) HeadlessChrome/147.0.7727.15 Safari/537.36"}
[2m[WebServer] [22m{"time":"2026-10-01T22:53:19.216077786-04:00","level":"INFO","msg":"client log","level":"WARN","message":"[inventory] item photo failed to load, showing placeholder Boxes (No 8) https://nyc3.digitaloceanspaces.com/hq.yumyums/items/boxes-no-8.png","user":"Jamal C. (jamal@yumyums.kitchen)","page":"/inventory.html","ua":"Mozilla/5.0 (X11; Linux x86_64) AppleWebKit/537.36 (KHTML, like Gecko) HeadlessChrome/147.0.7727.15 Safari/537.36"}
[2m[WebServer] [22m{"time":"2026-10-01T22:53:19.270141792-04:00","level":"INFO","msg":"client log","level":"WARN","message":"[inventory] item photo failed to load, showing placeholder Cup Holders https://nyc3.digitaloceanspaces.com/hq.yumyums/items/cup-holders.png","user":"Jamal C. (jamal@yumyums.kitchen)","page":"/inventory.html","ua":"Mozilla/5.0 (X11; Linux x86_64) AppleWebKit/537.36 (KHTML, like Gecko) HeadlessChrome/147.0.7727.15 Safari/537.36"}
[2m[WebServer] [22m{"time":"2026-10-01T22:53:19.289567711-04:00","level":"INFO","msg":"client log","level":"WARN","message":"[inventory] item photo failed to load, showing placeholder Seasoning Salt https://nyc3.digitaloceanspaces.com/hq.yumyums/items/seasoning-salt.png","user":"Jamal C. (jamal@yumyums.kitchen)","page":"/inventory.html","ua":"Mozilla/5.0 (X11; Linux x86_64) AppleWebKit/537.36 (KHTML, like Gecko) HeadlessChrome/147.0.7727.15 Safari/537.36"}
[2m[WebServer] [22m{"time":"2026-10-01T22:53:19.339870812-04:00","level":"INFO","msg":"client log","level":"WARN","message":"[inventory] item photo failed to load, showing placeholder Cups https://nyc3.digitaloceanspaces.com/hq.yumyums/items/cups.png","user":"Jamal C. (jamal@yumyums.kitchen)","page":"/inventory.html","ua":"Mozilla/5.0 (X11; Linux x86_64) AppleWebKit/537.36 (KHTML, like Gecko) HeadlessChrome/147.0.7727.15 Safari/537.36"}
[2m[WebServer] [22m{"time":"2026-10-01T22:53:19.394794273-04:00","level":"INFO","msg":"client log","level":"WARN","message":"[inventory] item photo failed to load, showing placeholder Cucumber https://nyc3.digitaloceanspaces.com/hq.yumyums/items/cucumber.png","user":"Jamal C. (jamal@yumyums.kitchen)","page":"/inventory.html","ua":"Mozilla/5.0 (X11; Linux x86_64) AppleWebKit/537.36 (KHTML, like Gecko) HeadlessChrome/147.0.7727.15 Safari/537.36"}
[2m[WebServer] [22m{"time":"2026-10-01T22:53:19.400961569-04:00","level":"INFO","msg":"client log","level":"WARN","message":"[inventory] item photo failed to load, showing placeholder Egg Roll Wraps https://nyc3.digitaloceanspaces.com/hq.yumyums/items/egg-roll-wraps.png","user":"Jamal C. (jamal@yumyums.kitchen)","page":"/inventory.html","ua":"Mozilla/5.0 (X11; Linux x86_64) AppleWebKit/537.36 (KHTML, like Gecko) HeadlessChrome/147.0.7727.15 Safari/537.36"}
[2m[WebServer] [22m{"time":"2026-10-01T22:53:19.430529974-04:00","level":"INFO","msg":"client log","level":"WARN","message":"[inventory] item photo failed to load, showing placeholder Pickles https://nyc3.digitaloceanspaces.com/hq.yumyums/items/pickles.png","user":"Jamal C. (jamal@yumyums.kitchen)","page":"/inventory.html","ua":"Mozilla/5.0 (X11; Linux x86_64) AppleWebKit/537.36 (KHTML, like Gecko) HeadlessChrome/147.0.7727.15 Safari/537.36"}
[2m[WebServer] [22m{"time":"2026-10-01T22:53:19.464070647-04:00","level":"INFO","msg":"client log","level":"WARN","message":"[inventory] item photo failed to load, showing placeholder Hoagie Containers https://nyc3.digitaloceanspaces.com/hq.yumyums/items/hoagie-containers.png","user":"Jamal C. (jamal@yumyums.kitchen)","page":"/inventory.html","ua":"Mozilla/5.0 (X11; Linux x86_64) AppleWebKit/537.36 (KHTML, like Gecko) HeadlessChrome/147.0.7727.15 Safari/537.36"}
[2m[WebServer] [22m{"time":"2026-10-01T22:53:19.493051004-04:00","level":"INFO","msg":"client log","level":"WARN","message":"[inventory] item photo failed to load, showing placeholder Ketchup Jug https://nyc3.digitaloceanspaces.com/hq.yumyums/items/ketchup-jug.png","user":"Jamal C. (jamal@yumyums.kitchen)","page":"/inventory.html","ua":"Mozilla/5.0 (X11; Linux x86_64) AppleWebKit/537.36 (KHTML, like Gecko) HeadlessChrome/147.0.7727.15 Safari/537.36"}
[2m[WebServer] [22m{"time":"2026-10-01T22:53:19.542529307-04:00","level":"INFO","msg":"client log","level":"WARN","message":"[inventory] item photo failed to load, showing placeholder Pan Spray https://nyc3.digitaloceanspaces.com/hq.yumyums/items/pan-spray.png","user":"Jamal C. (jamal@yumyums.kitchen)","page":"/inventory.html","ua":"Mozilla/5.0 (X11; Linux x86_64) AppleWebKit/537.36 (KHTML, like Gecko) HeadlessChrome/147.0.7727.15 Safari/537.36"}
[2m[WebServer] [22m{"time":"2026-10-01T22:53:19.586164713-04:00","level":"INFO","msg":"client log","level":"WARN","message":"[inventory] item photo failed to load, showing placeholder Lemon Juice https://nyc3.digitaloceanspaces.com/hq.yumyums/items/lemon-juice.png","user":"Jamal C. (jamal@yumyums.kitchen)","page":"/inventory.html","ua":"Mozilla/5.0 (X11; Linux x86_64) AppleWebKit/537.36 (KHTML, like Gecko) HeadlessChrome/147.0.7727.15 Safari/537.36"}
[2m[WebServer] [22m{"time":"2026-10-01T22:53:19.595610145-04:00","level":"INFO","msg":"client log","level":"WARN","message":"[inventory] item photo failed to load, showing placeholder Relish https://nyc3.digitaloceanspaces.com/hq.yumyums/items/relish.png","user":"Jamal C. (jamal@yumyums.kitchen)","page":"/inventory.html","ua":"Mozilla/5.0 (X11; Linux x86_64) AppleWebKit/537.36 (KHTML, like Gecko) HeadlessChrome/147.0.7727.15 Safari/537.36"}
[2m[WebServer] [22m{"time":"2026-10-01T22:53:19.687448625-04:00","level":"INFO","msg":"client log","level":"WARN","message":"[inventory] item photo failed to load, showing placeholder Straws https://nyc3.digitaloceanspaces.com/hq.yumyums/items/straws.png","user":"Jamal C. (jamal@yumyums.kitchen)","page":"/inventory.html","ua":"Mozilla/5.0 (X11; Linux x86_64) AppleWebKit/537.36 (KHTML, like Gecko) HeadlessChrome/147.0.7727.15 Safari/537.36"}
[2m[WebServer] [22m{"time":"2026-10-01T22:53:19.697092524-04:00","level":"INFO","msg":"client log","level":"WARN","message":"[inventory] item photo failed to load, showing placeholder Meatballs https://nyc3.digitaloceanspaces.com/hq.yumyums/items/meatballs.png","user":"Jamal C. (jamal@yumyums.kitchen)","page":"/inventory.html","ua":"Mozilla/5.0 (X11; Linux x86_64) AppleWebKit/537.36 (KHTML, like Gecko) HeadlessChrome/147.0.7727.15 Safari/537.36"}
[2m[WebServer] [22m{"time":"2026-10-01T22:53:19.739126188-04:00","level":"INFO","msg":"client log","level":"WARN","message":"[inventory] item photo failed to load, showing placeholder White Cheese Sauce https://nyc3.digitaloceanspaces.com/hq.yumyums/items/white-cheese-sauce.png","user":"Jamal C. (jamal@yumyums.kitchen)","page":"/inventory.html","ua":"Mozilla/5.0 (X11; Linux x86_64) AppleWebKit/537.36 (KHTML, like Gecko) HeadlessChrome/147.0.7727.15 Safari/537.36"}
[2m[WebServer] [22m{"time":"2026-10-01T22:53:19.758978057-04:00","level":"INFO","msg":"client log","level":"WARN","message":"[inventory] item photo failed to load, showing placeholder Jalapeños https://nyc3.digitaloceanspaces.com/hq.yumyums/items/jalape-os.png","user":"Jamal C. (jamal@yumyums.kitchen)","page":"/inventory.html","ua":"Mozilla/5.0 (X11; Linux x86_64) AppleWebKit/537.36 (KHTML, like Gecko) HeadlessChrome/147.0.7727.15 Safari/537.36"}
[2m[WebServer] [22m{"time":"2026-10-01T22:53:19.778621887-04:00","level":"INFO","msg":"client log","level":"WARN","message":"[inventory] item photo failed to load, showing placeholder Black Pepper https://nyc3.digitaloceanspaces.com/hq.yumyums/items/black-pepper.png","user":"Jamal C. (jamal@yumyums.kitchen)","page":"/inventory.html","ua":"Mozilla/5.0 (X11; Linux x86_64) AppleWebKit/537.36 (KHTML, like Gecko) HeadlessChrome/147.0.7727.15 Safari/537.36"}
[2m[WebServer] [22m{"time":"2026-10-01T22:53:19.807026388-04:00","level":"INFO","msg":"client log","level":"WARN","message":"[inventory] item photo failed to load, showing placeholder Corn https://nyc3.digitaloceanspaces.com/hq.yumyums/items/corn.png","user":"Jamal C. (jamal@yumyums.kitchen)","page":"/inventory.html","ua":"Mozilla/5.0 (X11; Linux x86_64) AppleWebKit/537.36 (KHTML, like Gecko) HeadlessChrome/147.0.7727.15 Safari/537.36"}
[2m[WebServer] [22m{"time":"2026-10-01T22:53:19.852472782-04:00","level":"INFO","msg":"client log","level":"WARN","message":"[inventory] item photo failed to load, showing placeholder Spinach He https://nyc3.digitaloceanspaces.com/hq.yumyums/items/spinach-he.png","user":"Jamal C. (jamal@yumyums.kitchen)","page":"/inventory.html","ua":"Mozilla/5.0 (X11; Linux x86_64) AppleWebKit/537.36 (KHTML, like Gecko) HeadlessChrome/147.0.7727.15 Safari/537.36"}
[2m[WebServer] [22m{"time":"2026-10-01T22:53:19.864353116-04:00","level":"INFO","msg":"client log","level":"WARN","message":"[inventory] item photo failed to load, showing placeholder Brisket https://nyc3.digitaloceanspaces.com/hq.yumyums/items/brisket.png","user":"Jamal C. (jamal@yumyums.kitchen)","page":"/inventory.html","ua":"Mozilla/5.0 (X11; Linux x86_64) AppleWebKit/537.36 (KHTML, like Gecko) HeadlessChrome/147.0.7727.15 Safari/537.36"}
[2m[WebServer] [22m{"time":"2026-10-01T22:53:19.913507423-04:00","level":"INFO","msg":"client log","level":"WARN","message":"[inventory] item photo failed to load, showing placeholder Ketchup Packets https://nyc3.digitaloceanspaces.com/hq.yumyums/items/ketchup-packets.png","user":"Jamal C. (jamal@yumyums.kitchen)","page":"/inventory.html","ua":"Mozilla/5.0 (X11; Linux x86_64) AppleWebKit/537.36 (KHTML, like Gecko) HeadlessChrome/147.0.7727.15 Safari/537.36"}
[2m[WebServer] [22m{"time":"2026-10-01T22:53:19.931008009-04:00","level":"INFO","msg":"client log","level":"WARN","message":"[inventory] item photo failed to load, showing placeholder Coarse Sea Salt https://nyc3.digitaloceanspaces.com/hq.yumyums/items/coarse-sea-salt.png","user":"Jamal C. (jamal@yumyums.kitchen)","page":"/inventory.html","ua":"Mozilla/5.0 (X11; Linux x86_64) AppleWebKit/537.36 (KHTML, like Gecko) HeadlessChrome/147.0.7727.15 Safari/537.36"}
[2m[WebServer] [22m{"time":"2026-10-01T22:53:19.999994842-04:00","level":"INFO","msg":"client log","level":"WARN","message":"[inventory] item photo failed to load, showing placeholder Ranch Dressing https://nyc3.digitaloceanspaces.com/hq.yumyums/items/ranch-dressing.png","user":"Jamal C. (jamal@yumyums.kitchen)","page":"/inventory.html","ua":"Mozilla/5.0 (X11; Linux x86_64) AppleWebKit/537.36 (KHTML, like Gecko) HeadlessChrome/147.0.7727.15 Safari/537.36"}
[2m[WebServer] [22m{"time":"2026-10-01T22:53:20.017569904-04:00","level":"INFO","msg":"client log","level":"WARN","message":"[inventory] item photo failed to load, showing placeholder Mayonnaise https://nyc3.digitaloceanspaces.com/hq.yumyums/items/mayonnaise.png","user":"Jamal C. (jamal@yumyums.kitchen)","page":"/inventory.html","ua":"Mozilla/5.0 (X11; Linux x86_64) AppleWebKit/537.36 (KHTML, like Gecko) HeadlessChrome/147.0.7727.15 Safari/537.36"}
[2m[WebServer] [22m{"time":"2026-10-01T22:53:20.065763691-04:00","level":"INFO","msg":"client log","level":"WARN","message":"[inventory] item photo failed to load, showing placeholder Garlic Powder https://nyc3.digitaloceanspaces.com/hq.yumyums/items/garlic-powder.png","user":"Jamal C. (jamal@yumyums.kitchen)","page":"/inventory.html","ua":"Mozilla/5.0 (X11; Linux x86_64) AppleWebKit/537.36 (KHTML, like Gecko) HeadlessChrome/147.0.7727.15 Safari/537.36"}
[2m[WebServer] [22m{"time":"2026-10-01T22:53:20.088298858-04:00","level":"INFO","msg":"client log","level":"WARN","message":"[inventory] item photo failed to load, showing placeholder Allspice https://nyc3.digitaloceanspaces.com/hq.yumyums/items/allspice.png","user":"Jamal C. (jamal@yumyums.kitchen)","page":"/inventory.html","ua":"Mozilla/5.0 (X11; Linux x86_64) AppleWebKit/537.36 (KHTML, like Gecko) HeadlessChrome/147.0.7727.15 Safari/537.36"}
  ✘  1 [chromium] › tests/inventory.spec.js:2186:3 › Inventory › Setup item editor shows alias chips, adds and removes nicknames (10.6s)
[2m[WebServer] [22m{"time":"2026-10-01T22:53:27.444775378-04:00","level":"INFO","msg":"client log","level":"WARN","message":"[inventory] item photo failed to load, showing placeholder Sprite https://nyc3.digitaloceanspaces.com/hq.yumyums/items/sprite.png","user":"Jamal C. (jamal@yumyums.kitchen)","page":"/inventory.html","ua":"Mozilla/5.0 (X11; Linux x86_64) AppleWebKit/537.36 (KHTML, like Gecko) HeadlessChrome/147.0.7727.15 Safari/537.36"}
[2m[WebServer] [22m{"time":"2026-10-01T22:53:27.464135993-04:00","level":"INFO","msg":"client log","level":"WARN","message":"[inventory] item photo failed to load, showing placeholder Lemonade Mix https://nyc3.digitaloceanspaces.com/hq.yumyums/items/lemonade-mix.png","user":"Jamal C. (jamal@yumyums.kitchen)","page":"/inventory.html","ua":"Mozilla/5.0 (X11; Linux x86_64) AppleWebKit/537.36 (KHTML, like Gecko) HeadlessChrome/147.0.7727.15 Safari/537.36"}
[2m[WebServer] [22m{"time":"2026-10-01T22:53:27.521949025-04:00","level":"INFO","msg":"client log","level":"WARN","message":"[inventory] item photo failed to load, showing placeholder Brisket Rolls https://nyc3.digitaloceanspaces.com/hq.yumyums/items/brisket-rolls.png","user":"Jamal C. (jamal@yumyums.kitchen)","page":"/inventory.html","ua":"Mozilla/5.0 (X11; Linux x86_64) AppleWebKit/537.36 (KHTML, like Gecko) HeadlessChrome/147.0.7727.15 Safari/537.36"}
[2m[WebServer] [22m{"time":"2026-10-01T22:53:27.537753466-04:00","level":"INFO","msg":"client log","level":"WARN","message":"[inventory] item photo failed to load, showing placeholder Hand Soap https://nyc3.digitaloceanspaces.com/hq.yumyums/items/hand-soap.png","user":"Jamal C. (jamal@yumyums.kitchen)","page":"/inventory.html","ua":"Mozilla/5.0 (X11; Linux x86_64) AppleWebKit/537.36 (KHTML, like Gecko) HeadlessChrome/147.0.7727.15 Safari/537.36"}
[2m[WebServer] [22m{"time":"2026-10-01T22:53:27.629820345-04:00","level":"INFO","msg":"client log","level":"WARN","message":"[inventory] item photo failed to load, showing placeholder Boxes (No 2) https://nyc3.digitaloceanspaces.com/hq.yumyums/items/boxes-no-2.png","user":"Jamal C. (jamal@yumyums.kitchen)","page":"/inventory.html","ua":"Mozilla/5.0 (X11; Linux x86_64) AppleWebKit/537.36 (KHTML, like Gecko) HeadlessChrome/147.0.7727.15 Safari/537.36"}
[2m[WebServer] [22m{"time":"2026-10-01T22:53:27.684149751-04:00","level":"INFO","msg":"client log","level":"WARN","message":"[inventory] item photo failed to load, showing placeholder Lids https://nyc3.digitaloceanspaces.com/hq.yumyums/items/lids.png","user":"Jamal C. (jamal@yumyums.kitchen)","page":"/inventory.html","ua":"Mozilla/5.0 (X11; Linux x86_64) AppleWebKit/537.36 (KHTML, like Gecko) HeadlessChrome/147.0.7727.15 Safari/537.36"}
[2m[WebServer] [22m{"time":"2026-10-01T22:53:27.708688638-04:00","level":"INFO","msg":"client log","level":"WARN","message":"[inventory] item photo failed to load, showing placeholder Bread Crumbs https://nyc3.digitaloceanspaces.com/hq.yumyums/items/bread-crumbs.png","user":"Jamal C. (jamal@yumyums.kitchen)","page":"/inventory.html","ua":"Mozilla/5.0 (X11; Linux x86_64) AppleWebKit/537.36 (KHTML, like Gecko) HeadlessChrome/147.0.7727.15 Safari/537.36"}
[2m[WebServer] [22m{"time":"2026-10-01T22:53:27.72184477-04:00","level":"INFO","msg":"client log","level":"WARN","message":"[inventory] item photo failed to load, showing placeholder White Cheese Sauce https://nyc3.digitaloceanspaces.com/hq.yumyums/items/white-cheese-sauce.png","user":"Jamal C. (jamal@yumyums.kitchen)","page":"/inventory.html","ua":"Mozilla/5.0 (X11; Linux x86_64) AppleWebKit/537.36 (KHTML, like Gecko) HeadlessChrome/147.0.7727.15 Safari/537.36"}
[2m[WebServer] [22m{"time":"2026-10-01T22:53:27.727277771-04:00","level":"INFO","msg":"client log","level":"WARN","message":"[inventory] item photo failed to load, showing placeholder Gloves https://nyc3.digitaloceanspaces.com/hq.yumyums/items/gloves.png","user":"Jamal C. (jamal@yumyums.kitchen)","page":"/inventory.html","ua":"Mozilla/5.0 (X11; Linux x86_64) AppleWebKit/537.36 (KHTML, like Gecko) HeadlessChrome/147.0.7727.15 Safari/537.36"}
[2m[WebServer] [22m{"time":"2026-10-01T22:53:27.760561744-04:00","level":"INFO","msg":"client log","level":"WARN","message":"[inventory] item photo failed to load, showing placeholder Coke Zero https://nyc3.digitaloceanspaces.com/hq.yumyums/items/coke-zero.png","user":"Jamal C. (jamal@yumyums.kitchen)","page":"/inventory.html","ua":"Mozilla/5.0 (X11; Linux x86_64) AppleWebKit/537.36 (KHTML, like Gecko) HeadlessChrome/147.0.7727.15 Safari/537.36"}
[2m[WebServer] [22m{"time":"2026-10-01T22:53:27.874263763-04:00","level":"INFO","msg":"client log","level":"WARN","message":"[inventory] item photo failed to load, showing placeholder Sriracha https://nyc3.digitaloceanspaces.com/hq.yumyums/items/sriracha.png","user":"Jamal C. (jamal@yumyums.kitchen)","page":"/inventory.html","ua":"Mozilla/5.0 (X11; Linux x86_64) AppleWebKit/537.36 (KHTML, like Gecko) HeadlessChrome/147.0.7727.15 Safari/537.36"}
[2m[WebServer] [22m{"time":"2026-10-01T22:53:27.876935478-04:00","level":"INFO","msg":"client log","level":"WARN","message":"[inventory] item photo failed to load, showing placeholder Red Onions https://nyc3.digitaloceanspaces.com/hq.yumyums/items/red-onions.png","user":"Jamal C. (jamal@yumyums.kitchen)","page":"/inventory.html","ua":"Mozilla/5.0 (X11; Linux x86_64) AppleWebKit/537.36 (KHTML, like Gecko) HeadlessChrome/147.0.7727.15 Safari/537.36"}
[2m[WebServer] [22m{"time":"2026-10-01T22:53:27.890530343-04:00","level":"INFO","msg":"client log","level":"WARN","message":"[inventory] item photo failed to load, showing placeholder Frying Oil https://nyc3.digitaloceanspaces.com/hq.yumyums/items/frying-oil.png","user":"Jamal C. (jamal@yumyums.kitchen)","page":"/inventory.html","ua":"Mozilla/5.0 (X11; Linux x86_64) AppleWebKit/537.36 (KHTML, like Gecko) HeadlessChrome/147.0.7727.15 Safari/537.36"}
[2m[WebServer] [22m{"time":"2026-10-01T22:53:27.897407112-04:00","level":"INFO","msg":"client log","level":"WARN","message":"[inventory] item photo failed to load, showing placeholder Dish Soap https://nyc3.digitaloceanspaces.com/hq.yumyums/items/dish-soap.png","user":"Jamal C. (jamal@yumyums.kitchen)","page":"/inventory.html","ua":"Mozilla/5.0 (X11; Linux x86_64) AppleWebKit/537.36 (KHTML, like Gecko) HeadlessChrome/147.0.7727.15 Safari/537.36"}
[2m[WebServer] [22m{"time":"2026-10-01T22:53:27.934644855-04:00","level":"INFO","msg":"client log","level":"WARN","message":"[inventory] item photo failed to load, showing placeholder Dr. Pepper https://nyc3.digitaloceanspaces.com/hq.yumyums/items/dr-pepper.png","user":"Jamal C. (jamal@yumyums.kitchen)","page":"/inventory.html","ua":"Mozilla/5.0 (X11; Linux x86_64) AppleWebKit/537.36 (KHTML, like Gecko) HeadlessChrome/147.0.7727.15 Safari/537.36"}
  ✓  2 [chromium] › tests/inventory.spec.js:2919:3 › Inventory › create item without group shows alert (2.0s)


  1) [chromium] › tests/inventory.spec.js:2186:3 › Inventory › Setup item editor shows alias chips, adds and removes nicknames 

    Error: [2mexpect([22m[31mlocator[39m[2m).[22mtoHaveCount[2m([22m[32mexpected[39m[2m)[22m failed

    Locator:  locator('.item-edit-form[data-item-id="9a3fdab2-6f6b-4035-9bfd-2e1c215f48d8"]').locator('.alias-chip')
    Expected: [32m2[39m
    Received: [31m1[39m
    Timeout:  5000ms

    Call log:
    [2m  - Expect "toHaveCount" with timeout 5000ms[22m
    [2m  - waiting for locator('.item-edit-form[data-item-id="9a3fdab2-6f6b-4035-9bfd-2e1c215f48d8"]').locator('.alias-chip')[22m
    [2m    9 × locator resolved to 1 element[22m
    [2m      - unexpected value "1"[22m


      2212 |     await form.locator('.item-alias-input').fill(typedAlias);
      2213 |     await form.locator('button[data-action="add-item-alias"]').click();
    > 2214 |     await expect(form.locator('.alias-chip')).toHaveCount(2);
           |                                               ^
      2215 |     await expect(form.locator('.alias-chips')).toContainText(typedAlias);
      2216 |     // Remove the seeded one
      2217 |     await form.locator('.alias-chip-x[data-alias="' + seededAlias + '"]').click();
        at /home/jcole/projects/hq-worktrees/h5-subscribers-tab/tests/inventory.spec.js:2214:47

    Error Context: test-results/inventory-Inventory-Setup--fe902--adds-and-removes-nicknames-chromium/error-context.md

  1 failed
    [chromium] › tests/inventory.spec.js:2186:3 › Inventory › Setup item editor shows alias chips, adds and removes nicknames 
  1 passed (2.6m)
INVENTORY_EXIT=1
--- tests/sync.spec.js (one) ---
[2m[WebServer] [22m── reset hq_test_e2e_h5_20261002 on localhost:5434 ──
[2m[WebServer] [22m── wrote version.json frontend=1.10.2 ──
[2m[WebServer] [22m{"time":"2026-10-01T22:55:56.783713925-04:00","level":"INFO","msg":"serving static files from disk","dir":"../"}
[2m[WebServer] [22m{"time":"2026-10-01T22:55:56.784144878-04:00","level":"INFO","msg":"loaded superadmins","count":1}
[2m[WebServer] [22m{"time":"2026-10-01T22:55:56.805141206-04:00","level":"INFO","msg":"connected to database"}
[2m[WebServer] [22m{"time":"2026-10-01T22:55:56.874652673-04:00","level":"INFO","msg":"OK   0001_users.sql (41.88ms)","source":"stdlog"}
[2m[WebServer] [22m{"time":"2026-10-01T22:55:56.95638095-04:00","level":"INFO","msg":"OK   0002_sessions.sql (81.2ms)","source":"stdlog"}
[2m[WebServer] [22m{"time":"2026-10-01T22:55:57.022330697-04:00","level":"INFO","msg":"OK   0003_invite_tokens.sql (65.69ms)","source":"stdlog"}
[2m[WebServer] [22m{"time":"2026-10-01T22:55:57.077030343-04:00","level":"INFO","msg":"OK   0004_hq_apps.sql (54.5ms)","source":"stdlog"}
[2m[WebServer] [22m{"time":"2026-10-01T22:55:57.148710403-04:00","level":"INFO","msg":"OK   0005_app_permissions.sql (71.55ms)","source":"stdlog"}
[2m[WebServer] [22m{"time":"2026-10-01T22:55:57.189878198-04:00","level":"INFO","msg":"OK   0006_checklist_templates.sql (41.02ms)","source":"stdlog"}
[2m[WebServer] [22m{"time":"2026-10-01T22:55:57.233944314-04:00","level":"INFO","msg":"OK   0007_checklist_schedules.sql (43.93ms)","source":"stdlog"}
[2m[WebServer] [22m{"time":"2026-10-01T22:55:57.29308543-04:00","level":"INFO","msg":"OK   0008_template_assignments.sql (59.01ms)","source":"stdlog"}
[2m[WebServer] [22m{"time":"2026-10-01T22:55:57.338855499-04:00","level":"INFO","msg":"OK   0009_checklist_sections.sql (45.66ms)","source":"stdlog"}
[2m[WebServer] [22m{"time":"2026-10-01T22:55:57.375459245-04:00","level":"INFO","msg":"OK   0010_checklist_fields.sql (36.46ms)","source":"stdlog"}
[2m[WebServer] [22m{"time":"2026-10-01T22:55:57.434176553-04:00","level":"INFO","msg":"OK   0011_checklist_submissions.sql (58.55ms)","source":"stdlog"}
[2m[WebServer] [22m{"time":"2026-10-01T22:55:57.504602931-04:00","level":"INFO","msg":"OK   0012_submission_responses.sql (69.82ms)","source":"stdlog"}
[2m[WebServer] [22m{"time":"2026-10-01T22:55:57.541727109-04:00","level":"INFO","msg":"OK   0013_submission_fail_notes.sql (37.02ms)","source":"stdlog"}
[2m[WebServer] [22m{"time":"2026-10-01T22:55:57.584450828-04:00","level":"INFO","msg":"OK   0014_submission_rejections.sql (42.61ms)","source":"stdlog"}
[2m[WebServer] [22m{"time":"2026-10-01T22:55:57.653519195-04:00","level":"INFO","msg":"OK   0015_ops.sql (68.93ms)","source":"stdlog"}
[2m[WebServer] [22m{"time":"2026-10-01T22:55:57.671034539-04:00","level":"INFO","msg":"OK   0016_lamport_ts.sql (17.41ms)","source":"stdlog"}
[2m[WebServer] [22m{"time":"2026-10-01T22:55:57.692615603-04:00","level":"INFO","msg":"OK   0017_users_naming.sql (21.48ms)","source":"stdlog"}
[2m[WebServer] [22m{"time":"2026-10-01T22:55:57.797869991-04:00","level":"INFO","msg":"OK   0018_ob_templates.sql (105.12ms)","source":"stdlog"}
[2m[WebServer] [22m{"time":"2026-10-01T22:55:57.907345022-04:00","level":"INFO","msg":"OK   0019_ob_items.sql (109.34ms)","source":"stdlog"}
[2m[WebServer] [22m{"time":"2026-10-01T22:55:57.981630082-04:00","level":"INFO","msg":"OK   0020_ob_progress.sql (74.07ms)","source":"stdlog"}
[2m[WebServer] [22m{"time":"2026-10-01T22:55:58.04189991-04:00","level":"INFO","msg":"OK   0021_ob_signoffs.sql (60.16ms)","source":"stdlog"}
[2m[WebServer] [22m{"time":"2026-10-01T22:55:58.105139949-04:00","level":"INFO","msg":"OK   0022_ob_template_assignments.sql (63.1ms)","source":"stdlog"}
[2m[WebServer] [22m{"time":"2026-10-01T22:55:58.192373226-04:00","level":"INFO","msg":"OK   0023_multi_role.sql (87.12ms)","source":"stdlog"}
[2m[WebServer] [22m{"time":"2026-10-01T22:55:58.470025614-04:00","level":"INFO","msg":"OK   0024_inventory.sql (277.48ms)","source":"stdlog"}
[2m[WebServer] [22m{"time":"2026-10-01T22:55:58.52632306-04:00","level":"INFO","msg":"OK   0025_pending_purchases.sql (56.19ms)","source":"stdlog"}
[2m[WebServer] [22m{"time":"2026-10-01T22:55:58.540060981-04:00","level":"INFO","msg":"OK   0026_ob_progress_faq.sql (13.6ms)","source":"stdlog"}
[2m[WebServer] [22m{"time":"2026-10-01T22:55:58.55483979-04:00","level":"INFO","msg":"OK   0027_ob_section_signoff_roles.sql (14.6ms)","source":"stdlog"}
[2m[WebServer] [22m{"time":"2026-10-01T22:55:58.578620449-04:00","level":"INFO","msg":"OK   0028_ob_video_upgrade.sql (23.55ms)","source":"stdlog"}
[2m[WebServer] [22m{"time":"2026-10-01T22:55:58.589054775-04:00","level":"INFO","msg":"OK   0029_ob_templates_archived_at.sql (10.33ms)","source":"stdlog"}
[2m[WebServer] [22m{"time":"2026-10-01T22:55:58.629112032-04:00","level":"INFO","msg":"OK   0030_item_groups_unique_name.sql (39.92ms)","source":"stdlog"}
[2m[WebServer] [22m{"time":"2026-10-01T22:55:58.641258958-04:00","level":"INFO","msg":"OK   0031_remove_placeholder_items.sql (12.05ms)","source":"stdlog"}
[2m[WebServer] [22m{"time":"2026-10-01T22:55:58.658996733-04:00","level":"INFO","msg":"OK   0032_item_group_thresholds.sql (17.62ms)","source":"stdlog"}
[2m[WebServer] [22m{"time":"2026-10-01T22:55:58.705320306-04:00","level":"INFO","msg":"OK   0033_stock_count_overrides.sql (46.19ms)","source":"stdlog"}
[2m[WebServer] [22m{"time":"2026-10-01T22:55:58.783001217-04:00","level":"INFO","msg":"OK   0034_purchase_orders.sql (77.47ms)","source":"stdlog"}
[2m[WebServer] [22m{"time":"2026-10-01T22:55:58.796735082-04:00","level":"INFO","msg":"OK   0035_purchase_items_photo_store.sql (13.62ms)","source":"stdlog"}
[2m[WebServer] [22m{"time":"2026-10-01T22:55:58.8095094-04:00","level":"INFO","msg":"OK   0036_purchase_items_full_name.sql (12.68ms)","source":"stdlog"}
[2m[WebServer] [22m{"time":"2026-10-01T22:55:58.84045517-04:00","level":"INFO","msg":"OK   0037_cutoff_config.sql (30.84ms)","source":"stdlog"}
[2m[WebServer] [22m{"time":"2026-10-01T22:55:58.858460901-04:00","level":"INFO","msg":"OK   0038_po_status_extend.sql (17.9ms)","source":"stdlog"}
[2m[WebServer] [22m{"time":"2026-10-01T22:55:58.884289256-04:00","level":"INFO","msg":"OK   0039_purchase_items_vendor.sql (25.71ms)","source":"stdlog"}
[2m[WebServer] [22m{"time":"2026-10-01T22:55:59.082054038-04:00","level":"INFO","msg":"OK   0040_shopping_lists.sql (197.55ms)","source":"stdlog"}
[2m[WebServer] [22m{"time":"2026-10-01T22:55:59.098628085-04:00","level":"INFO","msg":"OK   0041_notification_channel.sql (16.47ms)","source":"stdlog"}
[2m[WebServer] [22m{"time":"2026-10-01T22:55:59.190633406-04:00","level":"INFO","msg":"OK   0042_repurchase_tracking.sql (91.88ms)","source":"stdlog"}
[2m[WebServer] [22m{"time":"2026-10-01T22:55:59.262811309-04:00","level":"INFO","msg":"OK   0043_alert_log.sql (72.04ms)","source":"stdlog"}
[2m[WebServer] [22m{"time":"2026-10-01T22:55:59.34963674-04:00","level":"INFO","msg":"OK   0044_low_stock_alert_log.sql (86.7ms)","source":"stdlog"}
[2m[WebServer] [22m{"time":"2026-10-01T22:55:59.42612755-04:00","level":"INFO","msg":"OK   0045_notification_channel_array.sql (76.33ms)","source":"stdlog"}
[2m[WebServer] [22m{"time":"2026-10-01T22:55:59.436560476-04:00","level":"INFO","msg":"OK   0046_user_timezone.sql (10.32ms)","source":"stdlog"}
[2m[WebServer] [22m{"time":"2026-10-01T22:55:59.509224624-04:00","level":"INFO","msg":"OK   0047_employee_fields.sql (72.55ms)","source":"stdlog"}
[2m[WebServer] [22m{"time":"2026-10-01T22:55:59.516348179-04:00","level":"INFO","msg":"OK   0048_notification_default_both.sql (7.03ms)","source":"stdlog"}
[2m[WebServer] [22m{"time":"2026-10-01T22:55:59.557027348-04:00","level":"INFO","msg":"OK   0049_ob_sub_items.sql (40.55ms)","source":"stdlog"}
[2m[WebServer] [22m{"time":"2026-10-01T22:55:59.56672497-04:00","level":"INFO","msg":"OK   0050_ob_progress_sub_item.sql (9.58ms)","source":"stdlog"}
[2m[WebServer] [22m{"time":"2026-10-01T22:55:59.574705364-04:00","level":"INFO","msg":"OK   0051_rejection_field_fk.sql (7.84ms)","source":"stdlog"}
[2m[WebServer] [22m{"time":"2026-10-01T22:55:59.591171773-04:00","level":"INFO","msg":"OK   0052_template_name_unique.sql (16.35ms)","source":"stdlog"}
[2m[WebServer] [22m{"time":"2026-10-01T22:55:59.600105484-04:00","level":"INFO","msg":"OK   0053_response_field_fk.sql (8.82ms)","source":"stdlog"}
[2m[WebServer] [22m{"time":"2026-10-01T22:55:59.612990536-04:00","level":"INFO","msg":"OK   0054_failnote_field_fk.sql (12.77ms)","source":"stdlog"}
[2m[WebServer] [22m{"time":"2026-10-01T22:55:59.622275769-04:00","level":"INFO","msg":"OK   0055_item_location_in_store.sql (9.14ms)","source":"stdlog"}
[2m[WebServer] [22m{"time":"2026-10-01T22:55:59.64491627-04:00","level":"INFO","msg":"OK   0056_ob_progress_photo.sql (22.46ms)","source":"stdlog"}
[2m[WebServer] [22m{"time":"2026-10-01T22:55:59.663406995-04:00","level":"INFO","msg":"OK   0057_ob_items_photo_type.sql (18.37ms)","source":"stdlog"}
[2m[WebServer] [22m{"time":"2026-10-01T22:55:59.682255429-04:00","level":"INFO","msg":"OK   0058_ob_sub_items_photos.sql (18.72ms)","source":"stdlog"}
[2m[WebServer] [22m{"time":"2026-10-01T22:55:59.694585048-04:00","level":"INFO","msg":"OK   0059_cleanup_photo_items.sql (12.21ms)","source":"stdlog"}
[2m[WebServer] [22m{"time":"2026-10-01T22:55:59.785335038-04:00","level":"INFO","msg":"OK   0060_menu_items.sql (90.6ms)","source":"stdlog"}
[2m[WebServer] [22m{"time":"2026-10-01T22:55:59.831842662-04:00","level":"INFO","msg":"OK   0061_daily_menu_sales.sql (46.4ms)","source":"stdlog"}
[2m[WebServer] [22m{"time":"2026-10-01T22:55:59.896640243-04:00","level":"INFO","msg":"OK   0062_recipes.sql (64.69ms)","source":"stdlog"}
[2m[WebServer] [22m{"time":"2026-10-01T22:55:59.945718283-04:00","level":"INFO","msg":"OK   0063_drift_check_results.sql (48.96ms)","source":"stdlog"}
[2m[WebServer] [22m{"time":"2026-10-01T22:55:59.965564064-04:00","level":"INFO","msg":"OK   0064_no_itemized_receipt_seed.sql (19.69ms)","source":"stdlog"}
[2m[WebServer] [22m{"time":"2026-10-01T22:55:59.993039935-04:00","level":"INFO","msg":"OK   0065_mercury_category_on_purchase_events.sql (27.35ms)","source":"stdlog"}
[2m[WebServer] [22m{"time":"2026-10-01T22:56:00.011965772-04:00","level":"INFO","msg":"OK   0066_mercury_category_on_pending_purchases.sql (18.78ms)","source":"stdlog"}
[2m[WebServer] [22m{"time":"2026-10-01T22:56:00.108433744-04:00","level":"INFO","msg":"OK   0067_receipt_sync_runs.sql (96.35ms)","source":"stdlog"}
[2m[WebServer] [22m{"time":"2026-10-01T22:56:00.139590153-04:00","level":"INFO","msg":"OK   0068_pending_purchases_bank_tx_uniq.sql (31.02ms)","source":"stdlog"}
[2m[WebServer] [22m{"time":"2026-10-01T22:56:00.156875547-04:00","level":"INFO","msg":"OK   0069_pending_purchases_parse_error.sql (17.18ms)","source":"stdlog"}
[2m[WebServer] [22m{"time":"2026-10-01T22:56:00.174471754-04:00","level":"INFO","msg":"OK   0070_receipt_urls.sql (17.5ms)","source":"stdlog"}
[2m[WebServer] [22m{"time":"2026-10-01T22:56:00.203663942-04:00","level":"INFO","msg":"OK   0071_submission_fail_notes_unique.sql (29.07ms)","source":"stdlog"}
[2m[WebServer] [22m{"time":"2026-10-01T22:56:00.220211929-04:00","level":"INFO","msg":"OK   0072_app_timezone_new_york.sql (16.43ms)","source":"stdlog"}
[2m[WebServer] [22m{"time":"2026-10-01T22:56:00.245995928-04:00","level":"INFO","msg":"OK   0073_sync_fdw_views.sql (25.55ms)","source":"stdlog"}
[2m[WebServer] [22m{"time":"2026-10-01T22:56:00.255793697-04:00","level":"INFO","msg":"OK   0074_sync_fdw_approver_view.sql (9.64ms)","source":"stdlog"}
[2m[WebServer] [22m{"time":"2026-10-01T22:56:00.305747962-04:00","level":"INFO","msg":"OK   0075_item_aliases.sql (49.84ms)","source":"stdlog"}
[2m[WebServer] [22m{"time":"2026-10-01T22:56:00.335599728-04:00","level":"INFO","msg":"OK   0076_checklist_template_app.sql (29.73ms)","source":"stdlog"}
[2m[WebServer] [22m{"time":"2026-10-01T22:56:00.401094247-04:00","level":"INFO","msg":"OK   0077_race_lost_notifications.sql (65.32ms)","source":"stdlog"}
[2m[WebServer] [22m{"time":"2026-10-01T22:56:00.422193825-04:00","level":"INFO","msg":"OK   0078_card_holder_on_purchases.sql (20.97ms)","source":"stdlog"}
[2m[WebServer] [22m{"time":"2026-10-01T22:56:00.47076795-04:00","level":"INFO","msg":"OK   0079_pending_purchases_retry_requested.sql (48.45ms)","source":"stdlog"}
[2m[WebServer] [22m{"time":"2026-10-01T22:56:00.491738961-04:00","level":"INFO","msg":"OK   0080_receipt_sync_runs_cancelled.sql (20.83ms)","source":"stdlog"}
[2m[WebServer] [22m{"time":"2026-10-01T22:56:00.521632331-04:00","level":"INFO","msg":"OK   0081_item_alias_display.sql (29.75ms)","source":"stdlog"}
[2m[WebServer] [22m{"time":"2026-10-01T22:56:00.541855483-04:00","level":"INFO","msg":"OK   0082_bi_grants.sql (20.1ms)","source":"stdlog"}
[2m[WebServer] [22m{"time":"2026-10-01T22:56:00.714642654-04:00","level":"INFO","msg":"OK   0083_campaigns_admin.sql (172.59ms)","source":"stdlog"}
[2m[WebServer] [22m{"time":"2026-10-01T22:56:00.867817443-04:00","level":"INFO","msg":"OK   0085_subscribers.sql (152.99ms)","source":"stdlog"}
[2m[WebServer] [22m{"time":"2026-10-01T22:56:00.867856713-04:00","level":"INFO","msg":"goose: successfully migrated database to version: 85","source":"stdlog"}
[2m[WebServer] [22m{"time":"2026-10-01T22:56:00.867872644-04:00","level":"INFO","msg":"database migrations applied successfully"}
[2m[WebServer] [22m{"time":"2026-10-01T22:56:00.955634803-04:00","level":"INFO","msg":"upserted superadmin","email":"jamal@yumyums.kitchen"}
[2m[WebServer] [22m{"time":"2026-10-01T22:56:00.988099509-04:00","level":"INFO","msg":"seeded template","name":"Setup Checklist","id":"b9447ec0-157e-4cc5-8ec3-44b998ddec90"}
[2m[WebServer] [22m{"time":"2026-10-01T22:56:00.988160292-04:00","level":"INFO","msg":"seeded templates","count":1}
[2m[WebServer] [22m{"time":"2026-10-01T22:56:01.016846572-04:00","level":"INFO","msg":"seeded onboarding template","name":"Kitchen Basics Training","id":"48202495-b716-467c-960f-cd30b3ffa1b7"}
[2m[WebServer] [22m{"time":"2026-10-01T22:56:01.043604647-04:00","level":"INFO","msg":"inventory: seeded vendors","count":5}
[2m[WebServer] [22m{"time":"2026-10-01T22:56:01.171651234-04:00","level":"INFO","msg":"inventory: seeded unique tags","count":19}
[2m[WebServer] [22m{"time":"2026-10-01T22:56:01.356510114-04:00","level":"INFO","msg":"inventory: seeded item groups","count":10}
[2m[WebServer] [22m{"time":"2026-10-01T22:56:02.081937931-04:00","level":"INFO","msg":"inventory: seeded purchase items from YAML","count":106}
[2m[WebServer] [22m{"time":"2026-10-01T22:56:02.082004727-04:00","level":"WARN","msg":"object storage env vars not set, photo and video upload endpoints will return 503","required":"STORAGE_KEY, STORAGE_SECRET, STORAGE_BUCKET, STORAGE_ENDPOINT, STORAGE_REGION"}
[2m[WebServer] [22m{"time":"2026-10-01T22:56:02.082065838-04:00","level":"WARN","msg":"HQ_INVENTORY_SERVICE_TOKEN not set, /api/v1/inventory/period-summary AND /api/v1/inventory/menu-cogs will return 503"}
[2m[WebServer] [22m{"time":"2026-10-01T22:56:02.082141973-04:00","level":"INFO","msg":"marketing campaign projection not configured; campaigns will save with projected_at NULL and warnings:[\"not_projected\"]","missing":"HQ_SYNC_REST_URL and/or HQ_SYNC_SERVICE_KEY"}
[2m[WebServer] [22m{"time":"2026-10-01T22:56:02.082181157-04:00","level":"INFO","msg":"inventory COGS category allowlist","allowlist":["COGS"]}
[2m[WebServer] [22m{"time":"2026-10-01T22:56:02.082537875-04:00","level":"INFO","msg":"redemption arbiter not configured; POST /api/v1/marketing/redeem answers 503","missing":"HQ_SYNC_REST_URL and/or HQ_SYNC_SERVICE_KEY"}
[2m[WebServer] [22m{"time":"2026-10-01T22:56:02.082614213-04:00","level":"INFO","msg":"receipt worker disabled","reason":"E2E_DISABLE_SCHEDULERS=1"}
[2m[WebServer] [22m{"time":"2026-10-01T22:56:02.082639592-04:00","level":"INFO","msg":"alert queue started","delivery_enabled":false}
[2m[WebServer] [22m{"time":"2026-10-01T22:56:02.082652687-04:00","level":"INFO","msg":"cutoff scheduler disabled","reason":"E2E_DISABLE_SCHEDULERS=1"}
[2m[WebServer] [22m{"time":"2026-10-01T22:56:02.082686592-04:00","level":"INFO","msg":"toast worker disabled, cmd/sync-toast remains available","reason":"TOAST_SYNC_INTERVAL=0"}
[2m[WebServer] [22m{"time":"2026-10-01T22:56:02.082816733-04:00","level":"INFO","msg":"alerts queue started"}
[2m[WebServer] [22m{"time":"2026-10-01T22:56:02.10705427-04:00","level":"INFO","msg":"server listening","port":"8561"}
[2m[WebServer] [22m{"time":"2026-10-01T22:56:02.117327526-04:00","level":"INFO","msg":"reachable at","url":"http://10.255.255.254:8561"}
[2m[WebServer] [22m{"time":"2026-10-01T22:56:02.11738884-04:00","level":"INFO","msg":"reachable at","url":"http://100.70.200.55:8561"}
[2m[WebServer] [22m{"time":"2026-10-01T22:56:02.117401935-04:00","level":"INFO","msg":"reachable at","url":"http://192.168.8.164:8561"}
[2m[WebServer] [22m{"time":"2026-10-01T22:56:02.117441018-04:00","level":"INFO","msg":"Yumyums HQ ready, accepting connections"}

Running 1 test using 1 worker

[2m[WebServer] [22m{"time":"2026-10-01T22:56:08.494998579-04:00","level":"INFO","msg":"op handler received op","op_type":"SET_FIELD","entity_id":"444a679e-257a-4b3e-8d4a-6ed03db01bbc","device_id":"5ada9a0e-ed86-4bf7-85fb-a5a4f4d9098a","lamport_ts":3}
[2m[WebServer] [22m{"time":"2026-10-01T22:56:09.842204066-04:00","level":"INFO","msg":"op handler received op","op_type":"SET_FIELD","entity_id":"444a679e-257a-4b3e-8d4a-6ed03db01bbc","device_id":"5ada9a0e-ed86-4bf7-85fb-a5a4f4d9098a","lamport_ts":5}
  ✓  1 [chromium] › tests/sync.spec.js:446:3 › Cross-device: regressions › list page progress decrements when another device unchecks a field [LST-17] (4.4s)

  1 passed (2.7m)
SYNC_EXIT=0

════════════════════════════════════════════════════════════════════════════
CONCLUSION — none of the three is this card's.

  tests/inventory.spec.js:2919  create item without group shows alert     GREEN confined
  tests/sync.spec.js:446        [LST-17] progress decrements …            GREEN confined
    → EXCLUDED BY FOOTPRINT. (An earlier revision of this note called them
      "load flake". One confined green does not establish flake — tonight's own
      method note in bugs.md says so — and the argument that actually carries is
      the footprint one: this card shares NO FILE with either subject. It
      touches no inventory page or handler, no sync module, no workflow code.
      The confined green is corroboration, not the claim.)

  tests/inventory.spec.js:2186  Setup item editor shows alias chips …     STILL RED confined
    → NOT this card's, on independent evidence:
      * Card H2 (`campaigns-tab-ui`) hit the SAME test in ITS own full suite
        tonight and investigated it:
        logs/h2/G2-playwright-new-reds-confined.log — run ALONE twice at its
        HEAD, ALIAS_A_EXIT=1 (red), ALIAS_B_EXIT=0 (green). Flaky in isolation,
        on a different branch with a completely different change set.
      * That log's own WebServer lines read
        "goose: successfully migrated database to version: 83" — so migration
        0085 was NOT PRESENT when the test failed there.
      * The subject is the Inventory Setup item-alias editor (`item_aliases`,
        migrations 0075/0081). This card touches no inventory page, no
        item/alias code, no item-name.js, and no migration anything in
        Inventory reads.
      * It is absent from the measured 24 because that baseline was taken on
        `dev` at c4f6db4, BEFORE Card H1 merged; this branch is cut from
        94ad3b3, which includes that merge.

Net red-set difference attributable to card h5-subscribers-tab: NONE —
on FOOTPRINT, which is the argument that carries, with the confined re-runs as
corroboration rather than as the proof.
Two of the measured 24 (inventory.spec.js:2767 and :2931) were GREEN in this
card's run — the same cluster flaking the other way, reported for symmetry and
not claimed as a fix.
════════════════════════════════════════════════════════════════════════════
